[
  {
    "eip155-137:0x0000000000000000000000000000000000000000:MATIC": "1.601819340708001617",
    "eip155-137:0x0d500b1d8e8ef31e21c99d1db9a6444d3adf1270:WMATIC": "-699",
    "eip155-137:0x9c6cbd30541fcfcdfaa4a62b0c7ec9c7e069328f:EigenLayer airdrop on platform ( Gemradar.site )": "3763",
    "timestamp": 1712188800000,
  },
  {
    "eip155-137:0x0000000000000000000000000000000000000000:MATIC": "1.601819340708001617",
    "eip155-137:0x0d500b1d8e8ef31e21c99d1db9a6444d3adf1270:WMATIC": "-699",
    "eip155-137:0x9c6cbd30541fcfcdfaa4a62b0c7ec9c7e069328f:EigenLayer airdrop on platform ( Gemradar.site )": "3763",
    "timestamp": 1712275200000,
  },
  {
    "eip155-137:0x0000000000000000000000000000000000000000:MATIC": "1.601819340708001617",
    "eip155-137:0x0d500b1d8e8ef31e21c99d1db9a6444d3adf1270:WMATIC": "-699",
    "eip155-137:0x9c6cbd30541fcfcdfaa4a62b0c7ec9c7e069328f:EigenLayer airdrop on platform ( Gemradar.site )": "3763",
    "timestamp": 1712361600000,
  },
  {
    "eip155-137:0x0000000000000000000000000000000000000000:MATIC": "1.601819340708001617",
    "eip155-137:0x0d500b1d8e8ef31e21c99d1db9a6444d3adf1270:WMATIC": "-699",
    "eip155-137:0x9c6cbd30541fcfcdfaa4a62b0c7ec9c7e069328f:EigenLayer airdrop on platform ( Gemradar.site )": "3763",
    "timestamp": 1712448000000,
  },
  {
    "eip155-137:0x0000000000000000000000000000000000000000:MATIC": "1.601819340708001617",
    "eip155-137:0x0d500b1d8e8ef31e21c99d1db9a6444d3adf1270:WMATIC": "-699",
    "eip155-137:0x9c6cbd30541fcfcdfaa4a62b0c7ec9c7e069328f:EigenLayer airdrop on platform ( Gemradar.site )": "3763",
    "timestamp": 1712534400000,
  },
  {
    "eip155-137:0x0000000000000000000000000000000000000000:MATIC": "1.601819340708001617",
    "eip155-137:0x0d500b1d8e8ef31e21c99d1db9a6444d3adf1270:WMATIC": "-699",
    "eip155-137:0x9c6cbd30541fcfcdfaa4a62b0c7ec9c7e069328f:EigenLayer airdrop on platform ( Gemradar.site )": "3763",
    "timestamp": 1712620800000,
  },
  {
    "eip155-137:0x0000000000000000000000000000000000000000:MATIC": "1.601819340708001617",
    "eip155-137:0x0d500b1d8e8ef31e21c99d1db9a6444d3adf1270:WMATIC": "-699",
    "eip155-137:0x9c6cbd30541fcfcdfaa4a62b0c7ec9c7e069328f:EigenLayer airdrop on platform ( Gemradar.site )": "3763",
    "timestamp": 1712707200000,
  },
  {
    "eip155-137:0x0000000000000000000000000000000000000000:MATIC": "1.601819340708001617",
    "eip155-137:0x0d500b1d8e8ef31e21c99d1db9a6444d3adf1270:WMATIC": "-699",
    "eip155-137:0x9c6cbd30541fcfcdfaa4a62b0c7ec9c7e069328f:EigenLayer airdrop on platform ( Gemradar.site )": "3763",
    "timestamp": 1712793600000,
  },
  {
    "eip155-137:0x0000000000000000000000000000000000000000:MATIC": "1.601819340708001617",
    "eip155-137:0x0d500b1d8e8ef31e21c99d1db9a6444d3adf1270:WMATIC": "-699",
    "eip155-137:0x9c6cbd30541fcfcdfaa4a62b0c7ec9c7e069328f:EigenLayer airdrop on platform ( Gemradar.site )": "3763",
    "timestamp": 1712880000000,
  },
  {
    "eip155-137:0x0000000000000000000000000000000000000000:MATIC": "1.601819340708001617",
    "eip155-137:0x0d500b1d8e8ef31e21c99d1db9a6444d3adf1270:WMATIC": "-699",
    "eip155-137:0x9c6cbd30541fcfcdfaa4a62b0c7ec9c7e069328f:EigenLayer airdrop on platform ( Gemradar.site )": "3763",
    "timestamp": 1712966400000,
  },
  {
    "eip155-137:0x0000000000000000000000000000000000000000:MATIC": "1.601819340708001617",
    "eip155-137:0x0d500b1d8e8ef31e21c99d1db9a6444d3adf1270:WMATIC": "-699",
    "eip155-137:0x54dedfc8e8f7f0be87c053e772471cce260ada71:TRANSMATIC.SITE TRANSACTION ERROR": "1374",
    "eip155-137:0x9c6cbd30541fcfcdfaa4a62b0c7ec9c7e069328f:EigenLayer airdrop on platform ( Gemradar.site )": "3763",
    "timestamp": 1713052800000,
  },
  {
    "eip155-137:0x0000000000000000000000000000000000000000:MATIC": "1.601819340708001617",
    "eip155-137:0x0d500b1d8e8ef31e21c99d1db9a6444d3adf1270:WMATIC": "-699",
    "eip155-137:0x54dedfc8e8f7f0be87c053e772471cce260ada71:TRANSMATIC.SITE TRANSACTION ERROR": "1374",
    "eip155-137:0x9c6cbd30541fcfcdfaa4a62b0c7ec9c7e069328f:EigenLayer airdrop on platform ( Gemradar.site )": "3763",
    "timestamp": 1713139200000,
  },
  {
    "eip155-137:0x0000000000000000000000000000000000000000:MATIC": "3.953686212250294695",
    "eip155-137:0x0d500b1d8e8ef31e21c99d1db9a6444d3adf1270:WMATIC": "-699",
    "eip155-137:0x54dedfc8e8f7f0be87c053e772471cce260ada71:TRANSMATIC.SITE TRANSACTION ERROR": "1374",
    "eip155-137:0x9c6cbd30541fcfcdfaa4a62b0c7ec9c7e069328f:EigenLayer airdrop on platform ( Gemradar.site )": "3763",
    "timestamp": 1713225600000,
  },
  {
    "eip155-137:0x0000000000000000000000000000000000000000:MATIC": "3.953686212250294695",
    "eip155-137:0x0d500b1d8e8ef31e21c99d1db9a6444d3adf1270:WMATIC": "-699",
    "eip155-137:0x54dedfc8e8f7f0be87c053e772471cce260ada71:TRANSMATIC.SITE TRANSACTION ERROR": "1374",
    "eip155-137:0x9c6cbd30541fcfcdfaa4a62b0c7ec9c7e069328f:EigenLayer airdrop on platform ( Gemradar.site )": "3763",
    "timestamp": 1713312000000,
  },
  {
    "eip155-137:0x0000000000000000000000000000000000000000:MATIC": "3.953686212250294695",
    "eip155-137:0x0d500b1d8e8ef31e21c99d1db9a6444d3adf1270:WMATIC": "-699",
    "eip155-137:0x54dedfc8e8f7f0be87c053e772471cce260ada71:TRANSMATIC.SITE TRANSACTION ERROR": "1374",
    "eip155-137:0x9c6cbd30541fcfcdfaa4a62b0c7ec9c7e069328f:EigenLayer airdrop on platform ( Gemradar.site )": "3763",
    "timestamp": 1713398400000,
  },
  {
    "eip155-137:0x0000000000000000000000000000000000000000:MATIC": "3.953686212250294695",
    "eip155-137:0x0d500b1d8e8ef31e21c99d1db9a6444d3adf1270:WMATIC": "-699",
    "eip155-137:0x54dedfc8e8f7f0be87c053e772471cce260ada71:TRANSMATIC.SITE TRANSACTION ERROR": "1374",
    "eip155-137:0x9c6cbd30541fcfcdfaa4a62b0c7ec9c7e069328f:EigenLayer airdrop on platform ( Gemradar.site )": "3763",
    "timestamp": 1713484800000,
  },
  {
    "eip155-137:0x0000000000000000000000000000000000000000:MATIC": "3.953686212250294695",
    "eip155-137:0x0d500b1d8e8ef31e21c99d1db9a6444d3adf1270:WMATIC": "-699",
    "eip155-137:0x54dedfc8e8f7f0be87c053e772471cce260ada71:TRANSMATIC.SITE TRANSACTION ERROR": "1374",
    "eip155-137:0x9c6cbd30541fcfcdfaa4a62b0c7ec9c7e069328f:EigenLayer airdrop on platform ( Gemradar.site )": "3763",
    "timestamp": 1713571200000,
  },
  {
    "eip155-137:0x0000000000000000000000000000000000000000:MATIC": "3.953686212250294695",
    "eip155-137:0x0d500b1d8e8ef31e21c99d1db9a6444d3adf1270:WMATIC": "-699",
    "eip155-137:0x54dedfc8e8f7f0be87c053e772471cce260ada71:TRANSMATIC.SITE TRANSACTION ERROR": "1374",
    "eip155-137:0x9c6cbd30541fcfcdfaa4a62b0c7ec9c7e069328f:EigenLayer airdrop on platform ( Gemradar.site )": "3763",
    "timestamp": 1713657600000,
  },
  {
    "eip155-137:0x0000000000000000000000000000000000000000:MATIC": "3.953686212250294695",
    "eip155-137:0x0d500b1d8e8ef31e21c99d1db9a6444d3adf1270:WMATIC": "-699",
    "eip155-137:0x54dedfc8e8f7f0be87c053e772471cce260ada71:TRANSMATIC.SITE TRANSACTION ERROR": "1374",
    "eip155-137:0x9c6cbd30541fcfcdfaa4a62b0c7ec9c7e069328f:EigenLayer airdrop on platform ( Gemradar.site )": "3763",
    "timestamp": 1713744000000,
  },
  {
    "eip155-137:0x0000000000000000000000000000000000000000:MATIC": "3.898427479625981652",
    "eip155-137:0x0d500b1d8e8ef31e21c99d1db9a6444d3adf1270:WMATIC": "-699",
    "eip155-137:0x54dedfc8e8f7f0be87c053e772471cce260ada71:TRANSMATIC.SITE TRANSACTION ERROR": "1374",
    "eip155-137:0x9c6cbd30541fcfcdfaa4a62b0c7ec9c7e069328f:EigenLayer airdrop on platform ( Gemradar.site )": "3763",
    "timestamp": 1713830400000,
  },
  {
    "eip155-137:0x0000000000000000000000000000000000000000:MATIC": "3.898427479625981652",
    "eip155-137:0x0d500b1d8e8ef31e21c99d1db9a6444d3adf1270:WMATIC": "-699",
    "eip155-137:0x54dedfc8e8f7f0be87c053e772471cce260ada71:TRANSMATIC.SITE TRANSACTION ERROR": "1374",
    "eip155-137:0x9c6cbd30541fcfcdfaa4a62b0c7ec9c7e069328f:EigenLayer airdrop on platform ( Gemradar.site )": "3763",
    "timestamp": 1713916800000,
  },
  {
    "eip155-137:0x0000000000000000000000000000000000000000:MATIC": "3.898427479625981652",
    "eip155-137:0x0d500b1d8e8ef31e21c99d1db9a6444d3adf1270:WMATIC": "-699",
    "eip155-137:0x54dedfc8e8f7f0be87c053e772471cce260ada71:TRANSMATIC.SITE TRANSACTION ERROR": "1374",
    "eip155-137:0x9c6cbd30541fcfcdfaa4a62b0c7ec9c7e069328f:EigenLayer airdrop on platform ( Gemradar.site )": "3763",
    "timestamp": 1714003200000,
  },
  {
    "eip155-137:0x0000000000000000000000000000000000000000:MATIC": "3.898427479625981652",
    "eip155-137:0x0d500b1d8e8ef31e21c99d1db9a6444d3adf1270:WMATIC": "-699",
    "eip155-137:0x54dedfc8e8f7f0be87c053e772471cce260ada71:TRANSMATIC.SITE TRANSACTION ERROR": "1374",
    "eip155-137:0x9c6cbd30541fcfcdfaa4a62b0c7ec9c7e069328f:EigenLayer airdrop on platform ( Gemradar.site )": "3763",
    "timestamp": 1714089600000,
  },
  {
    "eip155-137:0x0000000000000000000000000000000000000000:MATIC": "3.888955194243234156",
    "eip155-137:0x0d500b1d8e8ef31e21c99d1db9a6444d3adf1270:WMATIC": "-699",
    "eip155-137:0x54dedfc8e8f7f0be87c053e772471cce260ada71:TRANSMATIC.SITE TRANSACTION ERROR": "1374",
    "eip155-137:0x9c6cbd30541fcfcdfaa4a62b0c7ec9c7e069328f:EigenLayer airdrop on platform ( Gemradar.site )": "3763",
    "timestamp": 1714176000000,
  },
  {
    "eip155-137:0x0000000000000000000000000000000000000000:MATIC": "3.888955194243234156",
    "eip155-137:0x0d500b1d8e8ef31e21c99d1db9a6444d3adf1270:WMATIC": "-699",
    "eip155-137:0x54dedfc8e8f7f0be87c053e772471cce260ada71:TRANSMATIC.SITE TRANSACTION ERROR": "1374",
    "eip155-137:0x9c6cbd30541fcfcdfaa4a62b0c7ec9c7e069328f:EigenLayer airdrop on platform ( Gemradar.site )": "3763",
    "timestamp": 1714262400000,
  },
  {
    "eip155-137:0x0000000000000000000000000000000000000000:MATIC": "3.888955194243234156",
    "eip155-137:0x0d500b1d8e8ef31e21c99d1db9a6444d3adf1270:WMATIC": "-699",
    "eip155-137:0x54dedfc8e8f7f0be87c053e772471cce260ada71:TRANSMATIC.SITE TRANSACTION ERROR": "1374",
    "eip155-137:0x9c6cbd30541fcfcdfaa4a62b0c7ec9c7e069328f:EigenLayer airdrop on platform ( Gemradar.site )": "3763",
    "timestamp": 1714348800000,
  },
  {
    "eip155-137:0x0000000000000000000000000000000000000000:MATIC": "3.888955194243234156",
    "eip155-137:0x0d500b1d8e8ef31e21c99d1db9a6444d3adf1270:WMATIC": "-699",
    "eip155-137:0x54dedfc8e8f7f0be87c053e772471cce260ada71:TRANSMATIC.SITE TRANSACTION ERROR": "1374",
    "eip155-137:0x9c6cbd30541fcfcdfaa4a62b0c7ec9c7e069328f:EigenLayer airdrop on platform ( Gemradar.site )": "3763",
    "timestamp": 1714435200000,
  },
  {
    "eip155-137:0x0000000000000000000000000000000000000000:MATIC": "3.888955194243234156",
    "eip155-137:0x0d500b1d8e8ef31e21c99d1db9a6444d3adf1270:WMATIC": "-699",
    "eip155-137:0x54dedfc8e8f7f0be87c053e772471cce260ada71:TRANSMATIC.SITE TRANSACTION ERROR": "1374",
    "eip155-137:0x9c6cbd30541fcfcdfaa4a62b0c7ec9c7e069328f:EigenLayer airdrop on platform ( Gemradar.site )": "3763",
    "timestamp": 1714521600000,
  },
  {
    "eip155-137:0x0000000000000000000000000000000000000000:MATIC": "3.888955194243234156",
    "eip155-137:0x0d500b1d8e8ef31e21c99d1db9a6444d3adf1270:WMATIC": "-699",
    "eip155-137:0x54dedfc8e8f7f0be87c053e772471cce260ada71:TRANSMATIC.SITE TRANSACTION ERROR": "1374",
    "eip155-137:0x9c6cbd30541fcfcdfaa4a62b0c7ec9c7e069328f:EigenLayer airdrop on platform ( Gemradar.site )": "3763",
    "timestamp": 1714608000000,
  },
  {
    "eip155-137:0x0000000000000000000000000000000000000000:MATIC": "3.888955194243234156",
    "eip155-137:0x0d500b1d8e8ef31e21c99d1db9a6444d3adf1270:WMATIC": "-699",
    "eip155-137:0x54dedfc8e8f7f0be87c053e772471cce260ada71:TRANSMATIC.SITE TRANSACTION ERROR": "1374",
    "eip155-137:0x9c6cbd30541fcfcdfaa4a62b0c7ec9c7e069328f:EigenLayer airdrop on platform ( Gemradar.site )": "3763",
    "timestamp": 1714694400000,
  },
  {
    "eip155-137:0x0000000000000000000000000000000000000000:MATIC": "3.888955194243234156",
    "eip155-137:0x0d500b1d8e8ef31e21c99d1db9a6444d3adf1270:WMATIC": "-699",
    "eip155-137:0x54dedfc8e8f7f0be87c053e772471cce260ada71:TRANSMATIC.SITE TRANSACTION ERROR": "1374",
    "eip155-137:0x9c6cbd30541fcfcdfaa4a62b0c7ec9c7e069328f:EigenLayer airdrop on platform ( Gemradar.site )": "3763",
    "timestamp": 1714780800000,
  },
  {
    "eip155-137:0x0000000000000000000000000000000000000000:MATIC": "3.888955194243234156",
    "eip155-137:0x0d500b1d8e8ef31e21c99d1db9a6444d3adf1270:WMATIC": "-699",
    "eip155-137:0x54dedfc8e8f7f0be87c053e772471cce260ada71:TRANSMATIC.SITE TRANSACTION ERROR": "1374",
    "eip155-137:0x9c6cbd30541fcfcdfaa4a62b0c7ec9c7e069328f:EigenLayer airdrop on platform ( Gemradar.site )": "3763",
    "timestamp": 1714867200000,
  },
  {
    "eip155-137:0x0000000000000000000000000000000000000000:MATIC": "3.888955194243234156",
    "eip155-137:0x0d500b1d8e8ef31e21c99d1db9a6444d3adf1270:WMATIC": "-699",
    "eip155-137:0x54dedfc8e8f7f0be87c053e772471cce260ada71:TRANSMATIC.SITE TRANSACTION ERROR": "1374",
    "eip155-137:0x9c6cbd30541fcfcdfaa4a62b0c7ec9c7e069328f:EigenLayer airdrop on platform ( Gemradar.site )": "3763",
    "timestamp": 1714953600000,
  },
  {
    "eip155-137:0x0000000000000000000000000000000000000000:MATIC": "3.888955194243234156",
    "eip155-137:0x0d500b1d8e8ef31e21c99d1db9a6444d3adf1270:WMATIC": "-699",
    "eip155-137:0x54dedfc8e8f7f0be87c053e772471cce260ada71:TRANSMATIC.SITE TRANSACTION ERROR": "1374",
    "eip155-137:0x9c6cbd30541fcfcdfaa4a62b0c7ec9c7e069328f:EigenLayer airdrop on platform ( Gemradar.site )": "3763",
    "timestamp": 1715040000000,
  },
  {
    "eip155-137:0x0000000000000000000000000000000000000000:MATIC": "3.888955194243234156",
    "eip155-137:0x0d500b1d8e8ef31e21c99d1db9a6444d3adf1270:WMATIC": "-699",
    "eip155-137:0x54dedfc8e8f7f0be87c053e772471cce260ada71:TRANSMATIC.SITE TRANSACTION ERROR": "1374",
    "eip155-137:0x9c6cbd30541fcfcdfaa4a62b0c7ec9c7e069328f:EigenLayer airdrop on platform ( Gemradar.site )": "3763",
    "timestamp": 1715126400000,
  },
  {
    "eip155-137:0x0000000000000000000000000000000000000000:MATIC": "3.793094594186001814",
    "eip155-137:0x0d500b1d8e8ef31e21c99d1db9a6444d3adf1270:WMATIC": "-699",
    "eip155-137:0x54dedfc8e8f7f0be87c053e772471cce260ada71:TRANSMATIC.SITE TRANSACTION ERROR": "1374",
    "eip155-137:0x9c6cbd30541fcfcdfaa4a62b0c7ec9c7e069328f:EigenLayer airdrop on platform ( Gemradar.site )": "3763",
    "timestamp": 1715212800000,
  },
  {
    "eip155-137:0x0000000000000000000000000000000000000000:MATIC": "3.575287193837866676",
    "eip155-137:0x0d500b1d8e8ef31e21c99d1db9a6444d3adf1270:WMATIC": "-699",
    "eip155-137:0x54dedfc8e8f7f0be87c053e772471cce260ada71:TRANSMATIC.SITE TRANSACTION ERROR": "1374",
    "eip155-137:0x9c6cbd30541fcfcdfaa4a62b0c7ec9c7e069328f:EigenLayer airdrop on platform ( Gemradar.site )": "3763",
    "timestamp": 1715299200000,
  },
  {
    "eip155-137:0x0000000000000000000000000000000000000000:MATIC": "3.350486373637369532",
    "eip155-137:0x0d500b1d8e8ef31e21c99d1db9a6444d3adf1270:WMATIC": "-699",
    "eip155-137:0x54dedfc8e8f7f0be87c053e772471cce260ada71:TRANSMATIC.SITE TRANSACTION ERROR": "1374",
    "eip155-137:0x9c6cbd30541fcfcdfaa4a62b0c7ec9c7e069328f:EigenLayer airdrop on platform ( Gemradar.site )": "3763",
    "timestamp": 1715385600000,
  },
  {
    "eip155-137:0x0000000000000000000000000000000000000000:MATIC": "3.128077063477523004",
    "eip155-137:0x0d500b1d8e8ef31e21c99d1db9a6444d3adf1270:WMATIC": "-699",
    "eip155-137:0x54dedfc8e8f7f0be87c053e772471cce260ada71:TRANSMATIC.SITE TRANSACTION ERROR": "1374",
    "eip155-137:0x9c6cbd30541fcfcdfaa4a62b0c7ec9c7e069328f:EigenLayer airdrop on platform ( Gemradar.site )": "3763",
    "timestamp": 1715472000000,
  },
  {
    "eip155-137:0x0000000000000000000000000000000000000000:MATIC": "3.016729958270630048",
    "eip155-137:0x0d500b1d8e8ef31e21c99d1db9a6444d3adf1270:WMATIC": "-699",
    "eip155-137:0x54dedfc8e8f7f0be87c053e772471cce260ada71:TRANSMATIC.SITE TRANSACTION ERROR": "1374",
    "eip155-137:0x9c6cbd30541fcfcdfaa4a62b0c7ec9c7e069328f:EigenLayer airdrop on platform ( Gemradar.site )": "3763",
    "timestamp": 1715558400000,
  },
  {
    "eip155-137:0x0000000000000000000000000000000000000000:MATIC": "2.802211453028672097",
    "eip155-137:0x0d500b1d8e8ef31e21c99d1db9a6444d3adf1270:WMATIC": "-699",
    "eip155-137:0x54dedfc8e8f7f0be87c053e772471cce260ada71:TRANSMATIC.SITE TRANSACTION ERROR": "1374",
    "eip155-137:0x9c6cbd30541fcfcdfaa4a62b0c7ec9c7e069328f:EigenLayer airdrop on platform ( Gemradar.site )": "3763",
    "timestamp": 1715644800000,
  },
  {
    "eip155-137:0x0000000000000000000000000000000000000000:MATIC": "2.690688594908984175",
    "eip155-137:0x0d500b1d8e8ef31e21c99d1db9a6444d3adf1270:WMATIC": "-699",
    "eip155-137:0x54dedfc8e8f7f0be87c053e772471cce260ada71:TRANSMATIC.SITE TRANSACTION ERROR": "1374",
    "eip155-137:0x9c6cbd30541fcfcdfaa4a62b0c7ec9c7e069328f:EigenLayer airdrop on platform ( Gemradar.site )": "3763",
    "timestamp": 1715731200000,
  },
  {
    "eip155-137:0x0000000000000000000000000000000000000000:MATIC": "2.690688594908984175",
    "eip155-137:0x0d500b1d8e8ef31e21c99d1db9a6444d3adf1270:WMATIC": "-699",
    "eip155-137:0x54dedfc8e8f7f0be87c053e772471cce260ada71:TRANSMATIC.SITE TRANSACTION ERROR": "1374",
    "eip155-137:0x9c6cbd30541fcfcdfaa4a62b0c7ec9c7e069328f:EigenLayer airdrop on platform ( Gemradar.site )": "3763",
    "timestamp": 1715817600000,
  },
  {
    "eip155-137:0x0000000000000000000000000000000000000000:MATIC": "2.690688594908984175",
    "eip155-137:0x0d500b1d8e8ef31e21c99d1db9a6444d3adf1270:WMATIC": "-699",
    "eip155-137:0x54dedfc8e8f7f0be87c053e772471cce260ada71:TRANSMATIC.SITE TRANSACTION ERROR": "1374",
    "eip155-137:0x9c6cbd30541fcfcdfaa4a62b0c7ec9c7e069328f:EigenLayer airdrop on platform ( Gemradar.site )": "3763",
    "timestamp": 1715904000000,
  },
  {
    "eip155-137:0x0000000000000000000000000000000000000000:MATIC": "2.690688594908984175",
    "eip155-137:0x0d500b1d8e8ef31e21c99d1db9a6444d3adf1270:WMATIC": "-699",
    "eip155-137:0x54dedfc8e8f7f0be87c053e772471cce260ada71:TRANSMATIC.SITE TRANSACTION ERROR": "1374",
    "eip155-137:0x9c6cbd30541fcfcdfaa4a62b0c7ec9c7e069328f:EigenLayer airdrop on platform ( Gemradar.site )": "3763",
    "timestamp": 1715990400000,
  },
  {
    "eip155-137:0x0000000000000000000000000000000000000000:MATIC": "0.683443580950385691",
    "eip155-137:0x0d500b1d8e8ef31e21c99d1db9a6444d3adf1270:WMATIC": "-699",
    "eip155-137:0x54dedfc8e8f7f0be87c053e772471cce260ada71:TRANSMATIC.SITE TRANSACTION ERROR": "1374",
    "eip155-137:0x9c6cbd30541fcfcdfaa4a62b0c7ec9c7e069328f:EigenLayer airdrop on platform ( Gemradar.site )": "3763",
    "timestamp": 1716076800000,
  },
  {
    "eip155-137:0x0000000000000000000000000000000000000000:MATIC": "0.683443580950385691",
    "eip155-137:0x0d500b1d8e8ef31e21c99d1db9a6444d3adf1270:WMATIC": "-699",
    "eip155-137:0x54dedfc8e8f7f0be87c053e772471cce260ada71:TRANSMATIC.SITE TRANSACTION ERROR": "1374",
    "eip155-137:0x9c6cbd30541fcfcdfaa4a62b0c7ec9c7e069328f:EigenLayer airdrop on platform ( Gemradar.site )": "3763",
    "timestamp": 1716163200000,
  },
  {
    "eip155-137:0x0000000000000000000000000000000000000000:MATIC": "0.683443580950385691",
    "eip155-137:0x0d500b1d8e8ef31e21c99d1db9a6444d3adf1270:WMATIC": "-699",
    "eip155-137:0x54dedfc8e8f7f0be87c053e772471cce260ada71:TRANSMATIC.SITE TRANSACTION ERROR": "1374",
    "eip155-137:0x9c6cbd30541fcfcdfaa4a62b0c7ec9c7e069328f:EigenLayer airdrop on platform ( Gemradar.site )": "3763",
    "timestamp": 1716249600000,
  },
  {
    "eip155-137:0x0000000000000000000000000000000000000000:MATIC": "0.669359755877060403",
    "eip155-137:0x0d500b1d8e8ef31e21c99d1db9a6444d3adf1270:WMATIC": "-699",
    "eip155-137:0x54dedfc8e8f7f0be87c053e772471cce260ada71:TRANSMATIC.SITE TRANSACTION ERROR": "1374",
    "eip155-137:0x9c6cbd30541fcfcdfaa4a62b0c7ec9c7e069328f:EigenLayer airdrop on platform ( Gemradar.site )": "3763",
    "timestamp": 1716336000000,
  },
  {
    "eip155-137:0x0000000000000000000000000000000000000000:MATIC": "0.669359755877060403",
    "eip155-137:0x0d500b1d8e8ef31e21c99d1db9a6444d3adf1270:WMATIC": "-699",
    "eip155-137:0x54dedfc8e8f7f0be87c053e772471cce260ada71:TRANSMATIC.SITE TRANSACTION ERROR": "1374",
    "eip155-137:0x9c6cbd30541fcfcdfaa4a62b0c7ec9c7e069328f:EigenLayer airdrop on platform ( Gemradar.site )": "3763",
    "timestamp": 1716422400000,
  },
  {
    "eip155-137:0x0000000000000000000000000000000000000000:MATIC": "0.669359755877060403",
    "eip155-137:0x0d500b1d8e8ef31e21c99d1db9a6444d3adf1270:WMATIC": "-699",
    "eip155-137:0x54dedfc8e8f7f0be87c053e772471cce260ada71:TRANSMATIC.SITE TRANSACTION ERROR": "1374",
    "eip155-137:0x9c6cbd30541fcfcdfaa4a62b0c7ec9c7e069328f:EigenLayer airdrop on platform ( Gemradar.site )": "3763",
    "timestamp": 1716508800000,
  },
  {
    "eip155-137:0x0000000000000000000000000000000000000000:MATIC": "0.669359755877060403",
    "eip155-137:0x0d500b1d8e8ef31e21c99d1db9a6444d3adf1270:WMATIC": "-699",
    "eip155-137:0x54dedfc8e8f7f0be87c053e772471cce260ada71:TRANSMATIC.SITE TRANSACTION ERROR": "1374",
    "eip155-137:0x9c6cbd30541fcfcdfaa4a62b0c7ec9c7e069328f:EigenLayer airdrop on platform ( Gemradar.site )": "3763",
    "timestamp": 1716595200000,
  },
  {
    "eip155-137:0x0000000000000000000000000000000000000000:MATIC": "0.663206722715514103",
    "eip155-137:0x0d500b1d8e8ef31e21c99d1db9a6444d3adf1270:WMATIC": "-699",
    "eip155-137:0x54dedfc8e8f7f0be87c053e772471cce260ada71:TRANSMATIC.SITE TRANSACTION ERROR": "1374",
    "eip155-137:0x9c6cbd30541fcfcdfaa4a62b0c7ec9c7e069328f:EigenLayer airdrop on platform ( Gemradar.site )": "3763",
    "timestamp": 1716681600000,
  },
  {
    "eip155-137:0x0000000000000000000000000000000000000000:MATIC": "0.463157551232743297",
    "eip155-137:0x0d500b1d8e8ef31e21c99d1db9a6444d3adf1270:WMATIC": "-699",
    "eip155-137:0x54dedfc8e8f7f0be87c053e772471cce260ada71:TRANSMATIC.SITE TRANSACTION ERROR": "1374",
    "eip155-137:0x9c6cbd30541fcfcdfaa4a62b0c7ec9c7e069328f:EigenLayer airdrop on platform ( Gemradar.site )": "3763",
    "timestamp": 1716768000000,
  },
  {
    "eip155-137:0x0000000000000000000000000000000000000000:MATIC": "0.329122551042802612",
    "eip155-137:0x0d500b1d8e8ef31e21c99d1db9a6444d3adf1270:WMATIC": "-699",
    "eip155-137:0x54dedfc8e8f7f0be87c053e772471cce260ada71:TRANSMATIC.SITE TRANSACTION ERROR": "1374",
    "eip155-137:0x9c6cbd30541fcfcdfaa4a62b0c7ec9c7e069328f:EigenLayer airdrop on platform ( Gemradar.site )": "3763",
    "timestamp": 1716854400000,
  },
  {
    "eip155-137:0x0000000000000000000000000000000000000000:MATIC": "0.32578254217295688",
    "eip155-137:0x0d500b1d8e8ef31e21c99d1db9a6444d3adf1270:WMATIC": "-699",
    "eip155-137:0x54dedfc8e8f7f0be87c053e772471cce260ada71:TRANSMATIC.SITE TRANSACTION ERROR": "1374",
    "eip155-137:0x9c6cbd30541fcfcdfaa4a62b0c7ec9c7e069328f:EigenLayer airdrop on platform ( Gemradar.site )": "3763",
    "timestamp": 1716940800000,
  },
  {
    "eip155-137:0x0000000000000000000000000000000000000000:MATIC": "0.32578254217295688",
    "eip155-137:0x0d500b1d8e8ef31e21c99d1db9a6444d3adf1270:WMATIC": "-699",
    "eip155-137:0x54dedfc8e8f7f0be87c053e772471cce260ada71:TRANSMATIC.SITE TRANSACTION ERROR": "1374",
    "eip155-137:0x9c6cbd30541fcfcdfaa4a62b0c7ec9c7e069328f:EigenLayer airdrop on platform ( Gemradar.site )": "3763",
    "timestamp": 1717027200000,
  },
  {
    "eip155-137:0x0000000000000000000000000000000000000000:MATIC": "0.32578254217295688",
    "eip155-137:0x0d500b1d8e8ef31e21c99d1db9a6444d3adf1270:WMATIC": "-699",
    "eip155-137:0x54dedfc8e8f7f0be87c053e772471cce260ada71:TRANSMATIC.SITE TRANSACTION ERROR": "1374",
    "eip155-137:0x9c6cbd30541fcfcdfaa4a62b0c7ec9c7e069328f:EigenLayer airdrop on platform ( Gemradar.site )": "3763",
    "timestamp": 1717113600000,
  },
  {
    "eip155-137:0x0000000000000000000000000000000000000000:MATIC": "0.32578254217295688",
    "eip155-137:0x0d500b1d8e8ef31e21c99d1db9a6444d3adf1270:WMATIC": "-699",
    "eip155-137:0x54dedfc8e8f7f0be87c053e772471cce260ada71:TRANSMATIC.SITE TRANSACTION ERROR": "1374",
    "eip155-137:0x9c6cbd30541fcfcdfaa4a62b0c7ec9c7e069328f:EigenLayer airdrop on platform ( Gemradar.site )": "3763",
    "timestamp": 1717200000000,
  },
  {
    "eip155-137:0x0000000000000000000000000000000000000000:MATIC": "0.32266695165346965",
    "eip155-137:0x0d500b1d8e8ef31e21c99d1db9a6444d3adf1270:WMATIC": "-699",
    "eip155-137:0x54dedfc8e8f7f0be87c053e772471cce260ada71:TRANSMATIC.SITE TRANSACTION ERROR": "1374",
    "eip155-137:0x9c6cbd30541fcfcdfaa4a62b0c7ec9c7e069328f:EigenLayer airdrop on platform ( Gemradar.site )": "3763",
    "timestamp": 1717286400000,
  },
  {
    "eip155-137:0x0000000000000000000000000000000000000000:MATIC": "0.32266695165346965",
    "eip155-137:0x0d500b1d8e8ef31e21c99d1db9a6444d3adf1270:WMATIC": "-699",
    "eip155-137:0x54dedfc8e8f7f0be87c053e772471cce260ada71:TRANSMATIC.SITE TRANSACTION ERROR": "1374",
    "eip155-137:0x9c6cbd30541fcfcdfaa4a62b0c7ec9c7e069328f:EigenLayer airdrop on platform ( Gemradar.site )": "3763",
    "timestamp": 1717372800000,
  },
  {
    "eip155-137:0x0000000000000000000000000000000000000000:MATIC": "0.32266695165346965",
    "eip155-137:0x0d500b1d8e8ef31e21c99d1db9a6444d3adf1270:WMATIC": "-699",
    "eip155-137:0x54dedfc8e8f7f0be87c053e772471cce260ada71:TRANSMATIC.SITE TRANSACTION ERROR": "1374",
    "eip155-137:0x9c6cbd30541fcfcdfaa4a62b0c7ec9c7e069328f:EigenLayer airdrop on platform ( Gemradar.site )": "3763",
    "timestamp": 1717459200000,
  },
  {
    "eip155-137:0x0000000000000000000000000000000000000000:MATIC": "0.32266695165346965",
    "eip155-137:0x0d500b1d8e8ef31e21c99d1db9a6444d3adf1270:WMATIC": "-699",
    "eip155-137:0x54dedfc8e8f7f0be87c053e772471cce260ada71:TRANSMATIC.SITE TRANSACTION ERROR": "1374",
    "eip155-137:0x9c6cbd30541fcfcdfaa4a62b0c7ec9c7e069328f:EigenLayer airdrop on platform ( Gemradar.site )": "3763",
    "timestamp": 1717545600000,
  },
  {
    "eip155-137:0x0000000000000000000000000000000000000000:MATIC": "0.32266695165346965",
    "eip155-137:0x0d500b1d8e8ef31e21c99d1db9a6444d3adf1270:WMATIC": "-699",
    "eip155-137:0x54dedfc8e8f7f0be87c053e772471cce260ada71:TRANSMATIC.SITE TRANSACTION ERROR": "1374",
    "eip155-137:0x9c6cbd30541fcfcdfaa4a62b0c7ec9c7e069328f:EigenLayer airdrop on platform ( Gemradar.site )": "3763",
    "timestamp": 1717632000000,
  },
  {
    "eip155-137:0x0000000000000000000000000000000000000000:MATIC": "0.32266695165346965",
    "eip155-137:0x0d500b1d8e8ef31e21c99d1db9a6444d3adf1270:WMATIC": "-699",
    "eip155-137:0x54dedfc8e8f7f0be87c053e772471cce260ada71:TRANSMATIC.SITE TRANSACTION ERROR": "1374",
    "eip155-137:0x9c6cbd30541fcfcdfaa4a62b0c7ec9c7e069328f:EigenLayer airdrop on platform ( Gemradar.site )": "3763",
    "timestamp": 1717718400000,
  },
  {
    "eip155-137:0x0000000000000000000000000000000000000000:MATIC": "0.32266695165346965",
    "eip155-137:0x0d500b1d8e8ef31e21c99d1db9a6444d3adf1270:WMATIC": "-699",
    "eip155-137:0x54dedfc8e8f7f0be87c053e772471cce260ada71:TRANSMATIC.SITE TRANSACTION ERROR": "1374",
    "eip155-137:0x9c6cbd30541fcfcdfaa4a62b0c7ec9c7e069328f:EigenLayer airdrop on platform ( Gemradar.site )": "3763",
    "timestamp": 1717804800000,
  },
  {
    "eip155-137:0x0000000000000000000000000000000000000000:MATIC": "0.32266695165346965",
    "eip155-137:0x0d500b1d8e8ef31e21c99d1db9a6444d3adf1270:WMATIC": "-699",
    "eip155-137:0x54dedfc8e8f7f0be87c053e772471cce260ada71:TRANSMATIC.SITE TRANSACTION ERROR": "1374",
    "eip155-137:0x9c6cbd30541fcfcdfaa4a62b0c7ec9c7e069328f:EigenLayer airdrop on platform ( Gemradar.site )": "3763",
    "timestamp": 1717891200000,
  },
  {
    "eip155-137:0x0000000000000000000000000000000000000000:MATIC": "0.31959033164988026",
    "eip155-137:0x0d500b1d8e8ef31e21c99d1db9a6444d3adf1270:WMATIC": "-699",
    "eip155-137:0x54dedfc8e8f7f0be87c053e772471cce260ada71:TRANSMATIC.SITE TRANSACTION ERROR": "1374",
    "eip155-137:0x9c6cbd30541fcfcdfaa4a62b0c7ec9c7e069328f:EigenLayer airdrop on platform ( Gemradar.site )": "3763",
    "timestamp": 1717977600000,
  },
  {
    "eip155-137:0x0000000000000000000000000000000000000000:MATIC": "0.31959033164988026",
    "eip155-137:0x0d500b1d8e8ef31e21c99d1db9a6444d3adf1270:WMATIC": "-699",
    "eip155-137:0x54dedfc8e8f7f0be87c053e772471cce260ada71:TRANSMATIC.SITE TRANSACTION ERROR": "1374",
    "eip155-137:0x9c6cbd30541fcfcdfaa4a62b0c7ec9c7e069328f:EigenLayer airdrop on platform ( Gemradar.site )": "3763",
    "timestamp": 1718064000000,
  },
  {
    "eip155-137:0x0000000000000000000000000000000000000000:MATIC": "0.31959033164988026",
    "eip155-137:0x0d500b1d8e8ef31e21c99d1db9a6444d3adf1270:WMATIC": "-699",
    "eip155-137:0x54dedfc8e8f7f0be87c053e772471cce260ada71:TRANSMATIC.SITE TRANSACTION ERROR": "1374",
    "eip155-137:0x9c6cbd30541fcfcdfaa4a62b0c7ec9c7e069328f:EigenLayer airdrop on platform ( Gemradar.site )": "3763",
    "timestamp": 1718150400000,
  },
  {
    "eip155-137:0x0000000000000000000000000000000000000000:MATIC": "0.31959033164988026",
    "eip155-137:0x0d500b1d8e8ef31e21c99d1db9a6444d3adf1270:WMATIC": "-699",
    "eip155-137:0x54dedfc8e8f7f0be87c053e772471cce260ada71:TRANSMATIC.SITE TRANSACTION ERROR": "1374",
    "eip155-137:0x9c6cbd30541fcfcdfaa4a62b0c7ec9c7e069328f:EigenLayer airdrop on platform ( Gemradar.site )": "3763",
    "timestamp": 1718236800000,
  },
  {
    "eip155-137:0x0000000000000000000000000000000000000000:MATIC": "1.16721889001206604",
    "eip155-137:0x0d500b1d8e8ef31e21c99d1db9a6444d3adf1270:WMATIC": "-699",
    "eip155-137:0x54dedfc8e8f7f0be87c053e772471cce260ada71:TRANSMATIC.SITE TRANSACTION ERROR": "1374",
    "eip155-137:0x9c6cbd30541fcfcdfaa4a62b0c7ec9c7e069328f:EigenLayer airdrop on platform ( Gemradar.site )": "3763",
    "timestamp": 1718323200000,
  },
]