[
  {
    "eip155-137:0x0000000000000000000000000000000000000000:MATIC": "0.491991034753667404",
    "timestamp": 1703548800000,
  },
  {
    "eip155-137:0x0000000000000000000000000000000000000000:MATIC": "0.491991034753667404",
    "timestamp": 1703635200000,
  },
  {
    "eip155-137:0x0000000000000000000000000000000000000000:MATIC": "0.491991034753667404",
    "timestamp": 1703721600000,
  },
  {
    "eip155-137:0x0000000000000000000000000000000000000000:MATIC": "0.491991034753667404",
    "timestamp": 1703808000000,
  },
  {
    "eip155-137:0x0000000000000000000000000000000000000000:MATIC": "0.491991034753667404",
    "timestamp": 1703894400000,
  },
  {
    "eip155-137:0x0000000000000000000000000000000000000000:MATIC": "0.491991034753667404",
    "timestamp": 1703980800000,
  },
  {
    "eip155-137:0x0000000000000000000000000000000000000000:MATIC": "0.491991034753667404",
    "timestamp": 1704067200000,
  },
  {
    "eip155-137:0x0000000000000000000000000000000000000000:MATIC": "0.491991034753667404",
    "timestamp": 1704153600000,
  },
  {
    "eip155-137:0x0000000000000000000000000000000000000000:MATIC": "0.491991034753667404",
    "timestamp": 1704240000000,
  },
  {
    "eip155-137:0x0000000000000000000000000000000000000000:MATIC": "2.270054481139604657",
    "eip155-137:0x0d500b1d8e8ef31e21c99d1db9a6444d3adf1270:WMATIC": "-699",
    "timestamp": 1704326400000,
  },
  {
    "eip155-137:0x0000000000000000000000000000000000000000:MATIC": "2.270054481139604657",
    "eip155-137:0x0d500b1d8e8ef31e21c99d1db9a6444d3adf1270:WMATIC": "-699",
    "timestamp": 1704412800000,
  },
  {
    "eip155-137:0x0000000000000000000000000000000000000000:MATIC": "2.270054481139604657",
    "eip155-137:0x0d500b1d8e8ef31e21c99d1db9a6444d3adf1270:WMATIC": "-699",
    "timestamp": 1704499200000,
  },
  {
    "eip155-137:0x0000000000000000000000000000000000000000:MATIC": "2.270054481139604657",
    "eip155-137:0x0d500b1d8e8ef31e21c99d1db9a6444d3adf1270:WMATIC": "-699",
    "timestamp": 1704585600000,
  },
  {
    "eip155-137:0x0000000000000000000000000000000000000000:MATIC": "2.270054481139604657",
    "eip155-137:0x0d500b1d8e8ef31e21c99d1db9a6444d3adf1270:WMATIC": "-699",
    "timestamp": 1704672000000,
  },
  {
    "eip155-137:0x0000000000000000000000000000000000000000:MATIC": "2.270054481139604657",
    "eip155-137:0x0d500b1d8e8ef31e21c99d1db9a6444d3adf1270:WMATIC": "-699",
    "timestamp": 1704758400000,
  },
  {
    "eip155-137:0x0000000000000000000000000000000000000000:MATIC": "2.270054481139604657",
    "eip155-137:0x0d500b1d8e8ef31e21c99d1db9a6444d3adf1270:WMATIC": "-699",
    "timestamp": 1704844800000,
  },
  {
    "eip155-137:0x0000000000000000000000000000000000000000:MATIC": "2.270054481139604657",
    "eip155-137:0x0d500b1d8e8ef31e21c99d1db9a6444d3adf1270:WMATIC": "-699",
    "timestamp": 1704931200000,
  },
  {
    "eip155-137:0x0000000000000000000000000000000000000000:MATIC": "2.270054481139604657",
    "eip155-137:0x0d500b1d8e8ef31e21c99d1db9a6444d3adf1270:WMATIC": "-699",
    "timestamp": 1705017600000,
  },
  {
    "eip155-137:0x0000000000000000000000000000000000000000:MATIC": "2.270054481139604657",
    "eip155-137:0x0d500b1d8e8ef31e21c99d1db9a6444d3adf1270:WMATIC": "-699",
    "timestamp": 1705104000000,
  },
  {
    "eip155-137:0x0000000000000000000000000000000000000000:MATIC": "2.270054481139604657",
    "eip155-137:0x0d500b1d8e8ef31e21c99d1db9a6444d3adf1270:WMATIC": "-699",
    "timestamp": 1705190400000,
  },
  {
    "eip155-137:0x0000000000000000000000000000000000000000:MATIC": "2.270054481139604657",
    "eip155-137:0x0d500b1d8e8ef31e21c99d1db9a6444d3adf1270:WMATIC": "-699",
    "timestamp": 1705276800000,
  },
  {
    "eip155-137:0x0000000000000000000000000000000000000000:MATIC": "2.270054481139604657",
    "eip155-137:0x0d500b1d8e8ef31e21c99d1db9a6444d3adf1270:WMATIC": "-699",
    "timestamp": 1705363200000,
  },
  {
    "eip155-137:0x0000000000000000000000000000000000000000:MATIC": "2.270054481139604657",
    "eip155-137:0x0d500b1d8e8ef31e21c99d1db9a6444d3adf1270:WMATIC": "-699",
    "timestamp": 1705449600000,
  },
  {
    "eip155-137:0x0000000000000000000000000000000000000000:MATIC": "2.270054481139604657",
    "eip155-137:0x0d500b1d8e8ef31e21c99d1db9a6444d3adf1270:WMATIC": "-699",
    "timestamp": 1705536000000,
  },
  {
    "eip155-137:0x0000000000000000000000000000000000000000:MATIC": "2.270054481139604657",
    "eip155-137:0x0d500b1d8e8ef31e21c99d1db9a6444d3adf1270:WMATIC": "-699",
    "timestamp": 1705622400000,
  },
  {
    "eip155-137:0x0000000000000000000000000000000000000000:MATIC": "2.270054481139604657",
    "eip155-137:0x0d500b1d8e8ef31e21c99d1db9a6444d3adf1270:WMATIC": "-699",
    "timestamp": 1705708800000,
  },
  {
    "eip155-137:0x0000000000000000000000000000000000000000:MATIC": "2.270054481139604657",
    "eip155-137:0x0d500b1d8e8ef31e21c99d1db9a6444d3adf1270:WMATIC": "-699",
    "timestamp": 1705795200000,
  },
  {
    "eip155-137:0x0000000000000000000000000000000000000000:MATIC": "2.270054481139604657",
    "eip155-137:0x0d500b1d8e8ef31e21c99d1db9a6444d3adf1270:WMATIC": "-699",
    "timestamp": 1705881600000,
  },
  {
    "eip155-137:0x0000000000000000000000000000000000000000:MATIC": "2.270054481139604657",
    "eip155-137:0x0d500b1d8e8ef31e21c99d1db9a6444d3adf1270:WMATIC": "-699",
    "timestamp": 1705968000000,
  },
  {
    "eip155-137:0x0000000000000000000000000000000000000000:MATIC": "2.270054481139604657",
    "eip155-137:0x0d500b1d8e8ef31e21c99d1db9a6444d3adf1270:WMATIC": "-699",
    "timestamp": 1706054400000,
  },
  {
    "eip155-137:0x0000000000000000000000000000000000000000:MATIC": "2.270054481139604657",
    "eip155-137:0x0d500b1d8e8ef31e21c99d1db9a6444d3adf1270:WMATIC": "-699",
    "timestamp": 1706140800000,
  },
  {
    "eip155-137:0x0000000000000000000000000000000000000000:MATIC": "2.270054481139604657",
    "eip155-137:0x0d500b1d8e8ef31e21c99d1db9a6444d3adf1270:WMATIC": "-699",
    "timestamp": 1706227200000,
  },
  {
    "eip155-137:0x0000000000000000000000000000000000000000:MATIC": "2.270054481139604657",
    "eip155-137:0x0d500b1d8e8ef31e21c99d1db9a6444d3adf1270:WMATIC": "-699",
    "timestamp": 1706313600000,
  },
  {
    "eip155-137:0x0000000000000000000000000000000000000000:MATIC": "2.270054481139604657",
    "eip155-137:0x0d500b1d8e8ef31e21c99d1db9a6444d3adf1270:WMATIC": "-699",
    "timestamp": 1706400000000,
  },
  {
    "eip155-137:0x0000000000000000000000000000000000000000:MATIC": "2.270054481139604657",
    "eip155-137:0x0d500b1d8e8ef31e21c99d1db9a6444d3adf1270:WMATIC": "-699",
    "timestamp": 1706486400000,
  },
  {
    "eip155-137:0x0000000000000000000000000000000000000000:MATIC": "2.270054481139604657",
    "eip155-137:0x0d500b1d8e8ef31e21c99d1db9a6444d3adf1270:WMATIC": "-699",
    "timestamp": 1706572800000,
  },
  {
    "eip155-137:0x0000000000000000000000000000000000000000:MATIC": "2.270054481139604657",
    "eip155-137:0x0d500b1d8e8ef31e21c99d1db9a6444d3adf1270:WMATIC": "-699",
    "timestamp": 1706659200000,
  },
  {
    "eip155-137:0x0000000000000000000000000000000000000000:MATIC": "2.270054481139604657",
    "eip155-137:0x0d500b1d8e8ef31e21c99d1db9a6444d3adf1270:WMATIC": "-699",
    "timestamp": 1706745600000,
  },
  {
    "eip155-137:0x0000000000000000000000000000000000000000:MATIC": "2.270054481139604657",
    "eip155-137:0x0d500b1d8e8ef31e21c99d1db9a6444d3adf1270:WMATIC": "-699",
    "timestamp": 1706832000000,
  },
  {
    "eip155-137:0x0000000000000000000000000000000000000000:MATIC": "2.270054481139604657",
    "eip155-137:0x0d500b1d8e8ef31e21c99d1db9a6444d3adf1270:WMATIC": "-699",
    "timestamp": 1706918400000,
  },
  {
    "eip155-137:0x0000000000000000000000000000000000000000:MATIC": "2.270054481139604657",
    "eip155-137:0x0d500b1d8e8ef31e21c99d1db9a6444d3adf1270:WMATIC": "-699",
    "timestamp": 1707004800000,
  },
  {
    "eip155-137:0x0000000000000000000000000000000000000000:MATIC": "2.270054481139604657",
    "eip155-137:0x0d500b1d8e8ef31e21c99d1db9a6444d3adf1270:WMATIC": "-699",
    "timestamp": 1707091200000,
  },
  {
    "eip155-137:0x0000000000000000000000000000000000000000:MATIC": "2.270054481139604657",
    "eip155-137:0x0d500b1d8e8ef31e21c99d1db9a6444d3adf1270:WMATIC": "-699",
    "timestamp": 1707177600000,
  },
  {
    "eip155-137:0x0000000000000000000000000000000000000000:MATIC": "2.270054481139604657",
    "eip155-137:0x0d500b1d8e8ef31e21c99d1db9a6444d3adf1270:WMATIC": "-699",
    "timestamp": 1707264000000,
  },
  {
    "eip155-137:0x0000000000000000000000000000000000000000:MATIC": "1.601819340708001617",
    "eip155-137:0x0d500b1d8e8ef31e21c99d1db9a6444d3adf1270:WMATIC": "-699",
    "timestamp": 1707350400000,
  },
  {
    "eip155-137:0x0000000000000000000000000000000000000000:MATIC": "1.601819340708001617",
    "eip155-137:0x0d500b1d8e8ef31e21c99d1db9a6444d3adf1270:WMATIC": "-699",
    "timestamp": 1707436800000,
  },
  {
    "eip155-137:0x0000000000000000000000000000000000000000:MATIC": "1.601819340708001617",
    "eip155-137:0x0d500b1d8e8ef31e21c99d1db9a6444d3adf1270:WMATIC": "-699",
    "eip155-137:0x9c6cbd30541fcfcdfaa4a62b0c7ec9c7e069328f:EigenLayer airdrop on platform ( Gemradar.site )": "3763",
    "timestamp": 1707523200000,
  },
  {
    "eip155-137:0x0000000000000000000000000000000000000000:MATIC": "1.601819340708001617",
    "eip155-137:0x0d500b1d8e8ef31e21c99d1db9a6444d3adf1270:WMATIC": "-699",
    "eip155-137:0x9c6cbd30541fcfcdfaa4a62b0c7ec9c7e069328f:EigenLayer airdrop on platform ( Gemradar.site )": "3763",
    "timestamp": 1707609600000,
  },
  {
    "eip155-137:0x0000000000000000000000000000000000000000:MATIC": "1.601819340708001617",
    "eip155-137:0x0d500b1d8e8ef31e21c99d1db9a6444d3adf1270:WMATIC": "-699",
    "eip155-137:0x9c6cbd30541fcfcdfaa4a62b0c7ec9c7e069328f:EigenLayer airdrop on platform ( Gemradar.site )": "3763",
    "timestamp": 1707696000000,
  },
  {
    "eip155-137:0x0000000000000000000000000000000000000000:MATIC": "1.601819340708001617",
    "eip155-137:0x0d500b1d8e8ef31e21c99d1db9a6444d3adf1270:WMATIC": "-699",
    "eip155-137:0x9c6cbd30541fcfcdfaa4a62b0c7ec9c7e069328f:EigenLayer airdrop on platform ( Gemradar.site )": "3763",
    "timestamp": 1707782400000,
  },
  {
    "eip155-137:0x0000000000000000000000000000000000000000:MATIC": "1.601819340708001617",
    "eip155-137:0x0d500b1d8e8ef31e21c99d1db9a6444d3adf1270:WMATIC": "-699",
    "eip155-137:0x9c6cbd30541fcfcdfaa4a62b0c7ec9c7e069328f:EigenLayer airdrop on platform ( Gemradar.site )": "3763",
    "timestamp": 1707868800000,
  },
  {
    "eip155-137:0x0000000000000000000000000000000000000000:MATIC": "1.601819340708001617",
    "eip155-137:0x0d500b1d8e8ef31e21c99d1db9a6444d3adf1270:WMATIC": "-699",
    "eip155-137:0x9c6cbd30541fcfcdfaa4a62b0c7ec9c7e069328f:EigenLayer airdrop on platform ( Gemradar.site )": "3763",
    "timestamp": 1707955200000,
  },
  {
    "eip155-137:0x0000000000000000000000000000000000000000:MATIC": "1.601819340708001617",
    "eip155-137:0x0d500b1d8e8ef31e21c99d1db9a6444d3adf1270:WMATIC": "-699",
    "eip155-137:0x9c6cbd30541fcfcdfaa4a62b0c7ec9c7e069328f:EigenLayer airdrop on platform ( Gemradar.site )": "3763",
    "timestamp": 1708041600000,
  },
  {
    "eip155-137:0x0000000000000000000000000000000000000000:MATIC": "1.601819340708001617",
    "eip155-137:0x0d500b1d8e8ef31e21c99d1db9a6444d3adf1270:WMATIC": "-699",
    "eip155-137:0x9c6cbd30541fcfcdfaa4a62b0c7ec9c7e069328f:EigenLayer airdrop on platform ( Gemradar.site )": "3763",
    "timestamp": 1708128000000,
  },
  {
    "eip155-137:0x0000000000000000000000000000000000000000:MATIC": "1.601819340708001617",
    "eip155-137:0x0d500b1d8e8ef31e21c99d1db9a6444d3adf1270:WMATIC": "-699",
    "eip155-137:0x9c6cbd30541fcfcdfaa4a62b0c7ec9c7e069328f:EigenLayer airdrop on platform ( Gemradar.site )": "3763",
    "timestamp": 1708214400000,
  },
  {
    "eip155-137:0x0000000000000000000000000000000000000000:MATIC": "1.601819340708001617",
    "eip155-137:0x0d500b1d8e8ef31e21c99d1db9a6444d3adf1270:WMATIC": "-699",
    "eip155-137:0x9c6cbd30541fcfcdfaa4a62b0c7ec9c7e069328f:EigenLayer airdrop on platform ( Gemradar.site )": "3763",
    "timestamp": 1708300800000,
  },
  {
    "eip155-137:0x0000000000000000000000000000000000000000:MATIC": "1.601819340708001617",
    "eip155-137:0x0d500b1d8e8ef31e21c99d1db9a6444d3adf1270:WMATIC": "-699",
    "eip155-137:0x9c6cbd30541fcfcdfaa4a62b0c7ec9c7e069328f:EigenLayer airdrop on platform ( Gemradar.site )": "3763",
    "timestamp": 1708387200000,
  },
  {
    "eip155-137:0x0000000000000000000000000000000000000000:MATIC": "1.601819340708001617",
    "eip155-137:0x0d500b1d8e8ef31e21c99d1db9a6444d3adf1270:WMATIC": "-699",
    "eip155-137:0x9c6cbd30541fcfcdfaa4a62b0c7ec9c7e069328f:EigenLayer airdrop on platform ( Gemradar.site )": "3763",
    "timestamp": 1708473600000,
  },
  {
    "eip155-137:0x0000000000000000000000000000000000000000:MATIC": "1.601819340708001617",
    "eip155-137:0x0d500b1d8e8ef31e21c99d1db9a6444d3adf1270:WMATIC": "-699",
    "eip155-137:0x9c6cbd30541fcfcdfaa4a62b0c7ec9c7e069328f:EigenLayer airdrop on platform ( Gemradar.site )": "3763",
    "timestamp": 1708560000000,
  },
  {
    "eip155-137:0x0000000000000000000000000000000000000000:MATIC": "1.601819340708001617",
    "eip155-137:0x0d500b1d8e8ef31e21c99d1db9a6444d3adf1270:WMATIC": "-699",
    "eip155-137:0x9c6cbd30541fcfcdfaa4a62b0c7ec9c7e069328f:EigenLayer airdrop on platform ( Gemradar.site )": "3763",
    "timestamp": 1708646400000,
  },
  {
    "eip155-137:0x0000000000000000000000000000000000000000:MATIC": "1.601819340708001617",
    "eip155-137:0x0d500b1d8e8ef31e21c99d1db9a6444d3adf1270:WMATIC": "-699",
    "eip155-137:0x9c6cbd30541fcfcdfaa4a62b0c7ec9c7e069328f:EigenLayer airdrop on platform ( Gemradar.site )": "3763",
    "timestamp": 1708732800000,
  },
  {
    "eip155-137:0x0000000000000000000000000000000000000000:MATIC": "1.601819340708001617",
    "eip155-137:0x0d500b1d8e8ef31e21c99d1db9a6444d3adf1270:WMATIC": "-699",
    "eip155-137:0x9c6cbd30541fcfcdfaa4a62b0c7ec9c7e069328f:EigenLayer airdrop on platform ( Gemradar.site )": "3763",
    "timestamp": 1708819200000,
  },
  {
    "eip155-137:0x0000000000000000000000000000000000000000:MATIC": "1.601819340708001617",
    "eip155-137:0x0d500b1d8e8ef31e21c99d1db9a6444d3adf1270:WMATIC": "-699",
    "eip155-137:0x9c6cbd30541fcfcdfaa4a62b0c7ec9c7e069328f:EigenLayer airdrop on platform ( Gemradar.site )": "3763",
    "timestamp": 1708905600000,
  },
  {
    "eip155-137:0x0000000000000000000000000000000000000000:MATIC": "1.601819340708001617",
    "eip155-137:0x0d500b1d8e8ef31e21c99d1db9a6444d3adf1270:WMATIC": "-699",
    "eip155-137:0x9c6cbd30541fcfcdfaa4a62b0c7ec9c7e069328f:EigenLayer airdrop on platform ( Gemradar.site )": "3763",
    "timestamp": 1708992000000,
  },
  {
    "eip155-137:0x0000000000000000000000000000000000000000:MATIC": "1.601819340708001617",
    "eip155-137:0x0d500b1d8e8ef31e21c99d1db9a6444d3adf1270:WMATIC": "-699",
    "eip155-137:0x9c6cbd30541fcfcdfaa4a62b0c7ec9c7e069328f:EigenLayer airdrop on platform ( Gemradar.site )": "3763",
    "timestamp": 1709078400000,
  },
  {
    "eip155-137:0x0000000000000000000000000000000000000000:MATIC": "1.601819340708001617",
    "eip155-137:0x0d500b1d8e8ef31e21c99d1db9a6444d3adf1270:WMATIC": "-699",
    "eip155-137:0x9c6cbd30541fcfcdfaa4a62b0c7ec9c7e069328f:EigenLayer airdrop on platform ( Gemradar.site )": "3763",
    "timestamp": 1709164800000,
  },
  {
    "eip155-137:0x0000000000000000000000000000000000000000:MATIC": "1.601819340708001617",
    "eip155-137:0x0d500b1d8e8ef31e21c99d1db9a6444d3adf1270:WMATIC": "-699",
    "eip155-137:0x9c6cbd30541fcfcdfaa4a62b0c7ec9c7e069328f:EigenLayer airdrop on platform ( Gemradar.site )": "3763",
    "timestamp": 1709251200000,
  },
  {
    "eip155-137:0x0000000000000000000000000000000000000000:MATIC": "1.601819340708001617",
    "eip155-137:0x0d500b1d8e8ef31e21c99d1db9a6444d3adf1270:WMATIC": "-699",
    "eip155-137:0x9c6cbd30541fcfcdfaa4a62b0c7ec9c7e069328f:EigenLayer airdrop on platform ( Gemradar.site )": "3763",
    "timestamp": 1709337600000,
  },
  {
    "eip155-137:0x0000000000000000000000000000000000000000:MATIC": "1.601819340708001617",
    "eip155-137:0x0d500b1d8e8ef31e21c99d1db9a6444d3adf1270:WMATIC": "-699",
    "eip155-137:0x9c6cbd30541fcfcdfaa4a62b0c7ec9c7e069328f:EigenLayer airdrop on platform ( Gemradar.site )": "3763",
    "timestamp": 1709424000000,
  },
  {
    "eip155-137:0x0000000000000000000000000000000000000000:MATIC": "1.601819340708001617",
    "eip155-137:0x0d500b1d8e8ef31e21c99d1db9a6444d3adf1270:WMATIC": "-699",
    "eip155-137:0x9c6cbd30541fcfcdfaa4a62b0c7ec9c7e069328f:EigenLayer airdrop on platform ( Gemradar.site )": "3763",
    "timestamp": 1709510400000,
  },
  {
    "eip155-137:0x0000000000000000000000000000000000000000:MATIC": "1.601819340708001617",
    "eip155-137:0x0d500b1d8e8ef31e21c99d1db9a6444d3adf1270:WMATIC": "-699",
    "eip155-137:0x9c6cbd30541fcfcdfaa4a62b0c7ec9c7e069328f:EigenLayer airdrop on platform ( Gemradar.site )": "3763",
    "timestamp": 1709596800000,
  },
  {
    "eip155-137:0x0000000000000000000000000000000000000000:MATIC": "1.601819340708001617",
    "eip155-137:0x0d500b1d8e8ef31e21c99d1db9a6444d3adf1270:WMATIC": "-699",
    "eip155-137:0x9c6cbd30541fcfcdfaa4a62b0c7ec9c7e069328f:EigenLayer airdrop on platform ( Gemradar.site )": "3763",
    "timestamp": 1709683200000,
  },
  {
    "eip155-137:0x0000000000000000000000000000000000000000:MATIC": "1.601819340708001617",
    "eip155-137:0x0d500b1d8e8ef31e21c99d1db9a6444d3adf1270:WMATIC": "-699",
    "eip155-137:0x9c6cbd30541fcfcdfaa4a62b0c7ec9c7e069328f:EigenLayer airdrop on platform ( Gemradar.site )": "3763",
    "timestamp": 1709769600000,
  },
  {
    "eip155-137:0x0000000000000000000000000000000000000000:MATIC": "1.601819340708001617",
    "eip155-137:0x0d500b1d8e8ef31e21c99d1db9a6444d3adf1270:WMATIC": "-699",
    "eip155-137:0x9c6cbd30541fcfcdfaa4a62b0c7ec9c7e069328f:EigenLayer airdrop on platform ( Gemradar.site )": "3763",
    "timestamp": 1709856000000,
  },
  {
    "eip155-137:0x0000000000000000000000000000000000000000:MATIC": "1.601819340708001617",
    "eip155-137:0x0d500b1d8e8ef31e21c99d1db9a6444d3adf1270:WMATIC": "-699",
    "eip155-137:0x9c6cbd30541fcfcdfaa4a62b0c7ec9c7e069328f:EigenLayer airdrop on platform ( Gemradar.site )": "3763",
    "timestamp": 1709942400000,
  },
  {
    "eip155-137:0x0000000000000000000000000000000000000000:MATIC": "1.601819340708001617",
    "eip155-137:0x0d500b1d8e8ef31e21c99d1db9a6444d3adf1270:WMATIC": "-699",
    "eip155-137:0x9c6cbd30541fcfcdfaa4a62b0c7ec9c7e069328f:EigenLayer airdrop on platform ( Gemradar.site )": "3763",
    "timestamp": 1710028800000,
  },
  {
    "eip155-137:0x0000000000000000000000000000000000000000:MATIC": "1.601819340708001617",
    "eip155-137:0x0d500b1d8e8ef31e21c99d1db9a6444d3adf1270:WMATIC": "-699",
    "eip155-137:0x9c6cbd30541fcfcdfaa4a62b0c7ec9c7e069328f:EigenLayer airdrop on platform ( Gemradar.site )": "3763",
    "timestamp": 1710115200000,
  },
  {
    "eip155-137:0x0000000000000000000000000000000000000000:MATIC": "1.601819340708001617",
    "eip155-137:0x0d500b1d8e8ef31e21c99d1db9a6444d3adf1270:WMATIC": "-699",
    "eip155-137:0x9c6cbd30541fcfcdfaa4a62b0c7ec9c7e069328f:EigenLayer airdrop on platform ( Gemradar.site )": "3763",
    "timestamp": 1710201600000,
  },
  {
    "eip155-137:0x0000000000000000000000000000000000000000:MATIC": "1.601819340708001617",
    "eip155-137:0x0d500b1d8e8ef31e21c99d1db9a6444d3adf1270:WMATIC": "-699",
    "eip155-137:0x9c6cbd30541fcfcdfaa4a62b0c7ec9c7e069328f:EigenLayer airdrop on platform ( Gemradar.site )": "3763",
    "timestamp": 1710288000000,
  },
  {
    "eip155-137:0x0000000000000000000000000000000000000000:MATIC": "1.601819340708001617",
    "eip155-137:0x0d500b1d8e8ef31e21c99d1db9a6444d3adf1270:WMATIC": "-699",
    "eip155-137:0x9c6cbd30541fcfcdfaa4a62b0c7ec9c7e069328f:EigenLayer airdrop on platform ( Gemradar.site )": "3763",
    "timestamp": 1710374400000,
  },
  {
    "eip155-137:0x0000000000000000000000000000000000000000:MATIC": "1.601819340708001617",
    "eip155-137:0x0d500b1d8e8ef31e21c99d1db9a6444d3adf1270:WMATIC": "-699",
    "eip155-137:0x9c6cbd30541fcfcdfaa4a62b0c7ec9c7e069328f:EigenLayer airdrop on platform ( Gemradar.site )": "3763",
    "timestamp": 1710460800000,
  },
  {
    "eip155-137:0x0000000000000000000000000000000000000000:MATIC": "1.601819340708001617",
    "eip155-137:0x0d500b1d8e8ef31e21c99d1db9a6444d3adf1270:WMATIC": "-699",
    "eip155-137:0x9c6cbd30541fcfcdfaa4a62b0c7ec9c7e069328f:EigenLayer airdrop on platform ( Gemradar.site )": "3763",
    "timestamp": 1710547200000,
  },
  {
    "eip155-137:0x0000000000000000000000000000000000000000:MATIC": "1.601819340708001617",
    "eip155-137:0x0d500b1d8e8ef31e21c99d1db9a6444d3adf1270:WMATIC": "-699",
    "eip155-137:0x9c6cbd30541fcfcdfaa4a62b0c7ec9c7e069328f:EigenLayer airdrop on platform ( Gemradar.site )": "3763",
    "timestamp": 1710633600000,
  },
  {
    "eip155-137:0x0000000000000000000000000000000000000000:MATIC": "1.601819340708001617",
    "eip155-137:0x0d500b1d8e8ef31e21c99d1db9a6444d3adf1270:WMATIC": "-699",
    "eip155-137:0x9c6cbd30541fcfcdfaa4a62b0c7ec9c7e069328f:EigenLayer airdrop on platform ( Gemradar.site )": "3763",
    "timestamp": 1710720000000,
  },
  {
    "eip155-137:0x0000000000000000000000000000000000000000:MATIC": "1.601819340708001617",
    "eip155-137:0x0d500b1d8e8ef31e21c99d1db9a6444d3adf1270:WMATIC": "-699",
    "eip155-137:0x9c6cbd30541fcfcdfaa4a62b0c7ec9c7e069328f:EigenLayer airdrop on platform ( Gemradar.site )": "3763",
    "timestamp": 1710806400000,
  },
  {
    "eip155-137:0x0000000000000000000000000000000000000000:MATIC": "1.601819340708001617",
    "eip155-137:0x0d500b1d8e8ef31e21c99d1db9a6444d3adf1270:WMATIC": "-699",
    "eip155-137:0x9c6cbd30541fcfcdfaa4a62b0c7ec9c7e069328f:EigenLayer airdrop on platform ( Gemradar.site )": "3763",
    "timestamp": 1710892800000,
  },
  {
    "eip155-137:0x0000000000000000000000000000000000000000:MATIC": "1.601819340708001617",
    "eip155-137:0x0d500b1d8e8ef31e21c99d1db9a6444d3adf1270:WMATIC": "-699",
    "eip155-137:0x9c6cbd30541fcfcdfaa4a62b0c7ec9c7e069328f:EigenLayer airdrop on platform ( Gemradar.site )": "3763",
    "timestamp": 1710979200000,
  },
  {
    "eip155-137:0x0000000000000000000000000000000000000000:MATIC": "1.601819340708001617",
    "eip155-137:0x0d500b1d8e8ef31e21c99d1db9a6444d3adf1270:WMATIC": "-699",
    "eip155-137:0x9c6cbd30541fcfcdfaa4a62b0c7ec9c7e069328f:EigenLayer airdrop on platform ( Gemradar.site )": "3763",
    "timestamp": 1711065600000,
  },
  {
    "eip155-137:0x0000000000000000000000000000000000000000:MATIC": "1.601819340708001617",
    "eip155-137:0x0d500b1d8e8ef31e21c99d1db9a6444d3adf1270:WMATIC": "-699",
    "eip155-137:0x9c6cbd30541fcfcdfaa4a62b0c7ec9c7e069328f:EigenLayer airdrop on platform ( Gemradar.site )": "3763",
    "timestamp": 1711152000000,
  },
  {
    "eip155-137:0x0000000000000000000000000000000000000000:MATIC": "1.601819340708001617",
    "eip155-137:0x0d500b1d8e8ef31e21c99d1db9a6444d3adf1270:WMATIC": "-699",
    "eip155-137:0x9c6cbd30541fcfcdfaa4a62b0c7ec9c7e069328f:EigenLayer airdrop on platform ( Gemradar.site )": "3763",
    "timestamp": 1711238400000,
  },
  {
    "eip155-137:0x0000000000000000000000000000000000000000:MATIC": "1.601819340708001617",
    "eip155-137:0x0d500b1d8e8ef31e21c99d1db9a6444d3adf1270:WMATIC": "-699",
    "eip155-137:0x9c6cbd30541fcfcdfaa4a62b0c7ec9c7e069328f:EigenLayer airdrop on platform ( Gemradar.site )": "3763",
    "timestamp": 1711324800000,
  },
  {
    "eip155-137:0x0000000000000000000000000000000000000000:MATIC": "1.601819340708001617",
    "eip155-137:0x0d500b1d8e8ef31e21c99d1db9a6444d3adf1270:WMATIC": "-699",
    "eip155-137:0x9c6cbd30541fcfcdfaa4a62b0c7ec9c7e069328f:EigenLayer airdrop on platform ( Gemradar.site )": "3763",
    "timestamp": 1711411200000,
  },
  {
    "eip155-137:0x0000000000000000000000000000000000000000:MATIC": "1.601819340708001617",
    "eip155-137:0x0d500b1d8e8ef31e21c99d1db9a6444d3adf1270:WMATIC": "-699",
    "eip155-137:0x9c6cbd30541fcfcdfaa4a62b0c7ec9c7e069328f:EigenLayer airdrop on platform ( Gemradar.site )": "3763",
    "timestamp": 1711497600000,
  },
  {
    "eip155-137:0x0000000000000000000000000000000000000000:MATIC": "1.601819340708001617",
    "eip155-137:0x0d500b1d8e8ef31e21c99d1db9a6444d3adf1270:WMATIC": "-699",
    "eip155-137:0x9c6cbd30541fcfcdfaa4a62b0c7ec9c7e069328f:EigenLayer airdrop on platform ( Gemradar.site )": "3763",
    "timestamp": 1711584000000,
  },
  {
    "eip155-137:0x0000000000000000000000000000000000000000:MATIC": "1.601819340708001617",
    "eip155-137:0x0d500b1d8e8ef31e21c99d1db9a6444d3adf1270:WMATIC": "-699",
    "eip155-137:0x9c6cbd30541fcfcdfaa4a62b0c7ec9c7e069328f:EigenLayer airdrop on platform ( Gemradar.site )": "3763",
    "timestamp": 1711670400000,
  },
  {
    "eip155-137:0x0000000000000000000000000000000000000000:MATIC": "1.601819340708001617",
    "eip155-137:0x0d500b1d8e8ef31e21c99d1db9a6444d3adf1270:WMATIC": "-699",
    "eip155-137:0x9c6cbd30541fcfcdfaa4a62b0c7ec9c7e069328f:EigenLayer airdrop on platform ( Gemradar.site )": "3763",
    "timestamp": 1711756800000,
  },
  {
    "eip155-137:0x0000000000000000000000000000000000000000:MATIC": "1.601819340708001617",
    "eip155-137:0x0d500b1d8e8ef31e21c99d1db9a6444d3adf1270:WMATIC": "-699",
    "eip155-137:0x9c6cbd30541fcfcdfaa4a62b0c7ec9c7e069328f:EigenLayer airdrop on platform ( Gemradar.site )": "3763",
    "timestamp": 1711843200000,
  },
  {
    "eip155-137:0x0000000000000000000000000000000000000000:MATIC": "1.601819340708001617",
    "eip155-137:0x0d500b1d8e8ef31e21c99d1db9a6444d3adf1270:WMATIC": "-699",
    "eip155-137:0x9c6cbd30541fcfcdfaa4a62b0c7ec9c7e069328f:EigenLayer airdrop on platform ( Gemradar.site )": "3763",
    "timestamp": 1711929600000,
  },
  {
    "eip155-137:0x0000000000000000000000000000000000000000:MATIC": "1.601819340708001617",
    "eip155-137:0x0d500b1d8e8ef31e21c99d1db9a6444d3adf1270:WMATIC": "-699",
    "eip155-137:0x9c6cbd30541fcfcdfaa4a62b0c7ec9c7e069328f:EigenLayer airdrop on platform ( Gemradar.site )": "3763",
    "timestamp": 1712016000000,
  },
  {
    "eip155-137:0x0000000000000000000000000000000000000000:MATIC": "1.601819340708001617",
    "eip155-137:0x0d500b1d8e8ef31e21c99d1db9a6444d3adf1270:WMATIC": "-699",
    "eip155-137:0x9c6cbd30541fcfcdfaa4a62b0c7ec9c7e069328f:EigenLayer airdrop on platform ( Gemradar.site )": "3763",
    "timestamp": 1712102400000,
  },
]