[
  {
    "cost": "0",
    "deposits": "0",
    "fees": "0",
    "id": "3834722080_1743638400000",
    "pnl": "0",
    "positionValue": "0",
    "proceeds": "0",
    "timestamp": 1743638400000,
    "tradeId": "3834722080",
  },
  {
    "cost": "0",
    "deposits": "0.9998883692",
    "fees": "0",
    "id": "3834722080_1743724800000",
    "pnl": "0",
    "positionValue": "0.9998883692",
    "proceeds": "0",
    "timestamp": 1743724800000,
    "tradeId": "3834722080",
  },
  {
    "cost": "0",
    "deposits": "0.9998883692",
    "fees": "0",
    "id": "3834722080_1743811200000",
    "pnl": "0.0000010197",
    "positionValue": "0.9998893889",
    "proceeds": "0",
    "timestamp": 1743811200000,
    "tradeId": "3834722080",
  },
  {
    "cost": "0",
    "deposits": "0.9998883692",
    "fees": "0",
    "id": "3834722080_1743897600000",
    "pnl": "0.0000447938",
    "positionValue": "0.999933163",
    "proceeds": "0",
    "timestamp": 1743897600000,
    "tradeId": "3834722080",
  },
  {
    "cost": "0",
    "deposits": "0.9998883692",
    "fees": "0",
    "id": "3834722080_1743984000000",
    "pnl": "0.0000595717",
    "positionValue": "0.9999479409",
    "proceeds": "0",
    "timestamp": 1743984000000,
    "tradeId": "3834722080",
  },
  {
    "cost": "0",
    "deposits": "1.09988155446",
    "fees": "0",
    "id": "3834722080_1744070400000",
    "pnl": "0.0000434834",
    "positionValue": "1.09992503786",
    "proceeds": "0",
    "timestamp": 1744070400000,
    "tradeId": "3834722080",
  },
  {
    "cost": "0",
    "deposits": "1.1998703723",
    "fees": "0",
    "id": "3834722080_1744156800000",
    "pnl": "-0.00000455822",
    "positionValue": "1.19986581408",
    "proceeds": "0",
    "timestamp": 1744156800000,
    "tradeId": "3834722080",
  },
  {
    "cost": "0",
    "deposits": "2.1997855208",
    "fees": "0",
    "id": "3834722080_1744243200000",
    "pnl": "0.0000278059",
    "positionValue": "2.1998133267",
    "proceeds": "0",
    "timestamp": 1744243200000,
    "tradeId": "3834722080",
  },
  {
    "cost": "0",
    "deposits": "2.1997855208",
    "fees": "0",
    "id": "3834722080_1744329600000",
    "pnl": "0.00010269038",
    "positionValue": "2.19988821118",
    "proceeds": "0",
    "timestamp": 1744329600000,
    "tradeId": "3834722080",
  },
  {
    "cost": "0",
    "deposits": "2.1997855208",
    "fees": "0",
    "id": "3834722080_1744416000000",
    "pnl": "0.00017691354",
    "positionValue": "2.19996243434",
    "proceeds": "0",
    "timestamp": 1744416000000,
    "tradeId": "3834722080",
  },
  {
    "cost": "0",
    "deposits": "2.1997855208",
    "fees": "0",
    "id": "3834722080_1744502400000",
    "pnl": "0.00015535662",
    "positionValue": "2.19994087742",
    "proceeds": "0",
    "timestamp": 1744502400000,
    "tradeId": "3834722080",
  },
  {
    "cost": "0",
    "deposits": "2.1997855208",
    "fees": "0",
    "id": "3834722080_1744588800000",
    "pnl": "-0.00000863952",
    "positionValue": "2.19977688128",
    "proceeds": "0",
    "timestamp": 1744588800000,
    "tradeId": "3834722080",
  },
  {
    "cost": "0",
    "deposits": "2.2517800872836",
    "fees": "0",
    "id": "3834722080_1744675200000",
    "pnl": "-0.00001540034",
    "positionValue": "2.2517646869436",
    "proceeds": "0",
    "timestamp": 1744675200000,
    "tradeId": "3834722080",
  },
  {
    "cost": "0",
    "deposits": "3.2516762863836",
    "fees": "0",
    "id": "3834722080_1744761600000",
    "pnl": "-0.0000138469104",
    "positionValue": "3.2516624394732",
    "proceeds": "0",
    "timestamp": 1744761600000,
    "tradeId": "3834722080",
  },
  {
    "cost": "0",
    "deposits": "3.2516762863836",
    "fees": "0",
    "id": "3834722080_1744848000000",
    "pnl": "0.0002723957556",
    "positionValue": "3.2519486821392",
    "proceeds": "0",
    "timestamp": 1744848000000,
    "tradeId": "3834722080",
  },
  {
    "cost": "0",
    "deposits": "3.2516762863836",
    "fees": "0",
    "id": "3834722080_1744934400000",
    "pnl": "0.000279269508",
    "positionValue": "3.2519555558916",
    "proceeds": "0",
    "timestamp": 1744934400000,
    "tradeId": "3834722080",
  },
  {
    "cost": "0",
    "deposits": "3.2516762863836",
    "fees": "0",
    "id": "3834722080_1745020800000",
    "pnl": "-0.0000413015952",
    "positionValue": "3.2516349847884",
    "proceeds": "0",
    "timestamp": 1745020800000,
    "tradeId": "3834722080",
  },
  {
    "cost": "0",
    "deposits": "3.2516762863836",
    "fees": "0",
    "id": "3834722080_1745107200000",
    "pnl": "0.0000178025292",
    "positionValue": "3.2516940889128",
    "proceeds": "0",
    "timestamp": 1745107200000,
    "tradeId": "3834722080",
  },
  {
    "cost": "0",
    "deposits": "3.2516762863836",
    "fees": "0",
    "id": "3834722080_1745193600000",
    "pnl": "0.0003033177228",
    "positionValue": "3.2519796041064",
    "proceeds": "0",
    "timestamp": 1745193600000,
    "tradeId": "3834722080",
  },
  {
    "cost": "0",
    "deposits": "3.2516762863836",
    "fees": "0",
    "id": "3834722080_1745280000000",
    "pnl": "0.00009453477",
    "positionValue": "3.2517708211536",
    "proceeds": "0",
    "timestamp": 1745280000000,
    "tradeId": "3834722080",
  },
  {
    "cost": "0",
    "deposits": "3.2516762863836",
    "fees": "0",
    "id": "3834722080_1745366400000",
    "pnl": "0.0001547416476",
    "positionValue": "3.2518310280312",
    "proceeds": "0",
    "timestamp": 1745366400000,
    "tradeId": "3834722080",
  },
  {
    "cost": "0",
    "deposits": "3.2516762863836",
    "fees": "0",
    "id": "3834722080_1745452800000",
    "pnl": "0.0002730611148",
    "positionValue": "3.2519493474984",
    "proceeds": "0",
    "timestamp": 1745452800000,
    "tradeId": "3834722080",
  },
  {
    "cost": "0",
    "deposits": "3.2516762863836",
    "fees": "0",
    "id": "3834722080_1745539200000",
    "pnl": "0.0002426279232",
    "positionValue": "3.2519189143068",
    "proceeds": "0",
    "timestamp": 1745539200000,
    "tradeId": "3834722080",
  },
  {
    "cost": "0",
    "deposits": "3.2516762863836",
    "fees": "0",
    "id": "3834722080_1745625600000",
    "pnl": "0.0003222082656",
    "positionValue": "3.2519984946492",
    "proceeds": "0",
    "timestamp": 1745625600000,
    "tradeId": "3834722080",
  },
  {
    "cost": "0",
    "deposits": "3.2516762863836",
    "fees": "0",
    "id": "3834722080_1745712000000",
    "pnl": "0.0003191767512",
    "positionValue": "3.2519954631348",
    "proceeds": "0",
    "timestamp": 1745712000000,
    "tradeId": "3834722080",
  },
  {
    "cost": "0",
    "deposits": "3.2516762863836",
    "fees": "0",
    "id": "3834722080_1745798400000",
    "pnl": "-0.0000016444308",
    "positionValue": "3.2516746419528",
    "proceeds": "0",
    "timestamp": 1745798400000,
    "tradeId": "3834722080",
  },
  {
    "cost": "0",
    "deposits": "3.2516762863836",
    "fees": "0",
    "id": "3834722080_1745884800000",
    "pnl": "0.000259648566",
    "positionValue": "3.2519359349496",
    "proceeds": "0",
    "timestamp": 1745884800000,
    "tradeId": "3834722080",
  },
  {
    "cost": "0",
    "deposits": "3.2516762863836",
    "fees": "0",
    "id": "3834722080_1745971200000",
    "pnl": "0.0001795345704",
    "positionValue": "3.251855820954",
    "proceeds": "0",
    "timestamp": 1745971200000,
    "tradeId": "3834722080",
  },
  {
    "cost": "0",
    "deposits": "3.2516762863836",
    "fees": "0",
    "id": "3834722080_1746057600000",
    "pnl": "0.0002026696236",
    "positionValue": "3.2518789560072",
    "proceeds": "0",
    "timestamp": 1746057600000,
    "tradeId": "3834722080",
  },
  {
    "cost": "0",
    "deposits": "3.2516762863836",
    "fees": "0",
    "id": "3834722080_1746144000000",
    "pnl": "0.0002051050464",
    "positionValue": "3.25188139143",
    "proceeds": "0",
    "timestamp": 1746144000000,
    "tradeId": "3834722080",
  },
  {
    "cost": "0",
    "deposits": "3.2516762863836",
    "fees": "0",
    "id": "3834722080_1746230400000",
    "pnl": "-0.0000019676796",
    "positionValue": "3.251674318704",
    "proceeds": "0",
    "timestamp": 1746230400000,
    "tradeId": "3834722080",
  },
  {
    "cost": "0",
    "deposits": "3.2516762863836",
    "fees": "0",
    "id": "3834722080_1746316800000",
    "pnl": "0.0001212323892",
    "positionValue": "3.2517975187728",
    "proceeds": "0",
    "timestamp": 1746316800000,
    "tradeId": "3834722080",
  },
  {
    "cost": "0",
    "deposits": "3.2516762863836",
    "fees": "0",
    "id": "3834722080_1746403200000",
    "pnl": "0.0003157156476",
    "positionValue": "3.2519920020312",
    "proceeds": "0",
    "timestamp": 1746403200000,
    "tradeId": "3834722080",
  },
  {
    "cost": "0",
    "deposits": "3.2516762863836",
    "fees": "0",
    "id": "3834722080_1746489600000",
    "pnl": "0.0002499582564",
    "positionValue": "3.25192624464",
    "proceeds": "0",
    "timestamp": 1746489600000,
    "tradeId": "3834722080",
  },
  {
    "cost": "0",
    "deposits": "3.2516762863836",
    "fees": "0",
    "id": "3834722080_1746576000000",
    "pnl": "0.00000333243",
    "positionValue": "3.2516796188136",
    "proceeds": "0",
    "timestamp": 1746576000000,
    "tradeId": "3834722080",
  },
  {
    "cost": "0",
    "deposits": "3.2516762863836",
    "fees": "0",
    "id": "3834722080_1746662400000",
    "pnl": "0.0001915656696",
    "positionValue": "3.2518678520532",
    "proceeds": "0",
    "timestamp": 1746662400000,
    "tradeId": "3834722080",
  },
  {
    "cost": "0",
    "deposits": "14.7159784927648356",
    "fees": "0",
    "id": "3834722080_1746748800000",
    "pnl": "-0.0000106323084",
    "positionValue": "14.7159678604564356",
    "proceeds": "0",
    "timestamp": 1746748800000,
    "tradeId": "3834722080",
  },
  {
    "cost": "0",
    "deposits": "14.7159784927648356",
    "fees": "0",
    "id": "3834722080_1746835200000",
    "pnl": "0.0000396543806808",
    "positionValue": "14.7160181471455164",
    "proceeds": "0",
    "timestamp": 1746835200000,
    "tradeId": "3834722080",
  },
  {
    "cost": "0",
    "deposits": "14.7159784927648356",
    "fees": "0",
    "id": "3834722080_1746921600000",
    "pnl": "0.0006802916111298",
    "positionValue": "14.7166587843759654",
    "proceeds": "0",
    "timestamp": 1746921600000,
    "tradeId": "3834722080",
  },
  {
    "cost": "0",
    "deposits": "14.7159784927648356",
    "fees": "0",
    "id": "3834722080_1747008000000",
    "pnl": "0.0014602297992438",
    "positionValue": "14.7174387225640794",
    "proceeds": "0",
    "timestamp": 1747008000000,
    "tradeId": "3834722080",
  },
  {
    "cost": "0",
    "deposits": "14.7159784927648356",
    "fees": "0",
    "id": "3834722080_1747094400000",
    "pnl": "0.00115381478832",
    "positionValue": "14.7171323075531556",
    "proceeds": "0",
    "timestamp": 1747094400000,
    "tradeId": "3834722080",
  },
  {
    "cost": "0",
    "deposits": "14.7159784927648356",
    "fees": "0",
    "id": "3834722080_1747180800000",
    "pnl": "0.0015174866873262",
    "positionValue": "14.7174959794521618",
    "proceeds": "0",
    "timestamp": 1747180800000,
    "tradeId": "3834722080",
  },
  {
    "cost": "0",
    "deposits": "14.7159784927648356",
    "fees": "0",
    "id": "3834722080_1747267200000",
    "pnl": "0.0007587652198218",
    "positionValue": "14.7167372579846574",
    "proceeds": "0",
    "timestamp": 1747267200000,
    "tradeId": "3834722080",
  },
  {
    "cost": "0",
    "deposits": "14.7159784927648356",
    "fees": "0",
    "id": "3834722080_1747353600000",
    "pnl": "0.0000645813782505",
    "positionValue": "14.7160430741430861",
    "proceeds": "0",
    "timestamp": 1747353600000,
    "tradeId": "3834722080",
  },
  {
    "cost": "0",
    "deposits": "14.7159784927648356",
    "fees": "0",
    "id": "3834722080_1747440000000",
    "pnl": "0.0000414499133628",
    "positionValue": "14.7160199426781984",
    "proceeds": "0",
    "timestamp": 1747440000000,
    "tradeId": "3834722080",
  },
  {
    "cost": "0",
    "deposits": "14.7159784927648356",
    "fees": "0",
    "id": "3834722080_1747526400000",
    "pnl": "0.0000257610786168",
    "positionValue": "14.7160042538434524",
    "proceeds": "0",
    "timestamp": 1747526400000,
    "tradeId": "3834722080",
  },
  {
    "cost": "0",
    "deposits": "14.7159784927648356",
    "fees": "0",
    "id": "3834722080_1747612800000",
    "pnl": "-0.0004515224149689",
    "positionValue": "14.7155269703498667",
    "proceeds": "0",
    "timestamp": 1747612800000,
    "tradeId": "3834722080",
  },
  {
    "cost": "0",
    "deposits": "14.7159784927648356",
    "fees": "0",
    "id": "3834722080_1747699200000",
    "pnl": "-0.0005872146462927",
    "positionValue": "14.7153912781185429",
    "proceeds": "0",
    "timestamp": 1747699200000,
    "tradeId": "3834722080",
  },
  {
    "cost": "0",
    "deposits": "14.7159784927648356",
    "fees": "0",
    "id": "3834722080_1747785600000",
    "pnl": "-0.0009507923534205",
    "positionValue": "14.7150277004114151",
    "proceeds": "0",
    "timestamp": 1747785600000,
    "tradeId": "3834722080",
  },
  {
    "cost": "0",
    "deposits": "14.7159784927648356",
    "fees": "0",
    "id": "3834722080_1747872000000",
    "pnl": "-0.0018027829132662",
    "positionValue": "14.7141757098515694",
    "proceeds": "0",
    "timestamp": 1747872000000,
    "tradeId": "3834722080",
  },
  {
    "cost": "0",
    "deposits": "14.7159784927648356",
    "fees": "0",
    "id": "3834722080_1747958400000",
    "pnl": "-0.0016870196229645",
    "positionValue": "14.7142914731418711",
    "proceeds": "0",
    "timestamp": 1747958400000,
    "tradeId": "3834722080",
  },
  {
    "cost": "0",
    "deposits": "14.7159784927648356",
    "fees": "0",
    "id": "3834722080_1748044800000",
    "pnl": "-0.0020118520896117",
    "positionValue": "14.7139666406752239",
    "proceeds": "0",
    "timestamp": 1748044800000,
    "tradeId": "3834722080",
  },
  {
    "cost": "0",
    "deposits": "14.7159784927648356",
    "fees": "0",
    "id": "3834722080_1748131200000",
    "pnl": "-0.001462747288746",
    "positionValue": "14.7145157454760896",
    "proceeds": "0",
    "timestamp": 1748131200000,
    "tradeId": "3834722080",
  },
  {
    "cost": "0",
    "deposits": "14.7159784927648356",
    "fees": "0",
    "id": "3834722080_1748217600000",
    "pnl": "-0.001629864285501",
    "positionValue": "14.7143486284793346",
    "proceeds": "0",
    "timestamp": 1748217600000,
    "tradeId": "3834722080",
  },
  {
    "cost": "0",
    "deposits": "14.7159784927648356",
    "fees": "0",
    "id": "3834722080_1748304000000",
    "pnl": "-0.0016077159483441",
    "positionValue": "14.7143707768164915",
    "proceeds": "0",
    "timestamp": 1748304000000,
    "tradeId": "3834722080",
  },
  {
    "cost": "0",
    "deposits": "14.7159784927648356",
    "fees": "0",
    "id": "3834722080_1748390400000",
    "pnl": "-0.0019621599867633",
    "positionValue": "14.7140163327780723",
    "proceeds": "0",
    "timestamp": 1748390400000,
    "tradeId": "3834722080",
  },
  {
    "cost": "0",
    "deposits": "14.7159784927648356",
    "fees": "0",
    "id": "3834722080_1748476800000",
    "pnl": "-0.0016778182538433",
    "positionValue": "14.7143006745109923",
    "proceeds": "0",
    "timestamp": 1748476800000,
    "tradeId": "3834722080",
  },
  {
    "cost": "0",
    "deposits": "14.7159784927648356",
    "fees": "0",
    "id": "3834722080_1748563200000",
    "pnl": "-0.0016719548094129",
    "positionValue": "14.7143065379554227",
    "proceeds": "0",
    "timestamp": 1748563200000,
    "tradeId": "3834722080",
  },
  {
    "cost": "0",
    "deposits": "14.7159784927648356",
    "fees": "0",
    "id": "3834722080_1748649600000",
    "pnl": "-0.0004437780764667",
    "positionValue": "14.7155347146883689",
    "proceeds": "0",
    "timestamp": 1748649600000,
    "tradeId": "3834722080",
  },
  {
    "cost": "0",
    "deposits": "14.7159784927648356",
    "fees": "0",
    "id": "3834722080_1748736000000",
    "pnl": "-0.0018589330467774",
    "positionValue": "14.7141195597180582",
    "proceeds": "0",
    "timestamp": 1748736000000,
    "tradeId": "3834722080",
  },
  {
    "cost": "0",
    "deposits": "14.7159784927648356",
    "fees": "0",
    "id": "3834722080_1748822400000",
    "pnl": "-0.0014933051945463",
    "positionValue": "14.7144851875702893",
    "proceeds": "0",
    "timestamp": 1748822400000,
    "tradeId": "3834722080",
  },
  {
    "cost": "0",
    "deposits": "14.7159784927648356",
    "fees": "0",
    "id": "3834722080_1748908800000",
    "pnl": "-0.0014716969889421",
    "positionValue": "14.7145067957758935",
    "proceeds": "0",
    "timestamp": 1748908800000,
    "tradeId": "3834722080",
  },
  {
    "cost": "0",
    "deposits": "14.7159784927648356",
    "fees": "0",
    "id": "3834722080_1748995200000",
    "pnl": "-0.0013042356031317",
    "positionValue": "14.7146742571617039",
    "proceeds": "0",
    "timestamp": 1748995200000,
    "tradeId": "3834722080",
  },
  {
    "cost": "0",
    "deposits": "14.7159784927648356",
    "fees": "0",
    "id": "3834722080_1749081600000",
    "pnl": "-0.0017985163155243",
    "positionValue": "14.7141799764493113",
    "proceeds": "0",
    "timestamp": 1749081600000,
    "tradeId": "3834722080",
  },
  {
    "cost": "0",
    "deposits": "14.7159784927648356",
    "fees": "0",
    "id": "3834722080_1749168000000",
    "pnl": "-0.0012463973745498",
    "positionValue": "14.7147320953902858",
    "proceeds": "0",
    "timestamp": 1749168000000,
    "tradeId": "3834722080",
  },
  {
    "cost": "0",
    "deposits": "14.7159784927648356",
    "fees": "0",
    "id": "3834722080_1749254400000",
    "pnl": "-0.0017393932508511",
    "positionValue": "14.7142390995139845",
    "proceeds": "0",
    "timestamp": 1749254400000,
    "tradeId": "3834722080",
  },
  {
    "cost": "0",
    "deposits": "14.7159784927648356",
    "fees": "0",
    "id": "3834722080_1749340800000",
    "pnl": "-0.0017797883209518",
    "positionValue": "14.7141987044438838",
    "proceeds": "0",
    "timestamp": 1749340800000,
    "tradeId": "3834722080",
  },
  {
    "cost": "0",
    "deposits": "14.7159784927648356",
    "fees": "0",
    "id": "3834722080_1749427200000",
    "pnl": "-0.0019443680239824",
    "positionValue": "14.7140341247408532",
    "proceeds": "0",
    "timestamp": 1749427200000,
    "tradeId": "3834722080",
  },
  {
    "cost": "0",
    "deposits": "14.7159784927648356",
    "fees": "0",
    "id": "3834722080_1749513600000",
    "pnl": "-0.0019089871996584",
    "positionValue": "14.7140695055651772",
    "proceeds": "0",
    "timestamp": 1749513600000,
    "tradeId": "3834722080",
  },
  {
    "cost": "0",
    "deposits": "14.7159784927648356",
    "fees": "0",
    "id": "3834722080_1749600000000",
    "pnl": "-0.0017079964486338",
    "positionValue": "14.7142704963162018",
    "proceeds": "0",
    "timestamp": 1749600000000,
    "tradeId": "3834722080",
  },
  {
    "cost": "0",
    "deposits": "14.7159784927648356",
    "fees": "0",
    "id": "3834722080_1749686400000",
    "pnl": "-0.0016064958691692",
    "positionValue": "14.7143719968956664",
    "proceeds": "0",
    "timestamp": 1749686400000,
    "tradeId": "3834722080",
  },
  {
    "cost": "0",
    "deposits": "14.7159784927648356",
    "fees": "0",
    "id": "3834722080_1749772800000",
    "pnl": "-0.0014740665033831",
    "positionValue": "14.7145044262614525",
    "proceeds": "0",
    "timestamp": 1749772800000,
    "tradeId": "3834722080",
  },
  {
    "cost": "0",
    "deposits": "14.7159784927648356",
    "fees": "0",
    "id": "3834722080_1749859200000",
    "pnl": "-0.0026531942874006",
    "positionValue": "14.713325298477435",
    "proceeds": "0",
    "timestamp": 1749859200000,
    "tradeId": "3834722080",
  },
]