[
  {
    "cost": 0,
    "fees": 0,
    "id": "4159854392_1729641600000",
    "pnl": 0,
    "positionValue": 0,
    "proceeds": 0,
    "timestamp": 1729641600000,
    "tradeId": "4159854392",
  },
  {
    "cost": 0,
    "fees": 0,
    "id": "4159854392_1729728000000",
    "pnl": 9.1011823685683,
    "positionValue": 9.1011823685683,
    "proceeds": 0,
    "timestamp": 1729728000000,
    "tradeId": "4159854392",
  },
  {
    "cost": 0,
    "fees": 0,
    "id": "4159854392_1729814400000",
    "pnl": 10.106811528531901,
    "positionValue": 10.106811528531901,
    "proceeds": 0,
    "timestamp": 1729814400000,
    "tradeId": "4159854392",
  },
  {
    "cost": 0,
    "fees": 0,
    "id": "4159854392_1729900800000",
    "pnl": 11.17128875615625,
    "positionValue": 11.17128875615625,
    "proceeds": 0,
    "timestamp": 1729900800000,
    "tradeId": "4159854392",
  },
  {
    "cost": 0,
    "fees": 0,
    "id": "4159854392_1729987200000",
    "pnl": 33.85676636425125,
    "positionValue": 33.85676636425125,
    "proceeds": 0,
    "timestamp": 1729987200000,
    "tradeId": "4159854392",
  },
  {
    "cost": 0,
    "fees": 0,
    "id": "4159854392_1730073600000",
    "pnl": 33.85120921308,
    "positionValue": 33.85120921308,
    "proceeds": 0,
    "timestamp": 1730073600000,
    "tradeId": "4159854392",
  },
  {
    "cost": 0,
    "fees": 0,
    "id": "4159854392_1730160000000",
    "pnl": 33.859764262169996,
    "positionValue": 33.859764262169996,
    "proceeds": 0,
    "timestamp": 1730160000000,
    "tradeId": "4159854392",
  },
  {
    "cost": 0,
    "fees": 0,
    "id": "4159854392_1730246400000",
    "pnl": 33.8905500357375,
    "positionValue": 33.8905500357375,
    "proceeds": 0,
    "timestamp": 1730246400000,
    "tradeId": "4159854392",
  },
  {
    "cost": 0,
    "fees": 0,
    "id": "4159854392_1730332800000",
    "pnl": 36.85357573619999,
    "positionValue": 36.85357573619999,
    "proceeds": 0,
    "timestamp": 1730332800000,
    "tradeId": "4159854392",
  },
  {
    "cost": 0,
    "fees": 0,
    "id": "4159854392_1730419200000",
    "pnl": 39.94754520245265,
    "positionValue": 39.94754520245265,
    "proceeds": 0,
    "timestamp": 1730419200000,
    "tradeId": "4159854392",
  },
  {
    "cost": 0,
    "fees": 0,
    "id": "4159854392_1730505600000",
    "pnl": 39.986634288765146,
    "positionValue": 39.986634288765146,
    "proceeds": 0,
    "timestamp": 1730505600000,
    "tradeId": "4159854392",
  },
  {
    "cost": 0,
    "fees": 0,
    "id": "4159854392_1730592000000",
    "pnl": 42.47728172576155,
    "positionValue": 42.47728172576155,
    "proceeds": 0,
    "timestamp": 1730592000000,
    "tradeId": "4159854392",
  },
  {
    "cost": 0,
    "fees": 0,
    "id": "4159854392_1730678400000",
    "pnl": 42.58132413219225,
    "positionValue": 42.58132413219225,
    "proceeds": 0,
    "timestamp": 1730678400000,
    "tradeId": "4159854392",
  },
  {
    "cost": 0,
    "fees": 0,
    "id": "4159854392_1730764800000",
    "pnl": 45.0666837443947,
    "positionValue": 45.0666837443947,
    "proceeds": 0,
    "timestamp": 1730764800000,
    "tradeId": "4159854392",
  },
  {
    "cost": 0,
    "fees": 0,
    "id": "4159854392_1730851200000",
    "pnl": 46.036343012308,
    "positionValue": 46.036343012308,
    "proceeds": 0,
    "timestamp": 1730851200000,
    "tradeId": "4159854392",
  },
  {
    "cost": 0,
    "fees": 0,
    "id": "4159854392_1730937600000",
    "pnl": 46.04960503430816,
    "positionValue": 46.04960503430816,
    "proceeds": 0,
    "timestamp": 1730937600000,
    "tradeId": "4159854392",
  },
  {
    "cost": 0,
    "fees": 0,
    "id": "4159854392_1731024000000",
    "pnl": 46.054766593224954,
    "positionValue": 46.054766593224954,
    "proceeds": 0,
    "timestamp": 1731024000000,
    "tradeId": "4159854392",
  },
  {
    "cost": 0,
    "fees": 0,
    "id": "4159854392_1731110400000",
    "pnl": 46.07232369286415,
    "positionValue": 46.07232369286415,
    "proceeds": 0,
    "timestamp": 1731110400000,
    "tradeId": "4159854392",
  },
  {
    "cost": 0,
    "fees": 0,
    "id": "4159854392_1731196800000",
    "pnl": 46.0299281251854,
    "positionValue": 46.0299281251854,
    "proceeds": 0,
    "timestamp": 1731196800000,
    "tradeId": "4159854392",
  },
  {
    "cost": 0,
    "fees": 0,
    "id": "4159854392_1731283200000",
    "pnl": 46.08961278295385,
    "positionValue": 46.08961278295385,
    "proceeds": 0,
    "timestamp": 1731283200000,
    "tradeId": "4159854392",
  },
  {
    "cost": 0,
    "fees": 0,
    "id": "4159854392_1731369600000",
    "pnl": 46.00844892671171,
    "positionValue": 46.00844892671171,
    "proceeds": 0,
    "timestamp": 1731369600000,
    "tradeId": "4159854392",
  },
  {
    "cost": 0,
    "fees": 0,
    "id": "4159854392_1731456000000",
    "pnl": 46.118155638718356,
    "positionValue": 46.118155638718356,
    "proceeds": 0,
    "timestamp": 1731456000000,
    "tradeId": "4159854392",
  },
  {
    "cost": 0,
    "fees": 0,
    "id": "4159854392_1731542400000",
    "pnl": 46.071341728358654,
    "positionValue": 46.071341728358654,
    "proceeds": 0,
    "timestamp": 1731542400000,
    "tradeId": "4159854392",
  },
  {
    "cost": 0,
    "fees": 0,
    "id": "4159854392_1731628800000",
    "pnl": 46.140542793834506,
    "positionValue": 46.140542793834506,
    "proceeds": 0,
    "timestamp": 1731628800000,
    "tradeId": "4159854392",
  },
  {
    "cost": 0,
    "fees": 0,
    "id": "4159854392_1731715200000",
    "pnl": 46.056572568455906,
    "positionValue": 46.056572568455906,
    "proceeds": 0,
    "timestamp": 1731715200000,
    "tradeId": "4159854392",
  },
  {
    "cost": 0,
    "fees": 0,
    "id": "4159854392_1731801600000",
    "pnl": 46.0660629354211,
    "positionValue": 46.0660629354211,
    "proceeds": 0,
    "timestamp": 1731801600000,
    "tradeId": "4159854392",
  },
  {
    "cost": 0,
    "fees": 0,
    "id": "4159854392_1731888000000",
    "pnl": 46.08857412961395,
    "positionValue": 46.08857412961395,
    "proceeds": 0,
    "timestamp": 1731888000000,
    "tradeId": "4159854392",
  },
  {
    "cost": 0,
    "fees": 0,
    "id": "4159854392_1731974400000",
    "pnl": 46.06709235102426,
    "positionValue": 46.06709235102426,
    "proceeds": 0,
    "timestamp": 1731974400000,
    "tradeId": "4159854392",
  },
  {
    "cost": 0,
    "fees": 0,
    "id": "4159854392_1732060800000",
    "pnl": 46.06707953337656,
    "positionValue": 46.06707953337656,
    "proceeds": 0,
    "timestamp": 1732060800000,
    "tradeId": "4159854392",
  },
  {
    "cost": 0,
    "fees": 0,
    "id": "4159854392_1732147200000",
    "pnl": 46.10865574375335,
    "positionValue": 46.10865574375335,
    "proceeds": 0,
    "timestamp": 1732147200000,
    "tradeId": "4159854392",
  },
  {
    "cost": 0,
    "fees": 0,
    "id": "4159854392_1732233600000",
    "pnl": 46.074632882862105,
    "positionValue": 46.074632882862105,
    "proceeds": 0,
    "timestamp": 1732233600000,
    "tradeId": "4159854392",
  },
  {
    "cost": 0,
    "fees": 0,
    "id": "4159854392_1732320000000",
    "pnl": 46.06917283677556,
    "positionValue": 46.06917283677556,
    "proceeds": 0,
    "timestamp": 1732320000000,
    "tradeId": "4159854392",
  },
  {
    "cost": 0,
    "fees": 0,
    "id": "4159854392_1732406400000",
    "pnl": 46.084310580070955,
    "positionValue": 46.084310580070955,
    "proceeds": 0,
    "timestamp": 1732406400000,
    "tradeId": "4159854392",
  },
  {
    "cost": 0,
    "fees": 0,
    "id": "4159854392_1732492800000",
    "pnl": 808.0025608506804,
    "positionValue": 808.0025608506804,
    "proceeds": 0,
    "timestamp": 1732492800000,
    "tradeId": "4159854392",
  },
  {
    "cost": 0,
    "fees": 0,
    "id": "4159854392_1732579200000",
    "pnl": 808.5620608553988,
    "positionValue": 0,
    "proceeds": 808.5620608553988,
    "timestamp": 1732579200000,
    "tradeId": "4159854392",
  },
]