[
  {
    "cost": 0,
    "fees": 0,
    "id": "19910185_1713744000000",
    "pnl": 0,
    "positionValue": 0,
    "proceeds": 0,
    "timestamp": 1713744000000,
    "tradeId": "19910185",
  },
  {
    "cost": 0,
    "fees": 0,
    "id": "19910185_1713830400000",
    "pnl": 5.9994,
    "positionValue": 5.9994,
    "proceeds": 0,
    "timestamp": 1713830400000,
    "tradeId": "19910185",
  },
  {
    "cost": 0,
    "fees": 0,
    "id": "19910185_1713916800000",
    "pnl": 7.114266,
    "positionValue": 7.114266,
    "proceeds": 0,
    "timestamp": 1713916800000,
    "tradeId": "19910185",
  },
  {
    "cost": 0,
    "fees": 0,
    "id": "19910185_1714003200000",
    "pnl": 7.112133,
    "positionValue": 7.112133,
    "proceeds": 0,
    "timestamp": 1714003200000,
    "tradeId": "19910185",
  },
  {
    "cost": 0,
    "fees": 0,
    "id": "19910185_1714089600000",
    "pnl": 7.112133,
    "positionValue": 7.112133,
    "proceeds": 0,
    "timestamp": 1714089600000,
    "tradeId": "19910185",
  },
  {
    "cost": 0,
    "fees": 0,
    "id": "19910185_1714176000000",
    "pnl": 7.114977,
    "positionValue": 7.114977,
    "proceeds": 0,
    "timestamp": 1714176000000,
    "tradeId": "19910185",
  },
  {
    "cost": 0,
    "fees": 0,
    "id": "19910185_1714262400000",
    "pnl": 8.712613000000001,
    "positionValue": 8.712613000000001,
    "proceeds": 0,
    "timestamp": 1714262400000,
    "tradeId": "19910185",
  },
  {
    "cost": 0,
    "fees": 0,
    "id": "19910185_1714348800000",
    "pnl": 9.722916,
    "positionValue": 9.722916,
    "proceeds": 0,
    "timestamp": 1714348800000,
    "tradeId": "19910185",
  },
  {
    "cost": 0,
    "fees": 0,
    "id": "19910185_1714435200000",
    "pnl": 9.728748,
    "positionValue": 9.728748,
    "proceeds": 0,
    "timestamp": 1714435200000,
    "tradeId": "19910185",
  },
  {
    "cost": 0,
    "fees": 0,
    "id": "19910185_1714521600000",
    "pnl": 9.733608000000002,
    "positionValue": 9.733608000000002,
    "proceeds": 0,
    "timestamp": 1714521600000,
    "tradeId": "19910185",
  },
  {
    "cost": 0,
    "fees": 0,
    "id": "19910185_1714608000000",
    "pnl": 9.72,
    "positionValue": 9.72,
    "proceeds": 0,
    "timestamp": 1714608000000,
    "tradeId": "19910185",
  },
  {
    "cost": 0,
    "fees": 0,
    "id": "19910185_1714694400000",
    "pnl": 9.717084000000002,
    "positionValue": 9.717084000000002,
    "proceeds": 0,
    "timestamp": 1714694400000,
    "tradeId": "19910185",
  },
  {
    "cost": 0,
    "fees": 0,
    "id": "19910185_1714780800000",
    "pnl": 10.727854,
    "positionValue": 10.727854,
    "proceeds": 0,
    "timestamp": 1714780800000,
    "tradeId": "19910185",
  },
  {
    "cost": 0,
    "fees": 0,
    "id": "19910185_1714867200000",
    "pnl": 10.727854,
    "positionValue": 10.727854,
    "proceeds": 0,
    "timestamp": 1714867200000,
    "tradeId": "19910185",
  },
  {
    "cost": 0,
    "fees": 0,
    "id": "19910185_1714953600000",
    "pnl": 12.928707,
    "positionValue": 12.928707,
    "proceeds": 0,
    "timestamp": 1714953600000,
    "tradeId": "19910185",
  },
  {
    "cost": 0,
    "fees": 0,
    "id": "19910185_1715040000000",
    "pnl": 2.929707,
    "positionValue": 2.929707,
    "proceeds": 0,
    "timestamp": 1715040000000,
    "tradeId": "19910185",
  },
  {
    "cost": 0,
    "fees": 0,
    "id": "19910185_1715126400000",
    "pnl": 2.931172,
    "positionValue": 2.931172,
    "proceeds": 0,
    "timestamp": 1715126400000,
    "tradeId": "19910185",
  },
  {
    "cost": 0,
    "fees": 0,
    "id": "19910185_1715212800000",
    "pnl": 2.930586,
    "positionValue": 2.930586,
    "proceeds": 0,
    "timestamp": 1715212800000,
    "tradeId": "19910185",
  },
  {
    "cost": 0,
    "fees": 0,
    "id": "19910185_1715299200000",
    "pnl": 2.930586,
    "positionValue": 2.930586,
    "proceeds": 0,
    "timestamp": 1715299200000,
    "tradeId": "19910185",
  },
  {
    "cost": 0,
    "fees": 0,
    "id": "19910185_1715385600000",
    "pnl": 2.930879,
    "positionValue": 2.930879,
    "proceeds": 0,
    "timestamp": 1715385600000,
    "tradeId": "19910185",
  },
  {
    "cost": 0,
    "fees": 0,
    "id": "19910185_1715472000000",
    "pnl": 2.931465,
    "positionValue": 2.931465,
    "proceeds": 0,
    "timestamp": 1715472000000,
    "tradeId": "19910185",
  },
  {
    "cost": 0,
    "fees": 0,
    "id": "19910185_1715558400000",
    "pnl": 2.9302930000000003,
    "positionValue": 2.9302930000000003,
    "proceeds": 0,
    "timestamp": 1715558400000,
    "tradeId": "19910185",
  },
  {
    "cost": 0,
    "fees": 0,
    "id": "19910185_1715644800000",
    "pnl": 2.931172,
    "positionValue": 2.931172,
    "proceeds": 0,
    "timestamp": 1715644800000,
    "tradeId": "19910185",
  },
  {
    "cost": 0,
    "fees": 0,
    "id": "19910185_1715731200000",
    "pnl": 2.928828,
    "positionValue": 2.928828,
    "proceeds": 0,
    "timestamp": 1715731200000,
    "tradeId": "19910185",
  },
  {
    "cost": 0,
    "fees": 0,
    "id": "19910185_1715817600000",
    "pnl": 2.929707,
    "positionValue": 2.929707,
    "proceeds": 0,
    "timestamp": 1715817600000,
    "tradeId": "19910185",
  },
  {
    "cost": 0,
    "fees": 0,
    "id": "19910185_1715904000000",
    "pnl": 2.928535,
    "positionValue": 2.928535,
    "proceeds": 0,
    "timestamp": 1715904000000,
    "tradeId": "19910185",
  },
  {
    "cost": 0,
    "fees": 0,
    "id": "19910185_1715990400000",
    "pnl": 2.9294140000000004,
    "positionValue": 2.9294140000000004,
    "proceeds": 0,
    "timestamp": 1715990400000,
    "tradeId": "19910185",
  },
  {
    "cost": 0,
    "fees": 0,
    "id": "19910185_1716076800000",
    "pnl": 2.93,
    "positionValue": 2.93,
    "proceeds": 0,
    "timestamp": 1716076800000,
    "tradeId": "19910185",
  },
  {
    "cost": 0,
    "fees": 0,
    "id": "19910185_1716163200000",
    "pnl": 2.9291210000000003,
    "positionValue": 2.9291210000000003,
    "proceeds": 0,
    "timestamp": 1716163200000,
    "tradeId": "19910185",
  },
  {
    "cost": 0,
    "fees": 0,
    "id": "19910185_1716249600000",
    "pnl": 2.9302930000000003,
    "positionValue": 2.9302930000000003,
    "proceeds": 0,
    "timestamp": 1716249600000,
    "tradeId": "19910185",
  },
  {
    "cost": 0,
    "fees": 0,
    "id": "19910185_1716336000000",
    "pnl": 2.931172,
    "positionValue": 2.931172,
    "proceeds": 0,
    "timestamp": 1716336000000,
    "tradeId": "19910185",
  },
  {
    "cost": 0,
    "fees": 0,
    "id": "19910185_1716422400000",
    "pnl": 2.931465,
    "positionValue": 2.931465,
    "proceeds": 0,
    "timestamp": 1716422400000,
    "tradeId": "19910185",
  },
  {
    "cost": 0,
    "fees": 0,
    "id": "19910185_1716508800000",
    "pnl": 2.930586,
    "positionValue": 2.930586,
    "proceeds": 0,
    "timestamp": 1716508800000,
    "tradeId": "19910185",
  },
  {
    "cost": 0,
    "fees": 0,
    "id": "19910185_1716595200000",
    "pnl": 2.9302930000000003,
    "positionValue": 2.9302930000000003,
    "proceeds": 0,
    "timestamp": 1716595200000,
    "tradeId": "19910185",
  },
  {
    "cost": 0,
    "fees": 0,
    "id": "19910185_1716681600000",
    "pnl": 2.931465,
    "positionValue": 2.931465,
    "proceeds": 0,
    "timestamp": 1716681600000,
    "tradeId": "19910185",
  },
  {
    "cost": 0,
    "fees": 0,
    "id": "19910185_1716768000000",
    "pnl": 2.932051,
    "positionValue": 2.932051,
    "proceeds": 0,
    "timestamp": 1716768000000,
    "tradeId": "19910185",
  },
  {
    "cost": 0,
    "fees": 0,
    "id": "19910185_1716854400000",
    "pnl": 2.9332230000000004,
    "positionValue": 2.9332230000000004,
    "proceeds": 0,
    "timestamp": 1716854400000,
    "tradeId": "19910185",
  },
  {
    "cost": 0,
    "fees": 0,
    "id": "19910185_1716940800000",
    "pnl": 2.9338090000000006,
    "positionValue": 2.9338090000000006,
    "proceeds": 0,
    "timestamp": 1716940800000,
    "tradeId": "19910185",
  },
  {
    "cost": 0,
    "fees": 0,
    "id": "19910185_1717027200000",
    "pnl": 2.930879,
    "positionValue": 2.930879,
    "proceeds": 0,
    "timestamp": 1717027200000,
    "tradeId": "19910185",
  },
  {
    "cost": 0,
    "fees": 0,
    "id": "19910185_1717113600000",
    "pnl": 487.61755442399993,
    "positionValue": 487.61755442399993,
    "proceeds": 0,
    "timestamp": 1717113600000,
    "tradeId": "19910185",
  },
  {
    "cost": 0,
    "fees": 0,
    "id": "19910185_1717200000000",
    "pnl": 487.4714152968,
    "positionValue": 487.4714152968,
    "proceeds": 0,
    "timestamp": 1717200000000,
    "tradeId": "19910185",
  },
  {
    "cost": 0,
    "fees": 0,
    "id": "19910185_1717286400000",
    "pnl": 487.42270225439995,
    "positionValue": 487.42270225439995,
    "proceeds": 0,
    "timestamp": 1717286400000,
    "tradeId": "19910185",
  },
  {
    "cost": 0,
    "fees": 0,
    "id": "19910185_1717372800000",
    "pnl": 487.1791370424,
    "positionValue": 487.1791370424,
    "proceeds": 0,
    "timestamp": 1717372800000,
    "tradeId": "19910185",
  },
  {
    "cost": 0,
    "fees": 0,
    "id": "19910185_1717459200000",
    "pnl": 487.0817109576,
    "positionValue": 487.0817109576,
    "proceeds": 0,
    "timestamp": 1717459200000,
    "tradeId": "19910185",
  },
  {
    "cost": 0,
    "fees": 0,
    "id": "19910185_1717545600000",
    "pnl": 487.03299791520004,
    "positionValue": 487.03299791520004,
    "proceeds": 0,
    "timestamp": 1717545600000,
    "tradeId": "19910185",
  },
  {
    "cost": 0,
    "fees": 0,
    "id": "19910185_1717632000000",
    "pnl": 487.3252761696,
    "positionValue": 487.3252761696,
    "proceeds": 0,
    "timestamp": 1717632000000,
    "tradeId": "19910185",
  },
  {
    "cost": 0,
    "fees": 0,
    "id": "19910185_1717718400000",
    "pnl": 487.2765631272,
    "positionValue": 487.2765631272,
    "proceeds": 0,
    "timestamp": 1717718400000,
    "tradeId": "19910185",
  },
  {
    "cost": 0,
    "fees": 0,
    "id": "19910185_1717804800000",
    "pnl": 487.22785008479997,
    "positionValue": 487.22785008479997,
    "proceeds": 0,
    "timestamp": 1717804800000,
    "tradeId": "19910185",
  },
  {
    "cost": 0,
    "fees": 0,
    "id": "19910185_1717891200000",
    "pnl": 487.1791370424,
    "positionValue": 487.1791370424,
    "proceeds": 0,
    "timestamp": 1717891200000,
    "tradeId": "19910185",
  },
  {
    "cost": 0,
    "fees": 0,
    "id": "19910185_1717977600000",
    "pnl": 487.3252761696,
    "positionValue": 487.3252761696,
    "proceeds": 0,
    "timestamp": 1717977600000,
    "tradeId": "19910185",
  },
  {
    "cost": 0,
    "fees": 0,
    "id": "19910185_1718064000000",
    "pnl": 487.1791370424,
    "positionValue": 487.1791370424,
    "proceeds": 0,
    "timestamp": 1718064000000,
    "tradeId": "19910185",
  },
  {
    "cost": 0,
    "fees": 0,
    "id": "19910185_1718150400000",
    "pnl": 487.22785008479997,
    "positionValue": 487.22785008479997,
    "proceeds": 0,
    "timestamp": 1718150400000,
    "tradeId": "19910185",
  },
  {
    "cost": 0,
    "fees": 0,
    "id": "19910185_1718236800000",
    "pnl": 487.3252761696,
    "positionValue": 487.3252761696,
    "proceeds": 0,
    "timestamp": 1718236800000,
    "tradeId": "19910185",
  },
  {
    "cost": 0,
    "fees": 0,
    "id": "19910185_1718323200000",
    "pnl": 487.37398921199997,
    "positionValue": 487.37398921199997,
    "proceeds": 0,
    "timestamp": 1718323200000,
    "tradeId": "19910185",
  },
  {
    "cost": 0,
    "fees": 0,
    "id": "19910185_1718409600000",
    "pnl": 487.42270225439995,
    "positionValue": 487.42270225439995,
    "proceeds": 0,
    "timestamp": 1718409600000,
    "tradeId": "19910185",
  },
  {
    "cost": 0,
    "fees": 0,
    "id": "19910185_1718496000000",
    "pnl": 487.4714152968,
    "positionValue": 487.4714152968,
    "proceeds": 0,
    "timestamp": 1718496000000,
    "tradeId": "19910185",
  },
  {
    "cost": 0,
    "fees": 0,
    "id": "19910185_1718582400000",
    "pnl": 487.3252761696,
    "positionValue": 487.3252761696,
    "proceeds": 0,
    "timestamp": 1718582400000,
    "tradeId": "19910185",
  },
  {
    "cost": 0,
    "fees": 0,
    "id": "19910185_1718668800000",
    "pnl": 487.3252761696,
    "positionValue": 487.3252761696,
    "proceeds": 0,
    "timestamp": 1718668800000,
    "tradeId": "19910185",
  },
  {
    "cost": 0,
    "fees": 0,
    "id": "19910185_1718755200000",
    "pnl": 487.2765631272,
    "positionValue": 487.2765631272,
    "proceeds": 0,
    "timestamp": 1718755200000,
    "tradeId": "19910185",
  },
  {
    "cost": 0,
    "fees": 0,
    "id": "19910185_1718841600000",
    "pnl": 487.42270225439995,
    "positionValue": 487.42270225439995,
    "proceeds": 0,
    "timestamp": 1718841600000,
    "tradeId": "19910185",
  },
  {
    "cost": 0,
    "fees": 0,
    "id": "19910185_1718928000000",
    "pnl": 487.37398921199997,
    "positionValue": 487.37398921199997,
    "proceeds": 0,
    "timestamp": 1718928000000,
    "tradeId": "19910185",
  },
  {
    "cost": 0,
    "fees": 0,
    "id": "19910185_1719014400000",
    "pnl": 487.2765631272,
    "positionValue": 487.2765631272,
    "proceeds": 0,
    "timestamp": 1719014400000,
    "tradeId": "19910185",
  },
  {
    "cost": 0,
    "fees": 0,
    "id": "19910185_1719100800000",
    "pnl": 487.4714152968,
    "positionValue": 487.4714152968,
    "proceeds": 0,
    "timestamp": 1719100800000,
    "tradeId": "19910185",
  },
  {
    "cost": 0,
    "fees": 0,
    "id": "19910185_1719187200000",
    "pnl": 487.42270225439995,
    "positionValue": 487.42270225439995,
    "proceeds": 0,
    "timestamp": 1719187200000,
    "tradeId": "19910185",
  },
  {
    "cost": 0,
    "fees": 0,
    "id": "19910185_1719273600000",
    "pnl": 487.22785008479997,
    "positionValue": 487.22785008479997,
    "proceeds": 0,
    "timestamp": 1719273600000,
    "tradeId": "19910185",
  },
  {
    "cost": 0,
    "fees": 0,
    "id": "19910185_1719360000000",
    "pnl": 487.3252761696,
    "positionValue": 487.3252761696,
    "proceeds": 0,
    "timestamp": 1719360000000,
    "tradeId": "19910185",
  },
  {
    "cost": 0,
    "fees": 0,
    "id": "19910185_1719446400000",
    "pnl": 487.66626746640003,
    "positionValue": 487.66626746640003,
    "proceeds": 0,
    "timestamp": 1719446400000,
    "tradeId": "19910185",
  },
  {
    "cost": 0,
    "fees": 0,
    "id": "19910185_1719532800000",
    "pnl": 488.0072587632,
    "positionValue": 488.0072587632,
    "proceeds": 0,
    "timestamp": 1719532800000,
    "tradeId": "19910185",
  },
  {
    "cost": 0,
    "fees": 0,
    "id": "19910185_1719619200000",
    "pnl": 487.861119636,
    "positionValue": 487.861119636,
    "proceeds": 0,
    "timestamp": 1719619200000,
    "tradeId": "19910185",
  },
  {
    "cost": 0,
    "fees": 0,
    "id": "19910185_1719705600000",
    "pnl": 487.81240659360003,
    "positionValue": 487.81240659360003,
    "proceeds": 0,
    "timestamp": 1719705600000,
    "tradeId": "19910185",
  },
  {
    "cost": 0,
    "fees": 0,
    "id": "19910185_1719792000000",
    "pnl": 487.52012833919997,
    "positionValue": 487.52012833919997,
    "proceeds": 0,
    "timestamp": 1719792000000,
    "tradeId": "19910185",
  },
  {
    "cost": 0,
    "fees": 0,
    "id": "19910185_1719878400000",
    "pnl": 487.861119636,
    "positionValue": 487.861119636,
    "proceeds": 0,
    "timestamp": 1719878400000,
    "tradeId": "19910185",
  },
  {
    "cost": 0,
    "fees": 0,
    "id": "19910185_1719964800000",
    "pnl": 487.61755442399993,
    "positionValue": 487.61755442399993,
    "proceeds": 0,
    "timestamp": 1719964800000,
    "tradeId": "19910185",
  },
  {
    "cost": 0,
    "fees": 0,
    "id": "19910185_1720051200000",
    "pnl": 487.2765631272,
    "positionValue": 487.2765631272,
    "proceeds": 0,
    "timestamp": 1720051200000,
    "tradeId": "19910185",
  },
  {
    "cost": 0,
    "fees": 0,
    "id": "19910185_1720137600000",
    "pnl": 487.130424,
    "positionValue": 487.130424,
    "proceeds": 0,
    "timestamp": 1720137600000,
    "tradeId": "19910185",
  },
  {
    "cost": 0,
    "fees": 0,
    "id": "19910185_1720224000000",
    "pnl": 487.03299791520004,
    "positionValue": 487.03299791520004,
    "proceeds": 0,
    "timestamp": 1720224000000,
    "tradeId": "19910185",
  },
  {
    "cost": 0,
    "fees": 0,
    "id": "19910185_1720310400000",
    "pnl": 487.130424,
    "positionValue": 487.130424,
    "proceeds": 0,
    "timestamp": 1720310400000,
    "tradeId": "19910185",
  },
  {
    "cost": 0,
    "fees": 0,
    "id": "19910185_1720396800000",
    "pnl": 487.1791370424,
    "positionValue": 487.1791370424,
    "proceeds": 0,
    "timestamp": 1720396800000,
    "tradeId": "19910185",
  },
  {
    "cost": 0,
    "fees": 0,
    "id": "19910185_1720483200000",
    "pnl": 487.130424,
    "positionValue": 487.130424,
    "proceeds": 0,
    "timestamp": 1720483200000,
    "tradeId": "19910185",
  },
  {
    "cost": 0,
    "fees": 0,
    "id": "19910185_1720569600000",
    "pnl": 487.130424,
    "positionValue": 487.130424,
    "proceeds": 0,
    "timestamp": 1720569600000,
    "tradeId": "19910185",
  },
  {
    "cost": 0,
    "fees": 0,
    "id": "19910185_1720656000000",
    "pnl": 487.130424,
    "positionValue": 487.130424,
    "proceeds": 0,
    "timestamp": 1720656000000,
    "tradeId": "19910185",
  },
  {
    "cost": 0,
    "fees": 0,
    "id": "19910185_1720742400000",
    "pnl": 486.9842848728,
    "positionValue": 486.9842848728,
    "proceeds": 0,
    "timestamp": 1720742400000,
    "tradeId": "19910185",
  },
  {
    "cost": 0,
    "fees": 0,
    "id": "19910185_1720828800000",
    "pnl": 486.9842848728,
    "positionValue": 486.9842848728,
    "proceeds": 0,
    "timestamp": 1720828800000,
    "tradeId": "19910185",
  },
  {
    "cost": 0,
    "fees": 0,
    "id": "19910185_1720915200000",
    "pnl": 486.9355718304,
    "positionValue": 486.9355718304,
    "proceeds": 0,
    "timestamp": 1720915200000,
    "tradeId": "19910185",
  },
  {
    "cost": 0,
    "fees": 0,
    "id": "19910185_1721001600000",
    "pnl": 486.8381457456,
    "positionValue": 486.8381457456,
    "proceeds": 0,
    "timestamp": 1721001600000,
    "tradeId": "19910185",
  },
  {
    "cost": 0,
    "fees": 0,
    "id": "19910185_1721088000000",
    "pnl": 486.88685878800004,
    "positionValue": 486.88685878800004,
    "proceeds": 0,
    "timestamp": 1721088000000,
    "tradeId": "19910185",
  },
  {
    "cost": 0,
    "fees": 0,
    "id": "19910185_1721174400000",
    "pnl": 487.0817109576,
    "positionValue": 487.0817109576,
    "proceeds": 0,
    "timestamp": 1721174400000,
    "tradeId": "19910185",
  },
  {
    "cost": 0,
    "fees": 0,
    "id": "19910185_1721260800000",
    "pnl": 487.22785008479997,
    "positionValue": 487.22785008479997,
    "proceeds": 0,
    "timestamp": 1721260800000,
    "tradeId": "19910185",
  },
  {
    "cost": 0,
    "fees": 0,
    "id": "19910185_1721347200000",
    "pnl": 486.8381457456,
    "positionValue": 486.8381457456,
    "proceeds": 0,
    "timestamp": 1721347200000,
    "tradeId": "19910185",
  },
  {
    "cost": 0,
    "fees": 0,
    "id": "19910185_1721433600000",
    "pnl": 486.9355718304,
    "positionValue": 486.9355718304,
    "proceeds": 0,
    "timestamp": 1721433600000,
    "tradeId": "19910185",
  },
  {
    "cost": 0,
    "fees": 0,
    "id": "19910185_1721520000000",
    "pnl": 487.03299791520004,
    "positionValue": 487.03299791520004,
    "proceeds": 0,
    "timestamp": 1721520000000,
    "tradeId": "19910185",
  },
  {
    "cost": 0,
    "fees": 0,
    "id": "19910185_1721606400000",
    "pnl": 486.88685878800004,
    "positionValue": 486.88685878800004,
    "proceeds": 0,
    "timestamp": 1721606400000,
    "tradeId": "19910185",
  },
  {
    "cost": 0,
    "fees": 0,
    "id": "19910185_1721692800000",
    "pnl": 486.9842848728,
    "positionValue": 486.9842848728,
    "proceeds": 0,
    "timestamp": 1721692800000,
    "tradeId": "19910185",
  },
  {
    "cost": 0,
    "fees": 0,
    "id": "19910185_1721779200000",
    "pnl": 487.130424,
    "positionValue": 487.130424,
    "proceeds": 0,
    "timestamp": 1721779200000,
    "tradeId": "19910185",
  },
  {
    "cost": 0,
    "fees": 0,
    "id": "19910185_1721865600000",
    "pnl": 487.1791370424,
    "positionValue": 487.1791370424,
    "proceeds": 0,
    "timestamp": 1721865600000,
    "tradeId": "19910185",
  },
  {
    "cost": 0,
    "fees": 0,
    "id": "19910185_1721952000000",
    "pnl": 487.130424,
    "positionValue": 487.130424,
    "proceeds": 0,
    "timestamp": 1721952000000,
    "tradeId": "19910185",
  },
  {
    "cost": 0,
    "fees": 0,
    "id": "19910185_1722038400000",
    "pnl": 487.130424,
    "positionValue": 487.130424,
    "proceeds": 0,
    "timestamp": 1722038400000,
    "tradeId": "19910185",
  },
  {
    "cost": 0,
    "fees": 0,
    "id": "19910185_1722124800000",
    "pnl": 487.0817109576,
    "positionValue": 487.0817109576,
    "proceeds": 0,
    "timestamp": 1722124800000,
    "tradeId": "19910185",
  },
  {
    "cost": 0,
    "fees": 0,
    "id": "19910185_1722211200000",
    "pnl": 487.130424,
    "positionValue": 487.130424,
    "proceeds": 0,
    "timestamp": 1722211200000,
    "tradeId": "19910185",
  },
  {
    "cost": 0,
    "fees": 0,
    "id": "19910185_1722297600000",
    "pnl": 487.2765631272,
    "positionValue": 487.2765631272,
    "proceeds": 0,
    "timestamp": 1722297600000,
    "tradeId": "19910185",
  },
  {
    "cost": 0,
    "fees": 0,
    "id": "19910185_1722384000000",
    "pnl": 487.2765631272,
    "positionValue": 487.2765631272,
    "proceeds": 0,
    "timestamp": 1722384000000,
    "tradeId": "19910185",
  },
  {
    "cost": 0,
    "fees": 0,
    "id": "19910185_1722470400000",
    "pnl": 487.52012833919997,
    "positionValue": 487.52012833919997,
    "proceeds": 0,
    "timestamp": 1722470400000,
    "tradeId": "19910185",
  },
  {
    "cost": 0,
    "fees": 0,
    "id": "19910185_1722556800000",
    "pnl": 487.66626746640003,
    "positionValue": 487.66626746640003,
    "proceeds": 0,
    "timestamp": 1722556800000,
    "tradeId": "19910185",
  },
  {
    "cost": 0,
    "fees": 0,
    "id": "19910185_1722643200000",
    "pnl": 487.42270225439995,
    "positionValue": 487.42270225439995,
    "proceeds": 0,
    "timestamp": 1722643200000,
    "tradeId": "19910185",
  },
  {
    "cost": 0,
    "fees": 0,
    "id": "19910185_1722729600000",
    "pnl": 487.2765631272,
    "positionValue": 487.2765631272,
    "proceeds": 0,
    "timestamp": 1722729600000,
    "tradeId": "19910185",
  },
  {
    "cost": 0,
    "fees": 0,
    "id": "19910185_1722816000000",
    "pnl": 486.9355718304,
    "positionValue": 486.9355718304,
    "proceeds": 0,
    "timestamp": 1722816000000,
    "tradeId": "19910185",
  },
  {
    "cost": 0,
    "fees": 0,
    "id": "19910185_1722902400000",
    "pnl": 486.9355718304,
    "positionValue": 486.9355718304,
    "proceeds": 0,
    "timestamp": 1722902400000,
    "tradeId": "19910185",
  },
  {
    "cost": 0,
    "fees": 0,
    "id": "19910185_1722988800000",
    "pnl": 486.9842848728,
    "positionValue": 486.9842848728,
    "proceeds": 0,
    "timestamp": 1722988800000,
    "tradeId": "19910185",
  },
  {
    "cost": 0,
    "fees": 0,
    "id": "19910185_1723075200000",
    "pnl": 486.9842848728,
    "positionValue": 486.9842848728,
    "proceeds": 0,
    "timestamp": 1723075200000,
    "tradeId": "19910185",
  },
  {
    "cost": 0,
    "fees": 0,
    "id": "19910185_1723161600000",
    "pnl": 486.88685878800004,
    "positionValue": 486.88685878800004,
    "proceeds": 0,
    "timestamp": 1723161600000,
    "tradeId": "19910185",
  },
  {
    "cost": 0,
    "fees": 0,
    "id": "19910185_1723248000000",
    "pnl": 487.03299791520004,
    "positionValue": 487.03299791520004,
    "proceeds": 0,
    "timestamp": 1723248000000,
    "tradeId": "19910185",
  },
  {
    "cost": 0,
    "fees": 0,
    "id": "19910185_1723334400000",
    "pnl": 487.03299791520004,
    "positionValue": 487.03299791520004,
    "proceeds": 0,
    "timestamp": 1723334400000,
    "tradeId": "19910185",
  },
  {
    "cost": 0,
    "fees": 0,
    "id": "19910185_1723420800000",
    "pnl": 486.9842848728,
    "positionValue": 486.9842848728,
    "proceeds": 0,
    "timestamp": 1723420800000,
    "tradeId": "19910185",
  },
  {
    "cost": 0,
    "fees": 0,
    "id": "19910185_1723507200000",
    "pnl": 486.9355718304,
    "positionValue": 486.9355718304,
    "proceeds": 0,
    "timestamp": 1723507200000,
    "tradeId": "19910185",
  },
  {
    "cost": 0,
    "fees": 0,
    "id": "19910185_1723593600000",
    "pnl": 487.03299791520004,
    "positionValue": 487.03299791520004,
    "proceeds": 0,
    "timestamp": 1723593600000,
    "tradeId": "19910185",
  },
  {
    "cost": 0,
    "fees": 0,
    "id": "19910185_1723680000000",
    "pnl": 486.9842848728,
    "positionValue": 486.9842848728,
    "proceeds": 0,
    "timestamp": 1723680000000,
    "tradeId": "19910185",
  },
  {
    "cost": 0,
    "fees": 0,
    "id": "19910185_1723766400000",
    "pnl": 486.9355718304,
    "positionValue": 486.9355718304,
    "proceeds": 0,
    "timestamp": 1723766400000,
    "tradeId": "19910185",
  },
  {
    "cost": 0,
    "fees": 0,
    "id": "19910185_1723852800000",
    "pnl": 487.03299791520004,
    "positionValue": 487.03299791520004,
    "proceeds": 0,
    "timestamp": 1723852800000,
    "tradeId": "19910185",
  },
  {
    "cost": 0,
    "fees": 0,
    "id": "19910185_1723939200000",
    "pnl": 487.0817109576,
    "positionValue": 487.0817109576,
    "proceeds": 0,
    "timestamp": 1723939200000,
    "tradeId": "19910185",
  },
  {
    "cost": 0,
    "fees": 0,
    "id": "19910185_1724025600000",
    "pnl": 486.9355718304,
    "positionValue": 486.9355718304,
    "proceeds": 0,
    "timestamp": 1724025600000,
    "tradeId": "19910185",
  },
  {
    "cost": 0,
    "fees": 0,
    "id": "19910185_1724112000000",
    "pnl": 487.03299791520004,
    "positionValue": 487.03299791520004,
    "proceeds": 0,
    "timestamp": 1724112000000,
    "tradeId": "19910185",
  },
  {
    "cost": 0,
    "fees": 0,
    "id": "19910185_1724198400000",
    "pnl": 486.9842848728,
    "positionValue": 486.9842848728,
    "proceeds": 0,
    "timestamp": 1724198400000,
    "tradeId": "19910185",
  },
  {
    "cost": 0,
    "fees": 0,
    "id": "19910185_1724284800000",
    "pnl": 487.03299791520004,
    "positionValue": 487.03299791520004,
    "proceeds": 0,
    "timestamp": 1724284800000,
    "tradeId": "19910185",
  },
  {
    "cost": 0,
    "fees": 0,
    "id": "19910185_1724371200000",
    "pnl": 486.7407196608,
    "positionValue": 486.7407196608,
    "proceeds": 0,
    "timestamp": 1724371200000,
    "tradeId": "19910185",
  },
  {
    "cost": 0,
    "fees": 0,
    "id": "19910185_1724457600000",
    "pnl": 486.88685878800004,
    "positionValue": 486.88685878800004,
    "proceeds": 0,
    "timestamp": 1724457600000,
    "tradeId": "19910185",
  },
  {
    "cost": 0,
    "fees": 0,
    "id": "19910185_1724544000000",
    "pnl": 486.8381457456,
    "positionValue": 486.8381457456,
    "proceeds": 0,
    "timestamp": 1724544000000,
    "tradeId": "19910185",
  },
  {
    "cost": 0,
    "fees": 0,
    "id": "19910185_1724630400000",
    "pnl": 486.9842848728,
    "positionValue": 486.9842848728,
    "proceeds": 0,
    "timestamp": 1724630400000,
    "tradeId": "19910185",
  },
  {
    "cost": 0,
    "fees": 0,
    "id": "19910185_1724716800000",
    "pnl": 486.9355718304,
    "positionValue": 486.9355718304,
    "proceeds": 0,
    "timestamp": 1724716800000,
    "tradeId": "19910185",
  },
  {
    "cost": 0,
    "fees": 0,
    "id": "19910185_1724803200000",
    "pnl": 487.03299791520004,
    "positionValue": 487.03299791520004,
    "proceeds": 0,
    "timestamp": 1724803200000,
    "tradeId": "19910185",
  },
  {
    "cost": 0,
    "fees": 0,
    "id": "19910185_1724889600000",
    "pnl": 486.9842848728,
    "positionValue": 486.9842848728,
    "proceeds": 0,
    "timestamp": 1724889600000,
    "tradeId": "19910185",
  },
  {
    "cost": 0,
    "fees": 0,
    "id": "19910185_1724976000000",
    "pnl": 487.1791370424,
    "positionValue": 487.1791370424,
    "proceeds": 0,
    "timestamp": 1724976000000,
    "tradeId": "19910185",
  },
  {
    "cost": 0,
    "fees": 0,
    "id": "19910185_1725062400000",
    "pnl": 487.1791370424,
    "positionValue": 487.1791370424,
    "proceeds": 0,
    "timestamp": 1725062400000,
    "tradeId": "19910185",
  },
  {
    "cost": 0,
    "fees": 0,
    "id": "19910185_1725148800000",
    "pnl": 487.0817109576,
    "positionValue": 487.0817109576,
    "proceeds": 0,
    "timestamp": 1725148800000,
    "tradeId": "19910185",
  },
  {
    "cost": 0,
    "fees": 0,
    "id": "19910185_1725235200000",
    "pnl": 487.130424,
    "positionValue": 487.130424,
    "proceeds": 0,
    "timestamp": 1725235200000,
    "tradeId": "19910185",
  },
  {
    "cost": 0,
    "fees": 0,
    "id": "19910185_1725321600000",
    "pnl": 487.1791370424,
    "positionValue": 487.1791370424,
    "proceeds": 0,
    "timestamp": 1725321600000,
    "tradeId": "19910185",
  },
  {
    "cost": 0,
    "fees": 0,
    "id": "19910185_1725408000000",
    "pnl": 487.130424,
    "positionValue": 487.130424,
    "proceeds": 0,
    "timestamp": 1725408000000,
    "tradeId": "19910185",
  },
  {
    "cost": 0,
    "fees": 0,
    "id": "19910185_1725494400000",
    "pnl": 487.2765631272,
    "positionValue": 487.2765631272,
    "proceeds": 0,
    "timestamp": 1725494400000,
    "tradeId": "19910185",
  },
  {
    "cost": 0,
    "fees": 0,
    "id": "19910185_1725580800000",
    "pnl": 487.22785008479997,
    "positionValue": 487.22785008479997,
    "proceeds": 0,
    "timestamp": 1725580800000,
    "tradeId": "19910185",
  },
  {
    "cost": 0,
    "fees": 0,
    "id": "19910185_1725667200000",
    "pnl": 487.1791370424,
    "positionValue": 487.1791370424,
    "proceeds": 0,
    "timestamp": 1725667200000,
    "tradeId": "19910185",
  },
  {
    "cost": 0,
    "fees": 0,
    "id": "19910185_1725753600000",
    "pnl": 487.0817109576,
    "positionValue": 487.0817109576,
    "proceeds": 0,
    "timestamp": 1725753600000,
    "tradeId": "19910185",
  },
  {
    "cost": 0,
    "fees": 0,
    "id": "19910185_1725840000000",
    "pnl": 486.9842848728,
    "positionValue": 486.9842848728,
    "proceeds": 0,
    "timestamp": 1725840000000,
    "tradeId": "19910185",
  },
  {
    "cost": 0,
    "fees": 0,
    "id": "19910185_1725926400000",
    "pnl": 487.0817109576,
    "positionValue": 487.0817109576,
    "proceeds": 0,
    "timestamp": 1725926400000,
    "tradeId": "19910185",
  },
  {
    "cost": 0,
    "fees": 0,
    "id": "19910185_1726012800000",
    "pnl": 487.03299791520004,
    "positionValue": 487.03299791520004,
    "proceeds": 0,
    "timestamp": 1726012800000,
    "tradeId": "19910185",
  },
  {
    "cost": 0,
    "fees": 0,
    "id": "19910185_1726099200000",
    "pnl": 487.130424,
    "positionValue": 487.130424,
    "proceeds": 0,
    "timestamp": 1726099200000,
    "tradeId": "19910185",
  },
  {
    "cost": 0,
    "fees": 0,
    "id": "19910185_1726185600000",
    "pnl": 486.7407196608,
    "positionValue": 486.7407196608,
    "proceeds": 0,
    "timestamp": 1726185600000,
    "tradeId": "19910185",
  },
  {
    "cost": 0,
    "fees": 0,
    "id": "19910185_1726272000000",
    "pnl": 486.9842848728,
    "positionValue": 486.9842848728,
    "proceeds": 0,
    "timestamp": 1726272000000,
    "tradeId": "19910185",
  },
  {
    "cost": 0,
    "fees": 0,
    "id": "19910185_1726358400000",
    "pnl": 487.03299791520004,
    "positionValue": 487.03299791520004,
    "proceeds": 0,
    "timestamp": 1726358400000,
    "tradeId": "19910185",
  },
  {
    "cost": 0,
    "fees": 0,
    "id": "19910185_1726444800000",
    "pnl": 487.130424,
    "positionValue": 487.130424,
    "proceeds": 0,
    "timestamp": 1726444800000,
    "tradeId": "19910185",
  },
  {
    "cost": 0,
    "fees": 0,
    "id": "19910185_1726531200000",
    "pnl": 486.9842848728,
    "positionValue": 486.9842848728,
    "proceeds": 0,
    "timestamp": 1726531200000,
    "tradeId": "19910185",
  },
  {
    "cost": 0,
    "fees": 0,
    "id": "19910185_1726617600000",
    "pnl": 487.0817109576,
    "positionValue": 487.0817109576,
    "proceeds": 0,
    "timestamp": 1726617600000,
    "tradeId": "19910185",
  },
  {
    "cost": 0,
    "fees": 0,
    "id": "19910185_1726704000000",
    "pnl": 486.9842848728,
    "positionValue": 486.9842848728,
    "proceeds": 0,
    "timestamp": 1726704000000,
    "tradeId": "19910185",
  },
  {
    "cost": 0,
    "fees": 0,
    "id": "19910185_1726790400000",
    "pnl": 487.03299791520004,
    "positionValue": 487.03299791520004,
    "proceeds": 0,
    "timestamp": 1726790400000,
    "tradeId": "19910185",
  },
  {
    "cost": 0,
    "fees": 0,
    "id": "19910185_1726876800000",
    "pnl": 487.03299791520004,
    "positionValue": 487.03299791520004,
    "proceeds": 0,
    "timestamp": 1726876800000,
    "tradeId": "19910185",
  },
  {
    "cost": 0,
    "fees": 0,
    "id": "19910185_1726963200000",
    "pnl": 487.130424,
    "positionValue": 487.130424,
    "proceeds": 0,
    "timestamp": 1726963200000,
    "tradeId": "19910185",
  },
  {
    "cost": 0,
    "fees": 0,
    "id": "19910185_1727049600000",
    "pnl": 487.130424,
    "positionValue": 487.130424,
    "proceeds": 0,
    "timestamp": 1727049600000,
    "tradeId": "19910185",
  },
  {
    "cost": 0,
    "fees": 0,
    "id": "19910185_1727136000000",
    "pnl": 487.0817109576,
    "positionValue": 487.0817109576,
    "proceeds": 0,
    "timestamp": 1727136000000,
    "tradeId": "19910185",
  },
  {
    "cost": 0,
    "fees": 0,
    "id": "19910185_1727222400000",
    "pnl": 487.22785008479997,
    "positionValue": 487.22785008479997,
    "proceeds": 0,
    "timestamp": 1727222400000,
    "tradeId": "19910185",
  },
  {
    "cost": 0,
    "fees": 0,
    "id": "19910185_1727308800000",
    "pnl": 486.9842848728,
    "positionValue": 486.9842848728,
    "proceeds": 0,
    "timestamp": 1727308800000,
    "tradeId": "19910185",
  },
  {
    "cost": 0,
    "fees": 0,
    "id": "19910185_1727395200000",
    "pnl": 486.9842848728,
    "positionValue": 486.9842848728,
    "proceeds": 0,
    "timestamp": 1727395200000,
    "tradeId": "19910185",
  },
  {
    "cost": 0,
    "fees": 0,
    "id": "19910185_1727481600000",
    "pnl": 486.9842848728,
    "positionValue": 486.9842848728,
    "proceeds": 0,
    "timestamp": 1727481600000,
    "tradeId": "19910185",
  },
  {
    "cost": 0,
    "fees": 0,
    "id": "19910185_1727568000000",
    "pnl": 486.9842848728,
    "positionValue": 486.9842848728,
    "proceeds": 0,
    "timestamp": 1727568000000,
    "tradeId": "19910185",
  },
  {
    "cost": 0,
    "fees": 0,
    "id": "19910185_1727654400000",
    "pnl": 487.22785008479997,
    "positionValue": 487.22785008479997,
    "proceeds": 0,
    "timestamp": 1727654400000,
    "tradeId": "19910185",
  },
  {
    "cost": 0,
    "fees": 0,
    "id": "19910185_1727740800000",
    "pnl": 487.1791370424,
    "positionValue": 487.1791370424,
    "proceeds": 0,
    "timestamp": 1727740800000,
    "tradeId": "19910185",
  },
  {
    "cost": 0,
    "fees": 0,
    "id": "19910185_1727827200000",
    "pnl": 487.1791370424,
    "positionValue": 487.1791370424,
    "proceeds": 0,
    "timestamp": 1727827200000,
    "tradeId": "19910185",
  },
  {
    "cost": 0,
    "fees": 0,
    "id": "19910185_1727913600000",
    "pnl": 487.130424,
    "positionValue": 487.130424,
    "proceeds": 0,
    "timestamp": 1727913600000,
    "tradeId": "19910185",
  },
  {
    "cost": 0,
    "fees": 0,
    "id": "19910185_1728000000000",
    "pnl": 0,
    "positionValue": 0,
    "proceeds": 0,
    "timestamp": 1728000000000,
    "tradeId": "19910185",
  },
]