[
  {
    "cost": "0",
    "deposits": "0",
    "fees": "0",
    "id": "1821044288_1744588800000",
    "pnl": "0",
    "positionValue": "0",
    "proceeds": "0",
    "timestamp": 1744588800000,
    "tradeId": "1821044288",
  },
  {
    "cost": "0",
    "deposits": "0.9983744741",
    "fees": "0",
    "id": "1821044288_1744675200000",
    "pnl": "0",
    "positionValue": "0.9983744741",
    "proceeds": "0",
    "timestamp": 1744675200000,
    "tradeId": "1821044288",
  },
  {
    "cost": "0",
    "deposits": "2.007672118585",
    "fees": "0",
    "id": "1821044288_1744761600000",
    "pnl": "0.0009301244",
    "positionValue": "2.008602242985",
    "proceeds": "0",
    "timestamp": 1744761600000,
    "tradeId": "1821044288",
  },
  {
    "cost": "0",
    "deposits": "2.007672118585",
    "fees": "0",
    "id": "1821044288_1744848000000",
    "pnl": "0.00358256462",
    "positionValue": "2.011254683205",
    "proceeds": "0",
    "timestamp": 1744848000000,
    "tradeId": "1821044288",
  },
  {
    "cost": "0",
    "deposits": "2.007672118585",
    "fees": "0",
    "id": "1821044288_1744934400000",
    "pnl": "0.005024551283",
    "positionValue": "2.012696669868",
    "proceeds": "0",
    "timestamp": 1744934400000,
    "tradeId": "1821044288",
  },
  {
    "cost": "0",
    "deposits": "2.007672118585",
    "fees": "0",
    "id": "1821044288_1745020800000",
    "pnl": "0.003375909485",
    "positionValue": "2.01104802807",
    "proceeds": "0",
    "timestamp": 1745020800000,
    "tradeId": "1821044288",
  },
  {
    "cost": "0",
    "deposits": "2.007672118585",
    "fees": "0",
    "id": "1821044288_1745107200000",
    "pnl": "-0.000546999475",
    "positionValue": "2.00712511911",
    "proceeds": "0",
    "timestamp": 1745107200000,
    "tradeId": "1821044288",
  },
  {
    "cost": "0",
    "deposits": "2.007672118585",
    "fees": "0",
    "id": "1821044288_1745193600000",
    "pnl": "0.001202407643",
    "positionValue": "2.008874526228",
    "proceeds": "0",
    "timestamp": 1745193600000,
    "tradeId": "1821044288",
  },
  {
    "cost": "0",
    "deposits": "2.007672118585",
    "fees": "0",
    "id": "1821044288_1745280000000",
    "pnl": "0.002679315845",
    "positionValue": "2.01035143443",
    "proceeds": "0",
    "timestamp": 1745280000000,
    "tradeId": "1821044288",
  },
  {
    "cost": "0",
    "deposits": "2.007672118585",
    "fees": "0",
    "id": "1821044288_1745366400000",
    "pnl": "0.001600379804",
    "positionValue": "2.009272498389",
    "proceeds": "0",
    "timestamp": 1745366400000,
    "tradeId": "1821044288",
  },
  {
    "cost": "0",
    "deposits": "2.007672118585",
    "fees": "0",
    "id": "1821044288_1745452800000",
    "pnl": "0.002009155514",
    "positionValue": "2.009681274099",
    "proceeds": "0",
    "timestamp": 1745452800000,
    "tradeId": "1821044288",
  },
  {
    "cost": "0",
    "deposits": "2.007672118585",
    "fees": "0",
    "id": "1821044288_1745539200000",
    "pnl": "0.003071009168",
    "positionValue": "2.010743127753",
    "proceeds": "0",
    "timestamp": 1745539200000,
    "tradeId": "1821044288",
  },
  {
    "cost": "0",
    "deposits": "2.007672118585",
    "fees": "0",
    "id": "1821044288_1745625600000",
    "pnl": "0.001792976396",
    "positionValue": "2.009465094981",
    "proceeds": "0",
    "timestamp": 1745625600000,
    "tradeId": "1821044288",
  },
  {
    "cost": "0",
    "deposits": "2.007672118585",
    "fees": "0",
    "id": "1821044288_1745712000000",
    "pnl": "0.003594817982",
    "positionValue": "2.011266936567",
    "proceeds": "0",
    "timestamp": 1745712000000,
    "tradeId": "1821044288",
  },
  {
    "cost": "0",
    "deposits": "2.007672118585",
    "fees": "0",
    "id": "1821044288_1745798400000",
    "pnl": "0.000088858397",
    "positionValue": "2.007760976982",
    "proceeds": "0",
    "timestamp": 1745798400000,
    "tradeId": "1821044288",
  },
  {
    "cost": "0",
    "deposits": "2.007672118585",
    "fees": "0",
    "id": "1821044288_1745884800000",
    "pnl": "0.002406281465",
    "positionValue": "2.01007840005",
    "proceeds": "0",
    "timestamp": 1745884800000,
    "tradeId": "1821044288",
  },
  {
    "cost": "0",
    "deposits": "2.007672118585",
    "fees": "0",
    "id": "1821044288_1745971200000",
    "pnl": "-0.000896393956",
    "positionValue": "2.006775724629",
    "proceeds": "0",
    "timestamp": 1745971200000,
    "tradeId": "1821044288",
  },
  {
    "cost": "0",
    "deposits": "2.007672118585",
    "fees": "0",
    "id": "1821044288_1746057600000",
    "pnl": "0.004242671333",
    "positionValue": "2.011914789918",
    "proceeds": "0",
    "timestamp": 1746057600000,
    "tradeId": "1821044288",
  },
  {
    "cost": "0",
    "deposits": "2.007672118585",
    "fees": "0",
    "id": "1821044288_1746144000000",
    "pnl": "0.003077579255",
    "positionValue": "2.01074969784",
    "proceeds": "0",
    "timestamp": 1746144000000,
    "tradeId": "1821044288",
  },
  {
    "cost": "0",
    "deposits": "2.007672118585",
    "fees": "0",
    "id": "1821044288_1746230400000",
    "pnl": "0.00032234462",
    "positionValue": "2.007994463205",
    "proceeds": "0",
    "timestamp": 1746230400000,
    "tradeId": "1821044288",
  },
  {
    "cost": "0",
    "deposits": "2.007672118585",
    "fees": "0",
    "id": "1821044288_1746316800000",
    "pnl": "-0.000078354508",
    "positionValue": "2.007593764077",
    "proceeds": "0",
    "timestamp": 1746316800000,
    "tradeId": "1821044288",
  },
  {
    "cost": "0",
    "deposits": "2.007672118585",
    "fees": "0",
    "id": "1821044288_1746403200000",
    "pnl": "0.003125718755",
    "positionValue": "2.01079783734",
    "proceeds": "0",
    "timestamp": 1746403200000,
    "tradeId": "1821044288",
  },
  {
    "cost": "0",
    "deposits": "2.007672118585",
    "fees": "0",
    "id": "1821044288_1746489600000",
    "pnl": "0.002315429063",
    "positionValue": "2.009987547648",
    "proceeds": "0",
    "timestamp": 1746489600000,
    "tradeId": "1821044288",
  },
  {
    "cost": "0",
    "deposits": "2.007672118585",
    "fees": "0",
    "id": "1821044288_1746576000000",
    "pnl": "0.003121476851",
    "positionValue": "2.010793595436",
    "proceeds": "0",
    "timestamp": 1746576000000,
    "tradeId": "1821044288",
  },
  {
    "cost": "0",
    "deposits": "2.007672118585",
    "fees": "0",
    "id": "1821044288_1746662400000",
    "pnl": "0.00219116624",
    "positionValue": "2.009863284825",
    "proceeds": "0",
    "timestamp": 1746662400000,
    "tradeId": "1821044288",
  },
  {
    "cost": "0",
    "deposits": "2.007672118585",
    "fees": "0",
    "id": "1821044288_1746748800000",
    "pnl": "0.003898770986",
    "positionValue": "2.011570889571",
    "proceeds": "0",
    "timestamp": 1746748800000,
    "tradeId": "1821044288",
  },
  {
    "cost": "0",
    "deposits": "2.007672118585",
    "fees": "0",
    "id": "1821044288_1746835200000",
    "pnl": "0.00308332886",
    "positionValue": "2.010755447445",
    "proceeds": "0",
    "timestamp": 1746835200000,
    "tradeId": "1821044288",
  },
  {
    "cost": "0",
    "deposits": "2.007672118585",
    "fees": "0",
    "id": "1821044288_1746921600000",
    "pnl": "0.000760950338",
    "positionValue": "2.008433068923",
    "proceeds": "0",
    "timestamp": 1746921600000,
    "tradeId": "1821044288",
  },
  {
    "cost": "0",
    "deposits": "2.007672118585",
    "fees": "0",
    "id": "1821044288_1747008000000",
    "pnl": "0.00114582755",
    "positionValue": "2.008817946135",
    "proceeds": "0",
    "timestamp": 1747008000000,
    "tradeId": "1821044288",
  },
  {
    "cost": "0",
    "deposits": "2.007672118585",
    "fees": "0",
    "id": "1821044288_1747094400000",
    "pnl": "0.003175803332",
    "positionValue": "2.010847921917",
    "proceeds": "0",
    "timestamp": 1747094400000,
    "tradeId": "1821044288",
  },
  {
    "cost": "0",
    "deposits": "2.007672118585",
    "fees": "0",
    "id": "1821044288_1747180800000",
    "pnl": "0.003309414866",
    "positionValue": "2.010981533451",
    "proceeds": "0",
    "timestamp": 1747180800000,
    "tradeId": "1821044288",
  },
  {
    "cost": "0",
    "deposits": "2.007672118585",
    "fees": "0",
    "id": "1821044288_1747267200000",
    "pnl": "0.001467138914",
    "positionValue": "2.009139257499",
    "proceeds": "0",
    "timestamp": 1747267200000,
    "tradeId": "1821044288",
  },
  {
    "cost": "0",
    "deposits": "2.007672118585",
    "fees": "0",
    "id": "1821044288_1747353600000",
    "pnl": "0.001765612457",
    "positionValue": "2.009437731042",
    "proceeds": "0",
    "timestamp": 1747353600000,
    "tradeId": "1821044288",
  },
  {
    "cost": "0",
    "deposits": "2.007672118585",
    "fees": "0",
    "id": "1821044288_1747440000000",
    "pnl": "0.001306478207",
    "positionValue": "2.008978596792",
    "proceeds": "0",
    "timestamp": 1747440000000,
    "tradeId": "1821044288",
  },
  {
    "cost": "0",
    "deposits": "2.007672118585",
    "fees": "0",
    "id": "1821044288_1747526400000",
    "pnl": "0.002308822394",
    "positionValue": "2.009980940979",
    "proceeds": "0",
    "timestamp": 1747526400000,
    "tradeId": "1821044288",
  },
  {
    "cost": "0",
    "deposits": "2.007672118585",
    "fees": "0",
    "id": "1821044288_1747612800000",
    "pnl": "0.00955285355",
    "positionValue": "2.017224972135",
    "proceeds": "0",
    "timestamp": 1747612800000,
    "tradeId": "1821044288",
  },
  {
    "cost": "0",
    "deposits": "2.007672118585",
    "fees": "0",
    "id": "1821044288_1747699200000",
    "pnl": "0.001236885374",
    "positionValue": "2.008909003959",
    "proceeds": "0",
    "timestamp": 1747699200000,
    "tradeId": "1821044288",
  },
  {
    "cost": "0",
    "deposits": "2.007672118585",
    "fees": "0",
    "id": "1821044288_1747785600000",
    "pnl": "0.003601496207",
    "positionValue": "2.011273614792",
    "proceeds": "0",
    "timestamp": 1747785600000,
    "tradeId": "1821044288",
  },
  {
    "cost": "0",
    "deposits": "2.007672118585",
    "fees": "0",
    "id": "1821044288_1747872000000",
    "pnl": "0.006851356466",
    "positionValue": "2.014523475051",
    "proceeds": "0",
    "timestamp": 1747872000000,
    "tradeId": "1821044288",
  },
  {
    "cost": "0",
    "deposits": "2.007672118585",
    "fees": "0",
    "id": "1821044288_1747958400000",
    "pnl": "0.001623256217",
    "positionValue": "2.009295374802",
    "proceeds": "0",
    "timestamp": 1747958400000,
    "tradeId": "1821044288",
  },
  {
    "cost": "0",
    "deposits": "2.007672118585",
    "fees": "0",
    "id": "1821044288_1748044800000",
    "pnl": "-0.005077239181",
    "positionValue": "2.002594879404",
    "proceeds": "0",
    "timestamp": 1748044800000,
    "tradeId": "1821044288",
  },
  {
    "cost": "0",
    "deposits": "2.007672118585",
    "fees": "0",
    "id": "1821044288_1748131200000",
    "pnl": "-0.001929029848",
    "positionValue": "2.005743088737",
    "proceeds": "0",
    "timestamp": 1748131200000,
    "tradeId": "1821044288",
  },
  {
    "cost": "0",
    "deposits": "2.007672118585",
    "fees": "0",
    "id": "1821044288_1748217600000",
    "pnl": "0.002686645712",
    "positionValue": "2.010358764297",
    "proceeds": "0",
    "timestamp": 1748217600000,
    "tradeId": "1821044288",
  },
  {
    "cost": "0",
    "deposits": "2.007672118585",
    "fees": "0",
    "id": "1821044288_1748304000000",
    "pnl": "0.002017140038",
    "positionValue": "2.009689258623",
    "proceeds": "0",
    "timestamp": 1748304000000,
    "tradeId": "1821044288",
  },
  {
    "cost": "0",
    "deposits": "2.007672118585",
    "fees": "0",
    "id": "1821044288_1748390400000",
    "pnl": "0.001936991489",
    "positionValue": "2.009609110074",
    "proceeds": "0",
    "timestamp": 1748390400000,
    "tradeId": "1821044288",
  },
  {
    "cost": "0",
    "deposits": "2.007672118585",
    "fees": "0",
    "id": "1821044288_1748476800000",
    "pnl": "0.002815463396",
    "positionValue": "2.010487581981",
    "proceeds": "0",
    "timestamp": 1748476800000,
    "tradeId": "1821044288",
  },
  {
    "cost": "0",
    "deposits": "2.007672118585",
    "fees": "0",
    "id": "1821044288_1748563200000",
    "pnl": "0.002617488848",
    "positionValue": "2.010289607433",
    "proceeds": "0",
    "timestamp": 1748563200000,
    "tradeId": "1821044288",
  },
  {
    "cost": "0",
    "deposits": "2.007672118585",
    "fees": "0",
    "id": "1821044288_1748649600000",
    "pnl": "0.003169048325",
    "positionValue": "2.01084116691",
    "proceeds": "0",
    "timestamp": 1748649600000,
    "tradeId": "1821044288",
  },
  {
    "cost": "0",
    "deposits": "2.007672118585",
    "fees": "0",
    "id": "1821044288_1748736000000",
    "pnl": "0.004936580015",
    "positionValue": "2.0126086986",
    "proceeds": "0",
    "timestamp": 1748736000000,
    "tradeId": "1821044288",
  },
  {
    "cost": "0",
    "deposits": "2.007672118585",
    "fees": "0",
    "id": "1821044288_1748822400000",
    "pnl": "0.001233730076",
    "positionValue": "2.008905848661",
    "proceeds": "0",
    "timestamp": 1748822400000,
    "tradeId": "1821044288",
  },
  {
    "cost": "0",
    "deposits": "2.007672118585",
    "fees": "0",
    "id": "1821044288_1748908800000",
    "pnl": "0.004560220379",
    "positionValue": "2.012232338964",
    "proceeds": "0",
    "timestamp": 1748908800000,
    "tradeId": "1821044288",
  },
  {
    "cost": "0",
    "deposits": "2.007672118585",
    "fees": "0",
    "id": "1821044288_1748995200000",
    "pnl": "0.001750691222",
    "positionValue": "2.009422809807",
    "proceeds": "0",
    "timestamp": 1748995200000,
    "tradeId": "1821044288",
  },
  {
    "cost": "0",
    "deposits": "2.007672118585",
    "fees": "0",
    "id": "1821044288_1749081600000",
    "pnl": "0.001678877741",
    "positionValue": "2.009350996326",
    "proceeds": "0",
    "timestamp": 1749081600000,
    "tradeId": "1821044288",
  },
  {
    "cost": "0",
    "deposits": "2.007672118585",
    "fees": "0",
    "id": "1821044288_1749168000000",
    "pnl": "0.005307677471",
    "positionValue": "2.012979796056",
    "proceeds": "0",
    "timestamp": 1749168000000,
    "tradeId": "1821044288",
  },
  {
    "cost": "0",
    "deposits": "2.007672118585",
    "fees": "0",
    "id": "1821044288_1749254400000",
    "pnl": "-0.000202155835",
    "positionValue": "2.00746996275",
    "proceeds": "0",
    "timestamp": 1749254400000,
    "tradeId": "1821044288",
  },
  {
    "cost": "0",
    "deposits": "2.007672118585",
    "fees": "0",
    "id": "1821044288_1749340800000",
    "pnl": "0.00101379266",
    "positionValue": "2.008685911245",
    "proceeds": "0",
    "timestamp": 1749340800000,
    "tradeId": "1821044288",
  },
  {
    "cost": "0",
    "deposits": "2.007672118585",
    "fees": "0",
    "id": "1821044288_1749427200000",
    "pnl": "0.000457138838",
    "positionValue": "2.008129257423",
    "proceeds": "0",
    "timestamp": 1749427200000,
    "tradeId": "1821044288",
  },
  {
    "cost": "0",
    "deposits": "2.007672118585",
    "fees": "0",
    "id": "1821044288_1749513600000",
    "pnl": "0.005567278016",
    "positionValue": "2.013239396601",
    "proceeds": "0",
    "timestamp": 1749513600000,
    "tradeId": "1821044288",
  },
  {
    "cost": "0",
    "deposits": "2.007672118585",
    "fees": "0",
    "id": "1821044288_1749600000000",
    "pnl": "0.000360958931",
    "positionValue": "2.008033077516",
    "proceeds": "0",
    "timestamp": 1749600000000,
    "tradeId": "1821044288",
  },
  {
    "cost": "0",
    "deposits": "2.007672118585",
    "fees": "0",
    "id": "1821044288_1749686400000",
    "pnl": "0.003564022973",
    "positionValue": "2.011236141558",
    "proceeds": "0",
    "timestamp": 1749686400000,
    "tradeId": "1821044288",
  },
  {
    "cost": "0",
    "deposits": "2.007672118585",
    "fees": "0",
    "id": "1821044288_1749772800000",
    "pnl": "-0.001044254179",
    "positionValue": "2.006627864406",
    "proceeds": "0",
    "timestamp": 1749772800000,
    "tradeId": "1821044288",
  },
  {
    "cost": "0",
    "deposits": "2.007672118585",
    "fees": "0",
    "id": "1821044288_1749859200000",
    "pnl": "0.000380543969",
    "positionValue": "2.008052662554",
    "proceeds": "0",
    "timestamp": 1749859200000,
    "tradeId": "1821044288",
  },
]