[
  [
    {
      "cost": 0,
      "fees": 0,
      "id": "2204646967_1709424000000",
      "pnl": 0,
      "positionValue": 0,
      "proceeds": 0,
      "timestamp": 1709424000000,
      "tradeId": "2204646967",
    },
  ],
  [
    {
      "cost": 0,
      "fees": 0,
      "id": "3856293241_1713744000000",
      "pnl": 0,
      "positionValue": 0,
      "proceeds": 0,
      "timestamp": 1713744000000,
      "tradeId": "3856293241",
    },
  ],
  [
    {
      "cost": 0,
      "fees": 0,
      "id": "19910185_1713744000000",
      "pnl": 0,
      "positionValue": 0,
      "proceeds": 0,
      "timestamp": 1713744000000,
      "tradeId": "19910185",
    },
  ],
  [
    {
      "cost": 0,
      "fees": 0,
      "id": "4159854392_1729641600000",
      "pnl": 0,
      "positionValue": 0,
      "proceeds": 0,
      "timestamp": 1729641600000,
      "tradeId": "4159854392",
    },
  ],
  [
    {
      "cost": 0,
      "fees": 0,
      "id": "638377426_1732406400000",
      "pnl": 0,
      "positionValue": 0,
      "proceeds": 0,
      "timestamp": 1732406400000,
      "tradeId": "638377426",
    },
  ],
  [
    {
      "cost": 0,
      "fees": 0,
      "id": "4277317143_1743292800000",
      "pnl": 0,
      "positionValue": 0,
      "proceeds": 0,
      "timestamp": 1743292800000,
      "tradeId": "4277317143",
    },
  ],
  [
    {
      "cost": 0,
      "fees": 0,
      "id": "2841766355_1743638400000",
      "pnl": 0,
      "positionValue": 0,
      "proceeds": 0,
      "timestamp": 1743638400000,
      "tradeId": "2841766355",
    },
  ],
  [
    {
      "cost": 0,
      "fees": 0,
      "id": "1821044288_1744588800000",
      "pnl": 0,
      "positionValue": 0,
      "proceeds": 0,
      "timestamp": 1744588800000,
      "tradeId": "1821044288",
    },
  ],
]