[
  {
    "cost": "0",
    "deposits": "0",
    "fees": "0",
    "pnl": "0",
    "positionValue": "0",
    "proceeds": "0",
    "timestamp": 1512259200000,
  },
  {
    "cost": "0",
    "deposits": "0",
    "fees": "0",
    "pnl": "0",
    "positionValue": "0",
    "proceeds": "0",
    "timestamp": 1513382400000,
  },
  {
    "cost": "0",
    "deposits": "0",
    "fees": "0",
    "pnl": "0",
    "positionValue": "0",
    "proceeds": "0",
    "timestamp": 1514246400000,
  },
]