[
  {
    "assetId": "ex.binance:MANA",
    "balance": "99.9",
    "balanceWallet": "99.9",
    "change": "100",
    "id": "2835263263",
    "operation": "Buy",
    "platform": "ex.binance",
    "timestamp": 1514404548000,
    "txId": "3645047795",
    "wallet": "Binance Spot",
  },
  {
    "assetId": "ex.binance:ETH",
    "balance": "0.43585882",
    "balanceWallet": "0.43585882",
    "change": "-0.010954",
    "id": "498363084",
    "operation": "Sell",
    "platform": "ex.binance",
    "timestamp": 1514404548000,
    "txId": "3645047795",
    "wallet": "Binance Spot",
  },
  {
    "assetId": "ex.binance:MANA",
    "balance": "-0.1",
    "balanceWallet": "-0.1",
    "change": "-0.1",
    "id": "2782230072",
    "operation": "Fee",
    "platform": "ex.binance",
    "timestamp": 1514404548000,
    "txId": "3645047795",
    "wallet": "Binance Spot",
  },
  {
    "assetId": "ex.binance:QTUM",
    "balance": "1.998",
    "balanceWallet": "1.998",
    "change": "2",
    "id": "3702613908",
    "operation": "Buy",
    "platform": "ex.binance",
    "timestamp": 1514392632000,
    "txId": "2795338023",
    "wallet": "Binance Spot",
  },
  {
    "assetId": "ex.binance:QTUM",
    "balance": "-0.002",
    "balanceWallet": "-0.002",
    "change": "-0.002",
    "id": "2468173893",
    "operation": "Fee",
    "platform": "ex.binance",
    "timestamp": 1514392632000,
    "txId": "2795338023",
    "wallet": "Binance Spot",
  },
  {
    "assetId": "ex.binance:ETH",
    "balance": "0.44681282",
    "balanceWallet": "0.44681282",
    "change": "-0.127002",
    "id": "528115487",
    "operation": "Sell",
    "platform": "ex.binance",
    "timestamp": 1514392632000,
    "txId": "2795338023",
    "wallet": "Binance Spot",
  },
  {
    "assetId": "ex.binance:XLM",
    "balance": "99.9",
    "balanceWallet": "99.9",
    "change": "100",
    "id": "776005075",
    "operation": "Buy",
    "platform": "ex.binance",
    "timestamp": 1514374453000,
    "txId": "3733094937",
    "wallet": "Binance Spot",
  },
  {
    "assetId": "ex.binance:ETH",
    "balance": "0.57381482",
    "balanceWallet": "0.57381482",
    "change": "-0.029002",
    "id": "499545918",
    "operation": "Sell",
    "platform": "ex.binance",
    "timestamp": 1514374453000,
    "txId": "3733094937",
    "wallet": "Binance Spot",
  },
  {
    "assetId": "ex.binance:XLM",
    "balance": "-0.1",
    "balanceWallet": "-0.1",
    "change": "-0.1",
    "id": "3369735684",
    "operation": "Fee",
    "platform": "ex.binance",
    "timestamp": 1514374453000,
    "txId": "3733094937",
    "wallet": "Binance Spot",
  },
  {
    "assetId": "ex.binance:ETH",
    "balance": "0.60281682",
    "balanceWallet": "0.60281682",
    "change": "0.04982364",
    "id": "3800032158",
    "operation": "Buy",
    "platform": "ex.binance",
    "timestamp": 1514369676000,
    "txId": "1700257332",
    "wallet": "Binance Spot",
  },
  {
    "assetId": "ex.binance:ETH",
    "balance": "0.55299318",
    "balanceWallet": "0.55299318",
    "change": "-0.00004982",
    "id": "2362297516",
    "operation": "Fee",
    "platform": "ex.binance",
    "timestamp": 1514369676000,
    "txId": "1700257332",
    "wallet": "Binance Spot",
  },
  {
    "assetId": "ex.binance:IOTA",
    "balance": "50.84",
    "balanceWallet": "50.84",
    "change": "-9",
    "id": "3485356012",
    "operation": "Sell",
    "platform": "ex.binance",
    "timestamp": 1514369676000,
    "txId": "1700257332",
    "wallet": "Binance Spot",
  },
  {
    "assetId": "ex.binance:ETH",
    "balance": "0.553043",
    "balanceWallet": "0.553043",
    "change": "0.553596",
    "id": "3374654171",
    "operation": "Buy",
    "platform": "ex.binance",
    "timestamp": 1514369670000,
    "txId": "1700257332",
    "wallet": "Binance Spot",
  },
  {
    "assetId": "ex.binance:ETH",
    "balance": "-0.000553",
    "balanceWallet": "-0.000553",
    "change": "-0.0005536",
    "id": "2154562854",
    "operation": "Fee",
    "platform": "ex.binance",
    "timestamp": 1514369670000,
    "txId": "1700257332",
    "wallet": "Binance Spot",
  },
  {
    "assetId": "ex.binance:IOTA",
    "balance": "59.84",
    "balanceWallet": "59.84",
    "change": "-100",
    "id": "3647597796",
    "operation": "Sell",
    "platform": "ex.binance",
    "timestamp": 1514369670000,
    "txId": "1700257332",
    "wallet": "Binance Spot",
  },
  {
    "assetId": "ex.binance:ETF",
    "balance": "0.0000006",
    "balanceWallet": "0.0000006",
    "change": "0.0000006",
    "id": "230883362",
    "operation": "Reward",
    "platform": "ex.binance",
    "timestamp": 1513513203000,
    "txId": "230883362",
    "wallet": "Binance Spot",
  },
  {
    "assetId": "ex.binance:IOTA",
    "balance": "159.84",
    "balanceWallet": "159.84",
    "change": "80",
    "id": "3658757822",
    "operation": "Buy",
    "platform": "ex.binance",
    "timestamp": 1512424741000,
    "txId": "3358466330",
    "wallet": "Binance Spot",
  },
  {
    "assetId": "ex.binance:IOTA",
    "balance": "79.84",
    "balanceWallet": "79.84",
    "change": "-0.08",
    "id": "3333842349",
    "operation": "Fee",
    "platform": "ex.binance",
    "timestamp": 1512424741000,
    "txId": "3358466330",
    "wallet": "Binance Spot",
  },
  {
    "assetId": "ex.binance:ETH",
    "balance": "0.0000006",
    "balanceWallet": "0.0000006",
    "change": "-0.5040056",
    "id": "2681696919",
    "operation": "Sell",
    "platform": "ex.binance",
    "timestamp": 1512424741000,
    "txId": "3358466330",
    "wallet": "Binance Spot",
  },
  {
    "assetId": "ex.binance:IOTA",
    "balance": "79.92",
    "balanceWallet": "79.92",
    "change": "80",
    "id": "3658757822",
    "operation": "Buy",
    "platform": "ex.binance",
    "timestamp": 1512420670000,
    "txId": "3357542932",
    "wallet": "Binance Spot",
  },
  {
    "assetId": "ex.binance:IOTA",
    "balance": "-0.08",
    "balanceWallet": "-0.08",
    "change": "-0.08",
    "id": "3333842349",
    "operation": "Fee",
    "platform": "ex.binance",
    "timestamp": 1512420670000,
    "txId": "3357542932",
    "wallet": "Binance Spot",
  },
  {
    "assetId": "ex.binance:ETH",
    "balance": "0.5040062",
    "balanceWallet": "0.5040062",
    "change": "-0.4960368",
    "id": "2053705555",
    "operation": "Sell",
    "platform": "ex.binance",
    "timestamp": 1512420670000,
    "txId": "3357542932",
    "wallet": "Binance Spot",
  },
  {
    "assetId": "ex.binance:ETH",
    "balance": "1.000043",
    "balanceWallet": "1.000043",
    "change": "1",
    "id": "811824843",
    "operation": "Deposit",
    "platform": "ex.binance",
    "timestamp": 1512415302000,
    "txId": "811824843",
    "wallet": "Binance Spot",
  },
  {
    "assetId": "ex.binance:ETH",
    "balance": "0.000043",
    "balanceWallet": "0.000043",
    "change": "0.000043",
    "id": "3264965155",
    "operation": "Deposit",
    "platform": "ex.binance",
    "timestamp": 1512414795000,
    "txId": "3264965155",
    "wallet": "Binance Spot",
  },
]