[
  {
    "amount": "1.000043",
    "assetId": "ex.binance:ETH",
    "auditLogIds": [
      "2822928863_1183754600",
      "2822928863_1336250931",
      "2822928863_1549293840",
      "2822928863_2020753082",
      "2822928863_2805558143",
      "2822928863_2832898010",
      "2822928863_2992751082",
      "2822928863_3104915036",
      "2822928863_3414812845",
      "2822928863_4002344385",
      "2822928863_4178536654",
      "2822928863_514922037",
      "2822928863_821360799",
    ],
    "balance": "0.43585882",
    "cost": [
      [
        "ex.binance:IOTA",
        "-100",
        "0",
        "-0.00049824",
        "2822928863_4147428496_MERGED",
        1514369670000,
      ],
      [
        "ex.binance:IOTA",
        "-9",
        "0",
        "-0.00004982",
        "2822928863_4147607242_MERGED",
        1514369676000,
      ],
    ],
    "createdAt": 1512414795000,
    "deposits": [
      [
        "ex.binance:ETH",
        "0.000043",
        "0",
        "2822928863_3104915036_TX",
        1512414795000,
      ],
      [
        "ex.binance:ETH",
        "1",
        "0",
        "2822928863_2832898010_TX",
        1512415302000,
      ],
    ],
    "fees": [
      [
        "ex.binance:ETH",
        "0.0005536",
        "0",
        "2822928863_4147428496_MERGED",
        1514369670000,
      ],
      [
        "ex.binance:ETH",
        "0.00004982",
        "0",
        "2822928863_4147607242_MERGED",
        1514369676000,
      ],
    ],
    "id": "515140810",
    "proceeds": [
      [
        "ex.binance:IOTA",
        "80",
        "0",
        "2822928863_659128462_MERGED",
        1512420670000,
      ],
      [
        "ex.binance:IOTA",
        "80",
        "0",
        "2822928863_4235031565_MERGED",
        1512424741000,
      ],
      [
        "ex.binance:XLM",
        "100",
        "0",
        "2822928863_1393704455_MERGED",
        1514374453000,
      ],
      [
        "ex.binance:QTUM",
        "2",
        "0",
        "2822928863_3159699232_MERGED",
        1514392632000,
      ],
      [
        "ex.binance:MANA",
        "100",
        "0",
        "2822928863_299334120_MERGED",
        1514404548000,
      ],
    ],
    "tradeNumber": 1,
    "tradeStatus": "open",
    "tradeType": "Long",
    "txIds": [
      "2822928863_1393704455_MERGED",
      "2822928863_2832898010_TX",
      "2822928863_299334120_MERGED",
      "2822928863_3104915036_TX",
      "2822928863_3159699232_MERGED",
      "2822928863_4147428496_MERGED",
      "2822928863_4147607242_MERGED",
      "2822928863_4235031565_MERGED",
      "2822928863_659128462_MERGED",
    ],
  },
  {
    "amount": "159.84",
    "assetId": "ex.binance:IOTA",
    "auditLogIds": [
      "2822928863_1044423501",
      "2822928863_3632515649",
      "2822928863_4123245986",
      "2822928863_560430787",
      "2822928863_56422237",
      "2822928863_626589160",
      "2822928863_913389638",
    ],
    "balance": "50.84",
    "cost": [
      [
        "ex.binance:ETH",
        "-0.4960368",
        "0",
        "-0.08",
        "2822928863_659128462_MERGED",
        1512420670000,
      ],
      [
        "ex.binance:ETH",
        "-0.5040056",
        "0",
        "-0.08",
        "2822928863_4235031565_MERGED",
        1512424741000,
      ],
    ],
    "createdAt": 1512420670000,
    "deposits": [],
    "fees": [
      [
        "ex.binance:IOTA",
        "0.08",
        "0",
        "2822928863_659128462_MERGED",
        1512420670000,
      ],
      [
        "ex.binance:IOTA",
        "0.08",
        "0",
        "2822928863_4235031565_MERGED",
        1512424741000,
      ],
    ],
    "id": "885615777",
    "proceeds": [
      [
        "ex.binance:ETH",
        "0.553596",
        "0",
        "2822928863_4147428496_MERGED",
        1514369670000,
      ],
      [
        "ex.binance:ETH",
        "0.04982364",
        "0",
        "2822928863_4147607242_MERGED",
        1514369676000,
      ],
    ],
    "tradeNumber": 2,
    "tradeStatus": "open",
    "tradeType": "Long",
    "txIds": [
      "2822928863_4147428496_MERGED",
      "2822928863_4147607242_MERGED",
      "2822928863_4235031565_MERGED",
      "2822928863_659128462_MERGED",
    ],
  },
  {
    "amount": "6.0e-07",
    "assetId": "ex.binance:ETF",
    "auditLogIds": [
      "2822928863_2549739997",
    ],
    "balance": "6.0e-07",
    "cost": [],
    "createdAt": 1513513203000,
    "deposits": [],
    "fees": [],
    "id": "3046983109",
    "proceeds": [],
    "tradeNumber": 3,
    "tradeStatus": "open",
    "tradeType": "Long",
    "txIds": [
      "2822928863_2549739997_TX",
    ],
  },
  {
    "amount": "99.9",
    "assetId": "ex.binance:XLM",
    "auditLogIds": [
      "2822928863_2374295992",
      "2822928863_2726884250",
    ],
    "balance": "99.9",
    "cost": [
      [
        "ex.binance:ETH",
        "-0.029002",
        "0",
        "-0.1",
        "2822928863_1393704455_MERGED",
        1514374453000,
      ],
    ],
    "createdAt": 1514374453000,
    "deposits": [],
    "fees": [
      [
        "ex.binance:XLM",
        "0.1",
        "0",
        "2822928863_1393704455_MERGED",
        1514374453000,
      ],
    ],
    "id": "2387065602",
    "proceeds": [],
    "tradeNumber": 4,
    "tradeStatus": "open",
    "tradeType": "Long",
    "txIds": [
      "2822928863_1393704455_MERGED",
    ],
  },
  {
    "amount": "1.998",
    "assetId": "ex.binance:QTUM",
    "auditLogIds": [
      "2822928863_1268283947",
      "2822928863_3891661677",
    ],
    "balance": "1.998",
    "cost": [
      [
        "ex.binance:ETH",
        "-0.127002",
        "0",
        "-0.002",
        "2822928863_3159699232_MERGED",
        1514392632000,
      ],
    ],
    "createdAt": 1514392632000,
    "deposits": [],
    "fees": [
      [
        "ex.binance:QTUM",
        "0.002",
        "0",
        "2822928863_3159699232_MERGED",
        1514392632000,
      ],
    ],
    "id": "2576374555",
    "proceeds": [],
    "tradeNumber": 5,
    "tradeStatus": "open",
    "tradeType": "Long",
    "txIds": [
      "2822928863_3159699232_MERGED",
    ],
  },
  {
    "amount": "99.9",
    "assetId": "ex.binance:MANA",
    "auditLogIds": [
      "2822928863_340417174",
      "2822928863_998624902",
    ],
    "balance": "99.9",
    "cost": [
      [
        "ex.binance:ETH",
        "-0.010954",
        "0",
        "-0.1",
        "2822928863_299334120_MERGED",
        1514404548000,
      ],
    ],
    "createdAt": 1514404548000,
    "deposits": [],
    "fees": [
      [
        "ex.binance:MANA",
        "0.1",
        "0",
        "2822928863_299334120_MERGED",
        1514404548000,
      ],
    ],
    "id": "2129237807",
    "proceeds": [],
    "tradeNumber": 6,
    "tradeStatus": "open",
    "tradeType": "Long",
    "txIds": [
      "2822928863_299334120_MERGED",
    ],
  },
]