[
  {
    "_id": "MERGED",
    "fee": "0.1",
    "feeAsset": "ex.binance:MANA",
    "incoming": "100",
    "incomingAsset": "ex.binance:MANA",
    "metadata": {},
    "outgoing": "0.010954",
    "outgoingAsset": "ex.binance:ETH",
    "platform": "ex.binance",
    "price": "0.00010954",
    "timestamp": 1514404548000,
    "type": "Swap",
    "wallet": "Binance Spot",
  },
  {
    "_id": "MERGED",
    "fee": "0.002",
    "feeAsset": "ex.binance:QTUM",
    "incoming": "2",
    "incomingAsset": "ex.binance:QTUM",
    "metadata": {},
    "outgoing": "0.127002",
    "outgoingAsset": "ex.binance:ETH",
    "platform": "ex.binance",
    "price": "0.063501",
    "timestamp": 1514392632000,
    "type": "Swap",
    "wallet": "Binance Spot",
  },
  {
    "_id": "MERGED",
    "fee": "0.1",
    "feeAsset": "ex.binance:XLM",
    "incoming": "100",
    "incomingAsset": "ex.binance:XLM",
    "metadata": {},
    "outgoing": "0.029002",
    "outgoingAsset": "ex.binance:ETH",
    "platform": "ex.binance",
    "price": "0.00029002",
    "timestamp": 1514374453000,
    "type": "Swap",
    "wallet": "Binance Spot",
  },
  {
    "_id": "MERGED",
    "fee": "0.00004982",
    "feeAsset": "ex.binance:ETH",
    "incoming": "0.04982364",
    "incomingAsset": "ex.binance:ETH",
    "metadata": {},
    "outgoing": "9",
    "outgoingAsset": "ex.binance:IOTA",
    "platform": "ex.binance",
    "price": "180.63714333196049104401",
    "timestamp": 1514369676000,
    "type": "Swap",
    "wallet": "Binance Spot",
  },
  {
    "_id": "MERGED",
    "fee": "0.0005536",
    "feeAsset": "ex.binance:ETH",
    "incoming": "0.553596",
    "incomingAsset": "ex.binance:ETH",
    "metadata": {},
    "outgoing": "100",
    "outgoingAsset": "ex.binance:IOTA",
    "platform": "ex.binance",
    "price": "180.63714333196049104401",
    "timestamp": 1514369670000,
    "type": "Swap",
    "wallet": "Binance Spot",
  },
  {
    "_id": "TX",
    "incoming": "0.0000006",
    "incomingAsset": "ex.binance:ETF",
    "metadata": {},
    "platform": "ex.binance",
    "timestamp": 1513513203000,
    "type": "Reward",
    "wallet": "Binance Spot",
  },
  {
    "_id": "MERGED",
    "fee": "0.08",
    "feeAsset": "ex.binance:IOTA",
    "incoming": "80",
    "incomingAsset": "ex.binance:IOTA",
    "metadata": {},
    "outgoing": "0.5040056",
    "outgoingAsset": "ex.binance:ETH",
    "platform": "ex.binance",
    "price": "0.00630007",
    "timestamp": 1512424741000,
    "type": "Swap",
    "wallet": "Binance Spot",
  },
  {
    "_id": "MERGED",
    "fee": "0.08",
    "feeAsset": "ex.binance:IOTA",
    "incoming": "80",
    "incomingAsset": "ex.binance:IOTA",
    "metadata": {},
    "outgoing": "0.4960368",
    "outgoingAsset": "ex.binance:ETH",
    "platform": "ex.binance",
    "price": "0.00620046",
    "timestamp": 1512420670000,
    "type": "Swap",
    "wallet": "Binance Spot",
  },
  {
    "_id": "TX",
    "incoming": "1",
    "incomingAsset": "ex.binance:ETH",
    "metadata": {},
    "platform": "ex.binance",
    "timestamp": 1512415302000,
    "type": "Deposit",
    "wallet": "Binance Spot",
  },
  {
    "_id": "TX",
    "incoming": "0.000043",
    "incomingAsset": "ex.binance:ETH",
    "metadata": {},
    "platform": "ex.binance",
    "timestamp": 1512414795000,
    "type": "Deposit",
    "wallet": "Binance Spot",
  },
]