[
  {
    "timestamp": 1507248000000,
  },
  {
    "chain.ethereum:0x0000000000000000000000000000000000000000:ETH": "0.490039126",
    "timestamp": 1507334400000,
  },
  {
    "chain.ethereum:0x0000000000000000000000000000000000000000:ETH": "0.490039126",
    "timestamp": 1507420800000,
  },
  {
    "chain.ethereum:0x0000000000000000000000000000000000000000:ETH": "0.490039126",
    "timestamp": 1507507200000,
  },
  {
    "chain.ethereum:0x0000000000000000000000000000000000000000:ETH": "0.490039126",
    "timestamp": 1507593600000,
  },
  {
    "chain.ethereum:0x0000000000000000000000000000000000000000:ETH": "0.490039126",
    "timestamp": 1507680000000,
  },
  {
    "chain.ethereum:0x0000000000000000000000000000000000000000:ETH": "0.490039126",
    "timestamp": 1507766400000,
  },
  {
    "chain.ethereum:0x0000000000000000000000000000000000000000:ETH": "0.490039126",
    "timestamp": 1507852800000,
  },
  {
    "chain.ethereum:0x0000000000000000000000000000000000000000:ETH": "0.490039126",
    "timestamp": 1507939200000,
  },
  {
    "chain.ethereum:0x0000000000000000000000000000000000000000:ETH": "0.490039126",
    "timestamp": 1508025600000,
  },
  {
    "chain.ethereum:0x0000000000000000000000000000000000000000:ETH": "0.490039126",
    "timestamp": 1508112000000,
  },
  {
    "chain.ethereum:0x0000000000000000000000000000000000000000:ETH": "0.490039126",
    "timestamp": 1508198400000,
  },
  {
    "chain.ethereum:0x0000000000000000000000000000000000000000:ETH": "0.490039126",
    "timestamp": 1508284800000,
  },
  {
    "chain.ethereum:0x0000000000000000000000000000000000000000:ETH": "0.490039126",
    "timestamp": 1508371200000,
  },
  {
    "chain.ethereum:0x0000000000000000000000000000000000000000:ETH": "0.490039126",
    "timestamp": 1508457600000,
  },
  {
    "chain.ethereum:0x0000000000000000000000000000000000000000:ETH": "0.490039126",
    "timestamp": 1508544000000,
  },
  {
    "chain.ethereum:0x0000000000000000000000000000000000000000:ETH": "0.490039126",
    "timestamp": 1508630400000,
  },
  {
    "chain.ethereum:0x0000000000000000000000000000000000000000:ETH": "0.490039126",
    "timestamp": 1508716800000,
  },
  {
    "chain.ethereum:0x0000000000000000000000000000000000000000:ETH": "0.490039126",
    "timestamp": 1508803200000,
  },
  {
    "chain.ethereum:0x0000000000000000000000000000000000000000:ETH": "0.490039126",
    "timestamp": 1508889600000,
  },
  {
    "chain.ethereum:0x0000000000000000000000000000000000000000:ETH": "0.490039126",
    "timestamp": 1508976000000,
  },
  {
    "chain.ethereum:0x0000000000000000000000000000000000000000:ETH": "0.490039126",
    "timestamp": 1509062400000,
  },
  {
    "chain.ethereum:0x0000000000000000000000000000000000000000:ETH": "0.459434358",
    "timestamp": 1509148800000,
  },
  {
    "chain.ethereum:0x0000000000000000000000000000000000000000:ETH": "0.459434358",
    "timestamp": 1509235200000,
  },
  {
    "chain.ethereum:0x0000000000000000000000000000000000000000:ETH": "0.459434358",
    "timestamp": 1509321600000,
  },
  {
    "chain.ethereum:0x0000000000000000000000000000000000000000:ETH": "0.459434358",
    "timestamp": 1509408000000,
  },
  {
    "chain.ethereum:0x0000000000000000000000000000000000000000:ETH": "0.459434358",
    "timestamp": 1509494400000,
  },
  {
    "chain.ethereum:0x0000000000000000000000000000000000000000:ETH": "0.459434358",
    "timestamp": 1509580800000,
  },
  {
    "chain.ethereum:0x0000000000000000000000000000000000000000:ETH": "0.459434358",
    "timestamp": 1509667200000,
  },
  {
    "chain.ethereum:0x0000000000000000000000000000000000000000:ETH": "0.452065638",
    "timestamp": 1509753600000,
  },
  {
    "chain.ethereum:0x0000000000000000000000000000000000000000:ETH": "0.452065638",
    "timestamp": 1509840000000,
  },
  {
    "chain.ethereum:0x0000000000000000000000000000000000000000:ETH": "0.452065638",
    "timestamp": 1509926400000,
  },
  {
    "chain.ethereum:0x0000000000000000000000000000000000000000:ETH": "0.450443318",
    "timestamp": 1510012800000,
  },
  {
    "chain.ethereum:0x0000000000000000000000000000000000000000:ETH": "0.450443318",
    "timestamp": 1510099200000,
  },
  {
    "chain.ethereum:0x0000000000000000000000000000000000000000:ETH": "0.450443318",
    "timestamp": 1510185600000,
  },
  {
    "chain.ethereum:0x0000000000000000000000000000000000000000:ETH": "0.450443318",
    "timestamp": 1510272000000,
  },
  {
    "chain.ethereum:0x0000000000000000000000000000000000000000:ETH": "0.450443318",
    "timestamp": 1510358400000,
  },
  {
    "chain.ethereum:0x0000000000000000000000000000000000000000:ETH": "0.450443318",
    "timestamp": 1510444800000,
  },
  {
    "chain.ethereum:0x0000000000000000000000000000000000000000:ETH": "0.450443318",
    "timestamp": 1510531200000,
  },
  {
    "chain.ethereum:0x0000000000000000000000000000000000000000:ETH": "0.450443318",
    "timestamp": 1510617600000,
  },
  {
    "chain.ethereum:0x0000000000000000000000000000000000000000:ETH": "0.450443318",
    "timestamp": 1510704000000,
  },
  {
    "chain.ethereum:0x0000000000000000000000000000000000000000:ETH": "0.450443318",
    "timestamp": 1510790400000,
  },
  {
    "chain.ethereum:0x0000000000000000000000000000000000000000:ETH": "0.450443318",
    "timestamp": 1510876800000,
  },
  {
    "chain.ethereum:0x0000000000000000000000000000000000000000:ETH": "0.450443318",
    "timestamp": 1510963200000,
  },
  {
    "chain.ethereum:0x0000000000000000000000000000000000000000:ETH": "0.450443318",
    "timestamp": 1511049600000,
  },
  {
    "chain.ethereum:0x0000000000000000000000000000000000000000:ETH": "0.450443318",
    "timestamp": 1511136000000,
  },
  {
    "chain.ethereum:0x0000000000000000000000000000000000000000:ETH": "0.450443318",
    "chain.ethereum:0x519475b31653E46D20cD09F9FdcF3B12BDAcB4f5:VIU": "9.04131276",
    "timestamp": 1511222400000,
  },
  {
    "chain.ethereum:0x0000000000000000000000000000000000000000:ETH": "0.450443318",
    "chain.ethereum:0x519475b31653E46D20cD09F9FdcF3B12BDAcB4f5:VIU": "9.04131276",
    "timestamp": 1511308800000,
  },
  {
    "chain.ethereum:0x0000000000000000000000000000000000000000:ETH": "0.450443318",
    "chain.ethereum:0x519475b31653E46D20cD09F9FdcF3B12BDAcB4f5:VIU": "9.04131276",
    "timestamp": 1511395200000,
  },
  {
    "chain.ethereum:0x0000000000000000000000000000000000000000:ETH": "0.450443318",
    "chain.ethereum:0x519475b31653E46D20cD09F9FdcF3B12BDAcB4f5:VIU": "9.04131276",
    "timestamp": 1511481600000,
  },
  {
    "chain.ethereum:0x0000000000000000000000000000000000000000:ETH": "0.450443318",
    "chain.ethereum:0x519475b31653E46D20cD09F9FdcF3B12BDAcB4f5:VIU": "9.04131276",
    "timestamp": 1511568000000,
  },
  {
    "chain.ethereum:0x0000000000000000000000000000000000000000:ETH": "0.450443318",
    "chain.ethereum:0x519475b31653E46D20cD09F9FdcF3B12BDAcB4f5:VIU": "9.04131276",
    "timestamp": 1511654400000,
  },
  {
    "chain.ethereum:0x0000000000000000000000000000000000000000:ETH": "0.450443318",
    "chain.ethereum:0x519475b31653E46D20cD09F9FdcF3B12BDAcB4f5:VIU": "9.04131276",
    "chain.ethereum:0x52903256dd18D85c2Dc4a6C999907c9793eA61E3:INSP": "777",
    "timestamp": 1511740800000,
  },
  {
    "chain.ethereum:0x0000000000000000000000000000000000000000:ETH": "0.450443318",
    "chain.ethereum:0x519475b31653E46D20cD09F9FdcF3B12BDAcB4f5:VIU": "9.04131276",
    "chain.ethereum:0x52903256dd18D85c2Dc4a6C999907c9793eA61E3:INSP": "777",
    "timestamp": 1511827200000,
  },
  {
    "chain.ethereum:0x0000000000000000000000000000000000000000:ETH": "0.450443318",
    "chain.ethereum:0x519475b31653E46D20cD09F9FdcF3B12BDAcB4f5:VIU": "9.04131276",
    "chain.ethereum:0x52903256dd18D85c2Dc4a6C999907c9793eA61E3:INSP": "777",
    "timestamp": 1511913600000,
  },
  {
    "chain.ethereum:0x0000000000000000000000000000000000000000:ETH": "0.450443318",
    "chain.ethereum:0x519475b31653E46D20cD09F9FdcF3B12BDAcB4f5:VIU": "9.04131276",
    "chain.ethereum:0x52903256dd18D85c2Dc4a6C999907c9793eA61E3:INSP": "777",
    "timestamp": 1512000000000,
  },
  {
    "chain.ethereum:0x0000000000000000000000000000000000000000:ETH": "0.450443318",
    "chain.ethereum:0x519475b31653E46D20cD09F9FdcF3B12BDAcB4f5:VIU": "9.04131276",
    "chain.ethereum:0x52903256dd18D85c2Dc4a6C999907c9793eA61E3:INSP": "777",
    "timestamp": 1512086400000,
  },
  {
    "chain.ethereum:0x0000000000000000000000000000000000000000:ETH": "0.450443318",
    "chain.ethereum:0x519475b31653E46D20cD09F9FdcF3B12BDAcB4f5:VIU": "9.04131276",
    "chain.ethereum:0x52903256dd18D85c2Dc4a6C999907c9793eA61E3:INSP": "777",
    "timestamp": 1512172800000,
  },
  {
    "chain.ethereum:0x0000000000000000000000000000000000000000:ETH": "0.450443318",
    "chain.ethereum:0x519475b31653E46D20cD09F9FdcF3B12BDAcB4f5:VIU": "9.04131276",
    "chain.ethereum:0x52903256dd18D85c2Dc4a6C999907c9793eA61E3:INSP": "777",
    "timestamp": 1512259200000,
  },
  {
    "chain.ethereum:0x0000000000000000000000000000000000000000:ETH": "0.449980318",
    "chain.ethereum:0x519475b31653E46D20cD09F9FdcF3B12BDAcB4f5:VIU": "9.04131276",
    "chain.ethereum:0x52903256dd18D85c2Dc4a6C999907c9793eA61E3:INSP": "777",
    "timestamp": 1512345600000,
  },
  {
    "chain.ethereum:0x0000000000000000000000000000000000000000:ETH": "0.449980318",
    "chain.ethereum:0x519475b31653E46D20cD09F9FdcF3B12BDAcB4f5:VIU": "9.04131276",
    "chain.ethereum:0x52903256dd18D85c2Dc4a6C999907c9793eA61E3:INSP": "777",
    "timestamp": 1512432000000,
  },
  {
    "chain.ethereum:0x0000000000000000000000000000000000000000:ETH": "0.449980318",
    "chain.ethereum:0x519475b31653E46D20cD09F9FdcF3B12BDAcB4f5:VIU": "9.04131276",
    "chain.ethereum:0x52903256dd18D85c2Dc4a6C999907c9793eA61E3:INSP": "777",
    "timestamp": 1512518400000,
  },
  {
    "chain.ethereum:0x0000000000000000000000000000000000000000:ETH": "0.449980318",
    "chain.ethereum:0x519475b31653E46D20cD09F9FdcF3B12BDAcB4f5:VIU": "9.04131276",
    "chain.ethereum:0x52903256dd18D85c2Dc4a6C999907c9793eA61E3:INSP": "777",
    "timestamp": 1512604800000,
  },
  {
    "chain.ethereum:0x0000000000000000000000000000000000000000:ETH": "0.449980318",
    "chain.ethereum:0x519475b31653E46D20cD09F9FdcF3B12BDAcB4f5:VIU": "9.04131276",
    "chain.ethereum:0x52903256dd18D85c2Dc4a6C999907c9793eA61E3:INSP": "777",
    "timestamp": 1512691200000,
  },
  {
    "chain.ethereum:0x0000000000000000000000000000000000000000:ETH": "0.449980318",
    "chain.ethereum:0x519475b31653E46D20cD09F9FdcF3B12BDAcB4f5:VIU": "9.04131276",
    "chain.ethereum:0x52903256dd18D85c2Dc4a6C999907c9793eA61E3:INSP": "777",
    "timestamp": 1512777600000,
  },
  {
    "chain.ethereum:0x0000000000000000000000000000000000000000:ETH": "0.449980318",
    "chain.ethereum:0x519475b31653E46D20cD09F9FdcF3B12BDAcB4f5:VIU": "9.04131276",
    "chain.ethereum:0x52903256dd18D85c2Dc4a6C999907c9793eA61E3:INSP": "777",
    "timestamp": 1512864000000,
  },
  {
    "chain.ethereum:0x0000000000000000000000000000000000000000:ETH": "0.449980318",
    "chain.ethereum:0x519475b31653E46D20cD09F9FdcF3B12BDAcB4f5:VIU": "9.04131276",
    "chain.ethereum:0x52903256dd18D85c2Dc4a6C999907c9793eA61E3:INSP": "777",
    "timestamp": 1512950400000,
  },
  {
    "chain.ethereum:0x0000000000000000000000000000000000000000:ETH": "0.449980318",
    "chain.ethereum:0x519475b31653E46D20cD09F9FdcF3B12BDAcB4f5:VIU": "9.04131276",
    "chain.ethereum:0x52903256dd18D85c2Dc4a6C999907c9793eA61E3:INSP": "777",
    "timestamp": 1513036800000,
  },
  {
    "chain.ethereum:0x0000000000000000000000000000000000000000:ETH": "0.449980318",
    "chain.ethereum:0x519475b31653E46D20cD09F9FdcF3B12BDAcB4f5:VIU": "9.04131276",
    "chain.ethereum:0x52903256dd18D85c2Dc4a6C999907c9793eA61E3:INSP": "777",
    "timestamp": 1513123200000,
  },
  {
    "chain.ethereum:0x0000000000000000000000000000000000000000:ETH": "0.449980318",
    "chain.ethereum:0x519475b31653E46D20cD09F9FdcF3B12BDAcB4f5:VIU": "9.04131276",
    "chain.ethereum:0x52903256dd18D85c2Dc4a6C999907c9793eA61E3:INSP": "777",
    "timestamp": 1513209600000,
  },
  {
    "chain.ethereum:0x0000000000000000000000000000000000000000:ETH": "0.449980318",
    "chain.ethereum:0x519475b31653E46D20cD09F9FdcF3B12BDAcB4f5:VIU": "9.04131276",
    "chain.ethereum:0x52903256dd18D85c2Dc4a6C999907c9793eA61E3:INSP": "777",
    "timestamp": 1513296000000,
  },
  {
    "chain.ethereum:0x0000000000000000000000000000000000000000:ETH": "0.449980318",
    "chain.ethereum:0x519475b31653E46D20cD09F9FdcF3B12BDAcB4f5:VIU": "9.04131276",
    "chain.ethereum:0x52903256dd18D85c2Dc4a6C999907c9793eA61E3:INSP": "777",
    "timestamp": 1513382400000,
  },
  {
    "chain.ethereum:0x0000000000000000000000000000000000000000:ETH": "0.449980318",
    "chain.ethereum:0x519475b31653E46D20cD09F9FdcF3B12BDAcB4f5:VIU": "9.04131276",
    "chain.ethereum:0x52903256dd18D85c2Dc4a6C999907c9793eA61E3:INSP": "777",
    "timestamp": 1513468800000,
  },
  {
    "chain.ethereum:0x0000000000000000000000000000000000000000:ETH": "0.449980318",
    "chain.ethereum:0x519475b31653E46D20cD09F9FdcF3B12BDAcB4f5:VIU": "9.04131276",
    "chain.ethereum:0x52903256dd18D85c2Dc4a6C999907c9793eA61E3:INSP": "777",
    "timestamp": 1513555200000,
  },
  {
    "chain.ethereum:0x0000000000000000000000000000000000000000:ETH": "0.449980318",
    "chain.ethereum:0x519475b31653E46D20cD09F9FdcF3B12BDAcB4f5:VIU": "9.04131276",
    "chain.ethereum:0x52903256dd18D85c2Dc4a6C999907c9793eA61E3:INSP": "777",
    "timestamp": 1513641600000,
  },
  {
    "chain.ethereum:0x0000000000000000000000000000000000000000:ETH": "0.449980318",
    "chain.ethereum:0x519475b31653E46D20cD09F9FdcF3B12BDAcB4f5:VIU": "9.04131276",
    "chain.ethereum:0x52903256dd18D85c2Dc4a6C999907c9793eA61E3:INSP": "777",
    "timestamp": 1513728000000,
  },
  {
    "chain.ethereum:0x0000000000000000000000000000000000000000:ETH": "0.449980318",
    "chain.ethereum:0x519475b31653E46D20cD09F9FdcF3B12BDAcB4f5:VIU": "9.04131276",
    "chain.ethereum:0x52903256dd18D85c2Dc4a6C999907c9793eA61E3:INSP": "777",
    "timestamp": 1513814400000,
  },
  {
    "chain.ethereum:0x0000000000000000000000000000000000000000:ETH": "0.449980318",
    "chain.ethereum:0x519475b31653E46D20cD09F9FdcF3B12BDAcB4f5:VIU": "9.04131276",
    "chain.ethereum:0x52903256dd18D85c2Dc4a6C999907c9793eA61E3:INSP": "777",
    "timestamp": 1513900800000,
  },
  {
    "chain.ethereum:0x0000000000000000000000000000000000000000:ETH": "0.449980318",
    "chain.ethereum:0x519475b31653E46D20cD09F9FdcF3B12BDAcB4f5:VIU": "9.04131276",
    "chain.ethereum:0x52903256dd18D85c2Dc4a6C999907c9793eA61E3:INSP": "777",
    "timestamp": 1513987200000,
  },
  {
    "chain.ethereum:0x0000000000000000000000000000000000000000:ETH": "0.449980318",
    "chain.ethereum:0x519475b31653E46D20cD09F9FdcF3B12BDAcB4f5:VIU": "9.04131276",
    "chain.ethereum:0x52903256dd18D85c2Dc4a6C999907c9793eA61E3:INSP": "777",
    "timestamp": 1514073600000,
  },
  {
    "chain.ethereum:0x0000000000000000000000000000000000000000:ETH": "0.449980318",
    "chain.ethereum:0x519475b31653E46D20cD09F9FdcF3B12BDAcB4f5:VIU": "9.04131276",
    "chain.ethereum:0x52903256dd18D85c2Dc4a6C999907c9793eA61E3:INSP": "777",
    "timestamp": 1514160000000,
  },
  {
    "chain.ethereum:0x0000000000000000000000000000000000000000:ETH": "0.449980318",
    "chain.ethereum:0x519475b31653E46D20cD09F9FdcF3B12BDAcB4f5:VIU": "9.04131276",
    "chain.ethereum:0x52903256dd18D85c2Dc4a6C999907c9793eA61E3:INSP": "777",
    "timestamp": 1514246400000,
  },
  {
    "chain.ethereum:0x0000000000000000000000000000000000000000:ETH": "0.449980318",
    "chain.ethereum:0x519475b31653E46D20cD09F9FdcF3B12BDAcB4f5:VIU": "9.04131276",
    "chain.ethereum:0x52903256dd18D85c2Dc4a6C999907c9793eA61E3:INSP": "777",
    "timestamp": 1514332800000,
  },
  {
    "chain.ethereum:0x0000000000000000000000000000000000000000:ETH": "0.449980318",
    "chain.ethereum:0x519475b31653E46D20cD09F9FdcF3B12BDAcB4f5:VIU": "9.04131276",
    "chain.ethereum:0x52903256dd18D85c2Dc4a6C999907c9793eA61E3:INSP": "777",
    "timestamp": 1514419200000,
  },
  {
    "chain.ethereum:0x0000000000000000000000000000000000000000:ETH": "0.449980318",
    "chain.ethereum:0x519475b31653E46D20cD09F9FdcF3B12BDAcB4f5:VIU": "9.04131276",
    "chain.ethereum:0x52903256dd18D85c2Dc4a6C999907c9793eA61E3:INSP": "777",
    "timestamp": 1514505600000,
  },
  {
    "chain.ethereum:0x0000000000000000000000000000000000000000:ETH": "0.449980318",
    "chain.ethereum:0x519475b31653E46D20cD09F9FdcF3B12BDAcB4f5:VIU": "9.04131276",
    "chain.ethereum:0x52903256dd18D85c2Dc4a6C999907c9793eA61E3:INSP": "777",
    "timestamp": 1514592000000,
  },
  {
    "chain.ethereum:0x0000000000000000000000000000000000000000:ETH": "0.449980318",
    "chain.ethereum:0x519475b31653E46D20cD09F9FdcF3B12BDAcB4f5:VIU": "9.04131276",
    "chain.ethereum:0x52903256dd18D85c2Dc4a6C999907c9793eA61E3:INSP": "777",
    "timestamp": 1514678400000,
  },
  {
    "chain.ethereum:0x0000000000000000000000000000000000000000:ETH": "0.449980318",
    "chain.ethereum:0x519475b31653E46D20cD09F9FdcF3B12BDAcB4f5:VIU": "9.04131276",
    "chain.ethereum:0x52903256dd18D85c2Dc4a6C999907c9793eA61E3:INSP": "777",
    "timestamp": 1514764800000,
  },
  {
    "chain.ethereum:0x0000000000000000000000000000000000000000:ETH": "0.449980318",
    "chain.ethereum:0x519475b31653E46D20cD09F9FdcF3B12BDAcB4f5:VIU": "9.04131276",
    "chain.ethereum:0x52903256dd18D85c2Dc4a6C999907c9793eA61E3:INSP": "777",
    "timestamp": 1514851200000,
  },
  {
    "chain.ethereum:0x0000000000000000000000000000000000000000:ETH": "0.449980318",
    "chain.ethereum:0x519475b31653E46D20cD09F9FdcF3B12BDAcB4f5:VIU": "9.04131276",
    "chain.ethereum:0x52903256dd18D85c2Dc4a6C999907c9793eA61E3:INSP": "777",
    "timestamp": 1514937600000,
  },
  {
    "chain.ethereum:0x0000000000000000000000000000000000000000:ETH": "0.449980318",
    "chain.ethereum:0x519475b31653E46D20cD09F9FdcF3B12BDAcB4f5:VIU": "9.04131276",
    "chain.ethereum:0x52903256dd18D85c2Dc4a6C999907c9793eA61E3:INSP": "777",
    "timestamp": 1515024000000,
  },
  {
    "chain.ethereum:0x0000000000000000000000000000000000000000:ETH": "0.449980318",
    "chain.ethereum:0x519475b31653E46D20cD09F9FdcF3B12BDAcB4f5:VIU": "9.04131276",
    "chain.ethereum:0x52903256dd18D85c2Dc4a6C999907c9793eA61E3:INSP": "777",
    "timestamp": 1515110400000,
  },
  {
    "chain.ethereum:0x0000000000000000000000000000000000000000:ETH": "0.448115938",
    "chain.ethereum:0x519475b31653E46D20cD09F9FdcF3B12BDAcB4f5:VIU": "9.04131276",
    "chain.ethereum:0x52903256dd18D85c2Dc4a6C999907c9793eA61E3:INSP": "777",
    "timestamp": 1515196800000,
  },
  {
    "chain.ethereum:0x0000000000000000000000000000000000000000:ETH": "0.639719738",
    "chain.ethereum:0x0AbdAce70D3790235af448C88547603b945604ea:DNT": "939",
    "chain.ethereum:0x0F5D2fB29fb7d3CFeE444a200298f468908cC942:MANA": "3067.671",
    "chain.ethereum:0x519475b31653E46D20cD09F9FdcF3B12BDAcB4f5:VIU": "9.04131276",
    "chain.ethereum:0x52903256dd18D85c2Dc4a6C999907c9793eA61E3:INSP": "777",
    "timestamp": 1515283200000,
  },
  {
    "chain.ethereum:0x0000000000000000000000000000000000000000:ETH": "0.639244258",
    "chain.ethereum:0x0AbdAce70D3790235af448C88547603b945604ea:DNT": "939",
    "chain.ethereum:0x0F5D2fB29fb7d3CFeE444a200298f468908cC942:MANA": "3067.671",
    "chain.ethereum:0x42d6622deCe394b54999Fbd73D108123806f6a18:SPANK": "1100",
    "chain.ethereum:0x519475b31653E46D20cD09F9FdcF3B12BDAcB4f5:VIU": "9.04131276",
    "chain.ethereum:0x52903256dd18D85c2Dc4a6C999907c9793eA61E3:INSP": "777",
    "timestamp": 1515369600000,
  },
  {
    "chain.ethereum:0x0000000000000000000000000000000000000000:ETH": "0.639244258",
    "chain.ethereum:0x0AbdAce70D3790235af448C88547603b945604ea:DNT": "939",
    "chain.ethereum:0x0F5D2fB29fb7d3CFeE444a200298f468908cC942:MANA": "3067.671",
    "chain.ethereum:0x42d6622deCe394b54999Fbd73D108123806f6a18:SPANK": "1100",
    "chain.ethereum:0x519475b31653E46D20cD09F9FdcF3B12BDAcB4f5:VIU": "9.04131276",
    "chain.ethereum:0x52903256dd18D85c2Dc4a6C999907c9793eA61E3:INSP": "777",
    "timestamp": 1515456000000,
  },
  {
    "chain.ethereum:0x0000000000000000000000000000000000000000:ETH": "0.639244258",
    "chain.ethereum:0x0AbdAce70D3790235af448C88547603b945604ea:DNT": "939",
    "chain.ethereum:0x0F5D2fB29fb7d3CFeE444a200298f468908cC942:MANA": "3067.671",
    "chain.ethereum:0x42d6622deCe394b54999Fbd73D108123806f6a18:SPANK": "1100",
    "chain.ethereum:0x519475b31653E46D20cD09F9FdcF3B12BDAcB4f5:VIU": "9.04131276",
    "chain.ethereum:0x52903256dd18D85c2Dc4a6C999907c9793eA61E3:INSP": "777",
    "timestamp": 1515542400000,
  },
  {
    "chain.ethereum:0x0000000000000000000000000000000000000000:ETH": "0.639244258",
    "chain.ethereum:0x0AbdAce70D3790235af448C88547603b945604ea:DNT": "939",
    "chain.ethereum:0x0F5D2fB29fb7d3CFeE444a200298f468908cC942:MANA": "3067.671",
    "chain.ethereum:0x42d6622deCe394b54999Fbd73D108123806f6a18:SPANK": "1100",
    "chain.ethereum:0x519475b31653E46D20cD09F9FdcF3B12BDAcB4f5:VIU": "9.04131276",
    "chain.ethereum:0x52903256dd18D85c2Dc4a6C999907c9793eA61E3:INSP": "777",
    "timestamp": 1515628800000,
  },
  {
    "chain.ethereum:0x0000000000000000000000000000000000000000:ETH": "0.038949328",
    "chain.ethereum:0x0AbdAce70D3790235af448C88547603b945604ea:DNT": "939",
    "chain.ethereum:0x0F5D2fB29fb7d3CFeE444a200298f468908cC942:MANA": "3067.671",
    "chain.ethereum:0x42d6622deCe394b54999Fbd73D108123806f6a18:SPANK": "1100",
    "chain.ethereum:0x519475b31653E46D20cD09F9FdcF3B12BDAcB4f5:VIU": "9.04131276",
    "chain.ethereum:0x52903256dd18D85c2Dc4a6C999907c9793eA61E3:INSP": "777",
    "timestamp": 1515715200000,
  },
  {
    "chain.ethereum:0x0000000000000000000000000000000000000000:ETH": "0.038321018",
    "chain.ethereum:0x0AbdAce70D3790235af448C88547603b945604ea:DNT": "1910",
    "chain.ethereum:0x0F5D2fB29fb7d3CFeE444a200298f468908cC942:MANA": "3067.671",
    "chain.ethereum:0x42d6622deCe394b54999Fbd73D108123806f6a18:SPANK": "2500",
    "chain.ethereum:0x519475b31653E46D20cD09F9FdcF3B12BDAcB4f5:VIU": "9.04131276",
    "chain.ethereum:0x52903256dd18D85c2Dc4a6C999907c9793eA61E3:INSP": "777",
    "chain.ethereum:0x960b236A07cf122663c4303350609A66A7B288C0:ANT": "114.01553139",
    "chain.ethereum:0xB9e7F8568e08d5659f5D29C4997173d84CdF2607:SWT": "98.2",
    "chain.ethereum:0xa74476443119A942dE498590Fe1f2454d7D4aC0d:GNT": "441",
    "timestamp": 1515801600000,
  },
]