[
  {
    "amount": "1927.5",
    "assetId": "chain.ethereum:0x89d24A6b4CcB1B6fAA2625fE562bDD9a23260359:SAI",
    "auditLogIds": [
      "4118854677_0x802e3fa49c178ee1d626dcb17f7f6c9b14f8388f80f95bd52df6452304407d6c_ERC20_17_TRANSFER_17",
      "4118854677_0xc7ae0341a01440a6c81937f4d035afe6e4ecc31144a47862b90fff93eb18a072_ERC20_16_TRANSFER_16",
      "4118854677_0xfc7f43c2abd1ebbb104f6c42e5a51518f2a6c152fcc7030e2646d00f1350f830_ERC20_15_TRANSFER_15",
    ],
    "balance": "0",
    "closedAt": 1548167188000,
    "cost": [],
    "createdAt": 1546874315000,
    "deposits": [
      [
        "chain.ethereum:0x89d24A6b4CcB1B6fAA2625fE562bDD9a23260359:SAI",
        "892.5",
        "0",
        "4118854677_0xfc7f43c2abd1ebbb104f6c42e5a51518f2a6c152fcc7030e2646d00f1350f830_ERC20_15",
        1546874315000,
      ],
      [
        "chain.ethereum:0x89d24A6b4CcB1B6fAA2625fE562bDD9a23260359:SAI",
        "1035",
        "0",
        "4118854677_0xc7ae0341a01440a6c81937f4d035afe6e4ecc31144a47862b90fff93eb18a072_ERC20_16",
        1547057525000,
      ],
    ],
    "duration": 1292873000,
    "fees": [],
    "id": "1630243626",
    "proceeds": [
      [
        "chain.ethereum:0x0000000000000000000000000000000000000000:ETH",
        "16.334745762711864406",
        "0",
        "4118854677_0x802e3fa49c178ee1d626dcb17f7f6c9b14f8388f80f95bd52df6452304407d6c_MERGED",
        1548167188000,
      ],
    ],
    "tradeNumber": 11,
    "tradeStatus": "closed",
    "tradeType": "Long",
    "txIds": [
      "4118854677_0x802e3fa49c178ee1d626dcb17f7f6c9b14f8388f80f95bd52df6452304407d6c_MERGED",
      "4118854677_0xc7ae0341a01440a6c81937f4d035afe6e4ecc31144a47862b90fff93eb18a072_ERC20_16",
      "4118854677_0xfc7f43c2abd1ebbb104f6c42e5a51518f2a6c152fcc7030e2646d00f1350f830_ERC20_15",
    ],
  },
  {
    "amount": "9462.77",
    "assetId": "chain.ethereum:0x89d24A6b4CcB1B6fAA2625fE562bDD9a23260359:SAI",
    "auditLogIds": [
      "4118854677_0x14fba9395af9906edfdb4257a7c00269746d0e1001f17d3d0c8e8ec9157bdfbe_ERC20_33_TRANSFER_33",
      "4118854677_0x43124873c953f4bf8579ddafb7601c25c2b78d64a6d3b99c1ccbf915e4e3d16e_ERC20_27_TRANSFER_27",
      "4118854677_0x5d5562dd63d47e527bf3d2400d463c09a4022884ea10dd727718e2215b9d7304_ERC20_28_TRANSFER_28",
      "4118854677_0x7d1b936e0be6efea672f821120e8b998f7380fde38dfbee4a56a67797226125a_ERC20_25_TRANSFER_25",
      "4118854677_0xa2b96dab700c4547683818b6fd1fe580382c2e8d8697966efe4f25522c633499_ERC20_20_TRANSFER_20",
      "4118854677_0xa3f7e0192af79ebcefe54c4ba662b5d26da39b9a5e84b851eee0c044bf183239_ERC20_22_TRANSFER_22",
      "4118854677_0xaafc3c517b4ab9f8c7f8b456c58a83288343dcb9093d791094da58705c9ec483_ERC20_31_TRANSFER_31",
      "4118854677_0xb6e7db4a39a2ca1cd011d79301d81796a80ed7a18441e1fdfb71abe1591cbe41_ERC20_26_TRANSFER_26",
      "4118854677_0xf26563d29c69517a584efce13331a8e338c4fef4d92c611ae0eb3e1ad1b43580_ERC20_19_TRANSFER_19",
    ],
    "balance": "0",
    "closedAt": 1555248455000,
    "cost": [],
    "createdAt": 1550248174000,
    "deposits": [
      [
        "chain.ethereum:0x89d24A6b4CcB1B6fAA2625fE562bDD9a23260359:SAI",
        "2175",
        "0",
        "4118854677_0xf26563d29c69517a584efce13331a8e338c4fef4d92c611ae0eb3e1ad1b43580_ERC20_19",
        1550248174000,
      ],
      [
        "chain.ethereum:0x89d24A6b4CcB1B6fAA2625fE562bDD9a23260359:SAI",
        "-0.1",
        "0",
        "4118854677_0x7d1b936e0be6efea672f821120e8b998f7380fde38dfbee4a56a67797226125a_MERGED",
        1554290198000,
      ],
      [
        "chain.ethereum:0x89d24A6b4CcB1B6fAA2625fE562bDD9a23260359:SAI",
        "0.05",
        "0",
        "4118854677_0xb6e7db4a39a2ca1cd011d79301d81796a80ed7a18441e1fdfb71abe1591cbe41_ERC20_26",
        1554295370000,
      ],
      [
        "chain.ethereum:0x89d24A6b4CcB1B6fAA2625fE562bDD9a23260359:SAI",
        "9462.5",
        "0",
        "4118854677_0x43124873c953f4bf8579ddafb7601c25c2b78d64a6d3b99c1ccbf915e4e3d16e_ERC20_27",
        1554816501000,
      ],
      [
        "chain.ethereum:0x89d24A6b4CcB1B6fAA2625fE562bDD9a23260359:SAI",
        "-5600",
        "0",
        "4118854677_0x5d5562dd63d47e527bf3d2400d463c09a4022884ea10dd727718e2215b9d7304_MERGED",
        1554971891000,
      ],
      [
        "chain.ethereum:0x89d24A6b4CcB1B6fAA2625fE562bDD9a23260359:SAI",
        "-1327.769999999999999963",
        "0",
        "4118854677_0x14fba9395af9906edfdb4257a7c00269746d0e1001f17d3d0c8e8ec9157bdfbe_MERGED",
        1555248455000,
      ],
    ],
    "duration": 5000281000,
    "fees": [],
    "id": "1537002235",
    "proceeds": [
      [
        "chain.ethereum:0xC02aaA39b223FE8D0A0e5C4F27eAD9083C756Cc2:WETH",
        "8",
        "0",
        "4118854677_0xa2b96dab700c4547683818b6fd1fe580382c2e8d8697966efe4f25522c633499_MERGED",
        1550353661000,
      ],
      [
        "chain.ethereum:0x0000000000000000000000000000000000000000:ETH",
        "8.431140288562880778",
        "0",
        "4118854677_0xa3f7e0192af79ebcefe54c4ba662b5d26da39b9a5e84b851eee0c044bf183239_MERGED",
        1551348739000,
      ],
      [
        "chain.ethereum:0xC02aaA39b223FE8D0A0e5C4F27eAD9083C756Cc2:WETH",
        "15",
        "0",
        "4118854677_0xaafc3c517b4ab9f8c7f8b456c58a83288343dcb9093d791094da58705c9ec483_MERGED",
        1555248254000,
      ],
    ],
    "tradeNumber": 12,
    "tradeStatus": "closed",
    "tradeType": "Long",
    "txIds": [
      "4118854677_0x14fba9395af9906edfdb4257a7c00269746d0e1001f17d3d0c8e8ec9157bdfbe_MERGED",
      "4118854677_0x43124873c953f4bf8579ddafb7601c25c2b78d64a6d3b99c1ccbf915e4e3d16e_ERC20_27",
      "4118854677_0x5d5562dd63d47e527bf3d2400d463c09a4022884ea10dd727718e2215b9d7304_MERGED",
      "4118854677_0x7d1b936e0be6efea672f821120e8b998f7380fde38dfbee4a56a67797226125a_MERGED",
      "4118854677_0xa2b96dab700c4547683818b6fd1fe580382c2e8d8697966efe4f25522c633499_MERGED",
      "4118854677_0xa3f7e0192af79ebcefe54c4ba662b5d26da39b9a5e84b851eee0c044bf183239_MERGED",
      "4118854677_0xaafc3c517b4ab9f8c7f8b456c58a83288343dcb9093d791094da58705c9ec483_MERGED",
      "4118854677_0xb6e7db4a39a2ca1cd011d79301d81796a80ed7a18441e1fdfb71abe1591cbe41_ERC20_26",
      "4118854677_0xf26563d29c69517a584efce13331a8e338c4fef4d92c611ae0eb3e1ad1b43580_ERC20_19",
    ],
  },
  {
    "amount": "8",
    "assetId": "chain.ethereum:0xC02aaA39b223FE8D0A0e5C4F27eAD9083C756Cc2:WETH",
    "auditLogIds": [
      "2523657605_0xbfb2e750b3b33f1d0ae56bffb312bb67a8838b4ca7772c223b01ff99060239fd_INTERNAL_8_WETH_8",
      "4118854677_0xa2b96dab700c4547683818b6fd1fe580382c2e8d8697966efe4f25522c633499_ERC20_21_TRANSFER_21",
    ],
    "balance": "0",
    "closedAt": 1554384344000,
    "cost": [
      [
        "chain.ethereum:0x89d24A6b4CcB1B6fAA2625fE562bDD9a23260359:SAI",
        "-999.680000000000000037",
        "0",
        "8",
        "4118854677_0xa2b96dab700c4547683818b6fd1fe580382c2e8d8697966efe4f25522c633499_MERGED",
        1550353661000,
      ],
    ],
    "createdAt": 1550353661000,
    "deposits": [],
    "duration": 4030683000,
    "fees": [],
    "id": "3543444356",
    "proceeds": [
      [
        "chain.ethereum:0x0000000000000000000000000000000000000000:ETH",
        "8",
        "0",
        "2523657605_0xbfb2e750b3b33f1d0ae56bffb312bb67a8838b4ca7772c223b01ff99060239fd_MERGED",
        1554384344000,
      ],
    ],
    "tradeNumber": 13,
    "tradeStatus": "closed",
    "tradeType": "Long",
    "txIds": [
      "2523657605_0xbfb2e750b3b33f1d0ae56bffb312bb67a8838b4ca7772c223b01ff99060239fd_MERGED",
      "4118854677_0xa2b96dab700c4547683818b6fd1fe580382c2e8d8697966efe4f25522c633499_MERGED",
    ],
  },
  {
    "amount": "47",
    "assetId": "chain.ethereum:0xC02aaA39b223FE8D0A0e5C4F27eAD9083C756Cc2:WETH",
    "auditLogIds": [
      "2523657605_0xc4784a2391cad0f9287dbd8a26fd5f2a314f3b5e0ab86885442228249c68a6d4_INTERNAL_9_WETH_9",
      "4118854677_0x007f8906d8bf69241beb4e5ba4c2605ffe84dd98d32af5460a5a57d8a2841284_ERC20_29_TRANSFER_29",
      "4118854677_0xaa038b39e46b4c9c3b1378b531f63ce2442e8c0ff066ae239d2a06a1be3122ad_ERC20_30_TRANSFER_30",
      "4118854677_0xaafc3c517b4ab9f8c7f8b456c58a83288343dcb9093d791094da58705c9ec483_ERC20_32_TRANSFER_32",
    ],
    "balance": "0",
    "closedAt": 1555248401000,
    "cost": [
      [
        "chain.ethereum:0x89d24A6b4CcB1B6fAA2625fE562bDD9a23260359:SAI",
        "-2535",
        "0",
        "15",
        "4118854677_0xaafc3c517b4ab9f8c7f8b456c58a83288343dcb9093d791094da58705c9ec483_MERGED",
        1555248254000,
      ],
    ],
    "createdAt": 1554976210000,
    "deposits": [
      [
        "chain.ethereum:0xC02aaA39b223FE8D0A0e5C4F27eAD9083C756Cc2:WETH",
        "31.921590656434285714",
        "0",
        "4118854677_0x007f8906d8bf69241beb4e5ba4c2605ffe84dd98d32af5460a5a57d8a2841284_ERC20_29",
        1554976210000,
      ],
      [
        "chain.ethereum:0xC02aaA39b223FE8D0A0e5C4F27eAD9083C756Cc2:WETH",
        "0.078409343565714286",
        "0",
        "4118854677_0xaa038b39e46b4c9c3b1378b531f63ce2442e8c0ff066ae239d2a06a1be3122ad_ERC20_30",
        1554976220000,
      ],
    ],
    "duration": 272191000,
    "fees": [],
    "id": "2236598567",
    "proceeds": [
      [
        "chain.ethereum:0x0000000000000000000000000000000000000000:ETH",
        "47",
        "0",
        "2523657605_0xc4784a2391cad0f9287dbd8a26fd5f2a314f3b5e0ab86885442228249c68a6d4_MERGED",
        1555248401000,
      ],
    ],
    "tradeNumber": 14,
    "tradeStatus": "closed",
    "tradeType": "Long",
    "txIds": [
      "2523657605_0xc4784a2391cad0f9287dbd8a26fd5f2a314f3b5e0ab86885442228249c68a6d4_MERGED",
      "4118854677_0x007f8906d8bf69241beb4e5ba4c2605ffe84dd98d32af5460a5a57d8a2841284_ERC20_29",
      "4118854677_0xaa038b39e46b4c9c3b1378b531f63ce2442e8c0ff066ae239d2a06a1be3122ad_ERC20_30",
      "4118854677_0xaafc3c517b4ab9f8c7f8b456c58a83288343dcb9093d791094da58705c9ec483_MERGED",
    ],
  },
  {
    "amount": "2911",
    "assetId": "chain.ethereum:0x89d24A6b4CcB1B6fAA2625fE562bDD9a23260359:SAI",
    "auditLogIds": [
      "4118854677_0x26e9439fbde2ba2d2f7e55f8057cc1cec4d9e103fe3016acf256ab2c3cf7e1ec_ERC20_39_TRANSFER_39",
      "4118854677_0x3b558f005723a80849505753d1e5bbe077f0bc5891ddf8c199f58242280a9a3a_ERC20_35_TRANSFER_35",
      "4118854677_0x8eb154d9605e81042ab47d84b20e076976bb4f526e49b54a14995fc159315768_ERC20_49_TRANSFER_49",
      "4118854677_0xb402608b0fd6d775e6275e4c069898ce90f3ef49a0ea034f61b6538a148349e4_ERC20_40_TRANSFER_40",
      "4118854677_0xe8a8ea3a2f8b6955c601db14f6940144080aaa6af47de0ce52170024a16ca14b_ERC20_36_TRANSFER_36",
    ],
    "balance": "0",
    "closedAt": 1557819776000,
    "cost": [],
    "createdAt": 1556350088000,
    "deposits": [
      [
        "chain.ethereum:0x89d24A6b4CcB1B6fAA2625fE562bDD9a23260359:SAI",
        "1825",
        "0",
        "4118854677_0x3b558f005723a80849505753d1e5bbe077f0bc5891ddf8c199f58242280a9a3a_ERC20_35",
        1556350088000,
      ],
      [
        "chain.ethereum:0x89d24A6b4CcB1B6fAA2625fE562bDD9a23260359:SAI",
        "-1564",
        "0",
        "4118854677_0xe8a8ea3a2f8b6955c601db14f6940144080aaa6af47de0ce52170024a16ca14b_MERGED",
        1556351748000,
      ],
      [
        "chain.ethereum:0x89d24A6b4CcB1B6fAA2625fE562bDD9a23260359:SAI",
        "2650",
        "0",
        "4118854677_0x26e9439fbde2ba2d2f7e55f8057cc1cec4d9e103fe3016acf256ab2c3cf7e1ec_ERC20_39",
        1557079332000,
      ],
      [
        "chain.ethereum:0x89d24A6b4CcB1B6fAA2625fE562bDD9a23260359:SAI",
        "-2445",
        "0",
        "4118854677_0xb402608b0fd6d775e6275e4c069898ce90f3ef49a0ea034f61b6538a148349e4_MERGED",
        1557122809000,
      ],
      [
        "chain.ethereum:0x89d24A6b4CcB1B6fAA2625fE562bDD9a23260359:SAI",
        "-466",
        "0",
        "4118854677_0x8eb154d9605e81042ab47d84b20e076976bb4f526e49b54a14995fc159315768_MERGED",
        1557819776000,
      ],
    ],
    "duration": 1469688000,
    "fees": [],
    "id": "1755595755",
    "proceeds": [],
    "tradeNumber": 15,
    "tradeStatus": "closed",
    "tradeType": "Long",
    "txIds": [
      "4118854677_0x26e9439fbde2ba2d2f7e55f8057cc1cec4d9e103fe3016acf256ab2c3cf7e1ec_ERC20_39",
      "4118854677_0x3b558f005723a80849505753d1e5bbe077f0bc5891ddf8c199f58242280a9a3a_ERC20_35",
      "4118854677_0x8eb154d9605e81042ab47d84b20e076976bb4f526e49b54a14995fc159315768_MERGED",
      "4118854677_0xb402608b0fd6d775e6275e4c069898ce90f3ef49a0ea034f61b6538a148349e4_MERGED",
      "4118854677_0xe8a8ea3a2f8b6955c601db14f6940144080aaa6af47de0ce52170024a16ca14b_MERGED",
    ],
  },
]