[
  {
    "amount": "2.1509458355657",
    "assetId": "chain.ethereum:0x9f8F72aA9304c8B593d555F12eF6589cC3A579A2:MKR",
    "auditLogIds": [
      "4118854677_0x60506e013981710b3c78e2b0403f121ddf242d63bcd951e1cf07e2738e208310_ERC20_299_TRANSFER_299",
      "4118854677_0x99817a22668cb3b8fd5cc95fcc683725286ec6e675598dbb648ec1ad0a8b433e_ERC20_292_TRANSFER_292",
    ],
    "balance": "0",
    "closedAt": 1604425440000,
    "cost": [],
    "createdAt": 1604423191000,
    "deposits": [
      [
        "chain.ethereum:0x9f8F72aA9304c8B593d555F12eF6589cC3A579A2:MKR",
        "2.150945835565699062",
        "0",
        "4118854677_0x99817a22668cb3b8fd5cc95fcc683725286ec6e675598dbb648ec1ad0a8b433e_ERC20_292",
        1604423191000,
      ],
    ],
    "duration": 2249000,
    "fees": [],
    "id": "3169976133",
    "proceeds": [
      [
        "chain.ethereum:0x7deB5e830be29F91E298ba5FF1356BB7f8146998:aMKR",
        "2.150945835565699062",
        "0",
        "4118854677_0x60506e013981710b3c78e2b0403f121ddf242d63bcd951e1cf07e2738e208310_MERGED",
        1604425440000,
      ],
    ],
    "tradeNumber": 56,
    "tradeStatus": "closed",
    "tradeType": "Long",
    "txIds": [
      "4118854677_0x60506e013981710b3c78e2b0403f121ddf242d63bcd951e1cf07e2738e208310_MERGED",
      "4118854677_0x99817a22668cb3b8fd5cc95fcc683725286ec6e675598dbb648ec1ad0a8b433e_ERC20_292",
    ],
  },
  {
    "amount": "13322.70172601",
    "assetId": "chain.ethereum:0x35A18000230DA775CAc24873d00Ff85BccdeD550:cUNI",
    "auditLogIds": [
      "4118854677_0xd32cd75c088fa3dbc71db64fb12df857d20efbd132f44ad81996b6f393c9d4aa_ERC20_296_TRANSFER_296",
      "4118854677_0xe191bf9721c62ec0cc73a5dc41aae8fb4f35059309f64f7774e406b3ad4aa704_ERC20_386_TRANSFER_386",
    ],
    "balance": "0",
    "closedAt": 1616208278000,
    "cost": [
      [
        "chain.ethereum:0x1f9840a85d5aF5bf1D1762F925BDADdC4201F984:UNI",
        "-267.543144822312053755",
        "0",
        "13322.70172601",
        "4118854677_0xd32cd75c088fa3dbc71db64fb12df857d20efbd132f44ad81996b6f393c9d4aa_MERGED",
        1604425259000,
      ],
    ],
    "createdAt": 1604425259000,
    "deposits": [],
    "duration": 11783019000,
    "fees": [],
    "id": "4156411748",
    "proceeds": [
      [
        "chain.ethereum:0x1f9840a85d5aF5bf1D1762F925BDADdC4201F984:UNI",
        "269.050193223290143387",
        "0",
        "4118854677_0xe191bf9721c62ec0cc73a5dc41aae8fb4f35059309f64f7774e406b3ad4aa704_MERGED",
        1616208278000,
      ],
    ],
    "tradeNumber": 57,
    "tradeStatus": "closed",
    "tradeType": "Long",
    "txIds": [
      "4118854677_0xd32cd75c088fa3dbc71db64fb12df857d20efbd132f44ad81996b6f393c9d4aa_MERGED",
      "4118854677_0xe191bf9721c62ec0cc73a5dc41aae8fb4f35059309f64f7774e406b3ad4aa704_MERGED",
    ],
  },
  {
    "amount": "2.1509458355657",
    "assetId": "chain.ethereum:0x7deB5e830be29F91E298ba5FF1356BB7f8146998:aMKR",
    "auditLogIds": [
      "4118854677_0x60506e013981710b3c78e2b0403f121ddf242d63bcd951e1cf07e2738e208310_ERC20_298_TRANSFER_298",
      "4118854677_0xb702dd98b0854aca3d965adf8c370d4f4bbacd296701cb2ae3ac168dae78af37_ERC20_380_TRANSFER_380",
    ],
    "balance": "-0.00449200738855111",
    "closedAt": 1616206082000,
    "cost": [
      [
        "chain.ethereum:0x9f8F72aA9304c8B593d555F12eF6589cC3A579A2:MKR",
        "-2.150945835565699062",
        "0",
        "2.150945835565699062",
        "4118854677_0x60506e013981710b3c78e2b0403f121ddf242d63bcd951e1cf07e2738e208310_MERGED",
        1604425440000,
      ],
    ],
    "createdAt": 1604425440000,
    "deposits": [
      [
        "chain.ethereum:0x7deB5e830be29F91E298ba5FF1356BB7f8146998:aMKR",
        "-2.155437842954250169",
        "0",
        "4118854677_0xb702dd98b0854aca3d965adf8c370d4f4bbacd296701cb2ae3ac168dae78af37_ERC20_380",
        1616206082000,
      ],
    ],
    "duration": 11780642000,
    "fees": [],
    "id": "434895844",
    "proceeds": [],
    "tradeNumber": 58,
    "tradeStatus": "closed",
    "tradeType": "Long",
    "txIds": [
      "4118854677_0x60506e013981710b3c78e2b0403f121ddf242d63bcd951e1cf07e2738e208310_MERGED",
      "4118854677_0xb702dd98b0854aca3d965adf8c370d4f4bbacd296701cb2ae3ac168dae78af37_ERC20_380",
    ],
  },
  {
    "amount": "6022.10782504616",
    "assetId": "chain.ethereum:0x6B175474E89094C44Da98b954EedeAC495271d0F:DAI",
    "auditLogIds": [
      "4118854677_0x1897af65b4a406a72304f2bdbbac91b26a31aadc28959876b29c23499a2d69ab_ERC20_377_TRANSFER_377",
      "4118854677_0x1897af65b4a406a72304f2bdbbac91b26a31aadc28959876b29c23499a2d69ab_ERC20_378_TRANSFER_378",
      "4118854677_0x28151dcb1b136eefbafb21d711608af0a6abb5ed3af5d4c53a4f64a4c8ff0093_ERC20_376_TRANSFER_376",
      "4118854677_0x3a95be2e17bfa7d3792a66d2b3273991954e78d2bd60ec8d88e0a1b6685b07cc_ERC20_374_TRANSFER_374",
      "4118854677_0x567db34211fe6f32e75bcc527b4274011bf3f155331fedf2921c2f59dfed5c15_ERC20_302_TRANSFER_302",
      "4118854677_0x93068e64fc011575876deb2d197d51387748806a74a5677244e35201e9c316bf_ERC20_408_TRANSFER_408",
      "4118854677_0x96ac753f41f8a43421175a5879c5cf8abd77e7b3da3fe4149e117016549afa7e_ERC20_383_TRANSFER_383",
      "4118854677_0xbc95894d61b1d41059adc0c159eed813c64eb8cce63885ce54b4882c138ec0b7_ERC20_384_TRANSFER_384",
      "4118854677_0xdc7199e38395dc144448b61359b5b0cb9bce700c4991709127aea27640c5982a_ERC20_301_TRANSFER_301",
      "4118854677_0xde97734a7335de2531b499f9923923a7f00d074d11c15e470c9a611c7949af78_ERC20_300_TRANSFER_300",
      "4118854677_0xf4b565653a614b817f902dc53e5c11583474e6822ef841c5bec76821f477dadd_ERC20_411_TRANSFER_411",
    ],
    "balance": "0",
    "closedAt": 1616212467000,
    "cost": [
      [
        "chain.ethereum:0xD533a949740bb3306d119CC777fa900bA034cd52:CRV",
        "-201.881729038643104531",
        "0",
        "582.434590156655000708",
        "4118854677_0x3a95be2e17bfa7d3792a66d2b3273991954e78d2bd60ec8d88e0a1b6685b07cc_MERGED",
        1616204355000,
      ],
      [
        "chain.ethereum:0xc5bDdf9843308380375a611c18B50Fb9341f502A:yveCRV-DAO",
        "-666.736107396461758394",
        "0",
        "1444.76418043150445772",
        "4118854677_0x28151dcb1b136eefbafb21d711608af0a6abb5ed3af5d4c53a4f64a4c8ff0093_MERGED",
        1616205337000,
      ],
      [
        "chain.ethereum:0x9f8F72aA9304c8B593d555F12eF6589cC3A579A2:MKR",
        "-2.155437842954250169",
        "0",
        "4591.99196442153570381",
        "4118854677_0x96ac753f41f8a43421175a5879c5cf8abd77e7b3da3fe4149e117016549afa7e_MERGED",
        1616206477000,
      ],
      [
        "chain.ethereum:0x6c3F90f043a72FA612cbac8115EE7e52BDe6E490:3Crv",
        "-136.00132335571359964",
        "0",
        "137.858966424692766198",
        "4118854677_0x93068e64fc011575876deb2d197d51387748806a74a5677244e35201e9c316bf_MERGED",
        1616211731000,
      ],
    ],
    "createdAt": 1604429019000,
    "deposits": [
      [
        "chain.ethereum:0x6B175474E89094C44Da98b954EedeAC495271d0F:DAI",
        "555",
        "0",
        "4118854677_0xde97734a7335de2531b499f9923923a7f00d074d11c15e470c9a611c7949af78_MERGED",
        1604429019000,
      ],
      [
        "chain.ethereum:0x6B175474E89094C44Da98b954EedeAC495271d0F:DAI",
        "1596",
        "0",
        "4118854677_0xdc7199e38395dc144448b61359b5b0cb9bce700c4991709127aea27640c5982a_ERC20_301",
        1604429694000,
      ],
      [
        "chain.ethereum:0x6B175474E89094C44Da98b954EedeAC495271d0F:DAI",
        "-2150.351357484677943237",
        "0",
        "4118854677_0x567db34211fe6f32e75bcc527b4274011bf3f155331fedf2921c2f59dfed5c15_MERGED",
        1604429999000,
      ],
      [
        "chain.ethereum:0x6B175474E89094C44Da98b954EedeAC495271d0F:DAI",
        "-597.73149697885855691",
        "0",
        "4118854677_0x1897af65b4a406a72304f2bdbbac91b26a31aadc28959876b29c23499a2d69ab_ERC20_378",
        1616205585000,
      ],
      [
        "chain.ethereum:0x6B175474E89094C44Da98b954EedeAC495271d0F:DAI",
        "-0.0000555",
        "0",
        "4118854677_0x1897af65b4a406a72304f2bdbbac91b26a31aadc28959876b29c23499a2d69ab_ERC20_377",
        1616205585000,
      ],
      [
        "chain.ethereum:0x6B175474E89094C44Da98b954EedeAC495271d0F:DAI",
        "-4101.462120532977663046",
        "0",
        "4118854677_0xbc95894d61b1d41059adc0c159eed813c64eb8cce63885ce54b4882c138ec0b7_MERGED",
        1616208160000,
      ],
      [
        "chain.ethereum:0x6B175474E89094C44Da98b954EedeAC495271d0F:DAI",
        "-2058.504670937873765243",
        "0",
        "4118854677_0xf4b565653a614b817f902dc53e5c11583474e6822ef841c5bec76821f477dadd_MERGED",
        1616212467000,
      ],
    ],
    "duration": 11783448000,
    "fees": [],
    "id": "3230217940",
    "proceeds": [],
    "tradeNumber": 59,
    "tradeStatus": "closed",
    "tradeType": "Long",
    "txIds": [
      "4118854677_0x1897af65b4a406a72304f2bdbbac91b26a31aadc28959876b29c23499a2d69ab_ERC20_377",
      "4118854677_0x1897af65b4a406a72304f2bdbbac91b26a31aadc28959876b29c23499a2d69ab_ERC20_378",
      "4118854677_0x28151dcb1b136eefbafb21d711608af0a6abb5ed3af5d4c53a4f64a4c8ff0093_MERGED",
      "4118854677_0x3a95be2e17bfa7d3792a66d2b3273991954e78d2bd60ec8d88e0a1b6685b07cc_MERGED",
      "4118854677_0x567db34211fe6f32e75bcc527b4274011bf3f155331fedf2921c2f59dfed5c15_MERGED",
      "4118854677_0x93068e64fc011575876deb2d197d51387748806a74a5677244e35201e9c316bf_MERGED",
      "4118854677_0x96ac753f41f8a43421175a5879c5cf8abd77e7b3da3fe4149e117016549afa7e_MERGED",
      "4118854677_0xbc95894d61b1d41059adc0c159eed813c64eb8cce63885ce54b4882c138ec0b7_MERGED",
      "4118854677_0xdc7199e38395dc144448b61359b5b0cb9bce700c4991709127aea27640c5982a_ERC20_301",
      "4118854677_0xde97734a7335de2531b499f9923923a7f00d074d11c15e470c9a611c7949af78_MERGED",
      "4118854677_0xf4b565653a614b817f902dc53e5c11583474e6822ef841c5bec76821f477dadd_MERGED",
    ],
  },
  {
    "amount": "1.28531173515408",
    "assetId": "chain.ethereum:0xc00e94Cb662C3520282E6f5717214004A7f26888:COMP",
    "auditLogIds": [
      "4118854677_0x12f8e6d3edf3dcc8e1951944508050e2770e6618442631a53bda671788b263ad_ERC20_304_TRANSFER_304",
      "4118854677_0x4d9e790b7883c7d78d4354756639facf7330c587a55dc1f2364f679322f02cca_ERC20_316_TRANSFER_316",
      "4118854677_0x68337a2009b27cf3d763fb70019da113d8b2187c5a866125e988e42c263f9765_ERC20_307_TRANSFER_307",
      "4118854677_0x879ae04df13c345172bcb61247978fef12e4005bad886c8ab2523ebb44cbb25c_ERC20_318_TRANSFER_318",
      "4118854677_0xc926356b839ef6563caf4785d175841bb1ebcbc396dd19e53e750a0ac3a2b0fa_ERC20_412_TRANSFER_412",
      "4118854677_0xcb02e09ade85c8750327cb04e5afdc969087302b8bf65bf44211b9434e989619_ERC20_389_TRANSFER_389",
    ],
    "balance": "0",
    "closedAt": 1616213202000,
    "cost": [
      [
        "chain.ethereum:0xA0b86991c6218b36c1d19D4a2e9Eb0cE3606eB48:USDC",
        "-2511.22",
        "0",
        "0.074090868129179643",
        "4118854677_0x4d9e790b7883c7d78d4354756639facf7330c587a55dc1f2364f679322f02cca_MERGED",
        1605912885000,
      ],
    ],
    "createdAt": 1604478992000,
    "deposits": [
      [
        "chain.ethereum:0xc00e94Cb662C3520282E6f5717214004A7f26888:COMP",
        "0.146012107691478769",
        "0",
        "4118854677_0x12f8e6d3edf3dcc8e1951944508050e2770e6618442631a53bda671788b263ad_ERC20_304",
        1604478992000,
      ],
      [
        "chain.ethereum:0xc00e94Cb662C3520282E6f5717214004A7f26888:COMP",
        "0.010642301009969748",
        "0",
        "4118854677_0x68337a2009b27cf3d763fb70019da113d8b2187c5a866125e988e42c263f9765_ERC20_307",
        1605562891000,
      ],
      [
        "chain.ethereum:0xc00e94Cb662C3520282E6f5717214004A7f26888:COMP",
        "0.001872791244796272",
        "0",
        "4118854677_0x879ae04df13c345172bcb61247978fef12e4005bad886c8ab2523ebb44cbb25c_ERC20_318",
        1605944079000,
      ],
      [
        "chain.ethereum:0xc00e94Cb662C3520282E6f5717214004A7f26888:COMP",
        "1.052693667078652303",
        "0",
        "4118854677_0xcb02e09ade85c8750327cb04e5afdc969087302b8bf65bf44211b9434e989619_MERGED",
        1616208817000,
      ],
      [
        "chain.ethereum:0xc00e94Cb662C3520282E6f5717214004A7f26888:COMP",
        "-1.285311735154076735",
        "0",
        "4118854677_0xc926356b839ef6563caf4785d175841bb1ebcbc396dd19e53e750a0ac3a2b0fa_MERGED",
        1616213202000,
      ],
    ],
    "duration": 11734210000,
    "fees": [],
    "id": "1606653301",
    "proceeds": [],
    "tradeNumber": 60,
    "tradeStatus": "closed",
    "tradeType": "Long",
    "txIds": [
      "4118854677_0x12f8e6d3edf3dcc8e1951944508050e2770e6618442631a53bda671788b263ad_ERC20_304",
      "4118854677_0x4d9e790b7883c7d78d4354756639facf7330c587a55dc1f2364f679322f02cca_MERGED",
      "4118854677_0x68337a2009b27cf3d763fb70019da113d8b2187c5a866125e988e42c263f9765_ERC20_307",
      "4118854677_0x879ae04df13c345172bcb61247978fef12e4005bad886c8ab2523ebb44cbb25c_ERC20_318",
      "4118854677_0xc926356b839ef6563caf4785d175841bb1ebcbc396dd19e53e750a0ac3a2b0fa_MERGED",
      "4118854677_0xcb02e09ade85c8750327cb04e5afdc969087302b8bf65bf44211b9434e989619_MERGED",
    ],
  },
]