[
  {
    "amount": 746.7450104902583,
    "assetId": "ethereum:0x111111111117dC0aa78b770fA6A738034120C302:1INCH",
    "auditLogIds": [
      "4118854677_0xe9d4f759ef525c71b78f0ba2aefddd0874135200f5b36e703ca0d78894f14ff6_ERC20_345_TRANSFER_345",
      "4118854677_0xf0c7c49db9354dcc7f9dde19b99711967484ab117c93541ca3104eadab14b799_ERC20_347_TRANSFER_347",
    ],
    "balance": 0,
    "closedAt": 1610014886000,
    "cost": [],
    "createdAt": 1609971106000,
    "duration": 43780000,
    "fees": [
      [
        "ethereum:0x0000000000000000000000000000000000000000:ETH",
        "-0.004240208",
        "0",
      ],
      [
        "ethereum:0x0000000000000000000000000000000000000000:ETH",
        "-0.0019191402",
        "0",
      ],
    ],
    "id": "2849417687",
    "proceeds": [],
    "tradeNumber": 106,
    "tradeStatus": "closed",
    "tradeType": "Long",
    "txIds": [
      "4118854677_0xe9d4f759ef525c71b78f0ba2aefddd0874135200f5b36e703ca0d78894f14ff6_MERGED",
      "4118854677_0xf0c7c49db9354dcc7f9dde19b99711967484ab117c93541ca3104eadab14b799_MERGED",
    ],
  },
  {
    "amount": 0.2127217809827348,
    "assetId": "ethereum:0x088ee5007C98a9677165D78dD2109AE4a3D04d0C:SLP",
    "auditLogIds": [
      "4118854677_0x19aae99a0fb4ef9cf741ad91ab3975c2900ee5cf574fb009db15b1bd27c52630_ERC20_350_TRANSFER_350",
      "4118854677_0x8196834108cd04a23b38c948cf58662f76d58ae5bfb7d911ecc4b78638fdc265_ERC20_349_TRANSFER_349",
    ],
    "balance": 0,
    "closedAt": 1611168518000,
    "cost": [],
    "createdAt": 1610101379000,
    "duration": 1067139000,
    "fees": [],
    "id": "3666725304",
    "proceeds": [],
    "tradeNumber": 107,
    "tradeStatus": "closed",
    "tradeType": "Long",
    "txIds": [
      "4118854677_0x19aae99a0fb4ef9cf741ad91ab3975c2900ee5cf574fb009db15b1bd27c52630_ERC20_350",
      "4118854677_0x8196834108cd04a23b38c948cf58662f76d58ae5bfb7d911ecc4b78638fdc265_ERC20_349",
    ],
  },
  {
    "amount": 21.374913152096518,
    "assetId": "ethereum:0x6B3595068778DD592e39A122f4f5a5cF09C90fE2:SUSHI",
    "auditLogIds": [
      "4118854677_0x8196834108cd04a23b38c948cf58662f76d58ae5bfb7d911ecc4b78638fdc265_ERC20_348_TRANSFER_348",
      "4118854677_0xc572882d2a54af5e37ff0414286c682fc2ded19497bd00e915077afa75f9c17b_ERC20_414_TRANSFER_414",
    ],
    "balance": 0,
    "closedAt": 1616213287000,
    "cost": [],
    "createdAt": 1610101379000,
    "duration": 6111908000,
    "fees": [
      [
        "ethereum:0x0000000000000000000000000000000000000000:ETH",
        "-0.004234581",
        "0",
      ],
    ],
    "id": "3854678528",
    "proceeds": [],
    "tradeNumber": 108,
    "tradeStatus": "closed",
    "tradeType": "Long",
    "txIds": [
      "4118854677_0x8196834108cd04a23b38c948cf58662f76d58ae5bfb7d911ecc4b78638fdc265_ERC20_348",
      "4118854677_0xc572882d2a54af5e37ff0414286c682fc2ded19497bd00e915077afa75f9c17b_MERGED",
    ],
  },
  {
    "amount": 0.07052041880285556,
    "assetId": "ethereum:0x0bc529c00C6401aEF6D220BE8C6Ea1667F6Ad93e:YFI",
    "auditLogIds": [
      "4118854677_0x19aae99a0fb4ef9cf741ad91ab3975c2900ee5cf574fb009db15b1bd27c52630_ERC20_351_TRANSFER_351",
      "4118854677_0xb8fdfcacdcb9fd030c26143ffc72ec3b275bd096d9268be3f595870188ad2b84_ERC20_370_TRANSFER_370",
    ],
    "balance": 0,
    "closedAt": 1616199297000,
    "cost": [],
    "createdAt": 1611168518000,
    "duration": 5030779000,
    "fees": [
      [
        "ethereum:0x0000000000000000000000000000000000000000:ETH",
        "-0.00617032",
        "0",
      ],
    ],
    "id": "1048722664",
    "proceeds": [],
    "tradeNumber": 109,
    "tradeStatus": "closed",
    "tradeType": "Long",
    "txIds": [
      "4118854677_0x19aae99a0fb4ef9cf741ad91ab3975c2900ee5cf574fb009db15b1bd27c52630_ERC20_351",
      "4118854677_0xb8fdfcacdcb9fd030c26143ffc72ec3b275bd096d9268be3f595870188ad2b84_MERGED",
    ],
  },
  {
    "amount": 0.048925828,
    "assetId": "ethereum:0x798D1bE841a82a273720CE31c822C61a67a601C3:DIGG",
    "auditLogIds": [
      "4118854677_0x18dbc5cf5e42f01848265abee42afd3330de4a124f463c06576d2e46e10066d6_ERC20_356_TRANSFER_356",
      "4118854677_0x1a102a03b0c523e55ed8f7f1199c991bd2604eff400efa4ff9194b0c9558fdb2_ERC20_404_TRANSFER_404",
      "4118854677_0x3d447d5b5b4f087a3846aa886b0e3665628476d5c19b80fa370be35b5f9a47e9_ERC20_396_TRANSFER_396",
      "4118854677_0x44c5966d31253c2b8395859cfcf14a761c128193ac011f1b6807b2adba5697d2_ERC20_353_TRANSFER_353",
      "4118854677_0x51d877bbc32d20b904ee4d7d52b86d36cdf7a471b08dcbdffaecea0a9d394574_ERC20_354_TRANSFER_354",
      "4118854677_0x9dc6ad32be0828d566d8d6c7c82be40a9515e3a2ecc8e91c62a68f5050d7aabd_ERC20_405_TRANSFER_405",
      "4118854677_0xf60f1185d405a327a0892cbf9a7de56f60a419f4f1d07483b64c1f4168e4c0b4_ERC20_362_TRANSFER_362",
    ],
    "balance": 0.005077901,
    "cost": [],
    "createdAt": 1611402345000,
    "fees": [
      [
        "ethereum:0x0000000000000000000000000000000000000000:ETH",
        "-0.004423632",
        "0",
      ],
      [
        "ethereum:0x0000000000000000000000000000000000000000:ETH",
        "-0.0064895678",
        "0",
      ],
      [
        "ethereum:0x0000000000000000000000000000000000000000:ETH",
        "-0.013897804",
        "0",
      ],
    ],
    "id": "4245497991",
    "proceeds": [
      [
        "ethereum:0x2260FAC5E5542a773Aa44fBCfeDf7C193bc2C599:WBTC",
        "0.0349237",
        "0",
      ],
      [
        "ethereum:0x2260FAC5E5542a773Aa44fBCfeDf7C193bc2C599:WBTC",
        "0.03047487",
        "0",
      ],
    ],
    "tradeNumber": 110,
    "tradeStatus": "open",
    "tradeType": "Long",
    "txIds": [
      "4118854677_0x18dbc5cf5e42f01848265abee42afd3330de4a124f463c06576d2e46e10066d6_ERC20_356",
      "4118854677_0x1a102a03b0c523e55ed8f7f1199c991bd2604eff400efa4ff9194b0c9558fdb2_ERC20_404",
      "4118854677_0x3d447d5b5b4f087a3846aa886b0e3665628476d5c19b80fa370be35b5f9a47e9_ERC20_396",
      "4118854677_0x44c5966d31253c2b8395859cfcf14a761c128193ac011f1b6807b2adba5697d2_MERGED",
      "4118854677_0x51d877bbc32d20b904ee4d7d52b86d36cdf7a471b08dcbdffaecea0a9d394574_MERGED",
      "4118854677_0x9dc6ad32be0828d566d8d6c7c82be40a9515e3a2ecc8e91c62a68f5050d7aabd_MERGED",
      "4118854677_0xf60f1185d405a327a0892cbf9a7de56f60a419f4f1d07483b64c1f4168e4c0b4_ERC20_362",
    ],
  },
]