[
  {
    "amount": 0.09370821,
    "assetId": "ethereum:0x2260FAC5E5542a773Aa44fBCfeDf7C193bc2C599:WBTC",
    "auditLogIds": [
      "4118854677_0x3d447d5b5b4f087a3846aa886b0e3665628476d5c19b80fa370be35b5f9a47e9_ERC20_395_TRANSFER_395",
      "4118854677_0x8ea8fd26dcd8cd5c9c65970913b17d9b852bfa378ab30190fdcba8de09781f27_ERC20_401_TRANSFER_401",
      "4118854677_0x93096069910907cae5d45c8ca14e9769033babc800e19a9375edd16a6a3b6e69_ERC20_409_TRANSFER_409",
      "4118854677_0x9dc6ad32be0828d566d8d6c7c82be40a9515e3a2ecc8e91c62a68f5050d7aabd_ERC20_406_TRANSFER_406",
    ],
    "balance": 0,
    "closedAt": 1616211886000,
    "cost": [
      [
        "ethereum:0x798D1bE841a82a273720CE31c822C61a67a601C3:DIGG",
        "0.046521389",
      ],
    ],
    "createdAt": 1616210690000,
    "duration": 1196000,
    "fees": [
      [
        "ethereum:0x0000000000000000000000000000000000000000:ETH",
        "-0.013897804",
      ],
      [
        "ethereum:0x0000000000000000000000000000000000000000:ETH",
        "-0.00459588",
      ],
    ],
    "id": "trade_221752182",
    "profit": [],
    "tradeStatus": "closed",
    "tradeType": "Long",
    "txIds": [
      "4118854677_0x3d447d5b5b4f087a3846aa886b0e3665628476d5c19b80fa370be35b5f9a47e9_ERC20_395",
      "4118854677_0x8ea8fd26dcd8cd5c9c65970913b17d9b852bfa378ab30190fdcba8de09781f27_ERC20_401",
      "4118854677_0x93096069910907cae5d45c8ca14e9769033babc800e19a9375edd16a6a3b6e69_MERGED",
      "4118854677_0x9dc6ad32be0828d566d8d6c7c82be40a9515e3a2ecc8e91c62a68f5050d7aabd_MERGED",
    ],
  },
  {
    "amount": 0.000007541582787882,
    "assetId": "ethereum:0x235c9e24D3FB2FAFd58a2E49D454Fdcd2DBf7FF1:bUNI-V2",
    "auditLogIds": [
      "4118854677_0x63efc84ec5c6f3991cb07237a512d563ab4e988c12b834d93320afe9ba7a1c2e_ERC20_397_TRANSFER_397",
      "4118854677_0x7d6360cae57b882f40c62828859ee66f8ecde2795c797407b4e8adc35aebcb12_ERC20_398_TRANSFER_398",
    ],
    "balance": 0,
    "closedAt": 1616210964000,
    "cost": [],
    "createdAt": 1616210760000,
    "duration": 204000,
    "fees": [
      [
        "ethereum:0x0000000000000000000000000000000000000000:ETH",
        "-0.00776112",
      ],
      [
        "ethereum:0x0000000000000000000000000000000000000000:ETH",
        "-0.0240467645",
      ],
    ],
    "id": "trade_3343023524",
    "profit": [
      [
        "ethereum:0xcD7989894bc033581532D2cd88Da5db0A4b12859:UNI-V2",
        "0.000011272692380003",
      ],
    ],
    "tradeStatus": "closed",
    "tradeType": "Long",
    "txIds": [
      "4118854677_0x63efc84ec5c6f3991cb07237a512d563ab4e988c12b834d93320afe9ba7a1c2e_MERGED",
      "4118854677_0x7d6360cae57b882f40c62828859ee66f8ecde2795c797407b4e8adc35aebcb12_MERGED",
    ],
  },
  {
    "amount": 0.000011272692380003,
    "assetId": "ethereum:0xcD7989894bc033581532D2cd88Da5db0A4b12859:UNI-V2",
    "auditLogIds": [
      "4118854677_0x7d6360cae57b882f40c62828859ee66f8ecde2795c797407b4e8adc35aebcb12_ERC20_399_TRANSFER_399",
      "4118854677_0x8ea8fd26dcd8cd5c9c65970913b17d9b852bfa378ab30190fdcba8de09781f27_ERC20_400_TRANSFER_400",
    ],
    "balance": 0,
    "closedAt": 1616211090000,
    "cost": [
      [
        "ethereum:0x235c9e24D3FB2FAFd58a2E49D454Fdcd2DBf7FF1:bUNI-V2",
        "0.000007541582787882",
      ],
    ],
    "createdAt": 1616210964000,
    "duration": 126000,
    "fees": [
      [
        "ethereum:0x0000000000000000000000000000000000000000:ETH",
        "-0.0240467645",
      ],
    ],
    "id": "trade_1862149198",
    "profit": [],
    "tradeStatus": "closed",
    "tradeType": "Long",
    "txIds": [
      "4118854677_0x7d6360cae57b882f40c62828859ee66f8ecde2795c797407b4e8adc35aebcb12_MERGED",
      "4118854677_0x8ea8fd26dcd8cd5c9c65970913b17d9b852bfa378ab30190fdcba8de09781f27_ERC20_400",
    ],
  },
  {
    "amount": 0.1929311355006006,
    "assetId": "ethereum:0x4688a8b1F292FDaB17E9a90c8Bc379dC1DBd8713:COVER",
    "auditLogIds": [
      "4118854677_0x167e96a1e1ce52b9bbe70f02ff992c37c7694e2ad3904e4aa66bdb66311f01f5_ERC20_415_TRANSFER_415",
    ],
    "balance": 0.1929311355006006,
    "cost": [],
    "createdAt": 1617421442000,
    "fees": [
      [
        "ethereum:0x0000000000000000000000000000000000000000:ETH",
        "-0.008236146",
      ],
    ],
    "id": "trade_126587953",
    "profit": [],
    "tradeStatus": "open",
    "tradeType": "Long",
    "txIds": [
      "4118854677_0x167e96a1e1ce52b9bbe70f02ff992c37c7694e2ad3904e4aa66bdb66311f01f5_MERGED",
    ],
  },
  {
    "amount": 231.9853,
    "assetId": "ethereum:0xDe30da39c46104798bB5aA3fe8B9e0e1F348163F:GTC",
    "auditLogIds": [
      "4118854677_0x81f3dbd8ea6cd8b99e4b4b5639242d5f0d57526bbed136406e3dbc1c2fca8596_ERC20_417_TRANSFER_417",
      "4118854677_0xf219b029bdd44c784855dfeaa32c1c1f7cce069329c168d5881ae1769bd91dfb_ERC20_416_TRANSFER_416",
    ],
    "balance": 0,
    "closedAt": 1623930863000,
    "cost": [],
    "createdAt": 1623263202000,
    "duration": 667661000,
    "fees": [
      [
        "ethereum:0x0000000000000000000000000000000000000000:ETH",
        "-0.0024531",
      ],
      [
        "ethereum:0x0000000000000000000000000000000000000000:ETH",
        "-0.000597976",
      ],
    ],
    "id": "trade_2877604762",
    "profit": [],
    "tradeStatus": "closed",
    "tradeType": "Long",
    "txIds": [
      "4118854677_0x81f3dbd8ea6cd8b99e4b4b5639242d5f0d57526bbed136406e3dbc1c2fca8596_MERGED",
      "4118854677_0xf219b029bdd44c784855dfeaa32c1c1f7cce069329c168d5881ae1769bd91dfb_MERGED",
    ],
  },
]