[
  {
    "amount": "56.689076236901",
    "assetId": "chain.ethereum:0x3472A5A71965499acd81997a54BBA8D852C6E53d:BADGER",
    "auditLogIds": [
      "4118854677_0x1a102a03b0c523e55ed8f7f1199c991bd2604eff400efa4ff9194b0c9558fdb2_ERC20_403_TRANSFER_403",
      "4118854677_0x8ea8fd26dcd8cd5c9c65970913b17d9b852bfa378ab30190fdcba8de09781f27_ERC20_402_TRANSFER_402",
      "4118854677_0x9098aa387a926f33f81c3a1afd30a6554d17a7f11f1ca1a9f35459db40f6f37f_ERC20_364_TRANSFER_364",
      "4118854677_0xcf19d32713829563fba67c8010c3c4e0e16cc30bf5c5c6e8adabf28e04683b18_ERC20_410_TRANSFER_410",
      "4118854677_0xf60f1185d405a327a0892cbf9a7de56f60a419f4f1d07483b64c1f4168e4c0b4_ERC20_361_TRANSFER_361",
    ],
    "balance": "0",
    "closedAt": 1616212361000,
    "cost": [],
    "createdAt": 1612514872000,
    "deposits": [
      [
        "chain.ethereum:0x3472A5A71965499acd81997a54BBA8D852C6E53d:BADGER",
        "48.799868320035408879",
        "0",
        "4118854677_0xf60f1185d405a327a0892cbf9a7de56f60a419f4f1d07483b64c1f4168e4c0b4_ERC20_361",
        1612514872000,
      ],
      [
        "chain.ethereum:0x3472A5A71965499acd81997a54BBA8D852C6E53d:BADGER",
        "45.105836548294313916",
        "0",
        "4118854677_0x8ea8fd26dcd8cd5c9c65970913b17d9b852bfa378ab30190fdcba8de09781f27_ERC20_402",
        1616211090000,
      ],
      [
        "chain.ethereum:0x3472A5A71965499acd81997a54BBA8D852C6E53d:BADGER",
        "5.283371368571233753",
        "0",
        "4118854677_0x1a102a03b0c523e55ed8f7f1199c991bd2604eff400efa4ff9194b0c9558fdb2_ERC20_403",
        1616211573000,
      ],
      [
        "chain.ethereum:0x3472A5A71965499acd81997a54BBA8D852C6E53d:BADGER",
        "-56.689076236900956548",
        "0",
        "4118854677_0xcf19d32713829563fba67c8010c3c4e0e16cc30bf5c5c6e8adabf28e04683b18_MERGED",
        1616212361000,
      ],
    ],
    "duration": 3697489000,
    "fees": [],
    "id": "2837728002",
    "proceeds": [
      [
        "chain.ethereum:0xC02aaA39b223FE8D0A0e5C4F27eAD9083C756Cc2:WETH",
        "2.009142296229905963",
        "0",
        "4118854677_0x9098aa387a926f33f81c3a1afd30a6554d17a7f11f1ca1a9f35459db40f6f37f_MERGED",
        1612517857000,
      ],
    ],
    "tradeNumber": 86,
    "tradeStatus": "closed",
    "tradeType": "Long",
    "txIds": [
      "4118854677_0x1a102a03b0c523e55ed8f7f1199c991bd2604eff400efa4ff9194b0c9558fdb2_ERC20_403",
      "4118854677_0x8ea8fd26dcd8cd5c9c65970913b17d9b852bfa378ab30190fdcba8de09781f27_ERC20_402",
      "4118854677_0x9098aa387a926f33f81c3a1afd30a6554d17a7f11f1ca1a9f35459db40f6f37f_MERGED",
      "4118854677_0xcf19d32713829563fba67c8010c3c4e0e16cc30bf5c5c6e8adabf28e04683b18_MERGED",
      "4118854677_0xf60f1185d405a327a0892cbf9a7de56f60a419f4f1d07483b64c1f4168e4c0b4_ERC20_361",
    ],
  },
  {
    "amount": "201.881729038643",
    "assetId": "chain.ethereum:0xD533a949740bb3306d119CC777fa900bA034cd52:CRV",
    "auditLogIds": [
      "4118854677_0x3a95be2e17bfa7d3792a66d2b3273991954e78d2bd60ec8d88e0a1b6685b07cc_ERC20_373_TRANSFER_373",
      "4118854677_0x51f1a1b1253f76653bded2ccf4a2db6436d981226fb1f09032579b3a4321d804_ERC20_371_TRANSFER_371",
    ],
    "balance": "0",
    "closedAt": 1616204355000,
    "cost": [],
    "createdAt": 1616203863000,
    "deposits": [
      [
        "chain.ethereum:0xD533a949740bb3306d119CC777fa900bA034cd52:CRV",
        "201.881729038643104531",
        "0",
        "4118854677_0x51f1a1b1253f76653bded2ccf4a2db6436d981226fb1f09032579b3a4321d804_MERGED",
        1616203863000,
      ],
    ],
    "duration": 492000,
    "fees": [],
    "id": "3937674171",
    "proceeds": [
      [
        "chain.ethereum:0x6B175474E89094C44Da98b954EedeAC495271d0F:DAI",
        "582.434590156655000708",
        "0",
        "4118854677_0x3a95be2e17bfa7d3792a66d2b3273991954e78d2bd60ec8d88e0a1b6685b07cc_MERGED",
        1616204355000,
      ],
    ],
    "tradeNumber": 87,
    "tradeStatus": "closed",
    "tradeType": "Long",
    "txIds": [
      "4118854677_0x3a95be2e17bfa7d3792a66d2b3273991954e78d2bd60ec8d88e0a1b6685b07cc_MERGED",
      "4118854677_0x51f1a1b1253f76653bded2ccf4a2db6436d981226fb1f09032579b3a4321d804_MERGED",
    ],
  },
  {
    "amount": "136.001323355714",
    "assetId": "chain.ethereum:0x6c3F90f043a72FA612cbac8115EE7e52BDe6E490:3Crv",
    "auditLogIds": [
      "4118854677_0x05f747faf5180e3adfba3445ee22b48ce783bde86753db2ae8031963c8324e11_ERC20_372_TRANSFER_372",
      "4118854677_0x93068e64fc011575876deb2d197d51387748806a74a5677244e35201e9c316bf_ERC20_407_TRANSFER_407",
    ],
    "balance": "0",
    "closedAt": 1616211731000,
    "cost": [],
    "createdAt": 1616204355000,
    "deposits": [
      [
        "chain.ethereum:0x6c3F90f043a72FA612cbac8115EE7e52BDe6E490:3Crv",
        "136.00132335571359964",
        "0",
        "4118854677_0x05f747faf5180e3adfba3445ee22b48ce783bde86753db2ae8031963c8324e11_MERGED",
        1616204355000,
      ],
    ],
    "duration": 7376000,
    "fees": [],
    "id": "142196504",
    "proceeds": [
      [
        "chain.ethereum:0x6B175474E89094C44Da98b954EedeAC495271d0F:DAI",
        "137.858966424692766198",
        "0",
        "4118854677_0x93068e64fc011575876deb2d197d51387748806a74a5677244e35201e9c316bf_MERGED",
        1616211731000,
      ],
    ],
    "tradeNumber": 88,
    "tradeStatus": "closed",
    "tradeType": "Long",
    "txIds": [
      "4118854677_0x05f747faf5180e3adfba3445ee22b48ce783bde86753db2ae8031963c8324e11_MERGED",
      "4118854677_0x93068e64fc011575876deb2d197d51387748806a74a5677244e35201e9c316bf_MERGED",
    ],
  },
  {
    "amount": "2.15543784295425",
    "assetId": "chain.ethereum:0x9f8F72aA9304c8B593d555F12eF6589cC3A579A2:MKR",
    "auditLogIds": [
      "4118854677_0x96ac753f41f8a43421175a5879c5cf8abd77e7b3da3fe4149e117016549afa7e_ERC20_382_TRANSFER_382",
      "4118854677_0xb702dd98b0854aca3d965adf8c370d4f4bbacd296701cb2ae3ac168dae78af37_ERC20_381_TRANSFER_381",
    ],
    "balance": "0",
    "closedAt": 1616206477000,
    "cost": [],
    "createdAt": 1616206082000,
    "deposits": [
      [
        "chain.ethereum:0x9f8F72aA9304c8B593d555F12eF6589cC3A579A2:MKR",
        "2.155437842954250169",
        "0",
        "4118854677_0xb702dd98b0854aca3d965adf8c370d4f4bbacd296701cb2ae3ac168dae78af37_ERC20_381",
        1616206082000,
      ],
    ],
    "duration": 395000,
    "fees": [],
    "id": "3742274182",
    "proceeds": [
      [
        "chain.ethereum:0x6B175474E89094C44Da98b954EedeAC495271d0F:DAI",
        "4591.99196442153570381",
        "0",
        "4118854677_0x96ac753f41f8a43421175a5879c5cf8abd77e7b3da3fe4149e117016549afa7e_MERGED",
        1616206477000,
      ],
    ],
    "tradeNumber": 89,
    "tradeStatus": "closed",
    "tradeType": "Long",
    "txIds": [
      "4118854677_0x96ac753f41f8a43421175a5879c5cf8abd77e7b3da3fe4149e117016549afa7e_MERGED",
      "4118854677_0xb702dd98b0854aca3d965adf8c370d4f4bbacd296701cb2ae3ac168dae78af37_ERC20_381",
    ],
  },
  {
    "amount": "269.05019322329",
    "assetId": "chain.ethereum:0x1f9840a85d5aF5bf1D1762F925BDADdC4201F984:UNI",
    "auditLogIds": [
      "4118854677_0x017059b2f07f56a83ab2ab323298668be6eee16a25447d7fe7833499399cbaf2_ERC20_391_TRANSFER_391",
      "4118854677_0xe191bf9721c62ec0cc73a5dc41aae8fb4f35059309f64f7774e406b3ad4aa704_ERC20_385_TRANSFER_385",
    ],
    "balance": "0",
    "closedAt": 1616209537000,
    "cost": [
      [
        "chain.ethereum:0x35A18000230DA775CAc24873d00Ff85BccdeD550:cUNI",
        "-13322.70172601",
        "0",
        "269.050193223290143387",
        "4118854677_0xe191bf9721c62ec0cc73a5dc41aae8fb4f35059309f64f7774e406b3ad4aa704_MERGED",
        1616208278000,
      ],
    ],
    "createdAt": 1616208278000,
    "deposits": [
      [
        "chain.ethereum:0x1f9840a85d5aF5bf1D1762F925BDADdC4201F984:UNI",
        "-269.050193223290143387",
        "0",
        "4118854677_0x017059b2f07f56a83ab2ab323298668be6eee16a25447d7fe7833499399cbaf2_MERGED",
        1616209537000,
      ],
    ],
    "duration": 1259000,
    "fees": [],
    "id": "1652161332",
    "proceeds": [],
    "tradeNumber": 90,
    "tradeStatus": "closed",
    "tradeType": "Long",
    "txIds": [
      "4118854677_0x017059b2f07f56a83ab2ab323298668be6eee16a25447d7fe7833499399cbaf2_MERGED",
      "4118854677_0xe191bf9721c62ec0cc73a5dc41aae8fb4f35059309f64f7774e406b3ad4aa704_MERGED",
    ],
  },
]