[
  {
    "amount": 2145.86543802,
    "assetId": "ethereum:0xaAAf91D9b90dF800Df4F55c205fd6989c977E73a:TKN",
    "auditLogIds": [
      "4118854677_0x92e6c86838b4b925dedb4dedd70d75acb16a3b985654e14e5c9fde4da53ed384_ERC20_163_TRANSFER_163",
      "4118854677_0xe90946d40d418c4cd5fd682fda4ee44f9bc5ccd289fbfe4a2e35633ae5f215b6_ERC20_170_TRANSFER_170",
    ],
    "balance": 0,
    "closedAt": 1581303942000,
    "cost": [
      [
        "ethereum:0x6B175474E89094C44Da98b954EedeAC495271d0F:DAI",
        "300",
      ],
    ],
    "createdAt": 1579526812000,
    "duration": 1777130000,
    "fees": [
      [
        "ethereum:0x0000000000000000000000000000000000000000:ETH",
        "-0.000115822",
      ],
      [
        "ethereum:0x0000000000000000000000000000000000000000:ETH",
        "-0.000090642",
      ],
    ],
    "id": "trade_3038501730",
    "profit": [
      [
        "ethereum:0x6B175474E89094C44Da98b954EedeAC495271d0F:DAI",
        "453.495837262886790796",
      ],
    ],
    "tradeStatus": "closed",
    "tradeType": "Long",
    "txIds": [
      "4118854677_0x92e6c86838b4b925dedb4dedd70d75acb16a3b985654e14e5c9fde4da53ed384_MERGED",
      "4118854677_0xe90946d40d418c4cd5fd682fda4ee44f9bc5ccd289fbfe4a2e35633ae5f215b6_MERGED",
    ],
  },
  {
    "amount": 1571.469243,
    "assetId": "ethereum:0xA0b86991c6218b36c1d19D4a2e9Eb0cE3606eB48:USDC",
    "auditLogIds": [
      "4118854677_0x1754ea38ad545084a9e24049f847ec16c6e5412fe3a031abed429c57cc0b67a8_ERC20_174_TRANSFER_174",
      "4118854677_0x5a34a456126de42e8c1576cfbe74202f762a871cebd0e75242d99f4abca9ded7_ERC20_187_TRANSFER_187",
      "4118854677_0x87881a97561b227d357b1bb116e2055a3e0f0a737bf6286225bbce35c0949f9a_ERC20_173_TRANSFER_173",
      "4118854677_0xba6371a943c4fc91a7d0c70612780874107a0dde85ce77ea85a1519e641b5351_ERC20_189_TRANSFER_189",
      "4118854677_0xcb0a6f30491b6458b6ca14ad4c890ed0fb9daeec703517ba4cb46f1a5085a243_ERC20_191_TRANSFER_191",
      "4118854677_0xe1be0420b9c7e4deed50c7a451a25c194872e8c75da5f9c7a779d0f2f9b6ff20_ERC20_201_TRANSFER_201",
      "4118854677_0xf9a70cb6e8e33eaf18aae4073914149e4ace5ffc86bc101cf6f08247a161710d_ERC20_190_TRANSFER_190",
    ],
    "balance": 0,
    "closedAt": 1586984094000,
    "cost": [
      [
        "ethereum:0x6B175474E89094C44Da98b954EedeAC495271d0F:DAI",
        "100",
      ],
      [
        "ethereum:0x960b236A07cf122663c4303350609A66A7B288C0:ANT",
        "1000",
      ],
      [
        "ethereum:0x960b236A07cf122663c4303350609A66A7B288C0:ANT",
        "990",
      ],
    ],
    "createdAt": 1581307536000,
    "duration": 5676558000,
    "fees": [
      [
        "ethereum:0x0000000000000000000000000000000000000000:ETH",
        "-0.001292922",
      ],
      [
        "ethereum:0x0000000000000000000000000000000000000000:ETH",
        "-0.0000638011",
      ],
      [
        "ethereum:0x0000000000000000000000000000000000000000:ETH",
        "-0.00100582",
      ],
      [
        "ethereum:0x0000000000000000000000000000000000000000:ETH",
        "-0.00100582",
      ],
      [
        "ethereum:0x0000000000000000000000000000000000000000:ETH",
        "-0.000290005",
      ],
      [
        "ethereum:0x0000000000000000000000000000000000000000:ETH",
        "-0.0001450025",
      ],
      [
        "ethereum:0x0000000000000000000000000000000000000000:ETH",
        "-0.0002536335",
      ],
    ],
    "id": "trade_1589732119",
    "profit": [
      [
        "ethereum:0x6B175474E89094C44Da98b954EedeAC495271d0F:DAI",
        "551.672841774771849584",
      ],
    ],
    "tradeStatus": "closed",
    "tradeType": "Long",
    "txIds": [
      "4118854677_0x1754ea38ad545084a9e24049f847ec16c6e5412fe3a031abed429c57cc0b67a8_MERGED",
      "4118854677_0x5a34a456126de42e8c1576cfbe74202f762a871cebd0e75242d99f4abca9ded7_MERGED",
      "4118854677_0x87881a97561b227d357b1bb116e2055a3e0f0a737bf6286225bbce35c0949f9a_MERGED",
      "4118854677_0xba6371a943c4fc91a7d0c70612780874107a0dde85ce77ea85a1519e641b5351_MERGED",
      "4118854677_0xcb0a6f30491b6458b6ca14ad4c890ed0fb9daeec703517ba4cb46f1a5085a243_MERGED",
      "4118854677_0xe1be0420b9c7e4deed50c7a451a25c194872e8c75da5f9c7a779d0f2f9b6ff20_MERGED",
      "4118854677_0xf9a70cb6e8e33eaf18aae4073914149e4ace5ffc86bc101cf6f08247a161710d_MERGED",
    ],
  },
  {
    "amount": 375000,
    "assetId": "ethereum:0xcD62b1C403fa761BAadFC74C525ce2B51780b184:ANJ",
    "auditLogIds": [
      "4118854677_0x13114f3d8787571784f79bcd6fa2e35c1fadefdc834be418d8b809e05aba0810_ERC20_193_TRANSFER_193",
      "4118854677_0x6568bc0bc887beb1e2e0c46395523a99ba4b2690391b49b50e9271771139218c_ERC20_176_TRANSFER_176",
      "4118854677_0xeedb69a961b8984d77fe525834153bf3fafb20b2cf1e7aa9b8c4b1b18ea08faf_ERC20_192_TRANSFER_192",
    ],
    "balance": 0,
    "closedAt": 1586860604000,
    "cost": [],
    "createdAt": 1581640425000,
    "duration": 5220179000,
    "fees": [
      [
        "ethereum:0x0000000000000000000000000000000000000000:ETH",
        "-0.000336456",
      ],
      [
        "ethereum:0x0000000000000000000000000000000000000000:ETH",
        "-0.0013382308",
      ],
      [
        "ethereum:0x0000000000000000000000000000000000000000:ETH",
        "-0.00248048",
      ],
    ],
    "id": "trade_2823658273",
    "profit": [],
    "tradeStatus": "closed",
    "tradeType": "Long",
    "txIds": [
      "4118854677_0x13114f3d8787571784f79bcd6fa2e35c1fadefdc834be418d8b809e05aba0810_MERGED",
      "4118854677_0x6568bc0bc887beb1e2e0c46395523a99ba4b2690391b49b50e9271771139218c_MERGED",
      "4118854677_0xeedb69a961b8984d77fe525834153bf3fafb20b2cf1e7aa9b8c4b1b18ea08faf_MERGED",
    ],
  },
  {
    "amount": 10000,
    "assetId": "ethereum:0x2F141Ce366a2462f02cEA3D12CF93E4DCa49e4Fd:FREE",
    "auditLogIds": [
      "4118854677_0xda54a9850cd57eaef1f35df18b9eaf383a08b5ef3f1993cbcfc0b09b6d3e07a8_ERC20_179_TRANSFER_179",
    ],
    "balance": 10000,
    "cost": [],
    "createdAt": 1582572191000,
    "fees": [],
    "id": "trade_4188689886",
    "profit": [],
    "tradeStatus": "open",
    "tradeType": "Long",
    "txIds": [
      "4118854677_0xda54a9850cd57eaef1f35df18b9eaf383a08b5ef3f1993cbcfc0b09b6d3e07a8_ERC20_179",
    ],
  },
  {
    "amount": 6290.509641257626,
    "assetId": "ethereum:0x960b236A07cf122663c4303350609A66A7B288C0:ANT",
    "auditLogIds": [
      "4118854677_0x00d814d808e8f98f678eccb79c70231ef7b4fbb9f2cdbbc61d8f7e7f0a6375c6_ERC20_197_TRANSFER_197",
      "4118854677_0x01f54254c843db56025e5c8433fab30f3edb4189bd0dfabb0fd0b458933f0b26_ERC20_185_TRANSFER_185",
      "4118854677_0x2183855f42880c32e9a1ed17a9846630128581a55b0e3a2350101b741e2d7188_ERC20_218_TRANSFER_218",
      "4118854677_0x48a7e49591ddb8096bbf6762d501789930880d0db78737a63f0240d0e4d1fb48_ERC20_209_TRANSFER_209",
      "4118854677_0x5a34a456126de42e8c1576cfbe74202f762a871cebd0e75242d99f4abca9ded7_ERC20_186_TRANSFER_186",
      "4118854677_0x797ac753e35a2d11a271a7eaf0b146c3eff346fefa981929084ba56cd8a92623_ERC20_181_TRANSFER_181",
      "4118854677_0x8573ec5fcf0de2d1186c94ada6616d9db8a727aa77452c6a6d5d053a1068e280_ERC20_208_TRANSFER_208",
      "4118854677_0xa7a69ad976eba495da294b09ebd711721539cffaa98edb5e5a6bf96a85086f3e_ERC20_194_TRANSFER_194",
      "4118854677_0xba6371a943c4fc91a7d0c70612780874107a0dde85ce77ea85a1519e641b5351_ERC20_188_TRANSFER_188",
      "4118854677_0xc25211decd922cbb55c56665718877f3c66fc5567b36be5583e6b14119ba1c7c_ERC20_195_TRANSFER_195",
      "4118854677_0xd542464fc95d5195ff4ce3b74ad550f50e83001deaf9c4154f90ad81a752dd3b_ERC20_199_TRANSFER_199",
    ],
    "balance": 0,
    "closedAt": 1589920220000,
    "cost": [],
    "createdAt": 1582813688000,
    "duration": 7106532000,
    "fees": [
      [
        "ethereum:0x0000000000000000000000000000000000000000:ETH",
        "-0.000500644",
      ],
      [
        "ethereum:0x0000000000000000000000000000000000000000:ETH",
        "-0.00100582",
      ],
      [
        "ethereum:0x0000000000000000000000000000000000000000:ETH",
        "-0.00100582",
      ],
      [
        "ethereum:0x0000000000000000000000000000000000000000:ETH",
        "-0.000684257",
      ],
      [
        "ethereum:0x0000000000000000000000000000000000000000:ETH",
        "-0.000384488",
      ],
      [
        "ethereum:0x0000000000000000000000000000000000000000:ETH",
        "-0.000384488",
      ],
      [
        "ethereum:0x0000000000000000000000000000000000000000:ETH",
        "-0.001620268",
      ],
      [
        "ethereum:0x0000000000000000000000000000000000000000:ETH",
        "-0.000750966",
      ],
      [
        "ethereum:0x0000000000000000000000000000000000000000:ETH",
        "-0.000706284",
      ],
      [
        "ethereum:0x0000000000000000000000000000000000000000:ETH",
        "-0.00249886",
      ],
    ],
    "id": "trade_125447124",
    "profit": [
      [
        "ethereum:0xA0b86991c6218b36c1d19D4a2e9Eb0cE3606eB48:USDC",
        "791.273386",
      ],
      [
        "ethereum:0xA0b86991c6218b36c1d19D4a2e9Eb0cE3606eB48:USDC",
        "779.599068",
      ],
      [
        "ethereum:0x6B175474E89094C44Da98b954EedeAC495271d0F:DAI",
        "676.165280035524704262",
      ],
      [
        "ethereum:0x6B175474E89094C44Da98b954EedeAC495271d0F:DAI",
        "671.55595817757338325",
      ],
      [
        "ethereum:0x6B175474E89094C44Da98b954EedeAC495271d0F:DAI",
        "178.320173344588266555",
      ],
      [
        "ethereum:0x6B175474E89094C44Da98b954EedeAC495271d0F:DAI",
        "1114.571659023739644792",
      ],
    ],
    "tradeStatus": "closed",
    "tradeType": "Long",
    "txIds": [
      "4118854677_0x00d814d808e8f98f678eccb79c70231ef7b4fbb9f2cdbbc61d8f7e7f0a6375c6_MERGED",
      "4118854677_0x01f54254c843db56025e5c8433fab30f3edb4189bd0dfabb0fd0b458933f0b26_MERGED",
      "4118854677_0x2183855f42880c32e9a1ed17a9846630128581a55b0e3a2350101b741e2d7188_MERGED",
      "4118854677_0x48a7e49591ddb8096bbf6762d501789930880d0db78737a63f0240d0e4d1fb48_MERGED",
      "4118854677_0x5a34a456126de42e8c1576cfbe74202f762a871cebd0e75242d99f4abca9ded7_MERGED",
      "4118854677_0x797ac753e35a2d11a271a7eaf0b146c3eff346fefa981929084ba56cd8a92623_ERC20_181",
      "4118854677_0x8573ec5fcf0de2d1186c94ada6616d9db8a727aa77452c6a6d5d053a1068e280_MERGED",
      "4118854677_0xa7a69ad976eba495da294b09ebd711721539cffaa98edb5e5a6bf96a85086f3e_MERGED",
      "4118854677_0xba6371a943c4fc91a7d0c70612780874107a0dde85ce77ea85a1519e641b5351_MERGED",
      "4118854677_0xc25211decd922cbb55c56665718877f3c66fc5567b36be5583e6b14119ba1c7c_MERGED",
      "4118854677_0xd542464fc95d5195ff4ce3b74ad550f50e83001deaf9c4154f90ad81a752dd3b_MERGED",
    ],
  },
]