[
  {
    "amount": 0.001196905052533791,
    "assetId": "ethereum:0xdb25cA703181E7484a155DD612b06f57E12Be5F0:yvYFI",
    "auditLogIds": [
      "4118854677_0xd5c5e34d06b4bc5f39a4d86b30196ad2d17fad786138d4056ea102dfd17769b2_ERC20_427_TRANSFER_427",
    ],
    "balance": 0.001196905052533791,
    "cost": [
      [
        "ethereum:0xC02aaA39b223FE8D0A0e5C4F27eAD9083C756Cc2:WETH",
        "-0.007519478241037378",
        "0",
        "0.001196905052533791",
        "4118854677_0xd5c5e34d06b4bc5f39a4d86b30196ad2d17fad786138d4056ea102dfd17769b2_MERGED",
        1663701899000,
      ],
    ],
    "createdAt": 1663701899000,
    "fees": [],
    "id": "2580539565",
    "proceeds": [],
    "tradeNumber": 101,
    "tradeStatus": "open",
    "tradeType": "Long",
    "txIds": [
      "4118854677_0xd5c5e34d06b4bc5f39a4d86b30196ad2d17fad786138d4056ea102dfd17769b2_MERGED",
    ],
  },
]