[
  {
    "amount": 56.68907623690096,
    "assetId": "ethereum:0x3472A5A71965499acd81997a54BBA8D852C6E53d:BADGER",
    "auditLogIds": [
      "4118854677_0x1a102a03b0c523e55ed8f7f1199c991bd2604eff400efa4ff9194b0c9558fdb2_ERC20_403_TRANSFER_403",
      "4118854677_0x8ea8fd26dcd8cd5c9c65970913b17d9b852bfa378ab30190fdcba8de09781f27_ERC20_402_TRANSFER_402",
      "4118854677_0x9098aa387a926f33f81c3a1afd30a6554d17a7f11f1ca1a9f35459db40f6f37f_ERC20_364_TRANSFER_364",
      "4118854677_0xcf19d32713829563fba67c8010c3c4e0e16cc30bf5c5c6e8adabf28e04683b18_ERC20_410_TRANSFER_410",
      "4118854677_0xf60f1185d405a327a0892cbf9a7de56f60a419f4f1d07483b64c1f4168e4c0b4_ERC20_361_TRANSFER_361",
      "4118854677_0x1a102a03b0c523e55ed8f7f1199c991bd2604eff400efa4ff9194b0c9558fdb2_ERC20_403_TRANSFER_403",
      "4118854677_0x8ea8fd26dcd8cd5c9c65970913b17d9b852bfa378ab30190fdcba8de09781f27_ERC20_402_TRANSFER_402",
      "4118854677_0x9098aa387a926f33f81c3a1afd30a6554d17a7f11f1ca1a9f35459db40f6f37f_ERC20_364_TRANSFER_364",
      "4118854677_0xcf19d32713829563fba67c8010c3c4e0e16cc30bf5c5c6e8adabf28e04683b18_ERC20_410_TRANSFER_410",
      "4118854677_0xf60f1185d405a327a0892cbf9a7de56f60a419f4f1d07483b64c1f4168e4c0b4_ERC20_361_TRANSFER_361",
      "4118854677_0x1a102a03b0c523e55ed8f7f1199c991bd2604eff400efa4ff9194b0c9558fdb2_ERC20_403_TRANSFER_403",
      "4118854677_0x8ea8fd26dcd8cd5c9c65970913b17d9b852bfa378ab30190fdcba8de09781f27_ERC20_402_TRANSFER_402",
      "4118854677_0x9098aa387a926f33f81c3a1afd30a6554d17a7f11f1ca1a9f35459db40f6f37f_ERC20_364_TRANSFER_364",
      "4118854677_0xcf19d32713829563fba67c8010c3c4e0e16cc30bf5c5c6e8adabf28e04683b18_ERC20_410_TRANSFER_410",
      "4118854677_0xf60f1185d405a327a0892cbf9a7de56f60a419f4f1d07483b64c1f4168e4c0b4_ERC20_361_TRANSFER_361",
      "4118854677_0x1a102a03b0c523e55ed8f7f1199c991bd2604eff400efa4ff9194b0c9558fdb2_ERC20_403_TRANSFER_403",
      "4118854677_0x8ea8fd26dcd8cd5c9c65970913b17d9b852bfa378ab30190fdcba8de09781f27_ERC20_402_TRANSFER_402",
      "4118854677_0x9098aa387a926f33f81c3a1afd30a6554d17a7f11f1ca1a9f35459db40f6f37f_ERC20_364_TRANSFER_364",
      "4118854677_0xcf19d32713829563fba67c8010c3c4e0e16cc30bf5c5c6e8adabf28e04683b18_ERC20_410_TRANSFER_410",
      "4118854677_0xf60f1185d405a327a0892cbf9a7de56f60a419f4f1d07483b64c1f4168e4c0b4_ERC20_361_TRANSFER_361",
      "4118854677_0x1a102a03b0c523e55ed8f7f1199c991bd2604eff400efa4ff9194b0c9558fdb2_ERC20_403_TRANSFER_403",
      "4118854677_0x8ea8fd26dcd8cd5c9c65970913b17d9b852bfa378ab30190fdcba8de09781f27_ERC20_402_TRANSFER_402",
      "4118854677_0x9098aa387a926f33f81c3a1afd30a6554d17a7f11f1ca1a9f35459db40f6f37f_ERC20_364_TRANSFER_364",
      "4118854677_0xcf19d32713829563fba67c8010c3c4e0e16cc30bf5c5c6e8adabf28e04683b18_ERC20_410_TRANSFER_410",
      "4118854677_0xf60f1185d405a327a0892cbf9a7de56f60a419f4f1d07483b64c1f4168e4c0b4_ERC20_361_TRANSFER_361",
    ],
    "balance": 0,
    "closedAt": 1616212361000,
    "createdAt": 1612514872000,
    "duration": 3697489000,
    "feeAmounts": [],
    "feeAssets": [],
    "id": "860928416",
    "isOpen": false,
    "soldAmounts": [],
    "soldAssets": [],
    "txIds": [
      "4118854677_0x1a102a03b0c523e55ed8f7f1199c991bd2604eff400efa4ff9194b0c9558fdb2_ERC20_403",
      "4118854677_0x1a102a03b0c523e55ed8f7f1199c991bd2604eff400efa4ff9194b0c9558fdb2_ERC20_403",
      "4118854677_0x1a102a03b0c523e55ed8f7f1199c991bd2604eff400efa4ff9194b0c9558fdb2_ERC20_403",
      "4118854677_0x1a102a03b0c523e55ed8f7f1199c991bd2604eff400efa4ff9194b0c9558fdb2_ERC20_403",
      "4118854677_0x1a102a03b0c523e55ed8f7f1199c991bd2604eff400efa4ff9194b0c9558fdb2_ERC20_403",
      "4118854677_0x8ea8fd26dcd8cd5c9c65970913b17d9b852bfa378ab30190fdcba8de09781f27_ERC20_402",
      "4118854677_0x8ea8fd26dcd8cd5c9c65970913b17d9b852bfa378ab30190fdcba8de09781f27_ERC20_402",
      "4118854677_0x8ea8fd26dcd8cd5c9c65970913b17d9b852bfa378ab30190fdcba8de09781f27_ERC20_402",
      "4118854677_0x8ea8fd26dcd8cd5c9c65970913b17d9b852bfa378ab30190fdcba8de09781f27_ERC20_402",
      "4118854677_0x8ea8fd26dcd8cd5c9c65970913b17d9b852bfa378ab30190fdcba8de09781f27_ERC20_402",
      "4118854677_0x9098aa387a926f33f81c3a1afd30a6554d17a7f11f1ca1a9f35459db40f6f37f_MERGED",
      "4118854677_0x9098aa387a926f33f81c3a1afd30a6554d17a7f11f1ca1a9f35459db40f6f37f_MERGED",
      "4118854677_0x9098aa387a926f33f81c3a1afd30a6554d17a7f11f1ca1a9f35459db40f6f37f_MERGED",
      "4118854677_0x9098aa387a926f33f81c3a1afd30a6554d17a7f11f1ca1a9f35459db40f6f37f_MERGED",
      "4118854677_0x9098aa387a926f33f81c3a1afd30a6554d17a7f11f1ca1a9f35459db40f6f37f_MERGED",
      "4118854677_0xcf19d32713829563fba67c8010c3c4e0e16cc30bf5c5c6e8adabf28e04683b18_MERGED",
      "4118854677_0xcf19d32713829563fba67c8010c3c4e0e16cc30bf5c5c6e8adabf28e04683b18_MERGED",
      "4118854677_0xcf19d32713829563fba67c8010c3c4e0e16cc30bf5c5c6e8adabf28e04683b18_MERGED",
      "4118854677_0xcf19d32713829563fba67c8010c3c4e0e16cc30bf5c5c6e8adabf28e04683b18_MERGED",
      "4118854677_0xcf19d32713829563fba67c8010c3c4e0e16cc30bf5c5c6e8adabf28e04683b18_MERGED",
      "4118854677_0xf60f1185d405a327a0892cbf9a7de56f60a419f4f1d07483b64c1f4168e4c0b4_ERC20_361",
      "4118854677_0xf60f1185d405a327a0892cbf9a7de56f60a419f4f1d07483b64c1f4168e4c0b4_ERC20_361",
      "4118854677_0xf60f1185d405a327a0892cbf9a7de56f60a419f4f1d07483b64c1f4168e4c0b4_ERC20_361",
      "4118854677_0xf60f1185d405a327a0892cbf9a7de56f60a419f4f1d07483b64c1f4168e4c0b4_ERC20_361",
      "4118854677_0xf60f1185d405a327a0892cbf9a7de56f60a419f4f1d07483b64c1f4168e4c0b4_ERC20_361",
    ],
  },
  {
    "amount": 8.828615e-12,
    "assetId": "ethereum:0xC17078FDd324CC473F8175Dc5290fae5f2E84714:bUNI-V2",
    "auditLogIds": [
      "4118854677_0x34d6657b2234d14ad01c4094c45a953769f0a81b0bc8c2a13900b58eac58d215_ERC20_360_TRANSFER_360",
      "4118854677_0xe2699c926c4696e7ae63a319d9ab53f9dc39aa6af91a30fd617b47eba78f6dab_ERC20_392_TRANSFER_392",
      "4118854677_0x34d6657b2234d14ad01c4094c45a953769f0a81b0bc8c2a13900b58eac58d215_ERC20_360_TRANSFER_360",
      "4118854677_0xe2699c926c4696e7ae63a319d9ab53f9dc39aa6af91a30fd617b47eba78f6dab_ERC20_392_TRANSFER_392",
    ],
    "balance": 0,
    "closedAt": 1616210273000,
    "createdAt": 1611404396000,
    "duration": 4805877000,
    "feeAmounts": [],
    "feeAssets": [],
    "id": "3877074210",
    "isOpen": false,
    "soldAmounts": [],
    "soldAssets": [],
    "txIds": [
      "4118854677_0x34d6657b2234d14ad01c4094c45a953769f0a81b0bc8c2a13900b58eac58d215_MERGED",
      "4118854677_0x34d6657b2234d14ad01c4094c45a953769f0a81b0bc8c2a13900b58eac58d215_MERGED",
      "4118854677_0xe2699c926c4696e7ae63a319d9ab53f9dc39aa6af91a30fd617b47eba78f6dab_MERGED",
      "4118854677_0xe2699c926c4696e7ae63a319d9ab53f9dc39aa6af91a30fd617b47eba78f6dab_MERGED",
    ],
  },
  {
    "amount": 8.873493e-12,
    "assetId": "ethereum:0xE86204c4eDDd2f70eE00EAd6805f917671F56c52:UNI-V2",
    "auditLogIds": [
      "4118854677_0x18dbc5cf5e42f01848265abee42afd3330de4a124f463c06576d2e46e10066d6_ERC20_358_TRANSFER_358",
      "4118854677_0x34d6657b2234d14ad01c4094c45a953769f0a81b0bc8c2a13900b58eac58d215_ERC20_359_TRANSFER_359",
      "4118854677_0x18dbc5cf5e42f01848265abee42afd3330de4a124f463c06576d2e46e10066d6_ERC20_358_TRANSFER_358",
      "4118854677_0x34d6657b2234d14ad01c4094c45a953769f0a81b0bc8c2a13900b58eac58d215_ERC20_359_TRANSFER_359",
    ],
    "balance": 0,
    "closedAt": 1611404396000,
    "createdAt": 1611402906000,
    "duration": 1490000,
    "feeAmounts": [],
    "feeAssets": [],
    "id": "1892597366",
    "isOpen": false,
    "soldAmounts": [],
    "soldAssets": [],
    "txIds": [
      "4118854677_0x18dbc5cf5e42f01848265abee42afd3330de4a124f463c06576d2e46e10066d6_ERC20_358",
      "4118854677_0x18dbc5cf5e42f01848265abee42afd3330de4a124f463c06576d2e46e10066d6_ERC20_358",
      "4118854677_0x34d6657b2234d14ad01c4094c45a953769f0a81b0bc8c2a13900b58eac58d215_MERGED",
      "4118854677_0x34d6657b2234d14ad01c4094c45a953769f0a81b0bc8c2a13900b58eac58d215_MERGED",
    ],
  },
  {
    "amount": 0.05159929,
    "assetId": "ethereum:0x798D1bE841a82a273720CE31c822C61a67a601C3:DIGG",
    "auditLogIds": [
      "4118854677_0x18dbc5cf5e42f01848265abee42afd3330de4a124f463c06576d2e46e10066d6_ERC20_356_TRANSFER_356",
      "4118854677_0x1a102a03b0c523e55ed8f7f1199c991bd2604eff400efa4ff9194b0c9558fdb2_ERC20_404_TRANSFER_404",
      "4118854677_0x3d447d5b5b4f087a3846aa886b0e3665628476d5c19b80fa370be35b5f9a47e9_ERC20_396_TRANSFER_396",
      "4118854677_0x44c5966d31253c2b8395859cfcf14a761c128193ac011f1b6807b2adba5697d2_ERC20_353_TRANSFER_353",
      "4118854677_0x51d877bbc32d20b904ee4d7d52b86d36cdf7a471b08dcbdffaecea0a9d394574_ERC20_354_TRANSFER_354",
      "4118854677_0x9dc6ad32be0828d566d8d6c7c82be40a9515e3a2ecc8e91c62a68f5050d7aabd_ERC20_405_TRANSFER_405",
      "4118854677_0xf60f1185d405a327a0892cbf9a7de56f60a419f4f1d07483b64c1f4168e4c0b4_ERC20_362_TRANSFER_362",
      "4118854677_0x18dbc5cf5e42f01848265abee42afd3330de4a124f463c06576d2e46e10066d6_ERC20_356_TRANSFER_356",
      "4118854677_0x1a102a03b0c523e55ed8f7f1199c991bd2604eff400efa4ff9194b0c9558fdb2_ERC20_404_TRANSFER_404",
      "4118854677_0x3d447d5b5b4f087a3846aa886b0e3665628476d5c19b80fa370be35b5f9a47e9_ERC20_396_TRANSFER_396",
      "4118854677_0x44c5966d31253c2b8395859cfcf14a761c128193ac011f1b6807b2adba5697d2_ERC20_353_TRANSFER_353",
      "4118854677_0x51d877bbc32d20b904ee4d7d52b86d36cdf7a471b08dcbdffaecea0a9d394574_ERC20_354_TRANSFER_354",
      "4118854677_0x9dc6ad32be0828d566d8d6c7c82be40a9515e3a2ecc8e91c62a68f5050d7aabd_ERC20_405_TRANSFER_405",
      "4118854677_0xf60f1185d405a327a0892cbf9a7de56f60a419f4f1d07483b64c1f4168e4c0b4_ERC20_362_TRANSFER_362",
      "4118854677_0x18dbc5cf5e42f01848265abee42afd3330de4a124f463c06576d2e46e10066d6_ERC20_356_TRANSFER_356",
      "4118854677_0x1a102a03b0c523e55ed8f7f1199c991bd2604eff400efa4ff9194b0c9558fdb2_ERC20_404_TRANSFER_404",
      "4118854677_0x3d447d5b5b4f087a3846aa886b0e3665628476d5c19b80fa370be35b5f9a47e9_ERC20_396_TRANSFER_396",
      "4118854677_0x44c5966d31253c2b8395859cfcf14a761c128193ac011f1b6807b2adba5697d2_ERC20_353_TRANSFER_353",
      "4118854677_0x51d877bbc32d20b904ee4d7d52b86d36cdf7a471b08dcbdffaecea0a9d394574_ERC20_354_TRANSFER_354",
      "4118854677_0x9dc6ad32be0828d566d8d6c7c82be40a9515e3a2ecc8e91c62a68f5050d7aabd_ERC20_405_TRANSFER_405",
      "4118854677_0xf60f1185d405a327a0892cbf9a7de56f60a419f4f1d07483b64c1f4168e4c0b4_ERC20_362_TRANSFER_362",
      "4118854677_0x18dbc5cf5e42f01848265abee42afd3330de4a124f463c06576d2e46e10066d6_ERC20_356_TRANSFER_356",
      "4118854677_0x1a102a03b0c523e55ed8f7f1199c991bd2604eff400efa4ff9194b0c9558fdb2_ERC20_404_TRANSFER_404",
      "4118854677_0x3d447d5b5b4f087a3846aa886b0e3665628476d5c19b80fa370be35b5f9a47e9_ERC20_396_TRANSFER_396",
      "4118854677_0x44c5966d31253c2b8395859cfcf14a761c128193ac011f1b6807b2adba5697d2_ERC20_353_TRANSFER_353",
      "4118854677_0x51d877bbc32d20b904ee4d7d52b86d36cdf7a471b08dcbdffaecea0a9d394574_ERC20_354_TRANSFER_354",
      "4118854677_0x9dc6ad32be0828d566d8d6c7c82be40a9515e3a2ecc8e91c62a68f5050d7aabd_ERC20_405_TRANSFER_405",
      "4118854677_0xf60f1185d405a327a0892cbf9a7de56f60a419f4f1d07483b64c1f4168e4c0b4_ERC20_362_TRANSFER_362",
      "4118854677_0x18dbc5cf5e42f01848265abee42afd3330de4a124f463c06576d2e46e10066d6_ERC20_356_TRANSFER_356",
      "4118854677_0x1a102a03b0c523e55ed8f7f1199c991bd2604eff400efa4ff9194b0c9558fdb2_ERC20_404_TRANSFER_404",
      "4118854677_0x3d447d5b5b4f087a3846aa886b0e3665628476d5c19b80fa370be35b5f9a47e9_ERC20_396_TRANSFER_396",
      "4118854677_0x44c5966d31253c2b8395859cfcf14a761c128193ac011f1b6807b2adba5697d2_ERC20_353_TRANSFER_353",
      "4118854677_0x51d877bbc32d20b904ee4d7d52b86d36cdf7a471b08dcbdffaecea0a9d394574_ERC20_354_TRANSFER_354",
      "4118854677_0x9dc6ad32be0828d566d8d6c7c82be40a9515e3a2ecc8e91c62a68f5050d7aabd_ERC20_405_TRANSFER_405",
      "4118854677_0xf60f1185d405a327a0892cbf9a7de56f60a419f4f1d07483b64c1f4168e4c0b4_ERC20_362_TRANSFER_362",
      "4118854677_0x18dbc5cf5e42f01848265abee42afd3330de4a124f463c06576d2e46e10066d6_ERC20_356_TRANSFER_356",
      "4118854677_0x1a102a03b0c523e55ed8f7f1199c991bd2604eff400efa4ff9194b0c9558fdb2_ERC20_404_TRANSFER_404",
      "4118854677_0x3d447d5b5b4f087a3846aa886b0e3665628476d5c19b80fa370be35b5f9a47e9_ERC20_396_TRANSFER_396",
      "4118854677_0x44c5966d31253c2b8395859cfcf14a761c128193ac011f1b6807b2adba5697d2_ERC20_353_TRANSFER_353",
      "4118854677_0x51d877bbc32d20b904ee4d7d52b86d36cdf7a471b08dcbdffaecea0a9d394574_ERC20_354_TRANSFER_354",
      "4118854677_0x9dc6ad32be0828d566d8d6c7c82be40a9515e3a2ecc8e91c62a68f5050d7aabd_ERC20_405_TRANSFER_405",
      "4118854677_0xf60f1185d405a327a0892cbf9a7de56f60a419f4f1d07483b64c1f4168e4c0b4_ERC20_362_TRANSFER_362",
      "4118854677_0x18dbc5cf5e42f01848265abee42afd3330de4a124f463c06576d2e46e10066d6_ERC20_356_TRANSFER_356",
      "4118854677_0x1a102a03b0c523e55ed8f7f1199c991bd2604eff400efa4ff9194b0c9558fdb2_ERC20_404_TRANSFER_404",
      "4118854677_0x3d447d5b5b4f087a3846aa886b0e3665628476d5c19b80fa370be35b5f9a47e9_ERC20_396_TRANSFER_396",
      "4118854677_0x44c5966d31253c2b8395859cfcf14a761c128193ac011f1b6807b2adba5697d2_ERC20_353_TRANSFER_353",
      "4118854677_0x51d877bbc32d20b904ee4d7d52b86d36cdf7a471b08dcbdffaecea0a9d394574_ERC20_354_TRANSFER_354",
      "4118854677_0x9dc6ad32be0828d566d8d6c7c82be40a9515e3a2ecc8e91c62a68f5050d7aabd_ERC20_405_TRANSFER_405",
      "4118854677_0xf60f1185d405a327a0892cbf9a7de56f60a419f4f1d07483b64c1f4168e4c0b4_ERC20_362_TRANSFER_362",
    ],
    "balance": 0.005077901,
    "createdAt": 1611402345000,
    "feeAmounts": [],
    "feeAssets": [],
    "id": "3564702663",
    "isOpen": true,
    "soldAmounts": [],
    "soldAssets": [],
    "txIds": [
      "4118854677_0x18dbc5cf5e42f01848265abee42afd3330de4a124f463c06576d2e46e10066d6_ERC20_356",
      "4118854677_0x18dbc5cf5e42f01848265abee42afd3330de4a124f463c06576d2e46e10066d6_ERC20_356",
      "4118854677_0x18dbc5cf5e42f01848265abee42afd3330de4a124f463c06576d2e46e10066d6_ERC20_356",
      "4118854677_0x18dbc5cf5e42f01848265abee42afd3330de4a124f463c06576d2e46e10066d6_ERC20_356",
      "4118854677_0x18dbc5cf5e42f01848265abee42afd3330de4a124f463c06576d2e46e10066d6_ERC20_356",
      "4118854677_0x18dbc5cf5e42f01848265abee42afd3330de4a124f463c06576d2e46e10066d6_ERC20_356",
      "4118854677_0x18dbc5cf5e42f01848265abee42afd3330de4a124f463c06576d2e46e10066d6_ERC20_356",
      "4118854677_0x1a102a03b0c523e55ed8f7f1199c991bd2604eff400efa4ff9194b0c9558fdb2_ERC20_404",
      "4118854677_0x1a102a03b0c523e55ed8f7f1199c991bd2604eff400efa4ff9194b0c9558fdb2_ERC20_404",
      "4118854677_0x1a102a03b0c523e55ed8f7f1199c991bd2604eff400efa4ff9194b0c9558fdb2_ERC20_404",
      "4118854677_0x1a102a03b0c523e55ed8f7f1199c991bd2604eff400efa4ff9194b0c9558fdb2_ERC20_404",
      "4118854677_0x1a102a03b0c523e55ed8f7f1199c991bd2604eff400efa4ff9194b0c9558fdb2_ERC20_404",
      "4118854677_0x1a102a03b0c523e55ed8f7f1199c991bd2604eff400efa4ff9194b0c9558fdb2_ERC20_404",
      "4118854677_0x1a102a03b0c523e55ed8f7f1199c991bd2604eff400efa4ff9194b0c9558fdb2_ERC20_404",
      "4118854677_0x3d447d5b5b4f087a3846aa886b0e3665628476d5c19b80fa370be35b5f9a47e9_ERC20_396",
      "4118854677_0x3d447d5b5b4f087a3846aa886b0e3665628476d5c19b80fa370be35b5f9a47e9_ERC20_396",
      "4118854677_0x3d447d5b5b4f087a3846aa886b0e3665628476d5c19b80fa370be35b5f9a47e9_ERC20_396",
      "4118854677_0x3d447d5b5b4f087a3846aa886b0e3665628476d5c19b80fa370be35b5f9a47e9_ERC20_396",
      "4118854677_0x3d447d5b5b4f087a3846aa886b0e3665628476d5c19b80fa370be35b5f9a47e9_ERC20_396",
      "4118854677_0x3d447d5b5b4f087a3846aa886b0e3665628476d5c19b80fa370be35b5f9a47e9_ERC20_396",
      "4118854677_0x3d447d5b5b4f087a3846aa886b0e3665628476d5c19b80fa370be35b5f9a47e9_ERC20_396",
      "4118854677_0x44c5966d31253c2b8395859cfcf14a761c128193ac011f1b6807b2adba5697d2_MERGED",
      "4118854677_0x44c5966d31253c2b8395859cfcf14a761c128193ac011f1b6807b2adba5697d2_MERGED",
      "4118854677_0x44c5966d31253c2b8395859cfcf14a761c128193ac011f1b6807b2adba5697d2_MERGED",
      "4118854677_0x44c5966d31253c2b8395859cfcf14a761c128193ac011f1b6807b2adba5697d2_MERGED",
      "4118854677_0x44c5966d31253c2b8395859cfcf14a761c128193ac011f1b6807b2adba5697d2_MERGED",
      "4118854677_0x44c5966d31253c2b8395859cfcf14a761c128193ac011f1b6807b2adba5697d2_MERGED",
      "4118854677_0x44c5966d31253c2b8395859cfcf14a761c128193ac011f1b6807b2adba5697d2_MERGED",
      "4118854677_0x51d877bbc32d20b904ee4d7d52b86d36cdf7a471b08dcbdffaecea0a9d394574_MERGED",
      "4118854677_0x51d877bbc32d20b904ee4d7d52b86d36cdf7a471b08dcbdffaecea0a9d394574_MERGED",
      "4118854677_0x51d877bbc32d20b904ee4d7d52b86d36cdf7a471b08dcbdffaecea0a9d394574_MERGED",
      "4118854677_0x51d877bbc32d20b904ee4d7d52b86d36cdf7a471b08dcbdffaecea0a9d394574_MERGED",
      "4118854677_0x51d877bbc32d20b904ee4d7d52b86d36cdf7a471b08dcbdffaecea0a9d394574_MERGED",
      "4118854677_0x51d877bbc32d20b904ee4d7d52b86d36cdf7a471b08dcbdffaecea0a9d394574_MERGED",
      "4118854677_0x51d877bbc32d20b904ee4d7d52b86d36cdf7a471b08dcbdffaecea0a9d394574_MERGED",
      "4118854677_0x9dc6ad32be0828d566d8d6c7c82be40a9515e3a2ecc8e91c62a68f5050d7aabd_MERGED",
      "4118854677_0x9dc6ad32be0828d566d8d6c7c82be40a9515e3a2ecc8e91c62a68f5050d7aabd_MERGED",
      "4118854677_0x9dc6ad32be0828d566d8d6c7c82be40a9515e3a2ecc8e91c62a68f5050d7aabd_MERGED",
      "4118854677_0x9dc6ad32be0828d566d8d6c7c82be40a9515e3a2ecc8e91c62a68f5050d7aabd_MERGED",
      "4118854677_0x9dc6ad32be0828d566d8d6c7c82be40a9515e3a2ecc8e91c62a68f5050d7aabd_MERGED",
      "4118854677_0x9dc6ad32be0828d566d8d6c7c82be40a9515e3a2ecc8e91c62a68f5050d7aabd_MERGED",
      "4118854677_0x9dc6ad32be0828d566d8d6c7c82be40a9515e3a2ecc8e91c62a68f5050d7aabd_MERGED",
      "4118854677_0xf60f1185d405a327a0892cbf9a7de56f60a419f4f1d07483b64c1f4168e4c0b4_ERC20_362",
      "4118854677_0xf60f1185d405a327a0892cbf9a7de56f60a419f4f1d07483b64c1f4168e4c0b4_ERC20_362",
      "4118854677_0xf60f1185d405a327a0892cbf9a7de56f60a419f4f1d07483b64c1f4168e4c0b4_ERC20_362",
      "4118854677_0xf60f1185d405a327a0892cbf9a7de56f60a419f4f1d07483b64c1f4168e4c0b4_ERC20_362",
      "4118854677_0xf60f1185d405a327a0892cbf9a7de56f60a419f4f1d07483b64c1f4168e4c0b4_ERC20_362",
      "4118854677_0xf60f1185d405a327a0892cbf9a7de56f60a419f4f1d07483b64c1f4168e4c0b4_ERC20_362",
      "4118854677_0xf60f1185d405a327a0892cbf9a7de56f60a419f4f1d07483b64c1f4168e4c0b4_ERC20_362",
    ],
  },
  {
    "amount": 0.07052041880285556,
    "assetId": "ethereum:0x0bc529c00C6401aEF6D220BE8C6Ea1667F6Ad93e:YFI",
    "auditLogIds": [
      "4118854677_0x19aae99a0fb4ef9cf741ad91ab3975c2900ee5cf574fb009db15b1bd27c52630_ERC20_351_TRANSFER_351",
      "4118854677_0xb8fdfcacdcb9fd030c26143ffc72ec3b275bd096d9268be3f595870188ad2b84_ERC20_370_TRANSFER_370",
      "4118854677_0x19aae99a0fb4ef9cf741ad91ab3975c2900ee5cf574fb009db15b1bd27c52630_ERC20_351_TRANSFER_351",
      "4118854677_0xb8fdfcacdcb9fd030c26143ffc72ec3b275bd096d9268be3f595870188ad2b84_ERC20_370_TRANSFER_370",
    ],
    "balance": 0,
    "closedAt": 1616199297000,
    "createdAt": 1611168518000,
    "duration": 5030779000,
    "feeAmounts": [],
    "feeAssets": [],
    "id": "3250313946",
    "isOpen": false,
    "soldAmounts": [],
    "soldAssets": [],
    "txIds": [
      "4118854677_0x19aae99a0fb4ef9cf741ad91ab3975c2900ee5cf574fb009db15b1bd27c52630_ERC20_351",
      "4118854677_0x19aae99a0fb4ef9cf741ad91ab3975c2900ee5cf574fb009db15b1bd27c52630_ERC20_351",
      "4118854677_0xb8fdfcacdcb9fd030c26143ffc72ec3b275bd096d9268be3f595870188ad2b84_MERGED",
      "4118854677_0xb8fdfcacdcb9fd030c26143ffc72ec3b275bd096d9268be3f595870188ad2b84_MERGED",
    ],
  },
]