[
  {
    "amount": 2500,
    "assetId": "ethereum:0x42d6622deCe394b54999Fbd73D108123806f6a18:SPANK",
    "auditLogIds": [
      "4118854677_0x1a090eee53ba9119670b0465854fa390631e90ad71337954ac539da5870e82f5_ERC20_7_TRANSFER_7",
      "4118854677_0x3a25ebdcd2c7e09968d1b65ca6d27baf7368209d2b075072223de7b576822209_ERC20_4_TRANSFER_4",
      "4118854677_0xe67d7ec3a988d192e6b4b2baed860ec58c9fa60787f26a69a6b688f5da0b1b91_ERC20_11_TRANSFER_11",
    ],
    "balance": 0,
    "closedAt": 1537026778000,
    "cost": [],
    "createdAt": 1515370321000,
    "duration": 21656457000,
    "fees": [
      [
        "ethereum:0x0000000000000000000000000000000000000000:ETH",
        "-0.00047548",
      ],
      [
        "ethereum:0x0000000000000000000000000000000000000000:ETH",
        "-0.00016274",
      ],
      [
        "ethereum:0x0000000000000000000000000000000000000000:ETH",
        "-0.00081832",
      ],
    ],
    "id": "trade_2649326437",
    "isOpen": false,
    "profit": [],
    "tradeType": "Long",
    "txIds": [
      "4118854677_0x1a090eee53ba9119670b0465854fa390631e90ad71337954ac539da5870e82f5_MERGED",
      "4118854677_0x3a25ebdcd2c7e09968d1b65ca6d27baf7368209d2b075072223de7b576822209_MERGED",
      "4118854677_0xe67d7ec3a988d192e6b4b2baed860ec58c9fa60787f26a69a6b688f5da0b1b91_MERGED",
    ],
  },
  {
    "amount": 4005,
    "assetId": "ethereum:0x960b236A07cf122663c4303350609A66A7B288C0:ANT",
    "auditLogIds": [
      "4118854677_0x1fd2be795240265958b61ac17317d423018a48b3eb38187911fa55b48a3e4005_ERC20_34_TRANSFER_34",
      "4118854677_0x42ecadbcf5f0ea762f1f16cebbc250f9bcfb55105c3b017066e0084ee037807f_ERC20_146_TRANSFER_146",
      "4118854677_0x7032ccd39eae090e8a66f41e59b5effaa4db4b83cf3b7436aaab3e8ec73e56c3_ERC20_5_TRANSFER_5",
    ],
    "balance": 0,
    "closedAt": 1578932942000,
    "cost": [],
    "createdAt": 1515836869000,
    "duration": 63096073000,
    "fees": [
      [
        "ethereum:0x0000000000000000000000000000000000000000:ETH",
        "-0.002278515",
      ],
    ],
    "id": "trade_1138269702",
    "isOpen": false,
    "profit": [],
    "tradeType": "Long",
    "txIds": [
      "4118854677_0x1fd2be795240265958b61ac17317d423018a48b3eb38187911fa55b48a3e4005_ERC20_34",
      "4118854677_0x42ecadbcf5f0ea762f1f16cebbc250f9bcfb55105c3b017066e0084ee037807f_MERGED",
      "4118854677_0x7032ccd39eae090e8a66f41e59b5effaa4db4b83cf3b7436aaab3e8ec73e56c3_ERC20_5",
    ],
  },
  {
    "amount": 441,
    "assetId": "ethereum:0xa74476443119A942dE498590Fe1f2454d7D4aC0d:GNT",
    "auditLogIds": [
      "4118854677_0x9dc2d9220e8bbdc638a2840d1996b6f3f8f48d0e1597e0644150479b0e920802_ERC20_6_TRANSFER_6",
    ],
    "balance": 441,
    "cost": [],
    "createdAt": 1515836927000,
    "fees": [],
    "id": "trade_3199604797",
    "isOpen": true,
    "profit": [],
    "tradeType": "Long",
    "txIds": [
      "4118854677_0x9dc2d9220e8bbdc638a2840d1996b6f3f8f48d0e1597e0644150479b0e920802_ERC20_6",
    ],
  },
  {
    "amount": 98.2,
    "assetId": "ethereum:0xB9e7F8568e08d5659f5D29C4997173d84CdF2607:SWT",
    "auditLogIds": [
      "4118854677_0x4570a500b6623987d88f196c28440e00c7e0325def08a88acdca20401b6f4bc5_ERC20_8_TRANSFER_8",
    ],
    "balance": 98.2,
    "cost": [],
    "createdAt": 1515838614000,
    "fees": [],
    "id": "trade_1844205097",
    "isOpen": true,
    "profit": [],
    "tradeType": "Long",
    "txIds": [
      "4118854677_0x4570a500b6623987d88f196c28440e00c7e0325def08a88acdca20401b6f4bc5_ERC20_8",
    ],
  },
  {
    "amount": 1156,
    "assetId": "ethereum:0xE4E5E5e15dd6BcEBe489e5fABB4E8Bf8E01684DE:INT",
    "auditLogIds": [
      "4118854677_0xfad850b4508c51dbb107b79c397d70938ac81269a0c0cc112eb77b71dd90c573_ERC20_10_TRANSFER_10",
    ],
    "balance": 1156,
    "cost": [],
    "createdAt": 1530032844000,
    "fees": [],
    "id": "trade_948115510",
    "isOpen": true,
    "profit": [],
    "tradeType": "Long",
    "txIds": [
      "4118854677_0xfad850b4508c51dbb107b79c397d70938ac81269a0c0cc112eb77b71dd90c573_ERC20_10",
    ],
  },
]