[
  {
    "amount": 5794.773921,
    "assetId": "ethereum:0xA0b86991c6218b36c1d19D4a2e9Eb0cE3606eB48:USDC",
    "auditLogIds": [
      "4118854677_0x16aa187a9077acfa3f40596922bfdb0bdedd9ecbf9e659b362acd7dc31430450_ERC20_251_TRANSFER_251",
      "4118854677_0x50b8b2280176aa2e7b884e57410f6ddcb9283ca96a5c511032455a3a6aec9a5a_ERC20_255_TRANSFER_255",
      "4118854677_0x57183b743c7db3ce7db411f7575d74c560573ea2a1ae546a64dd13a4b4a8c5bb_ERC20_254_TRANSFER_254",
      "4118854677_0xdf0f78a114201716d3269be07e9e205a7cb27bc9e30e437805f4bb9f9e28bbe0_ERC20_250_TRANSFER_250",
      "4118854677_0x16aa187a9077acfa3f40596922bfdb0bdedd9ecbf9e659b362acd7dc31430450_ERC20_251_TRANSFER_251",
      "4118854677_0x50b8b2280176aa2e7b884e57410f6ddcb9283ca96a5c511032455a3a6aec9a5a_ERC20_255_TRANSFER_255",
      "4118854677_0x57183b743c7db3ce7db411f7575d74c560573ea2a1ae546a64dd13a4b4a8c5bb_ERC20_254_TRANSFER_254",
      "4118854677_0xdf0f78a114201716d3269be07e9e205a7cb27bc9e30e437805f4bb9f9e28bbe0_ERC20_250_TRANSFER_250",
      "4118854677_0x16aa187a9077acfa3f40596922bfdb0bdedd9ecbf9e659b362acd7dc31430450_ERC20_251_TRANSFER_251",
      "4118854677_0x50b8b2280176aa2e7b884e57410f6ddcb9283ca96a5c511032455a3a6aec9a5a_ERC20_255_TRANSFER_255",
      "4118854677_0x57183b743c7db3ce7db411f7575d74c560573ea2a1ae546a64dd13a4b4a8c5bb_ERC20_254_TRANSFER_254",
      "4118854677_0xdf0f78a114201716d3269be07e9e205a7cb27bc9e30e437805f4bb9f9e28bbe0_ERC20_250_TRANSFER_250",
      "4118854677_0x16aa187a9077acfa3f40596922bfdb0bdedd9ecbf9e659b362acd7dc31430450_ERC20_251_TRANSFER_251",
      "4118854677_0x50b8b2280176aa2e7b884e57410f6ddcb9283ca96a5c511032455a3a6aec9a5a_ERC20_255_TRANSFER_255",
      "4118854677_0x57183b743c7db3ce7db411f7575d74c560573ea2a1ae546a64dd13a4b4a8c5bb_ERC20_254_TRANSFER_254",
      "4118854677_0xdf0f78a114201716d3269be07e9e205a7cb27bc9e30e437805f4bb9f9e28bbe0_ERC20_250_TRANSFER_250",
    ],
    "balance": 0,
    "closedAt": 1595880708000,
    "createdAt": 1594502905000,
    "duration": 1377803000,
    "feeAmounts": [],
    "feeAssets": [],
    "id": "2143331180",
    "isOpen": false,
    "soldAmounts": [],
    "soldAssets": [],
    "txIds": [
      "4118854677_0x16aa187a9077acfa3f40596922bfdb0bdedd9ecbf9e659b362acd7dc31430450_MERGED",
      "4118854677_0x16aa187a9077acfa3f40596922bfdb0bdedd9ecbf9e659b362acd7dc31430450_MERGED",
      "4118854677_0x16aa187a9077acfa3f40596922bfdb0bdedd9ecbf9e659b362acd7dc31430450_MERGED",
      "4118854677_0x16aa187a9077acfa3f40596922bfdb0bdedd9ecbf9e659b362acd7dc31430450_MERGED",
      "4118854677_0x50b8b2280176aa2e7b884e57410f6ddcb9283ca96a5c511032455a3a6aec9a5a_MERGED",
      "4118854677_0x50b8b2280176aa2e7b884e57410f6ddcb9283ca96a5c511032455a3a6aec9a5a_MERGED",
      "4118854677_0x50b8b2280176aa2e7b884e57410f6ddcb9283ca96a5c511032455a3a6aec9a5a_MERGED",
      "4118854677_0x50b8b2280176aa2e7b884e57410f6ddcb9283ca96a5c511032455a3a6aec9a5a_MERGED",
      "4118854677_0x57183b743c7db3ce7db411f7575d74c560573ea2a1ae546a64dd13a4b4a8c5bb_ERC20_254",
      "4118854677_0x57183b743c7db3ce7db411f7575d74c560573ea2a1ae546a64dd13a4b4a8c5bb_ERC20_254",
      "4118854677_0x57183b743c7db3ce7db411f7575d74c560573ea2a1ae546a64dd13a4b4a8c5bb_ERC20_254",
      "4118854677_0x57183b743c7db3ce7db411f7575d74c560573ea2a1ae546a64dd13a4b4a8c5bb_ERC20_254",
      "4118854677_0xdf0f78a114201716d3269be07e9e205a7cb27bc9e30e437805f4bb9f9e28bbe0_MERGED",
      "4118854677_0xdf0f78a114201716d3269be07e9e205a7cb27bc9e30e437805f4bb9f9e28bbe0_MERGED",
      "4118854677_0xdf0f78a114201716d3269be07e9e205a7cb27bc9e30e437805f4bb9f9e28bbe0_MERGED",
      "4118854677_0xdf0f78a114201716d3269be07e9e205a7cb27bc9e30e437805f4bb9f9e28bbe0_MERGED",
    ],
  },
  {
    "amount": 4506.611832,
    "assetId": "ethereum:0xA0b86991c6218b36c1d19D4a2e9Eb0cE3606eB48:USDC",
    "auditLogIds": [
      "4118854677_0x1ee00ef787754995138dd60f5916c540736e5d7c793d3de26b0123af59d99027_ERC20_248_TRANSFER_248",
      "4118854677_0xb843b8e860bd9b947f66a795799bd984a40199db0d79b549372b5fe2fcaec5f2_ERC20_245_TRANSFER_245",
      "4118854677_0x1ee00ef787754995138dd60f5916c540736e5d7c793d3de26b0123af59d99027_ERC20_248_TRANSFER_248",
      "4118854677_0xb843b8e860bd9b947f66a795799bd984a40199db0d79b549372b5fe2fcaec5f2_ERC20_245_TRANSFER_245",
    ],
    "balance": 0,
    "closedAt": 1593639109000,
    "createdAt": 1593638829000,
    "duration": 280000,
    "feeAmounts": [],
    "feeAssets": [],
    "id": "61740217",
    "isOpen": false,
    "soldAmounts": [],
    "soldAssets": [],
    "txIds": [
      "4118854677_0x1ee00ef787754995138dd60f5916c540736e5d7c793d3de26b0123af59d99027_ERC20_248",
      "4118854677_0x1ee00ef787754995138dd60f5916c540736e5d7c793d3de26b0123af59d99027_ERC20_248",
      "4118854677_0xb843b8e860bd9b947f66a795799bd984a40199db0d79b549372b5fe2fcaec5f2_MERGED",
      "4118854677_0xb843b8e860bd9b947f66a795799bd984a40199db0d79b549372b5fe2fcaec5f2_MERGED",
    ],
  },
  {
    "amount": 4436.296511716325,
    "assetId": "ethereum:0x6B175474E89094C44Da98b954EedeAC495271d0F:DAI",
    "auditLogIds": [
      "4118854677_0x4806d8d4d3771b16ac4a2a78e914365b2c23335483a29615ce725ecaccd74530_ERC20_243_TRANSFER_243",
      "4118854677_0xb843b8e860bd9b947f66a795799bd984a40199db0d79b549372b5fe2fcaec5f2_ERC20_244_TRANSFER_244",
      "4118854677_0x4806d8d4d3771b16ac4a2a78e914365b2c23335483a29615ce725ecaccd74530_ERC20_243_TRANSFER_243",
      "4118854677_0xb843b8e860bd9b947f66a795799bd984a40199db0d79b549372b5fe2fcaec5f2_ERC20_244_TRANSFER_244",
    ],
    "balance": 0,
    "closedAt": 1593638829000,
    "createdAt": 1593638650000,
    "duration": 179000,
    "feeAmounts": [],
    "feeAssets": [],
    "id": "1706416869",
    "isOpen": false,
    "soldAmounts": [],
    "soldAssets": [],
    "txIds": [
      "4118854677_0x4806d8d4d3771b16ac4a2a78e914365b2c23335483a29615ce725ecaccd74530_ERC20_243",
      "4118854677_0x4806d8d4d3771b16ac4a2a78e914365b2c23335483a29615ce725ecaccd74530_ERC20_243",
      "4118854677_0xb843b8e860bd9b947f66a795799bd984a40199db0d79b549372b5fe2fcaec5f2_MERGED",
      "4118854677_0xb843b8e860bd9b947f66a795799bd984a40199db0d79b549372b5fe2fcaec5f2_MERGED",
    ],
  },
  {
    "amount": 2084.0613084998813,
    "assetId": "ethereum:0xdF5e0e81Dff6FAF3A7e52BA697820c5e32D806A8:yDAI+yUSDC+yUSDT+yTUSD",
    "auditLogIds": [
      "4118854677_0x55aa06b0b008d59e6d289a7db8cb2245baceeab20bc078a426d434dc16b3dbfa_ERC20_240_TRANSFER_240",
      "4118854677_0xdf0f78a114201716d3269be07e9e205a7cb27bc9e30e437805f4bb9f9e28bbe0_ERC20_249_TRANSFER_249",
      "4118854677_0x55aa06b0b008d59e6d289a7db8cb2245baceeab20bc078a426d434dc16b3dbfa_ERC20_240_TRANSFER_240",
      "4118854677_0xdf0f78a114201716d3269be07e9e205a7cb27bc9e30e437805f4bb9f9e28bbe0_ERC20_249_TRANSFER_249",
    ],
    "balance": 0,
    "closedAt": 1594502905000,
    "createdAt": 1592732464000,
    "duration": 1770441000,
    "feeAmounts": [],
    "feeAssets": [],
    "id": "806991035",
    "isOpen": false,
    "soldAmounts": [],
    "soldAssets": [],
    "txIds": [
      "4118854677_0x55aa06b0b008d59e6d289a7db8cb2245baceeab20bc078a426d434dc16b3dbfa_MERGED",
      "4118854677_0x55aa06b0b008d59e6d289a7db8cb2245baceeab20bc078a426d434dc16b3dbfa_MERGED",
      "4118854677_0xdf0f78a114201716d3269be07e9e205a7cb27bc9e30e437805f4bb9f9e28bbe0_MERGED",
      "4118854677_0xdf0f78a114201716d3269be07e9e205a7cb27bc9e30e437805f4bb9f9e28bbe0_MERGED",
    ],
  },
  {
    "amount": 2146,
    "assetId": "ethereum:0x6B175474E89094C44Da98b954EedeAC495271d0F:DAI",
    "auditLogIds": [
      "4118854677_0x4477afa5c347a0a2e36ca150b53e2ee458333b1963d6caa6901fc2682ce89056_ERC20_238_TRANSFER_238",
      "4118854677_0x55aa06b0b008d59e6d289a7db8cb2245baceeab20bc078a426d434dc16b3dbfa_ERC20_239_TRANSFER_239",
      "4118854677_0x4477afa5c347a0a2e36ca150b53e2ee458333b1963d6caa6901fc2682ce89056_ERC20_238_TRANSFER_238",
      "4118854677_0x55aa06b0b008d59e6d289a7db8cb2245baceeab20bc078a426d434dc16b3dbfa_ERC20_239_TRANSFER_239",
    ],
    "balance": 0,
    "closedAt": 1592732464000,
    "createdAt": 1592693759000,
    "duration": 38705000,
    "feeAmounts": [],
    "feeAssets": [],
    "id": "981405630",
    "isOpen": false,
    "soldAmounts": [],
    "soldAssets": [],
    "txIds": [
      "4118854677_0x4477afa5c347a0a2e36ca150b53e2ee458333b1963d6caa6901fc2682ce89056_MERGED",
      "4118854677_0x4477afa5c347a0a2e36ca150b53e2ee458333b1963d6caa6901fc2682ce89056_MERGED",
      "4118854677_0x55aa06b0b008d59e6d289a7db8cb2245baceeab20bc078a426d434dc16b3dbfa_MERGED",
      "4118854677_0x55aa06b0b008d59e6d289a7db8cb2245baceeab20bc078a426d434dc16b3dbfa_MERGED",
    ],
  },
]