[
  {
    "amount": "0.33333333",
    "assetId": "chain.ethereum:0x2260FAC5E5542a773Aa44fBCfeDf7C193bc2C599:WBTC",
    "auditLogIds": [
      "4118854677_0x2c636c80d4a19e291285c82f680f92e9dbeea3a7200049bb0ead7cb25f461f93_ERC20_312_TRANSFER_312",
      "4118854677_0x789b45fc79a11c0a37895a39d3b33c4d6d52490a62cb20cec49731fc3cd4fc90_ERC20_314_TRANSFER_314",
    ],
    "balance": "0",
    "closedAt": 1605910365000,
    "cost": [],
    "createdAt": 1605905339000,
    "deposits": [
      [
        "chain.ethereum:0x2260FAC5E5542a773Aa44fBCfeDf7C193bc2C599:WBTC",
        "0.33333333",
        "0",
        "4118854677_0x2c636c80d4a19e291285c82f680f92e9dbeea3a7200049bb0ead7cb25f461f93_ERC20_312",
        1605905339000,
      ],
    ],
    "duration": 5026000,
    "fees": [],
    "id": "829655108",
    "proceeds": [
      [
        "chain.ethereum:0xC11b1268C1A384e55C48c2391d8d480264A3A7F4:cWBTC",
        "16.50923151",
        "0",
        "0.33333333",
        "4118854677_0x789b45fc79a11c0a37895a39d3b33c4d6d52490a62cb20cec49731fc3cd4fc90_MERGED",
        1605910365000,
      ],
    ],
    "tradeNumber": 71,
    "tradeStatus": "closed",
    "tradeType": "Long",
    "txIds": [
      "4118854677_0x2c636c80d4a19e291285c82f680f92e9dbeea3a7200049bb0ead7cb25f461f93_ERC20_312",
      "4118854677_0x789b45fc79a11c0a37895a39d3b33c4d6d52490a62cb20cec49731fc3cd4fc90_MERGED",
    ],
  },
  {
    "amount": "2511.22",
    "assetId": "chain.ethereum:0xA0b86991c6218b36c1d19D4a2e9Eb0cE3606eB48:USDC",
    "auditLogIds": [
      "4118854677_0x4d9e790b7883c7d78d4354756639facf7330c587a55dc1f2364f679322f02cca_ERC20_317_TRANSFER_317",
      "4118854677_0xfd187c7ae91d9e23ec9c85ce485e3519f23099866d943d93a7cadd5815154308_ERC20_313_TRANSFER_313",
    ],
    "balance": "0",
    "closedAt": 1605912885000,
    "cost": [],
    "createdAt": 1605905577000,
    "deposits": [
      [
        "chain.ethereum:0xA0b86991c6218b36c1d19D4a2e9Eb0cE3606eB48:USDC",
        "2511.22",
        "0",
        "4118854677_0xfd187c7ae91d9e23ec9c85ce485e3519f23099866d943d93a7cadd5815154308_ERC20_313",
        1605905577000,
      ],
    ],
    "duration": 7308000,
    "fees": [],
    "id": "2765498526",
    "proceeds": [
      [
        "chain.ethereum:0xc00e94Cb662C3520282E6f5717214004A7f26888:COMP",
        "0.074090868129179643",
        "0",
        "2511.22",
        "4118854677_0x4d9e790b7883c7d78d4354756639facf7330c587a55dc1f2364f679322f02cca_MERGED",
        1605912885000,
      ],
    ],
    "tradeNumber": 72,
    "tradeStatus": "closed",
    "tradeType": "Long",
    "txIds": [
      "4118854677_0x4d9e790b7883c7d78d4354756639facf7330c587a55dc1f2364f679322f02cca_MERGED",
      "4118854677_0xfd187c7ae91d9e23ec9c85ce485e3519f23099866d943d93a7cadd5815154308_ERC20_313",
    ],
  },
  {
    "amount": "16.50923151",
    "assetId": "chain.ethereum:0xC11b1268C1A384e55C48c2391d8d480264A3A7F4:cWBTC",
    "auditLogIds": [
      "4118854677_0x0464adb7da9b904fdf9cacb56586f9a940dc5882ad7b345e51517c5235699ee5_ERC20_388_TRANSFER_388",
      "4118854677_0x789b45fc79a11c0a37895a39d3b33c4d6d52490a62cb20cec49731fc3cd4fc90_ERC20_315_TRANSFER_315",
      "4118854677_0xb5058b9318c96b15cd6bc7add45a3eeb545018073498fad81f665aeef71a5268_ERC20_367_TRANSFER_367",
      "4118854677_0xd5638393a147242d76a3487d84d5ba89954673dd2e50435ce64b84bd06c7b01e_ERC20_332_TRANSFER_332",
    ],
    "balance": "0.00177433",
    "cost": [
      [
        "chain.ethereum:0x2260FAC5E5542a773Aa44fBCfeDf7C193bc2C599:WBTC",
        "-0.33333333",
        "0",
        "16.50923151",
        "4118854677_0x789b45fc79a11c0a37895a39d3b33c4d6d52490a62cb20cec49731fc3cd4fc90_MERGED",
        1605910365000,
      ],
    ],
    "createdAt": 1605910365000,
    "deposits": [],
    "fees": [],
    "id": "19468732",
    "proceeds": [
      [
        "chain.ethereum:0x2260FAC5E5542a773Aa44fBCfeDf7C193bc2C599:WBTC",
        "0.02",
        "0",
        "0.99054543",
        "4118854677_0xd5638393a147242d76a3487d84d5ba89954673dd2e50435ce64b84bd06c7b01e_MERGED",
        1607086209000,
      ],
      [
        "chain.ethereum:0x2260FAC5E5542a773Aa44fBCfeDf7C193bc2C599:WBTC",
        "0.25",
        "0",
        "12.37397634",
        "4118854677_0xb5058b9318c96b15cd6bc7add45a3eeb545018073498fad81f665aeef71a5268_MERGED",
        1615918107000,
      ],
      [
        "chain.ethereum:0x2260FAC5E5542a773Aa44fBCfeDf7C193bc2C599:WBTC",
        "0.0635",
        "0",
        "3.14293541",
        "4118854677_0x0464adb7da9b904fdf9cacb56586f9a940dc5882ad7b345e51517c5235699ee5_MERGED",
        1616208354000,
      ],
    ],
    "tradeNumber": 73,
    "tradeStatus": "open",
    "tradeType": "Long",
    "txIds": [
      "4118854677_0x0464adb7da9b904fdf9cacb56586f9a940dc5882ad7b345e51517c5235699ee5_MERGED",
      "4118854677_0x789b45fc79a11c0a37895a39d3b33c4d6d52490a62cb20cec49731fc3cd4fc90_MERGED",
      "4118854677_0xb5058b9318c96b15cd6bc7add45a3eeb545018073498fad81f665aeef71a5268_MERGED",
      "4118854677_0xd5638393a147242d76a3487d84d5ba89954673dd2e50435ce64b84bd06c7b01e_MERGED",
    ],
  },
  {
    "amount": "17",
    "assetId": "chain.ethereum:0x429881672B9AE42b8EbA0E26cD9C73711b891Ca5:PICKLE",
    "auditLogIds": [
      "4118854677_0x0d9f79bb800e863e8a46ed869c2192c5174a0d5e3a04c715bdf234fc49cd1af9_ERC20_320_TRANSFER_320",
      "4118854677_0x3d5efff416fb9b531e80f9f42e44a4e8a4c6673d22905cf2af0446d5b9e405c4_ERC20_328_TRANSFER_328",
    ],
    "balance": "0",
    "closedAt": 1606905817000,
    "cost": [],
    "createdAt": 1606241643000,
    "deposits": [
      [
        "chain.ethereum:0x429881672B9AE42b8EbA0E26cD9C73711b891Ca5:PICKLE",
        "17",
        "0",
        "4118854677_0x0d9f79bb800e863e8a46ed869c2192c5174a0d5e3a04c715bdf234fc49cd1af9_ERC20_320",
        1606241643000,
      ],
      [
        "chain.ethereum:0x429881672B9AE42b8EbA0E26cD9C73711b891Ca5:PICKLE",
        "-17",
        "0",
        "4118854677_0x3d5efff416fb9b531e80f9f42e44a4e8a4c6673d22905cf2af0446d5b9e405c4_MERGED",
        1606905817000,
      ],
    ],
    "duration": 664174000,
    "fees": [],
    "id": "3661043370",
    "proceeds": [],
    "tradeNumber": 74,
    "tradeStatus": "closed",
    "tradeType": "Long",
    "txIds": [
      "4118854677_0x0d9f79bb800e863e8a46ed869c2192c5174a0d5e3a04c715bdf234fc49cd1af9_ERC20_320",
      "4118854677_0x3d5efff416fb9b531e80f9f42e44a4e8a4c6673d22905cf2af0446d5b9e405c4_MERGED",
    ],
  },
  {
    "amount": "0.0508494402157599",
    "assetId": "chain.ethereum:0x0bc529c00C6401aEF6D220BE8C6Ea1667F6Ad93e:YFI",
    "auditLogIds": [
      "4118854677_0x167685ab25a6d44e05ab62b5209dccee358f4e011efe73f6e2e553a5c31e159b_ERC20_344_TRANSFER_344",
      "4118854677_0x9a6e1b69ff202eb42683bfcb8e2e4dc40d35146cc902540cf9a65f519c2e13c6_ERC20_325_TRANSFER_325",
      "4118854677_0xbe645fb0ad7851f21178f2d87388f9b3ea5e480f777febf35160a173cd3afd84_ERC20_346_TRANSFER_346",
    ],
    "balance": "0",
    "closedAt": 1610013041000,
    "cost": [
      [
        "chain.ethereum:0xBA2E7Fed597fd0E3e70f5130BcDbbFE06bB94fe1:yYFI",
        "-0.050208682006894037",
        "0",
        "0.050843401760063018",
        "4118854677_0x167685ab25a6d44e05ab62b5209dccee358f4e011efe73f6e2e553a5c31e159b_MERGED",
        1609969554000,
      ],
    ],
    "createdAt": 1606900696000,
    "deposits": [
      [
        "chain.ethereum:0x0bc529c00C6401aEF6D220BE8C6Ea1667F6Ad93e:YFI",
        "0.000006038455696881",
        "0",
        "4118854677_0x9a6e1b69ff202eb42683bfcb8e2e4dc40d35146cc902540cf9a65f519c2e13c6_ERC20_325",
        1606900696000,
      ],
      [
        "chain.ethereum:0x0bc529c00C6401aEF6D220BE8C6Ea1667F6Ad93e:YFI",
        "-0.050849440215759899",
        "0",
        "4118854677_0xbe645fb0ad7851f21178f2d87388f9b3ea5e480f777febf35160a173cd3afd84_MERGED",
        1610013041000,
      ],
    ],
    "duration": 3112345000,
    "fees": [],
    "id": "1750782724",
    "proceeds": [],
    "tradeNumber": 75,
    "tradeStatus": "closed",
    "tradeType": "Long",
    "txIds": [
      "4118854677_0x167685ab25a6d44e05ab62b5209dccee358f4e011efe73f6e2e553a5c31e159b_MERGED",
      "4118854677_0x9a6e1b69ff202eb42683bfcb8e2e4dc40d35146cc902540cf9a65f519c2e13c6_ERC20_325",
      "4118854677_0xbe645fb0ad7851f21178f2d87388f9b3ea5e480f777febf35160a173cd3afd84_MERGED",
    ],
  },
]