[
  {
    "amount": 2750,
    "assetId": "ethereum:0x89d24A6b4CcB1B6fAA2625fE562bDD9a23260359:SAI",
    "auditLogIds": [
      "4118854677_0x2109a443c92386c66521fb2573d5a9d7db392a58828e90c44421ec64c89cfd8d_ERC20_112_TRANSFER_112",
      "4118854677_0x5b7ea76aa06b159e34097238889ec075605c2992c9f14e8f5ce5f589b0bce2c4_ERC20_109_TRANSFER_109",
      "4118854677_0x7859bffe00f36d9bdb8982fba84a5614bc84dc517706b80b38904450edb54f6f_ERC20_114_TRANSFER_114",
      "4118854677_0xaa1848cdd32258158e3e3016678448a5907af77f5536a32ef1e515a42456a81b_ERC20_110_TRANSFER_110",
      "4118854677_0xd8645f98ea81b76e6a6cb74f130a3721a1b1e314e80fb146f0d64bc9f4f40ff2_ERC20_111_TRANSFER_111",
      "4118854677_0x2109a443c92386c66521fb2573d5a9d7db392a58828e90c44421ec64c89cfd8d_ERC20_112_TRANSFER_112",
      "4118854677_0x5b7ea76aa06b159e34097238889ec075605c2992c9f14e8f5ce5f589b0bce2c4_ERC20_109_TRANSFER_109",
      "4118854677_0x7859bffe00f36d9bdb8982fba84a5614bc84dc517706b80b38904450edb54f6f_ERC20_114_TRANSFER_114",
      "4118854677_0xaa1848cdd32258158e3e3016678448a5907af77f5536a32ef1e515a42456a81b_ERC20_110_TRANSFER_110",
      "4118854677_0xd8645f98ea81b76e6a6cb74f130a3721a1b1e314e80fb146f0d64bc9f4f40ff2_ERC20_111_TRANSFER_111",
      "4118854677_0x2109a443c92386c66521fb2573d5a9d7db392a58828e90c44421ec64c89cfd8d_ERC20_112_TRANSFER_112",
      "4118854677_0x5b7ea76aa06b159e34097238889ec075605c2992c9f14e8f5ce5f589b0bce2c4_ERC20_109_TRANSFER_109",
      "4118854677_0x7859bffe00f36d9bdb8982fba84a5614bc84dc517706b80b38904450edb54f6f_ERC20_114_TRANSFER_114",
      "4118854677_0xaa1848cdd32258158e3e3016678448a5907af77f5536a32ef1e515a42456a81b_ERC20_110_TRANSFER_110",
      "4118854677_0xd8645f98ea81b76e6a6cb74f130a3721a1b1e314e80fb146f0d64bc9f4f40ff2_ERC20_111_TRANSFER_111",
      "4118854677_0x2109a443c92386c66521fb2573d5a9d7db392a58828e90c44421ec64c89cfd8d_ERC20_112_TRANSFER_112",
      "4118854677_0x5b7ea76aa06b159e34097238889ec075605c2992c9f14e8f5ce5f589b0bce2c4_ERC20_109_TRANSFER_109",
      "4118854677_0x7859bffe00f36d9bdb8982fba84a5614bc84dc517706b80b38904450edb54f6f_ERC20_114_TRANSFER_114",
      "4118854677_0xaa1848cdd32258158e3e3016678448a5907af77f5536a32ef1e515a42456a81b_ERC20_110_TRANSFER_110",
      "4118854677_0xd8645f98ea81b76e6a6cb74f130a3721a1b1e314e80fb146f0d64bc9f4f40ff2_ERC20_111_TRANSFER_111",
      "4118854677_0x2109a443c92386c66521fb2573d5a9d7db392a58828e90c44421ec64c89cfd8d_ERC20_112_TRANSFER_112",
      "4118854677_0x5b7ea76aa06b159e34097238889ec075605c2992c9f14e8f5ce5f589b0bce2c4_ERC20_109_TRANSFER_109",
      "4118854677_0x7859bffe00f36d9bdb8982fba84a5614bc84dc517706b80b38904450edb54f6f_ERC20_114_TRANSFER_114",
      "4118854677_0xaa1848cdd32258158e3e3016678448a5907af77f5536a32ef1e515a42456a81b_ERC20_110_TRANSFER_110",
      "4118854677_0xd8645f98ea81b76e6a6cb74f130a3721a1b1e314e80fb146f0d64bc9f4f40ff2_ERC20_111_TRANSFER_111",
    ],
    "balance": 0,
    "closedAt": 1574331905000,
    "createdAt": 1574096160000,
    "duration": 235745000,
    "feeAmounts": [],
    "feeAssets": [],
    "id": "202415488",
    "isOpen": false,
    "soldAmounts": [],
    "soldAssets": [],
    "txIds": [
      "4118854677_0x2109a443c92386c66521fb2573d5a9d7db392a58828e90c44421ec64c89cfd8d_MERGED",
      "4118854677_0x2109a443c92386c66521fb2573d5a9d7db392a58828e90c44421ec64c89cfd8d_MERGED",
      "4118854677_0x2109a443c92386c66521fb2573d5a9d7db392a58828e90c44421ec64c89cfd8d_MERGED",
      "4118854677_0x2109a443c92386c66521fb2573d5a9d7db392a58828e90c44421ec64c89cfd8d_MERGED",
      "4118854677_0x2109a443c92386c66521fb2573d5a9d7db392a58828e90c44421ec64c89cfd8d_MERGED",
      "4118854677_0x5b7ea76aa06b159e34097238889ec075605c2992c9f14e8f5ce5f589b0bce2c4_ERC20_109",
      "4118854677_0x5b7ea76aa06b159e34097238889ec075605c2992c9f14e8f5ce5f589b0bce2c4_ERC20_109",
      "4118854677_0x5b7ea76aa06b159e34097238889ec075605c2992c9f14e8f5ce5f589b0bce2c4_ERC20_109",
      "4118854677_0x5b7ea76aa06b159e34097238889ec075605c2992c9f14e8f5ce5f589b0bce2c4_ERC20_109",
      "4118854677_0x5b7ea76aa06b159e34097238889ec075605c2992c9f14e8f5ce5f589b0bce2c4_ERC20_109",
      "4118854677_0x7859bffe00f36d9bdb8982fba84a5614bc84dc517706b80b38904450edb54f6f_MERGED",
      "4118854677_0x7859bffe00f36d9bdb8982fba84a5614bc84dc517706b80b38904450edb54f6f_MERGED",
      "4118854677_0x7859bffe00f36d9bdb8982fba84a5614bc84dc517706b80b38904450edb54f6f_MERGED",
      "4118854677_0x7859bffe00f36d9bdb8982fba84a5614bc84dc517706b80b38904450edb54f6f_MERGED",
      "4118854677_0x7859bffe00f36d9bdb8982fba84a5614bc84dc517706b80b38904450edb54f6f_MERGED",
      "4118854677_0xaa1848cdd32258158e3e3016678448a5907af77f5536a32ef1e515a42456a81b_MERGED",
      "4118854677_0xaa1848cdd32258158e3e3016678448a5907af77f5536a32ef1e515a42456a81b_MERGED",
      "4118854677_0xaa1848cdd32258158e3e3016678448a5907af77f5536a32ef1e515a42456a81b_MERGED",
      "4118854677_0xaa1848cdd32258158e3e3016678448a5907af77f5536a32ef1e515a42456a81b_MERGED",
      "4118854677_0xaa1848cdd32258158e3e3016678448a5907af77f5536a32ef1e515a42456a81b_MERGED",
      "4118854677_0xd8645f98ea81b76e6a6cb74f130a3721a1b1e314e80fb146f0d64bc9f4f40ff2_MERGED",
      "4118854677_0xd8645f98ea81b76e6a6cb74f130a3721a1b1e314e80fb146f0d64bc9f4f40ff2_MERGED",
      "4118854677_0xd8645f98ea81b76e6a6cb74f130a3721a1b1e314e80fb146f0d64bc9f4f40ff2_MERGED",
      "4118854677_0xd8645f98ea81b76e6a6cb74f130a3721a1b1e314e80fb146f0d64bc9f4f40ff2_MERGED",
      "4118854677_0xd8645f98ea81b76e6a6cb74f130a3721a1b1e314e80fb146f0d64bc9f4f40ff2_MERGED",
    ],
  },
  {
    "amount": 1000,
    "assetId": "ethereum:0x89d24A6b4CcB1B6fAA2625fE562bDD9a23260359:SAI",
    "auditLogIds": [
      "4118854677_0x2578f9192e8e6afbd0c176fb5245c7ca3d4b346c6c7b92677645272db96d8eba_ERC20_107_TRANSFER_107",
      "4118854677_0x6e37074e64e5a8815af8312636b3878488de32bafa7e4d71d715376bafc9f0ef_ERC20_108_TRANSFER_108",
      "4118854677_0x2578f9192e8e6afbd0c176fb5245c7ca3d4b346c6c7b92677645272db96d8eba_ERC20_107_TRANSFER_107",
      "4118854677_0x6e37074e64e5a8815af8312636b3878488de32bafa7e4d71d715376bafc9f0ef_ERC20_108_TRANSFER_108",
    ],
    "balance": 0,
    "closedAt": 1572358633000,
    "createdAt": 1572358518000,
    "duration": 115000,
    "feeAmounts": [],
    "feeAssets": [],
    "id": "31765407",
    "isOpen": false,
    "soldAmounts": [],
    "soldAssets": [],
    "txIds": [
      "4118854677_0x2578f9192e8e6afbd0c176fb5245c7ca3d4b346c6c7b92677645272db96d8eba_MERGED",
      "4118854677_0x2578f9192e8e6afbd0c176fb5245c7ca3d4b346c6c7b92677645272db96d8eba_MERGED",
      "4118854677_0x6e37074e64e5a8815af8312636b3878488de32bafa7e4d71d715376bafc9f0ef_MERGED",
      "4118854677_0x6e37074e64e5a8815af8312636b3878488de32bafa7e4d71d715376bafc9f0ef_MERGED",
    ],
  },
  {
    "amount": 1000,
    "assetId": "ethereum:0x89d24A6b4CcB1B6fAA2625fE562bDD9a23260359:SAI",
    "auditLogIds": [
      "4118854677_0xa68586eaedd9d796f7a4c6fd0fbeb54517b2db42648790f1d99a4d8c769421bd_ERC20_106_TRANSFER_106",
      "4118854677_0xdfff2f0be7fb6d4a4e41e4301b9918994aa8beec05142030610591806dde1d06_ERC20_104_TRANSFER_104",
      "4118854677_0xa68586eaedd9d796f7a4c6fd0fbeb54517b2db42648790f1d99a4d8c769421bd_ERC20_106_TRANSFER_106",
      "4118854677_0xdfff2f0be7fb6d4a4e41e4301b9918994aa8beec05142030610591806dde1d06_ERC20_104_TRANSFER_104",
    ],
    "balance": 0,
    "closedAt": 1572357369000,
    "createdAt": 1572357141000,
    "duration": 228000,
    "feeAmounts": [],
    "feeAssets": [],
    "id": "4200500833",
    "isOpen": false,
    "soldAmounts": [],
    "soldAssets": [],
    "txIds": [
      "4118854677_0xa68586eaedd9d796f7a4c6fd0fbeb54517b2db42648790f1d99a4d8c769421bd_MERGED",
      "4118854677_0xa68586eaedd9d796f7a4c6fd0fbeb54517b2db42648790f1d99a4d8c769421bd_MERGED",
      "4118854677_0xdfff2f0be7fb6d4a4e41e4301b9918994aa8beec05142030610591806dde1d06_MERGED",
      "4118854677_0xdfff2f0be7fb6d4a4e41e4301b9918994aa8beec05142030610591806dde1d06_MERGED",
    ],
  },
  {
    "amount": 1000,
    "assetId": "ethereum:0x89d24A6b4CcB1B6fAA2625fE562bDD9a23260359:SAI",
    "auditLogIds": [
      "4118854677_0x09c8bc7e0eba6d2d4fb81067347f3cd03da09daea2ec1c9afe1f1f3c69edaad5_ERC20_103_TRANSFER_103",
      "4118854677_0x5913b34d1a02fa8839bb737f4814fd71715ca01d55335dcd7d8736424e727643_ERC20_101_TRANSFER_101",
      "4118854677_0x6a786c2ee7978cb6ac9008562efa060c0a845f9a96060be342604c35325965e7_ERC20_99_TRANSFER_99",
      "4118854677_0xd8f8197a5e445fd8775b9bcfd8beb6660f5c9e1aeff5b506ef77cb8bd9d28663_ERC20_102_TRANSFER_102",
      "4118854677_0x09c8bc7e0eba6d2d4fb81067347f3cd03da09daea2ec1c9afe1f1f3c69edaad5_ERC20_103_TRANSFER_103",
      "4118854677_0x5913b34d1a02fa8839bb737f4814fd71715ca01d55335dcd7d8736424e727643_ERC20_101_TRANSFER_101",
      "4118854677_0x6a786c2ee7978cb6ac9008562efa060c0a845f9a96060be342604c35325965e7_ERC20_99_TRANSFER_99",
      "4118854677_0xd8f8197a5e445fd8775b9bcfd8beb6660f5c9e1aeff5b506ef77cb8bd9d28663_ERC20_102_TRANSFER_102",
      "4118854677_0x09c8bc7e0eba6d2d4fb81067347f3cd03da09daea2ec1c9afe1f1f3c69edaad5_ERC20_103_TRANSFER_103",
      "4118854677_0x5913b34d1a02fa8839bb737f4814fd71715ca01d55335dcd7d8736424e727643_ERC20_101_TRANSFER_101",
      "4118854677_0x6a786c2ee7978cb6ac9008562efa060c0a845f9a96060be342604c35325965e7_ERC20_99_TRANSFER_99",
      "4118854677_0xd8f8197a5e445fd8775b9bcfd8beb6660f5c9e1aeff5b506ef77cb8bd9d28663_ERC20_102_TRANSFER_102",
      "4118854677_0x09c8bc7e0eba6d2d4fb81067347f3cd03da09daea2ec1c9afe1f1f3c69edaad5_ERC20_103_TRANSFER_103",
      "4118854677_0x5913b34d1a02fa8839bb737f4814fd71715ca01d55335dcd7d8736424e727643_ERC20_101_TRANSFER_101",
      "4118854677_0x6a786c2ee7978cb6ac9008562efa060c0a845f9a96060be342604c35325965e7_ERC20_99_TRANSFER_99",
      "4118854677_0xd8f8197a5e445fd8775b9bcfd8beb6660f5c9e1aeff5b506ef77cb8bd9d28663_ERC20_102_TRANSFER_102",
    ],
    "balance": 0,
    "closedAt": 1570090338000,
    "createdAt": 1570088704000,
    "duration": 1634000,
    "feeAmounts": [],
    "feeAssets": [],
    "id": "3374871476",
    "isOpen": false,
    "soldAmounts": [],
    "soldAssets": [],
    "txIds": [
      "4118854677_0x09c8bc7e0eba6d2d4fb81067347f3cd03da09daea2ec1c9afe1f1f3c69edaad5_MERGED",
      "4118854677_0x09c8bc7e0eba6d2d4fb81067347f3cd03da09daea2ec1c9afe1f1f3c69edaad5_MERGED",
      "4118854677_0x09c8bc7e0eba6d2d4fb81067347f3cd03da09daea2ec1c9afe1f1f3c69edaad5_MERGED",
      "4118854677_0x09c8bc7e0eba6d2d4fb81067347f3cd03da09daea2ec1c9afe1f1f3c69edaad5_MERGED",
      "4118854677_0x5913b34d1a02fa8839bb737f4814fd71715ca01d55335dcd7d8736424e727643_MERGED",
      "4118854677_0x5913b34d1a02fa8839bb737f4814fd71715ca01d55335dcd7d8736424e727643_MERGED",
      "4118854677_0x5913b34d1a02fa8839bb737f4814fd71715ca01d55335dcd7d8736424e727643_MERGED",
      "4118854677_0x5913b34d1a02fa8839bb737f4814fd71715ca01d55335dcd7d8736424e727643_MERGED",
      "4118854677_0x6a786c2ee7978cb6ac9008562efa060c0a845f9a96060be342604c35325965e7_MERGED",
      "4118854677_0x6a786c2ee7978cb6ac9008562efa060c0a845f9a96060be342604c35325965e7_MERGED",
      "4118854677_0x6a786c2ee7978cb6ac9008562efa060c0a845f9a96060be342604c35325965e7_MERGED",
      "4118854677_0x6a786c2ee7978cb6ac9008562efa060c0a845f9a96060be342604c35325965e7_MERGED",
      "4118854677_0xd8f8197a5e445fd8775b9bcfd8beb6660f5c9e1aeff5b506ef77cb8bd9d28663_MERGED",
      "4118854677_0xd8f8197a5e445fd8775b9bcfd8beb6660f5c9e1aeff5b506ef77cb8bd9d28663_MERGED",
      "4118854677_0xd8f8197a5e445fd8775b9bcfd8beb6660f5c9e1aeff5b506ef77cb8bd9d28663_MERGED",
      "4118854677_0xd8f8197a5e445fd8775b9bcfd8beb6660f5c9e1aeff5b506ef77cb8bd9d28663_MERGED",
    ],
  },
  {
    "amount": 2098.99161694,
    "assetId": "ethereum:0x4Ddc2D193948926D02f9B1fE9e1daa0718270ED5:cETH",
    "auditLogIds": [
      "4118854677_0x2eb681356fa792cde3adf5c181b3ca9ff329926f574d85786683be7162145007_ERC20_204_TRANSFER_204",
      "4118854677_0x366c34555ed220b0c23dcf36d3b36dd7a394a51d75de5d2eba6e29b764cef17a_ERC20_164_TRANSFER_164",
      "4118854677_0xa267774bb07b2a7b280d16aa7dc5807ffa8fdcdc9e67a977e3e7f9c31bb45d11_ERC20_177_TRANSFER_177",
      "4118854677_0xb3374ec86970ee890c6a1c86b3b635ae8d1051e05119bdfdd2a110b758478a09_ERC20_98_TRANSFER_98",
      "4118854677_0x2eb681356fa792cde3adf5c181b3ca9ff329926f574d85786683be7162145007_ERC20_204_TRANSFER_204",
      "4118854677_0x366c34555ed220b0c23dcf36d3b36dd7a394a51d75de5d2eba6e29b764cef17a_ERC20_164_TRANSFER_164",
      "4118854677_0xa267774bb07b2a7b280d16aa7dc5807ffa8fdcdc9e67a977e3e7f9c31bb45d11_ERC20_177_TRANSFER_177",
      "4118854677_0xb3374ec86970ee890c6a1c86b3b635ae8d1051e05119bdfdd2a110b758478a09_ERC20_98_TRANSFER_98",
      "4118854677_0x2eb681356fa792cde3adf5c181b3ca9ff329926f574d85786683be7162145007_ERC20_204_TRANSFER_204",
      "4118854677_0x366c34555ed220b0c23dcf36d3b36dd7a394a51d75de5d2eba6e29b764cef17a_ERC20_164_TRANSFER_164",
      "4118854677_0xa267774bb07b2a7b280d16aa7dc5807ffa8fdcdc9e67a977e3e7f9c31bb45d11_ERC20_177_TRANSFER_177",
      "4118854677_0xb3374ec86970ee890c6a1c86b3b635ae8d1051e05119bdfdd2a110b758478a09_ERC20_98_TRANSFER_98",
      "4118854677_0x2eb681356fa792cde3adf5c181b3ca9ff329926f574d85786683be7162145007_ERC20_204_TRANSFER_204",
      "4118854677_0x366c34555ed220b0c23dcf36d3b36dd7a394a51d75de5d2eba6e29b764cef17a_ERC20_164_TRANSFER_164",
      "4118854677_0xa267774bb07b2a7b280d16aa7dc5807ffa8fdcdc9e67a977e3e7f9c31bb45d11_ERC20_177_TRANSFER_177",
      "4118854677_0xb3374ec86970ee890c6a1c86b3b635ae8d1051e05119bdfdd2a110b758478a09_ERC20_98_TRANSFER_98",
    ],
    "balance": 0,
    "closedAt": 1586984445000,
    "createdAt": 1569241963000,
    "duration": 17742482000,
    "feeAmounts": [],
    "feeAssets": [],
    "id": "4072082905",
    "isOpen": false,
    "soldAmounts": [],
    "soldAssets": [],
    "txIds": [
      "4118854677_0x2eb681356fa792cde3adf5c181b3ca9ff329926f574d85786683be7162145007_MERGED",
      "4118854677_0x2eb681356fa792cde3adf5c181b3ca9ff329926f574d85786683be7162145007_MERGED",
      "4118854677_0x2eb681356fa792cde3adf5c181b3ca9ff329926f574d85786683be7162145007_MERGED",
      "4118854677_0x2eb681356fa792cde3adf5c181b3ca9ff329926f574d85786683be7162145007_MERGED",
      "4118854677_0x366c34555ed220b0c23dcf36d3b36dd7a394a51d75de5d2eba6e29b764cef17a_MERGED",
      "4118854677_0x366c34555ed220b0c23dcf36d3b36dd7a394a51d75de5d2eba6e29b764cef17a_MERGED",
      "4118854677_0x366c34555ed220b0c23dcf36d3b36dd7a394a51d75de5d2eba6e29b764cef17a_MERGED",
      "4118854677_0x366c34555ed220b0c23dcf36d3b36dd7a394a51d75de5d2eba6e29b764cef17a_MERGED",
      "4118854677_0xa267774bb07b2a7b280d16aa7dc5807ffa8fdcdc9e67a977e3e7f9c31bb45d11_MERGED",
      "4118854677_0xa267774bb07b2a7b280d16aa7dc5807ffa8fdcdc9e67a977e3e7f9c31bb45d11_MERGED",
      "4118854677_0xa267774bb07b2a7b280d16aa7dc5807ffa8fdcdc9e67a977e3e7f9c31bb45d11_MERGED",
      "4118854677_0xa267774bb07b2a7b280d16aa7dc5807ffa8fdcdc9e67a977e3e7f9c31bb45d11_MERGED",
      "4118854677_0xb3374ec86970ee890c6a1c86b3b635ae8d1051e05119bdfdd2a110b758478a09_MERGED",
      "4118854677_0xb3374ec86970ee890c6a1c86b3b635ae8d1051e05119bdfdd2a110b758478a09_MERGED",
      "4118854677_0xb3374ec86970ee890c6a1c86b3b635ae8d1051e05119bdfdd2a110b758478a09_MERGED",
      "4118854677_0xb3374ec86970ee890c6a1c86b3b635ae8d1051e05119bdfdd2a110b758478a09_MERGED",
    ],
  },
  {
    "amount": 3760,
    "assetId": "ethereum:0x89d24A6b4CcB1B6fAA2625fE562bDD9a23260359:SAI",
    "auditLogIds": [
      "4118854677_0x3005bcefd1a5b4dd7ff9d9c8f971d5d711dce89c58cbcbfc73fe8b8723563118_ERC20_92_TRANSFER_92",
      "4118854677_0x909abb524e5a22c23f666eb8fa231290362238c2e4ccc6aa73efa00a27366180_ERC20_93_TRANSFER_93",
      "4118854677_0xa0cba0b89b27477c1a479f8da1e8d8e3678971bd7322139b8b164be81e2e8d99_ERC20_96_TRANSFER_96",
      "4118854677_0x3005bcefd1a5b4dd7ff9d9c8f971d5d711dce89c58cbcbfc73fe8b8723563118_ERC20_92_TRANSFER_92",
      "4118854677_0x909abb524e5a22c23f666eb8fa231290362238c2e4ccc6aa73efa00a27366180_ERC20_93_TRANSFER_93",
      "4118854677_0xa0cba0b89b27477c1a479f8da1e8d8e3678971bd7322139b8b164be81e2e8d99_ERC20_96_TRANSFER_96",
      "4118854677_0x3005bcefd1a5b4dd7ff9d9c8f971d5d711dce89c58cbcbfc73fe8b8723563118_ERC20_92_TRANSFER_92",
      "4118854677_0x909abb524e5a22c23f666eb8fa231290362238c2e4ccc6aa73efa00a27366180_ERC20_93_TRANSFER_93",
      "4118854677_0xa0cba0b89b27477c1a479f8da1e8d8e3678971bd7322139b8b164be81e2e8d99_ERC20_96_TRANSFER_96",
    ],
    "balance": 0,
    "closedAt": 1569160342000,
    "createdAt": 1568724377000,
    "duration": 435965000,
    "feeAmounts": [],
    "feeAssets": [],
    "id": "354175983",
    "isOpen": false,
    "soldAmounts": [],
    "soldAssets": [],
    "txIds": [
      "4118854677_0x3005bcefd1a5b4dd7ff9d9c8f971d5d711dce89c58cbcbfc73fe8b8723563118_ERC20_92",
      "4118854677_0x3005bcefd1a5b4dd7ff9d9c8f971d5d711dce89c58cbcbfc73fe8b8723563118_ERC20_92",
      "4118854677_0x3005bcefd1a5b4dd7ff9d9c8f971d5d711dce89c58cbcbfc73fe8b8723563118_ERC20_92",
      "4118854677_0x909abb524e5a22c23f666eb8fa231290362238c2e4ccc6aa73efa00a27366180_MERGED",
      "4118854677_0x909abb524e5a22c23f666eb8fa231290362238c2e4ccc6aa73efa00a27366180_MERGED",
      "4118854677_0x909abb524e5a22c23f666eb8fa231290362238c2e4ccc6aa73efa00a27366180_MERGED",
      "4118854677_0xa0cba0b89b27477c1a479f8da1e8d8e3678971bd7322139b8b164be81e2e8d99_MERGED",
      "4118854677_0xa0cba0b89b27477c1a479f8da1e8d8e3678971bd7322139b8b164be81e2e8d99_MERGED",
      "4118854677_0xa0cba0b89b27477c1a479f8da1e8d8e3678971bd7322139b8b164be81e2e8d99_MERGED",
    ],
  },
  {
    "amount": 3075,
    "assetId": "ethereum:0x89d24A6b4CcB1B6fAA2625fE562bDD9a23260359:SAI",
    "auditLogIds": [
      "4118854677_0x7c8d44696adc4c3293b2f912cb1c75dcf55b4b1d3b57e07d1026dd8abe39fbc0_ERC20_85_TRANSFER_85",
      "4118854677_0xd9e24e99afd5489e1e6fd44766539a57c2d696de65e9b479d76e3ea5eaab0be0_ERC20_86_TRANSFER_86",
      "4118854677_0x7c8d44696adc4c3293b2f912cb1c75dcf55b4b1d3b57e07d1026dd8abe39fbc0_ERC20_85_TRANSFER_85",
      "4118854677_0xd9e24e99afd5489e1e6fd44766539a57c2d696de65e9b479d76e3ea5eaab0be0_ERC20_86_TRANSFER_86",
    ],
    "balance": 0,
    "closedAt": 1566303245000,
    "createdAt": 1566255749000,
    "duration": 47496000,
    "feeAmounts": [],
    "feeAssets": [],
    "id": "35106651",
    "isOpen": false,
    "soldAmounts": [],
    "soldAssets": [],
    "txIds": [
      "4118854677_0x7c8d44696adc4c3293b2f912cb1c75dcf55b4b1d3b57e07d1026dd8abe39fbc0_ERC20_85",
      "4118854677_0x7c8d44696adc4c3293b2f912cb1c75dcf55b4b1d3b57e07d1026dd8abe39fbc0_ERC20_85",
      "4118854677_0xd9e24e99afd5489e1e6fd44766539a57c2d696de65e9b479d76e3ea5eaab0be0_MERGED",
      "4118854677_0xd9e24e99afd5489e1e6fd44766539a57c2d696de65e9b479d76e3ea5eaab0be0_MERGED",
    ],
  },
  {
    "amount": 675.84,
    "assetId": "ethereum:0x89d24A6b4CcB1B6fAA2625fE562bDD9a23260359:SAI",
    "auditLogIds": [
      "4118854677_0x9bb7da00c19770c81634ca22b1c345bee10ef2d147a296d82676fedccaa44cb9_ERC20_82_TRANSFER_82",
      "4118854677_0xa79a90247cb1bc8ac4d4f34076379fd2d06f950543bc4876e45ee1c300665c60_ERC20_84_TRANSFER_84",
      "4118854677_0x9bb7da00c19770c81634ca22b1c345bee10ef2d147a296d82676fedccaa44cb9_ERC20_82_TRANSFER_82",
      "4118854677_0xa79a90247cb1bc8ac4d4f34076379fd2d06f950543bc4876e45ee1c300665c60_ERC20_84_TRANSFER_84",
    ],
    "balance": 0,
    "closedAt": 1565012836000,
    "createdAt": 1565012595000,
    "duration": 241000,
    "feeAmounts": [],
    "feeAssets": [],
    "id": "322623130",
    "isOpen": false,
    "soldAmounts": [],
    "soldAssets": [],
    "txIds": [
      "4118854677_0x9bb7da00c19770c81634ca22b1c345bee10ef2d147a296d82676fedccaa44cb9_MERGED",
      "4118854677_0x9bb7da00c19770c81634ca22b1c345bee10ef2d147a296d82676fedccaa44cb9_MERGED",
      "4118854677_0xa79a90247cb1bc8ac4d4f34076379fd2d06f950543bc4876e45ee1c300665c60_MERGED",
      "4118854677_0xa79a90247cb1bc8ac4d4f34076379fd2d06f950543bc4876e45ee1c300665c60_MERGED",
    ],
  },
  {
    "amount": 132159.04491843,
    "assetId": "ethereum:0xF5DCe57282A584D2746FaF1593d3121Fcac444dC:cSAI",
    "auditLogIds": [
      "4118854677_0x2109a443c92386c66521fb2573d5a9d7db392a58828e90c44421ec64c89cfd8d_ERC20_113_TRANSFER_113",
      "4118854677_0x6a786c2ee7978cb6ac9008562efa060c0a845f9a96060be342604c35325965e7_ERC20_100_TRANSFER_100",
      "4118854677_0x9bb7da00c19770c81634ca22b1c345bee10ef2d147a296d82676fedccaa44cb9_ERC20_83_TRANSFER_83",
      "4118854677_0xa0cba0b89b27477c1a479f8da1e8d8e3678971bd7322139b8b164be81e2e8d99_ERC20_97_TRANSFER_97",
      "4118854677_0xb164a8d69cb8bceb9eb222cb29881f59a0fa6e72ebfef35044caa919b3fc390b_ERC20_81_TRANSFER_81",
      "4118854677_0xdfff2f0be7fb6d4a4e41e4301b9918994aa8beec05142030610591806dde1d06_ERC20_105_TRANSFER_105",
      "4118854677_0x2109a443c92386c66521fb2573d5a9d7db392a58828e90c44421ec64c89cfd8d_ERC20_113_TRANSFER_113",
      "4118854677_0x6a786c2ee7978cb6ac9008562efa060c0a845f9a96060be342604c35325965e7_ERC20_100_TRANSFER_100",
      "4118854677_0x9bb7da00c19770c81634ca22b1c345bee10ef2d147a296d82676fedccaa44cb9_ERC20_83_TRANSFER_83",
      "4118854677_0xa0cba0b89b27477c1a479f8da1e8d8e3678971bd7322139b8b164be81e2e8d99_ERC20_97_TRANSFER_97",
      "4118854677_0xb164a8d69cb8bceb9eb222cb29881f59a0fa6e72ebfef35044caa919b3fc390b_ERC20_81_TRANSFER_81",
      "4118854677_0xdfff2f0be7fb6d4a4e41e4301b9918994aa8beec05142030610591806dde1d06_ERC20_105_TRANSFER_105",
      "4118854677_0x2109a443c92386c66521fb2573d5a9d7db392a58828e90c44421ec64c89cfd8d_ERC20_113_TRANSFER_113",
      "4118854677_0x6a786c2ee7978cb6ac9008562efa060c0a845f9a96060be342604c35325965e7_ERC20_100_TRANSFER_100",
      "4118854677_0x9bb7da00c19770c81634ca22b1c345bee10ef2d147a296d82676fedccaa44cb9_ERC20_83_TRANSFER_83",
      "4118854677_0xa0cba0b89b27477c1a479f8da1e8d8e3678971bd7322139b8b164be81e2e8d99_ERC20_97_TRANSFER_97",
      "4118854677_0xb164a8d69cb8bceb9eb222cb29881f59a0fa6e72ebfef35044caa919b3fc390b_ERC20_81_TRANSFER_81",
      "4118854677_0xdfff2f0be7fb6d4a4e41e4301b9918994aa8beec05142030610591806dde1d06_ERC20_105_TRANSFER_105",
      "4118854677_0x2109a443c92386c66521fb2573d5a9d7db392a58828e90c44421ec64c89cfd8d_ERC20_113_TRANSFER_113",
      "4118854677_0x6a786c2ee7978cb6ac9008562efa060c0a845f9a96060be342604c35325965e7_ERC20_100_TRANSFER_100",
      "4118854677_0x9bb7da00c19770c81634ca22b1c345bee10ef2d147a296d82676fedccaa44cb9_ERC20_83_TRANSFER_83",
      "4118854677_0xa0cba0b89b27477c1a479f8da1e8d8e3678971bd7322139b8b164be81e2e8d99_ERC20_97_TRANSFER_97",
      "4118854677_0xb164a8d69cb8bceb9eb222cb29881f59a0fa6e72ebfef35044caa919b3fc390b_ERC20_81_TRANSFER_81",
      "4118854677_0xdfff2f0be7fb6d4a4e41e4301b9918994aa8beec05142030610591806dde1d06_ERC20_105_TRANSFER_105",
      "4118854677_0x2109a443c92386c66521fb2573d5a9d7db392a58828e90c44421ec64c89cfd8d_ERC20_113_TRANSFER_113",
      "4118854677_0x6a786c2ee7978cb6ac9008562efa060c0a845f9a96060be342604c35325965e7_ERC20_100_TRANSFER_100",
      "4118854677_0x9bb7da00c19770c81634ca22b1c345bee10ef2d147a296d82676fedccaa44cb9_ERC20_83_TRANSFER_83",
      "4118854677_0xa0cba0b89b27477c1a479f8da1e8d8e3678971bd7322139b8b164be81e2e8d99_ERC20_97_TRANSFER_97",
      "4118854677_0xb164a8d69cb8bceb9eb222cb29881f59a0fa6e72ebfef35044caa919b3fc390b_ERC20_81_TRANSFER_81",
      "4118854677_0xdfff2f0be7fb6d4a4e41e4301b9918994aa8beec05142030610591806dde1d06_ERC20_105_TRANSFER_105",
      "4118854677_0x2109a443c92386c66521fb2573d5a9d7db392a58828e90c44421ec64c89cfd8d_ERC20_113_TRANSFER_113",
      "4118854677_0x6a786c2ee7978cb6ac9008562efa060c0a845f9a96060be342604c35325965e7_ERC20_100_TRANSFER_100",
      "4118854677_0x9bb7da00c19770c81634ca22b1c345bee10ef2d147a296d82676fedccaa44cb9_ERC20_83_TRANSFER_83",
      "4118854677_0xa0cba0b89b27477c1a479f8da1e8d8e3678971bd7322139b8b164be81e2e8d99_ERC20_97_TRANSFER_97",
      "4118854677_0xb164a8d69cb8bceb9eb222cb29881f59a0fa6e72ebfef35044caa919b3fc390b_ERC20_81_TRANSFER_81",
      "4118854677_0xdfff2f0be7fb6d4a4e41e4301b9918994aa8beec05142030610591806dde1d06_ERC20_105_TRANSFER_105",
    ],
    "balance": 0,
    "closedAt": 1574331560000,
    "createdAt": 1563899527000,
    "duration": 10432033000,
    "feeAmounts": [],
    "feeAssets": [],
    "id": "582828837",
    "isOpen": false,
    "soldAmounts": [],
    "soldAssets": [],
    "txIds": [
      "4118854677_0x2109a443c92386c66521fb2573d5a9d7db392a58828e90c44421ec64c89cfd8d_MERGED",
      "4118854677_0x2109a443c92386c66521fb2573d5a9d7db392a58828e90c44421ec64c89cfd8d_MERGED",
      "4118854677_0x2109a443c92386c66521fb2573d5a9d7db392a58828e90c44421ec64c89cfd8d_MERGED",
      "4118854677_0x2109a443c92386c66521fb2573d5a9d7db392a58828e90c44421ec64c89cfd8d_MERGED",
      "4118854677_0x2109a443c92386c66521fb2573d5a9d7db392a58828e90c44421ec64c89cfd8d_MERGED",
      "4118854677_0x2109a443c92386c66521fb2573d5a9d7db392a58828e90c44421ec64c89cfd8d_MERGED",
      "4118854677_0x6a786c2ee7978cb6ac9008562efa060c0a845f9a96060be342604c35325965e7_MERGED",
      "4118854677_0x6a786c2ee7978cb6ac9008562efa060c0a845f9a96060be342604c35325965e7_MERGED",
      "4118854677_0x6a786c2ee7978cb6ac9008562efa060c0a845f9a96060be342604c35325965e7_MERGED",
      "4118854677_0x6a786c2ee7978cb6ac9008562efa060c0a845f9a96060be342604c35325965e7_MERGED",
      "4118854677_0x6a786c2ee7978cb6ac9008562efa060c0a845f9a96060be342604c35325965e7_MERGED",
      "4118854677_0x6a786c2ee7978cb6ac9008562efa060c0a845f9a96060be342604c35325965e7_MERGED",
      "4118854677_0x9bb7da00c19770c81634ca22b1c345bee10ef2d147a296d82676fedccaa44cb9_MERGED",
      "4118854677_0x9bb7da00c19770c81634ca22b1c345bee10ef2d147a296d82676fedccaa44cb9_MERGED",
      "4118854677_0x9bb7da00c19770c81634ca22b1c345bee10ef2d147a296d82676fedccaa44cb9_MERGED",
      "4118854677_0x9bb7da00c19770c81634ca22b1c345bee10ef2d147a296d82676fedccaa44cb9_MERGED",
      "4118854677_0x9bb7da00c19770c81634ca22b1c345bee10ef2d147a296d82676fedccaa44cb9_MERGED",
      "4118854677_0x9bb7da00c19770c81634ca22b1c345bee10ef2d147a296d82676fedccaa44cb9_MERGED",
      "4118854677_0xa0cba0b89b27477c1a479f8da1e8d8e3678971bd7322139b8b164be81e2e8d99_MERGED",
      "4118854677_0xa0cba0b89b27477c1a479f8da1e8d8e3678971bd7322139b8b164be81e2e8d99_MERGED",
      "4118854677_0xa0cba0b89b27477c1a479f8da1e8d8e3678971bd7322139b8b164be81e2e8d99_MERGED",
      "4118854677_0xa0cba0b89b27477c1a479f8da1e8d8e3678971bd7322139b8b164be81e2e8d99_MERGED",
      "4118854677_0xa0cba0b89b27477c1a479f8da1e8d8e3678971bd7322139b8b164be81e2e8d99_MERGED",
      "4118854677_0xa0cba0b89b27477c1a479f8da1e8d8e3678971bd7322139b8b164be81e2e8d99_MERGED",
      "4118854677_0xb164a8d69cb8bceb9eb222cb29881f59a0fa6e72ebfef35044caa919b3fc390b_MERGED",
      "4118854677_0xb164a8d69cb8bceb9eb222cb29881f59a0fa6e72ebfef35044caa919b3fc390b_MERGED",
      "4118854677_0xb164a8d69cb8bceb9eb222cb29881f59a0fa6e72ebfef35044caa919b3fc390b_MERGED",
      "4118854677_0xb164a8d69cb8bceb9eb222cb29881f59a0fa6e72ebfef35044caa919b3fc390b_MERGED",
      "4118854677_0xb164a8d69cb8bceb9eb222cb29881f59a0fa6e72ebfef35044caa919b3fc390b_MERGED",
      "4118854677_0xb164a8d69cb8bceb9eb222cb29881f59a0fa6e72ebfef35044caa919b3fc390b_MERGED",
      "4118854677_0xdfff2f0be7fb6d4a4e41e4301b9918994aa8beec05142030610591806dde1d06_MERGED",
      "4118854677_0xdfff2f0be7fb6d4a4e41e4301b9918994aa8beec05142030610591806dde1d06_MERGED",
      "4118854677_0xdfff2f0be7fb6d4a4e41e4301b9918994aa8beec05142030610591806dde1d06_MERGED",
      "4118854677_0xdfff2f0be7fb6d4a4e41e4301b9918994aa8beec05142030610591806dde1d06_MERGED",
      "4118854677_0xdfff2f0be7fb6d4a4e41e4301b9918994aa8beec05142030610591806dde1d06_MERGED",
      "4118854677_0xdfff2f0be7fb6d4a4e41e4301b9918994aa8beec05142030610591806dde1d06_MERGED",
    ],
  },
  {
    "amount": 1750,
    "assetId": "ethereum:0x89d24A6b4CcB1B6fAA2625fE562bDD9a23260359:SAI",
    "auditLogIds": [
      "4118854677_0xb164a8d69cb8bceb9eb222cb29881f59a0fa6e72ebfef35044caa919b3fc390b_ERC20_80_TRANSFER_80",
      "4118854677_0xc7cfdec83aafc4ab66ad388e1cc3d36743ff48da16dde761a6dc6febc3d5bc2c_ERC20_79_TRANSFER_79",
      "4118854677_0xb164a8d69cb8bceb9eb222cb29881f59a0fa6e72ebfef35044caa919b3fc390b_ERC20_80_TRANSFER_80",
      "4118854677_0xc7cfdec83aafc4ab66ad388e1cc3d36743ff48da16dde761a6dc6febc3d5bc2c_ERC20_79_TRANSFER_79",
    ],
    "balance": 0,
    "closedAt": 1563899527000,
    "createdAt": 1563886469000,
    "duration": 13058000,
    "feeAmounts": [],
    "feeAssets": [],
    "id": "634689565",
    "isOpen": false,
    "soldAmounts": [],
    "soldAssets": [],
    "txIds": [
      "4118854677_0xb164a8d69cb8bceb9eb222cb29881f59a0fa6e72ebfef35044caa919b3fc390b_MERGED",
      "4118854677_0xb164a8d69cb8bceb9eb222cb29881f59a0fa6e72ebfef35044caa919b3fc390b_MERGED",
      "4118854677_0xc7cfdec83aafc4ab66ad388e1cc3d36743ff48da16dde761a6dc6febc3d5bc2c_ERC20_79",
      "4118854677_0xc7cfdec83aafc4ab66ad388e1cc3d36743ff48da16dde761a6dc6febc3d5bc2c_ERC20_79",
    ],
  },
]