[
  {
    "amount": "995",
    "assetId": "chain.ethereum:0x89d24A6b4CcB1B6fAA2625fE562bDD9a23260359:SAI",
    "auditLogIds": [
      "4118854677_0x19ef420367623dca51bddd5eb36c6b1f95682d9e5c2703df6e3cdbe056b89282_ERC20_122_TRANSFER_122",
      "4118854677_0x615ab4ccf057a454b25419c8fa409a7a30c4afcfe4551ff6768fd706a2563784_ERC20_121_TRANSFER_121",
    ],
    "balance": "0",
    "closedAt": 1575556864000,
    "cost": [],
    "createdAt": 1575382316000,
    "deposits": [
      [
        "chain.ethereum:0x89d24A6b4CcB1B6fAA2625fE562bDD9a23260359:SAI",
        "995",
        "0",
        "4118854677_0x615ab4ccf057a454b25419c8fa409a7a30c4afcfe4551ff6768fd706a2563784_ERC20_121",
        1575382316000,
      ],
      [
        "chain.ethereum:0x89d24A6b4CcB1B6fAA2625fE562bDD9a23260359:SAI",
        "-995",
        "0",
        "4118854677_0x19ef420367623dca51bddd5eb36c6b1f95682d9e5c2703df6e3cdbe056b89282_MERGED",
        1575556864000,
      ],
    ],
    "duration": 174548000,
    "fees": [],
    "id": "1146040837",
    "proceeds": [],
    "tradeNumber": 26,
    "tradeStatus": "closed",
    "tradeType": "Long",
    "txIds": [
      "4118854677_0x19ef420367623dca51bddd5eb36c6b1f95682d9e5c2703df6e3cdbe056b89282_MERGED",
      "4118854677_0x615ab4ccf057a454b25419c8fa409a7a30c4afcfe4551ff6768fd706a2563784_ERC20_121",
    ],
  },
  {
    "amount": "994.96892911",
    "assetId": "chain.ethereum:0x89d24A6b4CcB1B6fAA2625fE562bDD9a23260359:SAI",
    "auditLogIds": [
      "4118854677_0x224adc42e791c6b5b3c0f3ad532f731bc22c2256c797f6703f0a6ab76edd6abb_ERC20_123_TRANSFER_123",
      "4118854677_0xdd8d2c578a0b426bf934766fd1cef6296ef92ba88c90e0a8940dc87d78e7b807_ERC20_124_TRANSFER_124",
    ],
    "balance": "0",
    "closedAt": 1575558760000,
    "cost": [],
    "createdAt": 1575557946000,
    "deposits": [
      [
        "chain.ethereum:0x89d24A6b4CcB1B6fAA2625fE562bDD9a23260359:SAI",
        "994.96892911",
        "0",
        "4118854677_0x224adc42e791c6b5b3c0f3ad532f731bc22c2256c797f6703f0a6ab76edd6abb_ERC20_123",
        1575557946000,
      ],
    ],
    "duration": 814000,
    "fees": [],
    "id": "1209732076",
    "proceeds": [
      [
        "chain.ethereum:0x6B175474E89094C44Da98b954EedeAC495271d0F:DAI",
        "994.96892911",
        "0",
        "4118854677_0xdd8d2c578a0b426bf934766fd1cef6296ef92ba88c90e0a8940dc87d78e7b807_MERGED",
        1575558760000,
      ],
    ],
    "tradeNumber": 27,
    "tradeStatus": "closed",
    "tradeType": "Long",
    "txIds": [
      "4118854677_0x224adc42e791c6b5b3c0f3ad532f731bc22c2256c797f6703f0a6ab76edd6abb_ERC20_123",
      "4118854677_0xdd8d2c578a0b426bf934766fd1cef6296ef92ba88c90e0a8940dc87d78e7b807_MERGED",
    ],
  },
  {
    "amount": "994.96892911",
    "assetId": "chain.ethereum:0x6B175474E89094C44Da98b954EedeAC495271d0F:DAI",
    "auditLogIds": [
      "4118854677_0x40dbb9c5cf9a40040bc74287164d8d32f87ef0d6fc2f93c7a22fc6022e908c56_ERC20_126_TRANSFER_126",
      "4118854677_0xdd8d2c578a0b426bf934766fd1cef6296ef92ba88c90e0a8940dc87d78e7b807_ERC20_125_TRANSFER_125",
    ],
    "balance": "0",
    "closedAt": 1575559001000,
    "cost": [
      [
        "chain.ethereum:0x89d24A6b4CcB1B6fAA2625fE562bDD9a23260359:SAI",
        "-994.96892911",
        "0",
        "994.96892911",
        "4118854677_0xdd8d2c578a0b426bf934766fd1cef6296ef92ba88c90e0a8940dc87d78e7b807_MERGED",
        1575558760000,
      ],
    ],
    "createdAt": 1575558760000,
    "deposits": [
      [
        "chain.ethereum:0x6B175474E89094C44Da98b954EedeAC495271d0F:DAI",
        "-994.96892911",
        "0",
        "4118854677_0x40dbb9c5cf9a40040bc74287164d8d32f87ef0d6fc2f93c7a22fc6022e908c56_MERGED",
        1575559001000,
      ],
    ],
    "duration": 241000,
    "fees": [],
    "id": "1654123199",
    "proceeds": [],
    "tradeNumber": 28,
    "tradeStatus": "closed",
    "tradeType": "Long",
    "txIds": [
      "4118854677_0x40dbb9c5cf9a40040bc74287164d8d32f87ef0d6fc2f93c7a22fc6022e908c56_MERGED",
      "4118854677_0xdd8d2c578a0b426bf934766fd1cef6296ef92ba88c90e0a8940dc87d78e7b807_MERGED",
    ],
  },
  {
    "amount": "821.373092771901",
    "assetId": "chain.ethereum:0x6B175474E89094C44Da98b954EedeAC495271d0F:DAI",
    "auditLogIds": [
      "4118854677_0x2d3016f5c13f9baac6aaa3a769375ff962cc3b4e8f574f23921d63b81a82417a_ERC20_129_TRANSFER_129",
      "4118854677_0xbb4a62d920ae02d67e5f470a0ea5b10e48cd8fba059aff999585af8dedc3e27c_ERC20_127_TRANSFER_127",
    ],
    "balance": "0",
    "closedAt": 1575980265000,
    "cost": [
      [
        "chain.ethereum:0x5d3a536E4D6DbD6114cc1Ead35777bAB948E3643:cDAI",
        "-41035.42403614",
        "0",
        "821.373092771901057349",
        "4118854677_0xbb4a62d920ae02d67e5f470a0ea5b10e48cd8fba059aff999585af8dedc3e27c_MERGED",
        1575980187000,
      ],
    ],
    "createdAt": 1575980187000,
    "deposits": [
      [
        "chain.ethereum:0x6B175474E89094C44Da98b954EedeAC495271d0F:DAI",
        "-821.373092771901057349",
        "0",
        "4118854677_0x2d3016f5c13f9baac6aaa3a769375ff962cc3b4e8f574f23921d63b81a82417a_MERGED",
        1575980265000,
      ],
    ],
    "duration": 78000,
    "fees": [],
    "id": "972922169",
    "proceeds": [],
    "tradeNumber": 29,
    "tradeStatus": "closed",
    "tradeType": "Long",
    "txIds": [
      "4118854677_0x2d3016f5c13f9baac6aaa3a769375ff962cc3b4e8f574f23921d63b81a82417a_MERGED",
      "4118854677_0xbb4a62d920ae02d67e5f470a0ea5b10e48cd8fba059aff999585af8dedc3e27c_MERGED",
    ],
  },
  {
    "amount": "2000",
    "assetId": "chain.ethereum:0x6B175474E89094C44Da98b954EedeAC495271d0F:DAI",
    "auditLogIds": [
      "4118854677_0x2cefeddd0f7726bc357c1c527369641ae7f7e0a28b243df0d61008f66440a54d_ERC20_135_TRANSFER_135",
      "4118854677_0x7df156cb2f2003b76787a9eef7ce1268d0935a66161c5aa659ae000a99b0af03_ERC20_136_TRANSFER_136",
      "4118854677_0x82a579e3c97cda94260351690f9efb44fe306589caa9e25251fa13b727f98f6e_ERC20_137_TRANSFER_137",
    ],
    "balance": "0",
    "closedAt": 1576163914000,
    "cost": [],
    "createdAt": 1576071359000,
    "deposits": [
      [
        "chain.ethereum:0x6B175474E89094C44Da98b954EedeAC495271d0F:DAI",
        "2000",
        "0",
        "4118854677_0x2cefeddd0f7726bc357c1c527369641ae7f7e0a28b243df0d61008f66440a54d_MERGED",
        1576071359000,
      ],
      [
        "chain.ethereum:0x6B175474E89094C44Da98b954EedeAC495271d0F:DAI",
        "-10",
        "0",
        "4118854677_0x7df156cb2f2003b76787a9eef7ce1268d0935a66161c5aa659ae000a99b0af03_MERGED",
        1576159657000,
      ],
      [
        "chain.ethereum:0x6B175474E89094C44Da98b954EedeAC495271d0F:DAI",
        "-1990",
        "0",
        "4118854677_0x82a579e3c97cda94260351690f9efb44fe306589caa9e25251fa13b727f98f6e_MERGED",
        1576163914000,
      ],
    ],
    "duration": 92555000,
    "fees": [],
    "id": "3357837610",
    "proceeds": [],
    "tradeNumber": 30,
    "tradeStatus": "closed",
    "tradeType": "Long",
    "txIds": [
      "4118854677_0x2cefeddd0f7726bc357c1c527369641ae7f7e0a28b243df0d61008f66440a54d_MERGED",
      "4118854677_0x7df156cb2f2003b76787a9eef7ce1268d0935a66161c5aa659ae000a99b0af03_MERGED",
      "4118854677_0x82a579e3c97cda94260351690f9efb44fe306589caa9e25251fa13b727f98f6e_MERGED",
    ],
  },
]