[
  {
    "amount": 994.96892911,
    "assetId": "ethereum:0x6B175474E89094C44Da98b954EedeAC495271d0F:DAI",
    "auditLogIds": [
      "4118854677_0x40dbb9c5cf9a40040bc74287164d8d32f87ef0d6fc2f93c7a22fc6022e908c56_ERC20_126_TRANSFER_126",
      "4118854677_0xdd8d2c578a0b426bf934766fd1cef6296ef92ba88c90e0a8940dc87d78e7b807_ERC20_125_TRANSFER_125",
    ],
    "balance": 0,
    "closedAt": 1575559001000,
    "cost": [
      [
        "ethereum:0x89d24A6b4CcB1B6fAA2625fE562bDD9a23260359:SAI",
        "994.96892911",
      ],
    ],
    "createdAt": 1575558760000,
    "duration": 241000,
    "fees": [
      [
        "ethereum:0x0000000000000000000000000000000000000000:ETH",
        "-0.00101768",
      ],
      [
        "ethereum:0x0000000000000000000000000000000000000000:ETH",
        "-0.00018415",
      ],
    ],
    "id": "trade_4145615916",
    "profit": [],
    "tradeStatus": "closed",
    "tradeType": "Long",
    "txIds": [
      "4118854677_0x40dbb9c5cf9a40040bc74287164d8d32f87ef0d6fc2f93c7a22fc6022e908c56_MERGED",
      "4118854677_0xdd8d2c578a0b426bf934766fd1cef6296ef92ba88c90e0a8940dc87d78e7b807_MERGED",
    ],
  },
  {
    "amount": 821.373092771901,
    "assetId": "ethereum:0x6B175474E89094C44Da98b954EedeAC495271d0F:DAI",
    "auditLogIds": [
      "4118854677_0x2d3016f5c13f9baac6aaa3a769375ff962cc3b4e8f574f23921d63b81a82417a_ERC20_129_TRANSFER_129",
      "4118854677_0xbb4a62d920ae02d67e5f470a0ea5b10e48cd8fba059aff999585af8dedc3e27c_ERC20_127_TRANSFER_127",
    ],
    "balance": 0,
    "closedAt": 1575980265000,
    "cost": [
      [
        "ethereum:0x5d3a536E4D6DbD6114cc1Ead35777bAB948E3643:cDAI",
        "41035.42403614",
      ],
    ],
    "createdAt": 1575980187000,
    "duration": 78000,
    "fees": [
      [
        "ethereum:0x0000000000000000000000000000000000000000:ETH",
        "-0.000788688",
      ],
      [
        "ethereum:0x0000000000000000000000000000000000000000:ETH",
        "-0.00113248",
      ],
    ],
    "id": "trade_3464414886",
    "profit": [],
    "tradeStatus": "closed",
    "tradeType": "Long",
    "txIds": [
      "4118854677_0x2d3016f5c13f9baac6aaa3a769375ff962cc3b4e8f574f23921d63b81a82417a_MERGED",
      "4118854677_0xbb4a62d920ae02d67e5f470a0ea5b10e48cd8fba059aff999585af8dedc3e27c_MERGED",
    ],
  },
  {
    "amount": 2000,
    "assetId": "ethereum:0x6B175474E89094C44Da98b954EedeAC495271d0F:DAI",
    "auditLogIds": [
      "4118854677_0x2cefeddd0f7726bc357c1c527369641ae7f7e0a28b243df0d61008f66440a54d_ERC20_135_TRANSFER_135",
      "4118854677_0x7df156cb2f2003b76787a9eef7ce1268d0935a66161c5aa659ae000a99b0af03_ERC20_136_TRANSFER_136",
      "4118854677_0x82a579e3c97cda94260351690f9efb44fe306589caa9e25251fa13b727f98f6e_ERC20_137_TRANSFER_137",
    ],
    "balance": 0,
    "closedAt": 1576163914000,
    "cost": [],
    "createdAt": 1576071359000,
    "duration": 92555000,
    "fees": [
      [
        "ethereum:0x0000000000000000000000000000000000000000:ETH",
        "-0.00332298",
      ],
      [
        "ethereum:0x0000000000000000000000000000000000000000:ETH",
        "-0.0001872216",
      ],
      [
        "ethereum:0x0000000000000000000000000000000000000000:ETH",
        "-0.00113236",
      ],
    ],
    "id": "trade_1554363031",
    "profit": [],
    "tradeStatus": "closed",
    "tradeType": "Long",
    "txIds": [
      "4118854677_0x2cefeddd0f7726bc357c1c527369641ae7f7e0a28b243df0d61008f66440a54d_MERGED",
      "4118854677_0x7df156cb2f2003b76787a9eef7ce1268d0935a66161c5aa659ae000a99b0af03_MERGED",
      "4118854677_0x82a579e3c97cda94260351690f9efb44fe306589caa9e25251fa13b727f98f6e_MERGED",
    ],
  },
  {
    "amount": 2839.5,
    "assetId": "ethereum:0x6B175474E89094C44Da98b954EedeAC495271d0F:DAI",
    "auditLogIds": [
      "4118854677_0x00d814d808e8f98f678eccb79c70231ef7b4fbb9f2cdbbc61d8f7e7f0a6375c6_ERC20_198_TRANSFER_198",
      "4118854677_0x011983c8ff3e8691b23fadc964eac279227ed568fe0f8feeb5f6cc236e796c91_ERC20_151_TRANSFER_151",
      "4118854677_0x011983c8ff3e8691b23fadc964eac279227ed568fe0f8feeb5f6cc236e796c91_ERC20_152_TRANSFER_152",
      "4118854677_0x0e29b4756be0257903ffbcc859f370095f22760b5bde3b4d387e34e6045f5213_ERC20_180_TRANSFER_180",
      "4118854677_0x109c52604a78a6ef1dd8516b39a567cc9ec2717556a9fddbdfdf79ca727455ab_ERC20_184_TRANSFER_184",
      "4118854677_0x17287365623bd9e4a75cac6b4503a8c1171648380028a1dadb058e2a5e3337ba_ERC20_175_TRANSFER_175",
      "4118854677_0x1a1a79a401a064cbd54346e187e6a615768b7c60ef4db06de3f0b1b4097d42b1_ERC20_203_TRANSFER_203",
      "4118854677_0x2183855f42880c32e9a1ed17a9846630128581a55b0e3a2350101b741e2d7188_ERC20_219_TRANSFER_219",
      "4118854677_0x3c0ece47e8c78d31240f76fdf9c29e05a02d5d760f5cb6634845c3bfcee4ac63_ERC20_165_TRANSFER_165",
      "4118854677_0x3cceecabc0d14e4bcae9472c7b79177f1585efad77308e24d59459e059527fc2_ERC20_155_TRANSFER_155",
      "4118854677_0x3cceecabc0d14e4bcae9472c7b79177f1585efad77308e24d59459e059527fc2_ERC20_156_TRANSFER_156",
      "4118854677_0x4933cc145f3aa7a3f9802dead4fcc2af95edf64a424b45ce1a8998702e93b018_ERC20_212_TRANSFER_212",
      "4118854677_0x57eb2e3b89caf13508a9da2ee7b4fb95d40990113605e28dcc98c63b32ac505b_ERC20_205_TRANSFER_205",
      "4118854677_0x6559f140525c71a2e90a39beadc116fb9ccc98e060ac0cd7a264f792c172e966_ERC20_142_TRANSFER_142",
      "4118854677_0x6559f140525c71a2e90a39beadc116fb9ccc98e060ac0cd7a264f792c172e966_ERC20_143_TRANSFER_143",
      "4118854677_0x726b12b7b0f8b894b61872d4398ec1d65b63c1056f54686c6b6465904267fef7_ERC20_227_TRANSFER_227",
      "4118854677_0x73648337df6cb03497f4e5afd20b6c5adc5259da3cc4a1bf56d974f8ba6bb42d_ERC20_167_TRANSFER_167",
      "4118854677_0x81a5e0a61e91a9dac0a9fb17b8370c3b0ab7ef393cef9201f9bcc0a961997e43_ERC20_149_TRANSFER_149",
      "4118854677_0x81a5e0a61e91a9dac0a9fb17b8370c3b0ab7ef393cef9201f9bcc0a961997e43_ERC20_150_TRANSFER_150",
      "4118854677_0x87881a97561b227d357b1bb116e2055a3e0f0a737bf6286225bbce35c0949f9a_ERC20_172_TRANSFER_172",
      "4118854677_0x92e6c86838b4b925dedb4dedd70d75acb16a3b985654e14e5c9fde4da53ed384_ERC20_162_TRANSFER_162",
      "4118854677_0x982a15f035b91098213ce60bb846daae5d06bc4fbb83c4282e57ae5856491044_ERC20_183_TRANSFER_183",
      "4118854677_0x990790f8c4a7a33ad35a64f5d141f98e51f18f9b1cf31f52bf5d808a6236fdb4_ERC20_217_TRANSFER_217",
      "4118854677_0x9a6d211ca5fa6486d7e5ee24f9bb61161ff76179471dbf22482899210a7293fe_ERC20_144_TRANSFER_144",
      "4118854677_0x9a6d211ca5fa6486d7e5ee24f9bb61161ff76179471dbf22482899210a7293fe_ERC20_145_TRANSFER_145",
      "4118854677_0x9b701502dae9ae1552f3513cd2fca0039d54bc7145d951aca312d20b83a36638_ERC20_158_TRANSFER_158",
      "4118854677_0x9b701502dae9ae1552f3513cd2fca0039d54bc7145d951aca312d20b83a36638_ERC20_159_TRANSFER_159",
      "4118854677_0x9dc1a83df70325d748c83dd9f885e99b4667b1b37b02a010194cc551d99dfecf_ERC20_210_TRANSFER_210",
      "4118854677_0x9f0c665361ea471333599354b955073e6a5897cf799ecea8fd6bd8b3d7c67596_ERC20_215_TRANSFER_215",
      "4118854677_0x9f13d283d973c4fd32400ed1777406a34f42bf568436e1216cb8025bdd3b970f_ERC20_141_TRANSFER_141",
      "4118854677_0xa6e5b10a16003581756d36c474889c8708e9622d784e397545d5212de5a2a41a_ERC20_216_TRANSFER_216",
      "4118854677_0xb37bf7b9357051ea172cb74a32b3c38232645a862909ebe5d6241942588889eb_ERC20_213_TRANSFER_213",
      "4118854677_0xb37bf7b9357051ea172cb74a32b3c38232645a862909ebe5d6241942588889eb_ERC20_214_TRANSFER_214",
      "4118854677_0xc1f72196fede24965605a5ab1ffddcb6ce1e4b1c75768e381c5e0b6abfd56e97_ERC20_147_TRANSFER_147",
      "4118854677_0xc1f72196fede24965605a5ab1ffddcb6ce1e4b1c75768e381c5e0b6abfd56e97_ERC20_148_TRANSFER_148",
      "4118854677_0xc25211decd922cbb55c56665718877f3c66fc5567b36be5583e6b14119ba1c7c_ERC20_196_TRANSFER_196",
      "4118854677_0xca120642c9e018dd41718429507cd98f2554f5b7e53cf4d1cec20620bac52470_ERC20_153_TRANSFER_153",
      "4118854677_0xca120642c9e018dd41718429507cd98f2554f5b7e53cf4d1cec20620bac52470_ERC20_154_TRANSFER_154",
      "4118854677_0xd542464fc95d5195ff4ce3b74ad550f50e83001deaf9c4154f90ad81a752dd3b_ERC20_200_TRANSFER_200",
      "4118854677_0xd62e37c90a05c451f3b823d62c74351a31be03d5b469efaddde7df4abcc1ed33_ERC20_168_TRANSFER_168",
      "4118854677_0xe1be0420b9c7e4deed50c7a451a25c194872e8c75da5f9c7a779d0f2f9b6ff20_ERC20_202_TRANSFER_202",
      "4118854677_0xe8b343525b360cced616ee795c44b68091d952c8ac6cc51b812be1b6c808621a_ERC20_166_TRANSFER_166",
      "4118854677_0xe90946d40d418c4cd5fd682fda4ee44f9bc5ccd289fbfe4a2e35633ae5f215b6_ERC20_171_TRANSFER_171",
      "4118854677_0xe9271e11ba0abd9e4d892880c72d4c993f5da6deafc89de8c01c83166afb26fa_ERC20_224_TRANSFER_224",
      "4118854677_0xfa5ba1e4530bf343b8e99c448a75df29726b29fc596d47d3efd0eeffffd3b461_ERC20_160_TRANSFER_160",
      "4118854677_0xfd4957b358b3e0f6b6e91b23376db1c223c690194a735f0c7252b7684263ca9b_ERC20_161_TRANSFER_161",
      "4118854677_0xfef4fc3916d36ad63672386a2a6f749529f63627e7943e61a8ebe291950af144_ERC20_178_TRANSFER_178",
    ],
    "balance": 0,
    "closedAt": 1590501936000,
    "cost": [
      [
        "ethereum:0xaAAf91D9b90dF800Df4F55c205fd6989c977E73a:TKN",
        "2145.86543802",
      ],
      [
        "ethereum:0x0000000000000000000000000000000000000000:ETH",
        "1",
      ],
      [
        "ethereum:0x0000000000000000000000000000000000000000:ETH",
        "4",
      ],
      [
        "ethereum:0x960b236A07cf122663c4303350609A66A7B288C0:ANT",
        "790.509641257625462601",
      ],
      [
        "ethereum:0x960b236A07cf122663c4303350609A66A7B288C0:ANT",
        "790.509641257625462601",
      ],
      [
        "ethereum:0x960b236A07cf122663c4303350609A66A7B288C0:ANT",
        "209.490358742374537399",
      ],
      [
        "ethereum:0xA0b86991c6218b36c1d19D4a2e9Eb0cE3606eB48:USDC",
        "561.469243",
      ],
      [
        "ethereum:0x960b236A07cf122663c4303350609A66A7B288C0:ANT",
        "1000",
      ],
    ],
    "createdAt": 1578508441000,
    "duration": 11993495000,
    "fees": [
      [
        "ethereum:0x0000000000000000000000000000000000000000:ETH",
        "-0.0029607435",
      ],
      [
        "ethereum:0x0000000000000000000000000000000000000000:ETH",
        "-0.000409989",
      ],
      [
        "ethereum:0x0000000000000000000000000000000000000000:ETH",
        "-0.000052018",
      ],
      [
        "ethereum:0x0000000000000000000000000000000000000000:ETH",
        "-0.000115822",
      ],
      [
        "ethereum:0x0000000000000000000000000000000000000000:ETH",
        "-0.003214715",
      ],
      [
        "ethereum:0x0000000000000000000000000000000000000000:ETH",
        "-0.000104012",
      ],
      [
        "ethereum:0x0000000000000000000000000000000000000000:ETH",
        "-0.000104036",
      ],
      [
        "ethereum:0x0000000000000000000000000000000000000000:ETH",
        "-0.000678974",
      ],
      [
        "ethereum:0x0000000000000000000000000000000000000000:ETH",
        "-0.000090642",
      ],
      [
        "ethereum:0x0000000000000000000000000000000000000000:ETH",
        "-0.001292922",
      ],
      [
        "ethereum:0x0000000000000000000000000000000000000000:ETH",
        "-0.000416144",
      ],
      [
        "ethereum:0x0000000000000000000000000000000000000000:ETH",
        "-0.000104112",
      ],
      [
        "ethereum:0x0000000000000000000000000000000000000000:ETH",
        "-0.0006615224",
      ],
      [
        "ethereum:0x0000000000000000000000000000000000000000:ETH",
        "-0.0016207203",
      ],
      [
        "ethereum:0x0000000000000000000000000000000000000000:ETH",
        "-0.0069478575",
      ],
      [
        "ethereum:0x0000000000000000000000000000000000000000:ETH",
        "-0.000384488",
      ],
      [
        "ethereum:0x0000000000000000000000000000000000000000:ETH",
        "-0.000384488",
      ],
      [
        "ethereum:0x0000000000000000000000000000000000000000:ETH",
        "-0.001620268",
      ],
      [
        "ethereum:0x0000000000000000000000000000000000000000:ETH",
        "-0.0002536335",
      ],
      [
        "ethereum:0x0000000000000000000000000000000000000000:ETH",
        "-0.000358347",
      ],
      [
        "ethereum:0x0000000000000000000000000000000000000000:ETH",
        "-0.0003062625",
      ],
      [
        "ethereum:0x0000000000000000000000000000000000000000:ETH",
        "-0.002010036",
      ],
      [
        "ethereum:0x0000000000000000000000000000000000000000:ETH",
        "-0.001182428",
      ],
      [
        "ethereum:0x0000000000000000000000000000000000000000:ETH",
        "-0.001182584",
      ],
      [
        "ethereum:0x0000000000000000000000000000000000000000:ETH",
        "-0.001182584",
      ],
      [
        "ethereum:0x0000000000000000000000000000000000000000:ETH",
        "-0.00249886",
      ],
      [
        "ethereum:0x0000000000000000000000000000000000000000:ETH",
        "-0.00568008273",
      ],
      [
        "ethereum:0x0000000000000000000000000000000000000000:ETH",
        "-0.00741853202",
      ],
    ],
    "id": "trade_3344253614",
    "profit": [
      [
        "ethereum:0xaAAf91D9b90dF800Df4F55c205fd6989c977E73a:TKN",
        "2145.86543802",
      ],
      [
        "ethereum:0xA0b86991c6218b36c1d19D4a2e9Eb0cE3606eB48:USDC",
        "100.596789",
      ],
      [
        "ethereum:0xfC1E690f61EFd961294b3e1Ce3313fBD8aa4f85d:aDAI",
        "522.93462582828383424",
      ],
    ],
    "tradeStatus": "closed",
    "tradeType": "Long",
    "txIds": [
      "4118854677_0x00d814d808e8f98f678eccb79c70231ef7b4fbb9f2cdbbc61d8f7e7f0a6375c6_MERGED",
      "4118854677_0x011983c8ff3e8691b23fadc964eac279227ed568fe0f8feeb5f6cc236e796c91_ERC20_151",
      "4118854677_0x011983c8ff3e8691b23fadc964eac279227ed568fe0f8feeb5f6cc236e796c91_ERC20_152",
      "4118854677_0x0e29b4756be0257903ffbcc859f370095f22760b5bde3b4d387e34e6045f5213_MERGED",
      "4118854677_0x109c52604a78a6ef1dd8516b39a567cc9ec2717556a9fddbdfdf79ca727455ab_MERGED",
      "4118854677_0x17287365623bd9e4a75cac6b4503a8c1171648380028a1dadb058e2a5e3337ba_MERGED",
      "4118854677_0x1a1a79a401a064cbd54346e187e6a615768b7c60ef4db06de3f0b1b4097d42b1_MERGED",
      "4118854677_0x2183855f42880c32e9a1ed17a9846630128581a55b0e3a2350101b741e2d7188_MERGED",
      "4118854677_0x3c0ece47e8c78d31240f76fdf9c29e05a02d5d760f5cb6634845c3bfcee4ac63_MERGED",
      "4118854677_0x3cceecabc0d14e4bcae9472c7b79177f1585efad77308e24d59459e059527fc2_ERC20_155",
      "4118854677_0x3cceecabc0d14e4bcae9472c7b79177f1585efad77308e24d59459e059527fc2_ERC20_156",
      "4118854677_0x4933cc145f3aa7a3f9802dead4fcc2af95edf64a424b45ce1a8998702e93b018_MERGED",
      "4118854677_0x57eb2e3b89caf13508a9da2ee7b4fb95d40990113605e28dcc98c63b32ac505b_MERGED",
      "4118854677_0x6559f140525c71a2e90a39beadc116fb9ccc98e060ac0cd7a264f792c172e966_ERC20_142",
      "4118854677_0x6559f140525c71a2e90a39beadc116fb9ccc98e060ac0cd7a264f792c172e966_ERC20_143",
      "4118854677_0x726b12b7b0f8b894b61872d4398ec1d65b63c1056f54686c6b6465904267fef7_MERGED",
      "4118854677_0x73648337df6cb03497f4e5afd20b6c5adc5259da3cc4a1bf56d974f8ba6bb42d_MERGED",
      "4118854677_0x81a5e0a61e91a9dac0a9fb17b8370c3b0ab7ef393cef9201f9bcc0a961997e43_ERC20_149",
      "4118854677_0x81a5e0a61e91a9dac0a9fb17b8370c3b0ab7ef393cef9201f9bcc0a961997e43_ERC20_150",
      "4118854677_0x87881a97561b227d357b1bb116e2055a3e0f0a737bf6286225bbce35c0949f9a_MERGED",
      "4118854677_0x92e6c86838b4b925dedb4dedd70d75acb16a3b985654e14e5c9fde4da53ed384_MERGED",
      "4118854677_0x982a15f035b91098213ce60bb846daae5d06bc4fbb83c4282e57ae5856491044_MERGED",
      "4118854677_0x990790f8c4a7a33ad35a64f5d141f98e51f18f9b1cf31f52bf5d808a6236fdb4_MERGED",
      "4118854677_0x9a6d211ca5fa6486d7e5ee24f9bb61161ff76179471dbf22482899210a7293fe_ERC20_144",
      "4118854677_0x9a6d211ca5fa6486d7e5ee24f9bb61161ff76179471dbf22482899210a7293fe_ERC20_145",
      "4118854677_0x9b701502dae9ae1552f3513cd2fca0039d54bc7145d951aca312d20b83a36638_ERC20_158",
      "4118854677_0x9b701502dae9ae1552f3513cd2fca0039d54bc7145d951aca312d20b83a36638_ERC20_159",
      "4118854677_0x9dc1a83df70325d748c83dd9f885e99b4667b1b37b02a010194cc551d99dfecf_ERC20_210",
      "4118854677_0x9f0c665361ea471333599354b955073e6a5897cf799ecea8fd6bd8b3d7c67596_MERGED",
      "4118854677_0x9f13d283d973c4fd32400ed1777406a34f42bf568436e1216cb8025bdd3b970f_MERGED",
      "4118854677_0xa6e5b10a16003581756d36c474889c8708e9622d784e397545d5212de5a2a41a_MERGED",
      "4118854677_0xb37bf7b9357051ea172cb74a32b3c38232645a862909ebe5d6241942588889eb_ERC20_213",
      "4118854677_0xb37bf7b9357051ea172cb74a32b3c38232645a862909ebe5d6241942588889eb_ERC20_214",
      "4118854677_0xc1f72196fede24965605a5ab1ffddcb6ce1e4b1c75768e381c5e0b6abfd56e97_ERC20_147",
      "4118854677_0xc1f72196fede24965605a5ab1ffddcb6ce1e4b1c75768e381c5e0b6abfd56e97_ERC20_148",
      "4118854677_0xc25211decd922cbb55c56665718877f3c66fc5567b36be5583e6b14119ba1c7c_MERGED",
      "4118854677_0xca120642c9e018dd41718429507cd98f2554f5b7e53cf4d1cec20620bac52470_ERC20_153",
      "4118854677_0xca120642c9e018dd41718429507cd98f2554f5b7e53cf4d1cec20620bac52470_ERC20_154",
      "4118854677_0xd542464fc95d5195ff4ce3b74ad550f50e83001deaf9c4154f90ad81a752dd3b_MERGED",
      "4118854677_0xd62e37c90a05c451f3b823d62c74351a31be03d5b469efaddde7df4abcc1ed33_MERGED",
      "4118854677_0xe1be0420b9c7e4deed50c7a451a25c194872e8c75da5f9c7a779d0f2f9b6ff20_MERGED",
      "4118854677_0xe8b343525b360cced616ee795c44b68091d952c8ac6cc51b812be1b6c808621a_MERGED",
      "4118854677_0xe90946d40d418c4cd5fd682fda4ee44f9bc5ccd289fbfe4a2e35633ae5f215b6_MERGED",
      "4118854677_0xe9271e11ba0abd9e4d892880c72d4c993f5da6deafc89de8c01c83166afb26fa_MERGED",
      "4118854677_0xfa5ba1e4530bf343b8e99c448a75df29726b29fc596d47d3efd0eeffffd3b461_MERGED",
      "4118854677_0xfd4957b358b3e0f6b6e91b23376db1c223c690194a735f0c7252b7684263ca9b_MERGED",
      "4118854677_0xfef4fc3916d36ad63672386a2a6f749529f63627e7943e61a8ebe291950af144_MERGED",
    ],
  },
  {
    "amount": 1,
    "assetId": "ethereum:0x88938e9358D763C7655E788D92c731EcC9153cC5:DMS",
    "auditLogIds": [
      "4118854677_0xbe7dfde73319e520f3cce95eb8b83837195efa955477b3249f04538679d3bc4b_ERC20_157_TRANSFER_157",
    ],
    "balance": 1,
    "cost": [],
    "createdAt": 1579088382000,
    "fees": [
      [
        "ethereum:0x0000000000000000000000000000000000000000:ETH",
        "-0.02080689",
      ],
    ],
    "id": "trade_1150714322",
    "profit": [],
    "tradeStatus": "open",
    "tradeType": "Long",
    "txIds": [
      "4118854677_0xbe7dfde73319e520f3cce95eb8b83837195efa955477b3249f04538679d3bc4b_MERGED",
    ],
  },
]