[
  {
    "_id": "0x8f68747f578a281b24536ca5c3e2b9e943f00ec87633d7c183f2fb57c9f050c1_ERC20_10_TRANSFER_10",
    "assetId": "eip155-10:0x88888888ccda9a4b85c531b4a18247fce9f8aba5:OPT",
    "balance": "10000",
    "balanceN": 10000,
    "change": "10000",
    "changeN": 10000,
    "operation": "Deposit",
    "platform": "eip155-10",
    "timestamp": 1711009265000,
    "txId": "0x8f68747f578a281b24536ca5c3e2b9e943f00ec87633d7c183f2fb57c9f050c1_ERC20_10",
    "wallet": "0x003dc32fe920a4aaeed12dc87e145f030aa753f3",
  },
  {
    "_id": "0x838213caf4924e1850556942cec363abad702d78db976e24839b5690ca271d5a_NORMAL_22_VALUE_0",
    "assetId": "eip155-10:0x0000000000000000000000000000000000000000:ETH",
    "balance": "0.046849516443886579",
    "balanceN": 0.04684951644388658,
    "change": "0.008785000000001006",
    "changeN": 0.008785000000001006,
    "operation": "Deposit",
    "platform": "eip155-10",
    "timestamp": 1707157185000,
    "txId": "0x838213caf4924e1850556942cec363abad702d78db976e24839b5690ca271d5a_NORMAL_22",
    "wallet": "0x003dc32fe920a4aaeed12dc87e145f030aa753f3",
  },
  {
    "_id": "0xd4c4aca9be91f171776cd750412626d8e0bc30b68d6821cef2a0ad5895f1dae7_NORMAL_21_FEE_0",
    "assetId": "eip155-10:0x0000000000000000000000000000000000000000:ETH",
    "balance": "0.038064516443885573",
    "balanceN": 0.038064516443885574,
    "change": "-0.00000047777987784",
    "changeN": -4.7777987784e-7,
    "operation": "Fee",
    "platform": "eip155-10",
    "timestamp": 1699960901000,
    "txId": "0xd4c4aca9be91f171776cd750412626d8e0bc30b68d6821cef2a0ad5895f1dae7_NORMAL_21",
    "wallet": "0x003dc32fe920a4aaeed12dc87e145f030aa753f3",
  },
  {
    "_id": "0x1b9fe3f7de63d872a590b12f583f147bbf90b91d0b9fe277a9224068c08d82de_NORMAL_20_FEE_0",
    "assetId": "eip155-10:0x0000000000000000000000000000000000000000:ETH",
    "balance": "0.038064994223763413",
    "balanceN": 0.038064994223763415,
    "change": "-0.000000286511967",
    "changeN": -2.86511967e-7,
    "operation": "Fee",
    "platform": "eip155-10",
    "timestamp": 1699886343000,
    "txId": "0x1b9fe3f7de63d872a590b12f583f147bbf90b91d0b9fe277a9224068c08d82de_NORMAL_20",
    "wallet": "0x003dc32fe920a4aaeed12dc87e145f030aa753f3",
  },
  {
    "_id": "0x1b9fe3f7de63d872a590b12f583f147bbf90b91d0b9fe277a9224068c08d82de_NORMAL_20_VALUE_0",
    "assetId": "eip155-10:0x0000000000000000000000000000000000000000:ETH",
    "balance": "0.038065280735730413",
    "balanceN": 0.038065280735730414,
    "change": "-0.015",
    "changeN": -0.015,
    "operation": "Withdraw",
    "platform": "eip155-10",
    "timestamp": 1699886343000,
    "txId": "0x1b9fe3f7de63d872a590b12f583f147bbf90b91d0b9fe277a9224068c08d82de_NORMAL_20",
    "wallet": "0x003dc32fe920a4aaeed12dc87e145f030aa753f3",
  },
  {
    "_id": "0x79cf9bdf8bf93183454315d205bd1783ea20496ea5cc09398971e1030a241610_NORMAL_19_FEE_0",
    "assetId": "eip155-10:0x0000000000000000000000000000000000000000:ETH",
    "balance": "0.053065280735730413",
    "balanceN": 0.053065280735730413,
    "change": "-0.000000537592148136",
    "changeN": -5.37592148136e-7,
    "operation": "Fee",
    "platform": "eip155-10",
    "timestamp": 1699885099000,
    "txId": "0x79cf9bdf8bf93183454315d205bd1783ea20496ea5cc09398971e1030a241610_NORMAL_19",
    "wallet": "0x003dc32fe920a4aaeed12dc87e145f030aa753f3",
  },
  {
    "_id": "0xcb11c73405b789dae2cf1f4f82969a5841883b08c4d1893a62df5211532b940d_NORMAL_18_FEE_0",
    "assetId": "eip155-10:0x0000000000000000000000000000000000000000:ETH",
    "balance": "0.053065818327878549",
    "balanceN": 0.05306581832787855,
    "change": "-0.000000388216433868",
    "changeN": -3.88216433868e-7,
    "operation": "Fee",
    "platform": "eip155-10",
    "timestamp": 1699884133000,
    "txId": "0xcb11c73405b789dae2cf1f4f82969a5841883b08c4d1893a62df5211532b940d_NORMAL_18",
    "wallet": "0x003dc32fe920a4aaeed12dc87e145f030aa753f3",
  },
  {
    "_id": "0x2bb5385d1c9789bbfab44ef69defb0da7b610da22ed67e74f74417f194202470_NORMAL_17_FEE_0",
    "assetId": "eip155-10:0x0000000000000000000000000000000000000000:ETH",
    "balance": "0.053066206544312417",
    "balanceN": 0.05306620654431242,
    "change": "-0.00000164931322599",
    "changeN": -0.00000164931322599,
    "operation": "Fee",
    "platform": "eip155-10",
    "timestamp": 1699883685000,
    "txId": "0x2bb5385d1c9789bbfab44ef69defb0da7b610da22ed67e74f74417f194202470_NORMAL_17",
    "wallet": "0x003dc32fe920a4aaeed12dc87e145f030aa753f3",
  },
  {
    "_id": "0xd99d61fdd3eeb2d3768b8a97d0d7d992af058cace3704eb862c7d5cdfeec5fa8_INTERNAL_3_VALUE_0",
    "assetId": "eip155-10:0x0000000000000000000000000000000000000000:ETH",
    "balance": "0.053067855857538407",
    "balanceN": 0.053067855857538405,
    "change": "0.005",
    "changeN": 0.005,
    "operation": "Deposit",
    "platform": "eip155-10",
    "timestamp": 1698988525000,
    "txId": "0xd99d61fdd3eeb2d3768b8a97d0d7d992af058cace3704eb862c7d5cdfeec5fa8_INTERNAL_3",
    "wallet": "0x003dc32fe920a4aaeed12dc87e145f030aa753f3",
  },
  {
    "_id": "0xf8e326e6c15d4c5a4074b66589121262c3f23d5e1604b30b91132656f37ff8f1_INTERNAL_2_VALUE_0",
    "assetId": "eip155-10:0x0000000000000000000000000000000000000000:ETH",
    "balance": "0.048067855857538407",
    "balanceN": 0.04806785585753841,
    "change": "0.045696472215114369",
    "changeN": 0.045696472215114366,
    "operation": "Deposit",
    "platform": "eip155-10",
    "timestamp": 1697022417000,
    "txId": "0xf8e326e6c15d4c5a4074b66589121262c3f23d5e1604b30b91132656f37ff8f1_MERGED",
    "wallet": "0x003dc32fe920a4aaeed12dc87e145f030aa753f3",
  },
  {
    "_id": "0xf8e326e6c15d4c5a4074b66589121262c3f23d5e1604b30b91132656f37ff8f1_ERC20_9_TRANSFER_9",
    "assetId": "eip155-10:0x8c6f28f2f1a3c87f0f938b96d27520d9751ec8d9:sUSD",
    "balance": "0",
    "balanceN": 0,
    "change": "-72.433",
    "changeN": -72.433,
    "operation": "Withdraw",
    "platform": "eip155-10",
    "timestamp": 1697022417000,
    "txId": "0xf8e326e6c15d4c5a4074b66589121262c3f23d5e1604b30b91132656f37ff8f1_MERGED",
    "wallet": "0x003dc32fe920a4aaeed12dc87e145f030aa753f3",
  },
  {
    "_id": "0xac363b3ca7248e57a07a6c8d25cf412fe36105d70bfedf99803189f6d0dc0bec_NORMAL_16_FEE_0",
    "assetId": "eip155-10:0x0000000000000000000000000000000000000000:ETH",
    "balance": "0.002371383642424038",
    "balanceN": 0.002371383642424038,
    "change": "-0.000008079139791576",
    "changeN": -0.000008079139791576,
    "operation": "Fee",
    "platform": "eip155-10",
    "timestamp": 1697022379000,
    "txId": "0xac363b3ca7248e57a07a6c8d25cf412fe36105d70bfedf99803189f6d0dc0bec_NORMAL_16",
    "wallet": "0x003dc32fe920a4aaeed12dc87e145f030aa753f3",
  },
  {
    "_id": "0x0481f8352ef9380a71db214da07145a29f40515452b83e8871f9fe8ebee6f545_ERC20_8_TRANSFER_8",
    "assetId": "eip155-10:0x8c6f28f2f1a3c87f0f938b96d27520d9751ec8d9:sUSD",
    "balance": "72.433",
    "balanceN": 72.433,
    "change": "47.433",
    "changeN": 47.433,
    "operation": "Deposit",
    "platform": "eip155-10",
    "timestamp": 1697022207000,
    "txId": "0x0481f8352ef9380a71db214da07145a29f40515452b83e8871f9fe8ebee6f545_MERGED",
    "wallet": "0x003dc32fe920a4aaeed12dc87e145f030aa753f3",
  },
  {
    "_id": "0x0481f8352ef9380a71db214da07145a29f40515452b83e8871f9fe8ebee6f545_NORMAL_15_FEE_0",
    "assetId": "eip155-10:0x0000000000000000000000000000000000000000:ETH",
    "balance": "0.002379462782215614",
    "balanceN": 0.002379462782215614,
    "change": "-0.000008992553590016",
    "changeN": -0.000008992553590016,
    "operation": "Fee",
    "platform": "eip155-10",
    "timestamp": 1697022207000,
    "txId": "0x0481f8352ef9380a71db214da07145a29f40515452b83e8871f9fe8ebee6f545_MERGED",
    "wallet": "0x003dc32fe920a4aaeed12dc87e145f030aa753f3",
  },
  {
    "_id": "0xfdccf4d1d154daa82b662bc75664d82c20b8c2fa5e55e0c88ca6877f1178f629_NORMAL_14_FEE_0",
    "assetId": "eip155-10:0x0000000000000000000000000000000000000000:ETH",
    "balance": "0.00238845533580563",
    "balanceN": 0.00238845533580563,
    "change": "-0.000000887596374",
    "changeN": -8.87596374e-7,
    "operation": "Fee",
    "platform": "eip155-10",
    "timestamp": 1696161767000,
    "txId": "0xfdccf4d1d154daa82b662bc75664d82c20b8c2fa5e55e0c88ca6877f1178f629_NORMAL_14",
    "wallet": "0x003dc32fe920a4aaeed12dc87e145f030aa753f3",
  },
  {
    "_id": "0xfdccf4d1d154daa82b662bc75664d82c20b8c2fa5e55e0c88ca6877f1178f629_NORMAL_14_VALUE_0",
    "assetId": "eip155-10:0x0000000000000000000000000000000000000000:ETH",
    "balance": "0.00238934293217963",
    "balanceN": 0.00238934293217963,
    "change": "-0.005",
    "changeN": -0.005,
    "operation": "Withdraw",
    "platform": "eip155-10",
    "timestamp": 1696161767000,
    "txId": "0xfdccf4d1d154daa82b662bc75664d82c20b8c2fa5e55e0c88ca6877f1178f629_NORMAL_14",
    "wallet": "0x003dc32fe920a4aaeed12dc87e145f030aa753f3",
  },
  {
    "_id": "0x606334734f611646e7a6cc9806635e8d40c447a97e2197d8c75d8b1dbaab5cf9_NORMAL_13_FEE_0",
    "assetId": "eip155-10:0x0000000000000000000000000000000000000000:ETH",
    "balance": "0.00738934293217963",
    "balanceN": 0.00738934293217963,
    "change": "-0.000000001927515944",
    "changeN": -1.927515944e-9,
    "operation": "Fee",
    "platform": "eip155-10",
    "timestamp": 1691998817000,
    "txId": "0x606334734f611646e7a6cc9806635e8d40c447a97e2197d8c75d8b1dbaab5cf9_NORMAL_13",
    "wallet": "0x003dc32fe920a4aaeed12dc87e145f030aa753f3",
  },
  {
    "_id": "0x606334734f611646e7a6cc9806635e8d40c447a97e2197d8c75d8b1dbaab5cf9_NORMAL_13_VALUE_0",
    "assetId": "eip155-10:0x0000000000000000000000000000000000000000:ETH",
    "balance": "0.007389344859695574",
    "balanceN": 0.007389344859695574,
    "change": "-0.01",
    "changeN": -0.01,
    "operation": "Withdraw",
    "platform": "eip155-10",
    "timestamp": 1691998817000,
    "txId": "0x606334734f611646e7a6cc9806635e8d40c447a97e2197d8c75d8b1dbaab5cf9_NORMAL_13",
    "wallet": "0x003dc32fe920a4aaeed12dc87e145f030aa753f3",
  },
  {
    "_id": "0x323c777bdd0f6d5ad2677e6ad279a40e615e3abcdee7625a03fff68556762e82_INTERNAL_1_VALUE_0",
    "assetId": "eip155-10:0x0000000000000000000000000000000000000000:ETH",
    "balance": "0.017389344859695574",
    "balanceN": 0.017389344859695573,
    "change": "0.013425996768367312",
    "changeN": 0.013425996768367312,
    "operation": "Deposit",
    "platform": "eip155-10",
    "timestamp": 1691998777000,
    "txId": "0x323c777bdd0f6d5ad2677e6ad279a40e615e3abcdee7625a03fff68556762e82_MERGED",
    "wallet": "0x003dc32fe920a4aaeed12dc87e145f030aa753f3",
  },
  {
    "_id": "0x323c777bdd0f6d5ad2677e6ad279a40e615e3abcdee7625a03fff68556762e82_NORMAL_12_FEE_0",
    "assetId": "eip155-10:0x0000000000000000000000000000000000000000:ETH",
    "balance": "0.003963348091328262",
    "balanceN": 0.003963348091328262,
    "change": "-0.000038787651178496",
    "changeN": -0.000038787651178496,
    "operation": "Fee",
    "platform": "eip155-10",
    "timestamp": 1691998777000,
    "txId": "0x323c777bdd0f6d5ad2677e6ad279a40e615e3abcdee7625a03fff68556762e82_MERGED",
    "wallet": "0x003dc32fe920a4aaeed12dc87e145f030aa753f3",
  },
  {
    "_id": "0x323c777bdd0f6d5ad2677e6ad279a40e615e3abcdee7625a03fff68556762e82_ERC20_7_TRANSFER_7",
    "assetId": "eip155-10:0x8c6f28f2f1a3c87f0f938b96d27520d9751ec8d9:sUSD",
    "balance": "25",
    "balanceN": 25,
    "change": "-24.872472987927042338",
    "changeN": -24.872472987927043,
    "operation": "Withdraw",
    "platform": "eip155-10",
    "timestamp": 1691998777000,
    "txId": "0x323c777bdd0f6d5ad2677e6ad279a40e615e3abcdee7625a03fff68556762e82_MERGED",
    "wallet": "0x003dc32fe920a4aaeed12dc87e145f030aa753f3",
  },
  {
    "_id": "0x97f6e1ca11198af170fab112aedbcc1012cf2121cc8b93cd41325351095ec6a3_NORMAL_11_FEE_0",
    "assetId": "eip155-10:0x0000000000000000000000000000000000000000:ETH",
    "balance": "0.004002135742506758",
    "balanceN": 0.004002135742506758,
    "change": "-0.000000000404359356",
    "changeN": -4.04359356e-10,
    "operation": "Fee",
    "platform": "eip155-10",
    "timestamp": 1691998755000,
    "txId": "0x97f6e1ca11198af170fab112aedbcc1012cf2121cc8b93cd41325351095ec6a3_NORMAL_11",
    "wallet": "0x003dc32fe920a4aaeed12dc87e145f030aa753f3",
  },
  {
    "_id": "0x212bcfffa9e8b11487a015622a6a10ed90209eea594a57c377636b41c7f41872_NORMAL_10_FEE_0",
    "assetId": "eip155-10:0x0000000000000000000000000000000000000000:ETH",
    "balance": "0.004002136146866114",
    "balanceN": 0.004002136146866114,
    "change": "-0.00000041799408562",
    "changeN": -4.1799408562e-7,
    "operation": "Fee",
    "platform": "eip155-10",
    "timestamp": 1691693681000,
    "txId": "0x212bcfffa9e8b11487a015622a6a10ed90209eea594a57c377636b41c7f41872_MERGED",
    "wallet": "0x003dc32fe920a4aaeed12dc87e145f030aa753f3",
  },
  {
    "_id": "0x212bcfffa9e8b11487a015622a6a10ed90209eea594a57c377636b41c7f41872_ERC20_6_TRANSFER_6",
    "assetId": "eip155-10:0x8c6f28f2f1a3c87f0f938b96d27520d9751ec8d9:sUSD",
    "balance": "49.872472987927042338",
    "balanceN": 49.87247298792704,
    "change": "-51",
    "changeN": -51,
    "operation": "Withdraw",
    "platform": "eip155-10",
    "timestamp": 1691693681000,
    "txId": "0x212bcfffa9e8b11487a015622a6a10ed90209eea594a57c377636b41c7f41872_MERGED",
    "wallet": "0x003dc32fe920a4aaeed12dc87e145f030aa753f3",
  },
  {
    "_id": "0xf280abff0cd29eebbe1a53f02f6eb84f0cc90f043ec1eda3e98767208eb1ef98_NORMAL_9_FEE_0",
    "assetId": "eip155-10:0x0000000000000000000000000000000000000000:ETH",
    "balance": "0.004002554140951734",
    "balanceN": 0.004002554140951734,
    "change": "-0.000000025468392888",
    "changeN": -2.5468392888e-8,
    "operation": "Fee",
    "platform": "eip155-10",
    "timestamp": 1691693475000,
    "txId": "0xf280abff0cd29eebbe1a53f02f6eb84f0cc90f043ec1eda3e98767208eb1ef98_NORMAL_9",
    "wallet": "0x003dc32fe920a4aaeed12dc87e145f030aa753f3",
  },
  {
    "_id": "0x1df6a6ac635c160c0360d4e4f875f66e8fda44bc67bee6b2094ee27271b14013_NORMAL_8_FEE_0",
    "assetId": "eip155-10:0x0000000000000000000000000000000000000000:ETH",
    "balance": "0.004002579609344622",
    "balanceN": 0.004002579609344622,
    "change": "-0.000000127655419713",
    "changeN": -1.27655419713e-7,
    "operation": "Fee",
    "platform": "eip155-10",
    "timestamp": 1691693445000,
    "txId": "0x1df6a6ac635c160c0360d4e4f875f66e8fda44bc67bee6b2094ee27271b14013_NORMAL_8",
    "wallet": "0x003dc32fe920a4aaeed12dc87e145f030aa753f3",
  },
  {
    "_id": "0xaa57e8fdf6b5545987c9a997c4187051e825181721b3f4f1ef130b4320bdcc7f_ERC20_5_TRANSFER_5",
    "assetId": "eip155-10:0x8c6f28f2f1a3c87f0f938b96d27520d9751ec8d9:sUSD",
    "balance": "100.872472987927042338",
    "balanceN": 100.87247298792704,
    "change": "49.017837839311641383",
    "changeN": 49.01783783931164,
    "operation": "Deposit",
    "platform": "eip155-10",
    "timestamp": 1691693137000,
    "txId": "0xaa57e8fdf6b5545987c9a997c4187051e825181721b3f4f1ef130b4320bdcc7f_MERGED",
    "wallet": "0x003dc32fe920a4aaeed12dc87e145f030aa753f3",
  },
  {
    "_id": "0xaa57e8fdf6b5545987c9a997c4187051e825181721b3f4f1ef130b4320bdcc7f_NORMAL_7_FEE_0",
    "assetId": "eip155-10:0x0000000000000000000000000000000000000000:ETH",
    "balance": "0.004002707264764335",
    "balanceN": 0.004002707264764335,
    "change": "-0.000000270215890848",
    "changeN": -2.70215890848e-7,
    "operation": "Fee",
    "platform": "eip155-10",
    "timestamp": 1691693137000,
    "txId": "0xaa57e8fdf6b5545987c9a997c4187051e825181721b3f4f1ef130b4320bdcc7f_MERGED",
    "wallet": "0x003dc32fe920a4aaeed12dc87e145f030aa753f3",
  },
  {
    "_id": "0xaa57e8fdf6b5545987c9a997c4187051e825181721b3f4f1ef130b4320bdcc7f_ERC20_4_TRANSFER_4",
    "assetId": "eip155-10:0x94b008aa00579c1307b0ef2c499ad98a8ce58e58:USDT",
    "balance": "0",
    "balanceN": 0,
    "change": "-49",
    "changeN": -49,
    "operation": "Withdraw",
    "platform": "eip155-10",
    "timestamp": 1691693137000,
    "txId": "0xaa57e8fdf6b5545987c9a997c4187051e825181721b3f4f1ef130b4320bdcc7f_MERGED",
    "wallet": "0x003dc32fe920a4aaeed12dc87e145f030aa753f3",
  },
  {
    "_id": "0x9f1a217f0ce68ea88166d0388cc9a2cbc35f54643cffe1d037729f3a1a7b6981_NORMAL_6_FEE_0",
    "assetId": "eip155-10:0x0000000000000000000000000000000000000000:ETH",
    "balance": "0.004002977480655183",
    "balanceN": 0.004002977480655183,
    "change": "-0.000000031255719985",
    "changeN": -3.1255719985e-8,
    "operation": "Fee",
    "platform": "eip155-10",
    "timestamp": 1691693085000,
    "txId": "0x9f1a217f0ce68ea88166d0388cc9a2cbc35f54643cffe1d037729f3a1a7b6981_NORMAL_6",
    "wallet": "0x003dc32fe920a4aaeed12dc87e145f030aa753f3",
  },
  {
    "_id": "0x4f6361d8b4bc6720b873f12a2f835c9f69e70ce4bbffeee226fca4327fc61825_ERC20_3_TRANSFER_3",
    "assetId": "eip155-10:0x94b008aa00579c1307b0ef2c499ad98a8ce58e58:USDT",
    "balance": "49",
    "balanceN": 49,
    "change": "49",
    "changeN": 49,
    "operation": "Deposit",
    "platform": "eip155-10",
    "timestamp": 1691692983000,
    "txId": "0x4f6361d8b4bc6720b873f12a2f835c9f69e70ce4bbffeee226fca4327fc61825_ERC20_3",
    "wallet": "0x003dc32fe920a4aaeed12dc87e145f030aa753f3",
  },
  {
    "_id": "0x14a13d724d12991c54dad1235bb3f795d812c2c641039590106fc4bd54fa119a_ERC20_2_TRANSFER_2",
    "assetId": "eip155-10:0x8c6f28f2f1a3c87f0f938b96d27520d9751ec8d9:sUSD",
    "balance": "51.854635148615400955",
    "balanceN": 51.8546351486154,
    "change": "51.854635148615400955",
    "changeN": 51.8546351486154,
    "operation": "Deposit",
    "platform": "eip155-10",
    "timestamp": 1691692391000,
    "txId": "0x14a13d724d12991c54dad1235bb3f795d812c2c641039590106fc4bd54fa119a_MERGED",
    "wallet": "0x003dc32fe920a4aaeed12dc87e145f030aa753f3",
  },
  {
    "_id": "0x14a13d724d12991c54dad1235bb3f795d812c2c641039590106fc4bd54fa119a_NORMAL_5_FEE_0",
    "assetId": "eip155-10:0x0000000000000000000000000000000000000000:ETH",
    "balance": "0.004003008736375168",
    "balanceN": 0.004003008736375168,
    "change": "-0.000000459604110096",
    "changeN": -4.59604110096e-7,
    "operation": "Fee",
    "platform": "eip155-10",
    "timestamp": 1691692391000,
    "txId": "0x14a13d724d12991c54dad1235bb3f795d812c2c641039590106fc4bd54fa119a_MERGED",
    "wallet": "0x003dc32fe920a4aaeed12dc87e145f030aa753f3",
  },
  {
    "_id": "0x14a13d724d12991c54dad1235bb3f795d812c2c641039590106fc4bd54fa119a_NORMAL_5_VALUE_0",
    "assetId": "eip155-10:0x0000000000000000000000000000000000000000:ETH",
    "balance": "0.004003468340485264",
    "balanceN": 0.004003468340485264,
    "change": "-0.028041480650597383",
    "changeN": -0.028041480650597382,
    "operation": "Withdraw",
    "platform": "eip155-10",
    "timestamp": 1691692391000,
    "txId": "0x14a13d724d12991c54dad1235bb3f795d812c2c641039590106fc4bd54fa119a_MERGED",
    "wallet": "0x003dc32fe920a4aaeed12dc87e145f030aa753f3",
  },
  {
    "_id": "0x0e739474ae579fd6e2ec16fbc2d63a7db7a339a87cdc626c922d789be17b1edc_NORMAL_4_FEE_0",
    "assetId": "eip155-10:0x0000000000000000000000000000000000000000:ETH",
    "balance": "0.032044948991082647",
    "balanceN": 0.03204494899108265,
    "change": "-0.000000122892",
    "changeN": -1.22892e-7,
    "operation": "Fee",
    "platform": "eip155-10",
    "timestamp": 1677442732000,
    "txId": "0x0e739474ae579fd6e2ec16fbc2d63a7db7a339a87cdc626c922d789be17b1edc_NORMAL_4",
    "wallet": "0x003dc32fe920a4aaeed12dc87e145f030aa753f3",
  },
  {
    "_id": "0xe76afd78756cfc1cb0094860df3cb1cfa8c706a906b8676d417622359b358e7e_NORMAL_3_FEE_0",
    "assetId": "eip155-10:0x0000000000000000000000000000000000000000:ETH",
    "balance": "0.032045071883082647",
    "balanceN": 0.03204507188308265,
    "change": "-0.00000008588",
    "changeN": -8.588e-8,
    "operation": "Fee",
    "platform": "eip155-10",
    "timestamp": 1654022820000,
    "txId": "0xe76afd78756cfc1cb0094860df3cb1cfa8c706a906b8676d417622359b358e7e_MERGED",
    "wallet": "0x003dc32fe920a4aaeed12dc87e145f030aa753f3",
  },
  {
    "_id": "0xe76afd78756cfc1cb0094860df3cb1cfa8c706a906b8676d417622359b358e7e_ERC20_1_TRANSFER_1",
    "assetId": "eip155-10:0x4200000000000000000000000000000000000042:OP",
    "balance": "0",
    "balanceN": 0,
    "change": "-827.759804739626467328",
    "changeN": -827.7598047396265,
    "operation": "Withdraw",
    "platform": "eip155-10",
    "timestamp": 1654022820000,
    "txId": "0xe76afd78756cfc1cb0094860df3cb1cfa8c706a906b8676d417622359b358e7e_MERGED",
    "wallet": "0x003dc32fe920a4aaeed12dc87e145f030aa753f3",
  },
  {
    "_id": "0x2b18ea3132e57a86a19ed90ac1d246846441a3bdfae526fd1261afd0f205caa6_NORMAL_2_FEE_0",
    "assetId": "eip155-10:0x0000000000000000000000000000000000000000:ETH",
    "balance": "0.032045157763082647",
    "balanceN": 0.03204515776308265,
    "change": "-0.000000082428",
    "changeN": -8.2428e-8,
    "operation": "Fee",
    "platform": "eip155-10",
    "timestamp": 1654021995000,
    "txId": "0x2b18ea3132e57a86a19ed90ac1d246846441a3bdfae526fd1261afd0f205caa6_NORMAL_2",
    "wallet": "0x003dc32fe920a4aaeed12dc87e145f030aa753f3",
  },
  {
    "_id": "0xfe2b151e472b2263361bd99c39e3103dc3478badf4582c735fd49187e786182b_ERC20_0_TRANSFER_0",
    "assetId": "eip155-10:0x4200000000000000000000000000000000000042:OP",
    "balance": "827.759804739626467328",
    "balanceN": 827.7598047396265,
    "change": "827.759804739626467328",
    "changeN": 827.7598047396265,
    "operation": "Deposit",
    "platform": "eip155-10",
    "timestamp": 1654021845000,
    "txId": "0xfe2b151e472b2263361bd99c39e3103dc3478badf4582c735fd49187e786182b_MERGED",
    "wallet": "0x003dc32fe920a4aaeed12dc87e145f030aa753f3",
  },
  {
    "_id": "0xfe2b151e472b2263361bd99c39e3103dc3478badf4582c735fd49187e786182b_NORMAL_1_FEE_0",
    "assetId": "eip155-10:0x0000000000000000000000000000000000000000:ETH",
    "balance": "0.032045240191082647",
    "balanceN": 0.032045240191082645,
    "change": "-0.00000008896",
    "changeN": -8.896e-8,
    "operation": "Fee",
    "platform": "eip155-10",
    "timestamp": 1654021845000,
    "txId": "0xfe2b151e472b2263361bd99c39e3103dc3478badf4582c735fd49187e786182b_MERGED",
    "wallet": "0x003dc32fe920a4aaeed12dc87e145f030aa753f3",
  },
  {
    "_id": "0x078eeec7dc630f1d44e9d64ebb399b61ed8f729cd7aaf829b30ced74b678acac_INTERNAL_0_VALUE_0",
    "assetId": "eip155-10:0x0000000000000000000000000000000000000000:ETH",
    "balance": "0.032045329151082647",
    "balanceN": 0.032045329151082644,
    "change": "0.009730669151082647",
    "changeN": 0.009730669151082647,
    "operation": "Deposit",
    "platform": "eip155-10",
    "timestamp": 1654016428000,
    "txId": "0x078eeec7dc630f1d44e9d64ebb399b61ed8f729cd7aaf829b30ced74b678acac_INTERNAL_0",
    "wallet": "0x003dc32fe920a4aaeed12dc87e145f030aa753f3",
  },
  {
    "_id": "0x58e7a6e1810d185d7c8c4d7c3ac0bbb7ee3ab3a7a05eedc853e1a3abce1e7f9a_NORMAL_0_VALUE_0",
    "assetId": "eip155-10:0x0000000000000000000000000000000000000000:ETH",
    "balance": "0.02231466",
    "balanceN": 0.02231466,
    "change": "0.02231466",
    "changeN": 0.02231466,
    "operation": "Deposit",
    "platform": "eip155-10",
    "timestamp": 1654015224000,
    "txId": "0x58e7a6e1810d185d7c8c4d7c3ac0bbb7ee3ab3a7a05eedc853e1a3abce1e7f9a_NORMAL_0",
    "wallet": "0x003dc32fe920a4aaeed12dc87e145f030aa753f3",
  },
]