[
  {
    "eip155-10:0x0000000000000000000000000000000000000000:ETH": "0.032045071883082647",
    "timestamp": 1662595200000,
  },
  {
    "eip155-10:0x0000000000000000000000000000000000000000:ETH": "0.032045071883082647",
    "timestamp": 1662681600000,
  },
  {
    "eip155-10:0x0000000000000000000000000000000000000000:ETH": "0.032045071883082647",
    "timestamp": 1662768000000,
  },
  {
    "eip155-10:0x0000000000000000000000000000000000000000:ETH": "0.032045071883082647",
    "timestamp": 1662854400000,
  },
  {
    "eip155-10:0x0000000000000000000000000000000000000000:ETH": "0.032045071883082647",
    "timestamp": 1662940800000,
  },
  {
    "eip155-10:0x0000000000000000000000000000000000000000:ETH": "0.032045071883082647",
    "timestamp": 1663027200000,
  },
  {
    "eip155-10:0x0000000000000000000000000000000000000000:ETH": "0.032045071883082647",
    "timestamp": 1663113600000,
  },
  {
    "eip155-10:0x0000000000000000000000000000000000000000:ETH": "0.032045071883082647",
    "timestamp": 1663200000000,
  },
  {
    "eip155-10:0x0000000000000000000000000000000000000000:ETH": "0.032045071883082647",
    "timestamp": 1663286400000,
  },
  {
    "eip155-10:0x0000000000000000000000000000000000000000:ETH": "0.032045071883082647",
    "timestamp": 1663372800000,
  },
  {
    "eip155-10:0x0000000000000000000000000000000000000000:ETH": "0.032045071883082647",
    "timestamp": 1663459200000,
  },
  {
    "eip155-10:0x0000000000000000000000000000000000000000:ETH": "0.032045071883082647",
    "timestamp": 1663545600000,
  },
  {
    "eip155-10:0x0000000000000000000000000000000000000000:ETH": "0.032045071883082647",
    "timestamp": 1663632000000,
  },
  {
    "eip155-10:0x0000000000000000000000000000000000000000:ETH": "0.032045071883082647",
    "timestamp": 1663718400000,
  },
  {
    "eip155-10:0x0000000000000000000000000000000000000000:ETH": "0.032045071883082647",
    "timestamp": 1663804800000,
  },
  {
    "eip155-10:0x0000000000000000000000000000000000000000:ETH": "0.032045071883082647",
    "timestamp": 1663891200000,
  },
  {
    "eip155-10:0x0000000000000000000000000000000000000000:ETH": "0.032045071883082647",
    "timestamp": 1663977600000,
  },
  {
    "eip155-10:0x0000000000000000000000000000000000000000:ETH": "0.032045071883082647",
    "timestamp": 1664064000000,
  },
  {
    "eip155-10:0x0000000000000000000000000000000000000000:ETH": "0.032045071883082647",
    "timestamp": 1664150400000,
  },
  {
    "eip155-10:0x0000000000000000000000000000000000000000:ETH": "0.032045071883082647",
    "timestamp": 1664236800000,
  },
  {
    "eip155-10:0x0000000000000000000000000000000000000000:ETH": "0.032045071883082647",
    "timestamp": 1664323200000,
  },
  {
    "eip155-10:0x0000000000000000000000000000000000000000:ETH": "0.032045071883082647",
    "timestamp": 1664409600000,
  },
  {
    "eip155-10:0x0000000000000000000000000000000000000000:ETH": "0.032045071883082647",
    "timestamp": 1664496000000,
  },
  {
    "eip155-10:0x0000000000000000000000000000000000000000:ETH": "0.032045071883082647",
    "timestamp": 1664582400000,
  },
  {
    "eip155-10:0x0000000000000000000000000000000000000000:ETH": "0.032045071883082647",
    "timestamp": 1664668800000,
  },
  {
    "eip155-10:0x0000000000000000000000000000000000000000:ETH": "0.032045071883082647",
    "timestamp": 1664755200000,
  },
  {
    "eip155-10:0x0000000000000000000000000000000000000000:ETH": "0.032045071883082647",
    "timestamp": 1664841600000,
  },
  {
    "eip155-10:0x0000000000000000000000000000000000000000:ETH": "0.032045071883082647",
    "timestamp": 1664928000000,
  },
  {
    "eip155-10:0x0000000000000000000000000000000000000000:ETH": "0.032045071883082647",
    "timestamp": 1665014400000,
  },
  {
    "eip155-10:0x0000000000000000000000000000000000000000:ETH": "0.032045071883082647",
    "timestamp": 1665100800000,
  },
  {
    "eip155-10:0x0000000000000000000000000000000000000000:ETH": "0.032045071883082647",
    "timestamp": 1665187200000,
  },
  {
    "eip155-10:0x0000000000000000000000000000000000000000:ETH": "0.032045071883082647",
    "timestamp": 1665273600000,
  },
  {
    "eip155-10:0x0000000000000000000000000000000000000000:ETH": "0.032045071883082647",
    "timestamp": 1665360000000,
  },
  {
    "eip155-10:0x0000000000000000000000000000000000000000:ETH": "0.032045071883082647",
    "timestamp": 1665446400000,
  },
  {
    "eip155-10:0x0000000000000000000000000000000000000000:ETH": "0.032045071883082647",
    "timestamp": 1665532800000,
  },
  {
    "eip155-10:0x0000000000000000000000000000000000000000:ETH": "0.032045071883082647",
    "timestamp": 1665619200000,
  },
  {
    "eip155-10:0x0000000000000000000000000000000000000000:ETH": "0.032045071883082647",
    "timestamp": 1665705600000,
  },
  {
    "eip155-10:0x0000000000000000000000000000000000000000:ETH": "0.032045071883082647",
    "timestamp": 1665792000000,
  },
  {
    "eip155-10:0x0000000000000000000000000000000000000000:ETH": "0.032045071883082647",
    "timestamp": 1665878400000,
  },
  {
    "eip155-10:0x0000000000000000000000000000000000000000:ETH": "0.032045071883082647",
    "timestamp": 1665964800000,
  },
  {
    "eip155-10:0x0000000000000000000000000000000000000000:ETH": "0.032045071883082647",
    "timestamp": 1666051200000,
  },
  {
    "eip155-10:0x0000000000000000000000000000000000000000:ETH": "0.032045071883082647",
    "timestamp": 1666137600000,
  },
  {
    "eip155-10:0x0000000000000000000000000000000000000000:ETH": "0.032045071883082647",
    "timestamp": 1666224000000,
  },
  {
    "eip155-10:0x0000000000000000000000000000000000000000:ETH": "0.032045071883082647",
    "timestamp": 1666310400000,
  },
  {
    "eip155-10:0x0000000000000000000000000000000000000000:ETH": "0.032045071883082647",
    "timestamp": 1666396800000,
  },
  {
    "eip155-10:0x0000000000000000000000000000000000000000:ETH": "0.032045071883082647",
    "timestamp": 1666483200000,
  },
  {
    "eip155-10:0x0000000000000000000000000000000000000000:ETH": "0.032045071883082647",
    "timestamp": 1666569600000,
  },
  {
    "eip155-10:0x0000000000000000000000000000000000000000:ETH": "0.032045071883082647",
    "timestamp": 1666656000000,
  },
  {
    "eip155-10:0x0000000000000000000000000000000000000000:ETH": "0.032045071883082647",
    "timestamp": 1666742400000,
  },
  {
    "eip155-10:0x0000000000000000000000000000000000000000:ETH": "0.032045071883082647",
    "timestamp": 1666828800000,
  },
  {
    "eip155-10:0x0000000000000000000000000000000000000000:ETH": "0.032045071883082647",
    "timestamp": 1666915200000,
  },
  {
    "eip155-10:0x0000000000000000000000000000000000000000:ETH": "0.032045071883082647",
    "timestamp": 1667001600000,
  },
  {
    "eip155-10:0x0000000000000000000000000000000000000000:ETH": "0.032045071883082647",
    "timestamp": 1667088000000,
  },
  {
    "eip155-10:0x0000000000000000000000000000000000000000:ETH": "0.032045071883082647",
    "timestamp": 1667174400000,
  },
  {
    "eip155-10:0x0000000000000000000000000000000000000000:ETH": "0.032045071883082647",
    "timestamp": 1667260800000,
  },
  {
    "eip155-10:0x0000000000000000000000000000000000000000:ETH": "0.032045071883082647",
    "timestamp": 1667347200000,
  },
  {
    "eip155-10:0x0000000000000000000000000000000000000000:ETH": "0.032045071883082647",
    "timestamp": 1667433600000,
  },
  {
    "eip155-10:0x0000000000000000000000000000000000000000:ETH": "0.032045071883082647",
    "timestamp": 1667520000000,
  },
  {
    "eip155-10:0x0000000000000000000000000000000000000000:ETH": "0.032045071883082647",
    "timestamp": 1667606400000,
  },
  {
    "eip155-10:0x0000000000000000000000000000000000000000:ETH": "0.032045071883082647",
    "timestamp": 1667692800000,
  },
  {
    "eip155-10:0x0000000000000000000000000000000000000000:ETH": "0.032045071883082647",
    "timestamp": 1667779200000,
  },
  {
    "eip155-10:0x0000000000000000000000000000000000000000:ETH": "0.032045071883082647",
    "timestamp": 1667865600000,
  },
  {
    "eip155-10:0x0000000000000000000000000000000000000000:ETH": "0.032045071883082647",
    "timestamp": 1667952000000,
  },
  {
    "eip155-10:0x0000000000000000000000000000000000000000:ETH": "0.032045071883082647",
    "timestamp": 1668038400000,
  },
  {
    "eip155-10:0x0000000000000000000000000000000000000000:ETH": "0.032045071883082647",
    "timestamp": 1668124800000,
  },
  {
    "eip155-10:0x0000000000000000000000000000000000000000:ETH": "0.032045071883082647",
    "timestamp": 1668211200000,
  },
  {
    "eip155-10:0x0000000000000000000000000000000000000000:ETH": "0.032045071883082647",
    "timestamp": 1668297600000,
  },
  {
    "eip155-10:0x0000000000000000000000000000000000000000:ETH": "0.032045071883082647",
    "timestamp": 1668384000000,
  },
  {
    "eip155-10:0x0000000000000000000000000000000000000000:ETH": "0.032045071883082647",
    "timestamp": 1668470400000,
  },
  {
    "eip155-10:0x0000000000000000000000000000000000000000:ETH": "0.032045071883082647",
    "timestamp": 1668556800000,
  },
  {
    "eip155-10:0x0000000000000000000000000000000000000000:ETH": "0.032045071883082647",
    "timestamp": 1668643200000,
  },
  {
    "eip155-10:0x0000000000000000000000000000000000000000:ETH": "0.032045071883082647",
    "timestamp": 1668729600000,
  },
  {
    "eip155-10:0x0000000000000000000000000000000000000000:ETH": "0.032045071883082647",
    "timestamp": 1668816000000,
  },
  {
    "eip155-10:0x0000000000000000000000000000000000000000:ETH": "0.032045071883082647",
    "timestamp": 1668902400000,
  },
  {
    "eip155-10:0x0000000000000000000000000000000000000000:ETH": "0.032045071883082647",
    "timestamp": 1668988800000,
  },
  {
    "eip155-10:0x0000000000000000000000000000000000000000:ETH": "0.032045071883082647",
    "timestamp": 1669075200000,
  },
  {
    "eip155-10:0x0000000000000000000000000000000000000000:ETH": "0.032045071883082647",
    "timestamp": 1669161600000,
  },
  {
    "eip155-10:0x0000000000000000000000000000000000000000:ETH": "0.032045071883082647",
    "timestamp": 1669248000000,
  },
  {
    "eip155-10:0x0000000000000000000000000000000000000000:ETH": "0.032045071883082647",
    "timestamp": 1669334400000,
  },
  {
    "eip155-10:0x0000000000000000000000000000000000000000:ETH": "0.032045071883082647",
    "timestamp": 1669420800000,
  },
  {
    "eip155-10:0x0000000000000000000000000000000000000000:ETH": "0.032045071883082647",
    "timestamp": 1669507200000,
  },
  {
    "eip155-10:0x0000000000000000000000000000000000000000:ETH": "0.032045071883082647",
    "timestamp": 1669593600000,
  },
  {
    "eip155-10:0x0000000000000000000000000000000000000000:ETH": "0.032045071883082647",
    "timestamp": 1669680000000,
  },
  {
    "eip155-10:0x0000000000000000000000000000000000000000:ETH": "0.032045071883082647",
    "timestamp": 1669766400000,
  },
  {
    "eip155-10:0x0000000000000000000000000000000000000000:ETH": "0.032045071883082647",
    "timestamp": 1669852800000,
  },
  {
    "eip155-10:0x0000000000000000000000000000000000000000:ETH": "0.032045071883082647",
    "timestamp": 1669939200000,
  },
  {
    "eip155-10:0x0000000000000000000000000000000000000000:ETH": "0.032045071883082647",
    "timestamp": 1670025600000,
  },
  {
    "eip155-10:0x0000000000000000000000000000000000000000:ETH": "0.032045071883082647",
    "timestamp": 1670112000000,
  },
  {
    "eip155-10:0x0000000000000000000000000000000000000000:ETH": "0.032045071883082647",
    "timestamp": 1670198400000,
  },
  {
    "eip155-10:0x0000000000000000000000000000000000000000:ETH": "0.032045071883082647",
    "timestamp": 1670284800000,
  },
  {
    "eip155-10:0x0000000000000000000000000000000000000000:ETH": "0.032045071883082647",
    "timestamp": 1670371200000,
  },
  {
    "eip155-10:0x0000000000000000000000000000000000000000:ETH": "0.032045071883082647",
    "timestamp": 1670457600000,
  },
  {
    "eip155-10:0x0000000000000000000000000000000000000000:ETH": "0.032045071883082647",
    "timestamp": 1670544000000,
  },
  {
    "eip155-10:0x0000000000000000000000000000000000000000:ETH": "0.032045071883082647",
    "timestamp": 1670630400000,
  },
  {
    "eip155-10:0x0000000000000000000000000000000000000000:ETH": "0.032045071883082647",
    "timestamp": 1670716800000,
  },
  {
    "eip155-10:0x0000000000000000000000000000000000000000:ETH": "0.032045071883082647",
    "timestamp": 1670803200000,
  },
  {
    "eip155-10:0x0000000000000000000000000000000000000000:ETH": "0.032045071883082647",
    "timestamp": 1670889600000,
  },
  {
    "eip155-10:0x0000000000000000000000000000000000000000:ETH": "0.032045071883082647",
    "timestamp": 1670976000000,
  },
  {
    "eip155-10:0x0000000000000000000000000000000000000000:ETH": "0.032045071883082647",
    "timestamp": 1671062400000,
  },
  {
    "eip155-10:0x0000000000000000000000000000000000000000:ETH": "0.032045071883082647",
    "timestamp": 1671148800000,
  },
]