[
  {
    "eip155-10:0x0000000000000000000000000000000000000000:ETH": "0.032044948991082647",
    "timestamp": 1688515200000,
  },
  {
    "eip155-10:0x0000000000000000000000000000000000000000:ETH": "0.032044948991082647",
    "timestamp": 1688601600000,
  },
  {
    "eip155-10:0x0000000000000000000000000000000000000000:ETH": "0.032044948991082647",
    "timestamp": 1688688000000,
  },
  {
    "eip155-10:0x0000000000000000000000000000000000000000:ETH": "0.032044948991082647",
    "timestamp": 1688774400000,
  },
  {
    "eip155-10:0x0000000000000000000000000000000000000000:ETH": "0.032044948991082647",
    "timestamp": 1688860800000,
  },
  {
    "eip155-10:0x0000000000000000000000000000000000000000:ETH": "0.032044948991082647",
    "timestamp": 1688947200000,
  },
  {
    "eip155-10:0x0000000000000000000000000000000000000000:ETH": "0.032044948991082647",
    "timestamp": 1689033600000,
  },
  {
    "eip155-10:0x0000000000000000000000000000000000000000:ETH": "0.032044948991082647",
    "timestamp": 1689120000000,
  },
  {
    "eip155-10:0x0000000000000000000000000000000000000000:ETH": "0.032044948991082647",
    "timestamp": 1689206400000,
  },
  {
    "eip155-10:0x0000000000000000000000000000000000000000:ETH": "0.032044948991082647",
    "timestamp": 1689292800000,
  },
  {
    "eip155-10:0x0000000000000000000000000000000000000000:ETH": "0.032044948991082647",
    "timestamp": 1689379200000,
  },
  {
    "eip155-10:0x0000000000000000000000000000000000000000:ETH": "0.032044948991082647",
    "timestamp": 1689465600000,
  },
  {
    "eip155-10:0x0000000000000000000000000000000000000000:ETH": "0.032044948991082647",
    "timestamp": 1689552000000,
  },
  {
    "eip155-10:0x0000000000000000000000000000000000000000:ETH": "0.032044948991082647",
    "timestamp": 1689638400000,
  },
  {
    "eip155-10:0x0000000000000000000000000000000000000000:ETH": "0.032044948991082647",
    "timestamp": 1689724800000,
  },
  {
    "eip155-10:0x0000000000000000000000000000000000000000:ETH": "0.032044948991082647",
    "timestamp": 1689811200000,
  },
  {
    "eip155-10:0x0000000000000000000000000000000000000000:ETH": "0.032044948991082647",
    "timestamp": 1689897600000,
  },
  {
    "eip155-10:0x0000000000000000000000000000000000000000:ETH": "0.032044948991082647",
    "timestamp": 1689984000000,
  },
  {
    "eip155-10:0x0000000000000000000000000000000000000000:ETH": "0.032044948991082647",
    "timestamp": 1690070400000,
  },
  {
    "eip155-10:0x0000000000000000000000000000000000000000:ETH": "0.032044948991082647",
    "timestamp": 1690156800000,
  },
  {
    "eip155-10:0x0000000000000000000000000000000000000000:ETH": "0.032044948991082647",
    "timestamp": 1690243200000,
  },
  {
    "eip155-10:0x0000000000000000000000000000000000000000:ETH": "0.032044948991082647",
    "timestamp": 1690329600000,
  },
  {
    "eip155-10:0x0000000000000000000000000000000000000000:ETH": "0.032044948991082647",
    "timestamp": 1690416000000,
  },
  {
    "eip155-10:0x0000000000000000000000000000000000000000:ETH": "0.032044948991082647",
    "timestamp": 1690502400000,
  },
  {
    "eip155-10:0x0000000000000000000000000000000000000000:ETH": "0.032044948991082647",
    "timestamp": 1690588800000,
  },
  {
    "eip155-10:0x0000000000000000000000000000000000000000:ETH": "0.032044948991082647",
    "timestamp": 1690675200000,
  },
  {
    "eip155-10:0x0000000000000000000000000000000000000000:ETH": "0.032044948991082647",
    "timestamp": 1690761600000,
  },
  {
    "eip155-10:0x0000000000000000000000000000000000000000:ETH": "0.032044948991082647",
    "timestamp": 1690848000000,
  },
  {
    "eip155-10:0x0000000000000000000000000000000000000000:ETH": "0.032044948991082647",
    "timestamp": 1690934400000,
  },
  {
    "eip155-10:0x0000000000000000000000000000000000000000:ETH": "0.032044948991082647",
    "timestamp": 1691020800000,
  },
  {
    "eip155-10:0x0000000000000000000000000000000000000000:ETH": "0.032044948991082647",
    "timestamp": 1691107200000,
  },
  {
    "eip155-10:0x0000000000000000000000000000000000000000:ETH": "0.032044948991082647",
    "timestamp": 1691193600000,
  },
  {
    "eip155-10:0x0000000000000000000000000000000000000000:ETH": "0.032044948991082647",
    "timestamp": 1691280000000,
  },
  {
    "eip155-10:0x0000000000000000000000000000000000000000:ETH": "0.032044948991082647",
    "timestamp": 1691366400000,
  },
  {
    "eip155-10:0x0000000000000000000000000000000000000000:ETH": "0.032044948991082647",
    "timestamp": 1691452800000,
  },
  {
    "eip155-10:0x0000000000000000000000000000000000000000:ETH": "0.032044948991082647",
    "timestamp": 1691539200000,
  },
  {
    "eip155-10:0x0000000000000000000000000000000000000000:ETH": "0.004002136146866114",
    "eip155-10:0x8c6f28f2f1a3c87f0f938b96d27520d9751ec8d9:sUSD": "49.872472987927042338",
    "timestamp": 1691625600000,
  },
  {
    "eip155-10:0x0000000000000000000000000000000000000000:ETH": "0.004002136146866114",
    "eip155-10:0x8c6f28f2f1a3c87f0f938b96d27520d9751ec8d9:sUSD": "49.872472987927042338",
    "timestamp": 1691712000000,
  },
  {
    "eip155-10:0x0000000000000000000000000000000000000000:ETH": "0.004002136146866114",
    "eip155-10:0x8c6f28f2f1a3c87f0f938b96d27520d9751ec8d9:sUSD": "49.872472987927042338",
    "timestamp": 1691798400000,
  },
  {
    "eip155-10:0x0000000000000000000000000000000000000000:ETH": "0.004002136146866114",
    "eip155-10:0x8c6f28f2f1a3c87f0f938b96d27520d9751ec8d9:sUSD": "49.872472987927042338",
    "timestamp": 1691884800000,
  },
  {
    "eip155-10:0x0000000000000000000000000000000000000000:ETH": "0.00738934293217963",
    "eip155-10:0x8c6f28f2f1a3c87f0f938b96d27520d9751ec8d9:sUSD": "25",
    "timestamp": 1691971200000,
  },
  {
    "eip155-10:0x0000000000000000000000000000000000000000:ETH": "0.00738934293217963",
    "eip155-10:0x8c6f28f2f1a3c87f0f938b96d27520d9751ec8d9:sUSD": "25",
    "timestamp": 1692057600000,
  },
  {
    "eip155-10:0x0000000000000000000000000000000000000000:ETH": "0.00738934293217963",
    "eip155-10:0x8c6f28f2f1a3c87f0f938b96d27520d9751ec8d9:sUSD": "25",
    "timestamp": 1692144000000,
  },
  {
    "eip155-10:0x0000000000000000000000000000000000000000:ETH": "0.00738934293217963",
    "eip155-10:0x8c6f28f2f1a3c87f0f938b96d27520d9751ec8d9:sUSD": "25",
    "timestamp": 1692230400000,
  },
  {
    "eip155-10:0x0000000000000000000000000000000000000000:ETH": "0.00738934293217963",
    "eip155-10:0x8c6f28f2f1a3c87f0f938b96d27520d9751ec8d9:sUSD": "25",
    "timestamp": 1692316800000,
  },
  {
    "eip155-10:0x0000000000000000000000000000000000000000:ETH": "0.00738934293217963",
    "eip155-10:0x8c6f28f2f1a3c87f0f938b96d27520d9751ec8d9:sUSD": "25",
    "timestamp": 1692403200000,
  },
  {
    "eip155-10:0x0000000000000000000000000000000000000000:ETH": "0.00738934293217963",
    "eip155-10:0x8c6f28f2f1a3c87f0f938b96d27520d9751ec8d9:sUSD": "25",
    "timestamp": 1692489600000,
  },
  {
    "eip155-10:0x0000000000000000000000000000000000000000:ETH": "0.00738934293217963",
    "eip155-10:0x8c6f28f2f1a3c87f0f938b96d27520d9751ec8d9:sUSD": "25",
    "timestamp": 1692576000000,
  },
  {
    "eip155-10:0x0000000000000000000000000000000000000000:ETH": "0.00738934293217963",
    "eip155-10:0x8c6f28f2f1a3c87f0f938b96d27520d9751ec8d9:sUSD": "25",
    "timestamp": 1692662400000,
  },
  {
    "eip155-10:0x0000000000000000000000000000000000000000:ETH": "0.00738934293217963",
    "eip155-10:0x8c6f28f2f1a3c87f0f938b96d27520d9751ec8d9:sUSD": "25",
    "timestamp": 1692748800000,
  },
  {
    "eip155-10:0x0000000000000000000000000000000000000000:ETH": "0.00738934293217963",
    "eip155-10:0x8c6f28f2f1a3c87f0f938b96d27520d9751ec8d9:sUSD": "25",
    "timestamp": 1692835200000,
  },
  {
    "eip155-10:0x0000000000000000000000000000000000000000:ETH": "0.00738934293217963",
    "eip155-10:0x8c6f28f2f1a3c87f0f938b96d27520d9751ec8d9:sUSD": "25",
    "timestamp": 1692921600000,
  },
  {
    "eip155-10:0x0000000000000000000000000000000000000000:ETH": "0.00738934293217963",
    "eip155-10:0x8c6f28f2f1a3c87f0f938b96d27520d9751ec8d9:sUSD": "25",
    "timestamp": 1693008000000,
  },
  {
    "eip155-10:0x0000000000000000000000000000000000000000:ETH": "0.00738934293217963",
    "eip155-10:0x8c6f28f2f1a3c87f0f938b96d27520d9751ec8d9:sUSD": "25",
    "timestamp": 1693094400000,
  },
  {
    "eip155-10:0x0000000000000000000000000000000000000000:ETH": "0.00738934293217963",
    "eip155-10:0x8c6f28f2f1a3c87f0f938b96d27520d9751ec8d9:sUSD": "25",
    "timestamp": 1693180800000,
  },
  {
    "eip155-10:0x0000000000000000000000000000000000000000:ETH": "0.00738934293217963",
    "eip155-10:0x8c6f28f2f1a3c87f0f938b96d27520d9751ec8d9:sUSD": "25",
    "timestamp": 1693267200000,
  },
  {
    "eip155-10:0x0000000000000000000000000000000000000000:ETH": "0.00738934293217963",
    "eip155-10:0x8c6f28f2f1a3c87f0f938b96d27520d9751ec8d9:sUSD": "25",
    "timestamp": 1693353600000,
  },
  {
    "eip155-10:0x0000000000000000000000000000000000000000:ETH": "0.00738934293217963",
    "eip155-10:0x8c6f28f2f1a3c87f0f938b96d27520d9751ec8d9:sUSD": "25",
    "timestamp": 1693440000000,
  },
  {
    "eip155-10:0x0000000000000000000000000000000000000000:ETH": "0.00738934293217963",
    "eip155-10:0x8c6f28f2f1a3c87f0f938b96d27520d9751ec8d9:sUSD": "25",
    "timestamp": 1693526400000,
  },
  {
    "eip155-10:0x0000000000000000000000000000000000000000:ETH": "0.00738934293217963",
    "eip155-10:0x8c6f28f2f1a3c87f0f938b96d27520d9751ec8d9:sUSD": "25",
    "timestamp": 1693612800000,
  },
  {
    "eip155-10:0x0000000000000000000000000000000000000000:ETH": "0.00738934293217963",
    "eip155-10:0x8c6f28f2f1a3c87f0f938b96d27520d9751ec8d9:sUSD": "25",
    "timestamp": 1693699200000,
  },
  {
    "eip155-10:0x0000000000000000000000000000000000000000:ETH": "0.00738934293217963",
    "eip155-10:0x8c6f28f2f1a3c87f0f938b96d27520d9751ec8d9:sUSD": "25",
    "timestamp": 1693785600000,
  },
  {
    "eip155-10:0x0000000000000000000000000000000000000000:ETH": "0.00738934293217963",
    "eip155-10:0x8c6f28f2f1a3c87f0f938b96d27520d9751ec8d9:sUSD": "25",
    "timestamp": 1693872000000,
  },
  {
    "eip155-10:0x0000000000000000000000000000000000000000:ETH": "0.00738934293217963",
    "eip155-10:0x8c6f28f2f1a3c87f0f938b96d27520d9751ec8d9:sUSD": "25",
    "timestamp": 1693958400000,
  },
  {
    "eip155-10:0x0000000000000000000000000000000000000000:ETH": "0.00738934293217963",
    "eip155-10:0x8c6f28f2f1a3c87f0f938b96d27520d9751ec8d9:sUSD": "25",
    "timestamp": 1694044800000,
  },
  {
    "eip155-10:0x0000000000000000000000000000000000000000:ETH": "0.00738934293217963",
    "eip155-10:0x8c6f28f2f1a3c87f0f938b96d27520d9751ec8d9:sUSD": "25",
    "timestamp": 1694131200000,
  },
  {
    "eip155-10:0x0000000000000000000000000000000000000000:ETH": "0.00738934293217963",
    "eip155-10:0x8c6f28f2f1a3c87f0f938b96d27520d9751ec8d9:sUSD": "25",
    "timestamp": 1694217600000,
  },
  {
    "eip155-10:0x0000000000000000000000000000000000000000:ETH": "0.00738934293217963",
    "eip155-10:0x8c6f28f2f1a3c87f0f938b96d27520d9751ec8d9:sUSD": "25",
    "timestamp": 1694304000000,
  },
  {
    "eip155-10:0x0000000000000000000000000000000000000000:ETH": "0.00738934293217963",
    "eip155-10:0x8c6f28f2f1a3c87f0f938b96d27520d9751ec8d9:sUSD": "25",
    "timestamp": 1694390400000,
  },
  {
    "eip155-10:0x0000000000000000000000000000000000000000:ETH": "0.00738934293217963",
    "eip155-10:0x8c6f28f2f1a3c87f0f938b96d27520d9751ec8d9:sUSD": "25",
    "timestamp": 1694476800000,
  },
  {
    "eip155-10:0x0000000000000000000000000000000000000000:ETH": "0.00738934293217963",
    "eip155-10:0x8c6f28f2f1a3c87f0f938b96d27520d9751ec8d9:sUSD": "25",
    "timestamp": 1694563200000,
  },
  {
    "eip155-10:0x0000000000000000000000000000000000000000:ETH": "0.00738934293217963",
    "eip155-10:0x8c6f28f2f1a3c87f0f938b96d27520d9751ec8d9:sUSD": "25",
    "timestamp": 1694649600000,
  },
  {
    "eip155-10:0x0000000000000000000000000000000000000000:ETH": "0.00738934293217963",
    "eip155-10:0x8c6f28f2f1a3c87f0f938b96d27520d9751ec8d9:sUSD": "25",
    "timestamp": 1694736000000,
  },
  {
    "eip155-10:0x0000000000000000000000000000000000000000:ETH": "0.00738934293217963",
    "eip155-10:0x8c6f28f2f1a3c87f0f938b96d27520d9751ec8d9:sUSD": "25",
    "timestamp": 1694822400000,
  },
  {
    "eip155-10:0x0000000000000000000000000000000000000000:ETH": "0.00738934293217963",
    "eip155-10:0x8c6f28f2f1a3c87f0f938b96d27520d9751ec8d9:sUSD": "25",
    "timestamp": 1694908800000,
  },
  {
    "eip155-10:0x0000000000000000000000000000000000000000:ETH": "0.00738934293217963",
    "eip155-10:0x8c6f28f2f1a3c87f0f938b96d27520d9751ec8d9:sUSD": "25",
    "timestamp": 1694995200000,
  },
  {
    "eip155-10:0x0000000000000000000000000000000000000000:ETH": "0.00738934293217963",
    "eip155-10:0x8c6f28f2f1a3c87f0f938b96d27520d9751ec8d9:sUSD": "25",
    "timestamp": 1695081600000,
  },
  {
    "eip155-10:0x0000000000000000000000000000000000000000:ETH": "0.00738934293217963",
    "eip155-10:0x8c6f28f2f1a3c87f0f938b96d27520d9751ec8d9:sUSD": "25",
    "timestamp": 1695168000000,
  },
  {
    "eip155-10:0x0000000000000000000000000000000000000000:ETH": "0.00738934293217963",
    "eip155-10:0x8c6f28f2f1a3c87f0f938b96d27520d9751ec8d9:sUSD": "25",
    "timestamp": 1695254400000,
  },
  {
    "eip155-10:0x0000000000000000000000000000000000000000:ETH": "0.00738934293217963",
    "eip155-10:0x8c6f28f2f1a3c87f0f938b96d27520d9751ec8d9:sUSD": "25",
    "timestamp": 1695340800000,
  },
  {
    "eip155-10:0x0000000000000000000000000000000000000000:ETH": "0.00738934293217963",
    "eip155-10:0x8c6f28f2f1a3c87f0f938b96d27520d9751ec8d9:sUSD": "25",
    "timestamp": 1695427200000,
  },
  {
    "eip155-10:0x0000000000000000000000000000000000000000:ETH": "0.00738934293217963",
    "eip155-10:0x8c6f28f2f1a3c87f0f938b96d27520d9751ec8d9:sUSD": "25",
    "timestamp": 1695513600000,
  },
  {
    "eip155-10:0x0000000000000000000000000000000000000000:ETH": "0.00738934293217963",
    "eip155-10:0x8c6f28f2f1a3c87f0f938b96d27520d9751ec8d9:sUSD": "25",
    "timestamp": 1695600000000,
  },
  {
    "eip155-10:0x0000000000000000000000000000000000000000:ETH": "0.00738934293217963",
    "eip155-10:0x8c6f28f2f1a3c87f0f938b96d27520d9751ec8d9:sUSD": "25",
    "timestamp": 1695686400000,
  },
  {
    "eip155-10:0x0000000000000000000000000000000000000000:ETH": "0.00738934293217963",
    "eip155-10:0x8c6f28f2f1a3c87f0f938b96d27520d9751ec8d9:sUSD": "25",
    "timestamp": 1695772800000,
  },
  {
    "eip155-10:0x0000000000000000000000000000000000000000:ETH": "0.00738934293217963",
    "eip155-10:0x8c6f28f2f1a3c87f0f938b96d27520d9751ec8d9:sUSD": "25",
    "timestamp": 1695859200000,
  },
  {
    "eip155-10:0x0000000000000000000000000000000000000000:ETH": "0.00738934293217963",
    "eip155-10:0x8c6f28f2f1a3c87f0f938b96d27520d9751ec8d9:sUSD": "25",
    "timestamp": 1695945600000,
  },
  {
    "eip155-10:0x0000000000000000000000000000000000000000:ETH": "0.00738934293217963",
    "eip155-10:0x8c6f28f2f1a3c87f0f938b96d27520d9751ec8d9:sUSD": "25",
    "timestamp": 1696032000000,
  },
  {
    "eip155-10:0x0000000000000000000000000000000000000000:ETH": "0.00238845533580563",
    "eip155-10:0x8c6f28f2f1a3c87f0f938b96d27520d9751ec8d9:sUSD": "25",
    "timestamp": 1696118400000,
  },
  {
    "eip155-10:0x0000000000000000000000000000000000000000:ETH": "0.00238845533580563",
    "eip155-10:0x8c6f28f2f1a3c87f0f938b96d27520d9751ec8d9:sUSD": "25",
    "timestamp": 1696204800000,
  },
  {
    "eip155-10:0x0000000000000000000000000000000000000000:ETH": "0.00238845533580563",
    "eip155-10:0x8c6f28f2f1a3c87f0f938b96d27520d9751ec8d9:sUSD": "25",
    "timestamp": 1696291200000,
  },
  {
    "eip155-10:0x0000000000000000000000000000000000000000:ETH": "0.00238845533580563",
    "eip155-10:0x8c6f28f2f1a3c87f0f938b96d27520d9751ec8d9:sUSD": "25",
    "timestamp": 1696377600000,
  },
  {
    "eip155-10:0x0000000000000000000000000000000000000000:ETH": "0.00238845533580563",
    "eip155-10:0x8c6f28f2f1a3c87f0f938b96d27520d9751ec8d9:sUSD": "25",
    "timestamp": 1696464000000,
  },
  {
    "eip155-10:0x0000000000000000000000000000000000000000:ETH": "0.00238845533580563",
    "eip155-10:0x8c6f28f2f1a3c87f0f938b96d27520d9751ec8d9:sUSD": "25",
    "timestamp": 1696550400000,
  },
  {
    "eip155-10:0x0000000000000000000000000000000000000000:ETH": "0.00238845533580563",
    "eip155-10:0x8c6f28f2f1a3c87f0f938b96d27520d9751ec8d9:sUSD": "25",
    "timestamp": 1696636800000,
  },
  {
    "eip155-10:0x0000000000000000000000000000000000000000:ETH": "0.00238845533580563",
    "eip155-10:0x8c6f28f2f1a3c87f0f938b96d27520d9751ec8d9:sUSD": "25",
    "timestamp": 1696723200000,
  },
  {
    "eip155-10:0x0000000000000000000000000000000000000000:ETH": "0.00238845533580563",
    "eip155-10:0x8c6f28f2f1a3c87f0f938b96d27520d9751ec8d9:sUSD": "25",
    "timestamp": 1696809600000,
  },
  {
    "eip155-10:0x0000000000000000000000000000000000000000:ETH": "0.00238845533580563",
    "eip155-10:0x8c6f28f2f1a3c87f0f938b96d27520d9751ec8d9:sUSD": "25",
    "timestamp": 1696896000000,
  },
  {
    "eip155-10:0x0000000000000000000000000000000000000000:ETH": "0.048067855857538407",
    "timestamp": 1696982400000,
  },
  {
    "eip155-10:0x0000000000000000000000000000000000000000:ETH": "0.048067855857538407",
    "timestamp": 1697068800000,
  },
]