[
  {
    "eip155-10:0x0000000000000000000000000000000000000000:ETH": "0.032045071883082647",
    "timestamp": 1653955200000,
  },
  {
    "eip155-10:0x0000000000000000000000000000000000000000:ETH": "0.032045071883082647",
    "timestamp": 1654041600000,
  },
  {
    "eip155-10:0x0000000000000000000000000000000000000000:ETH": "0.032045071883082647",
    "timestamp": 1654128000000,
  },
  {
    "eip155-10:0x0000000000000000000000000000000000000000:ETH": "0.032045071883082647",
    "timestamp": 1654214400000,
  },
  {
    "eip155-10:0x0000000000000000000000000000000000000000:ETH": "0.032045071883082647",
    "timestamp": 1654300800000,
  },
  {
    "eip155-10:0x0000000000000000000000000000000000000000:ETH": "0.032045071883082647",
    "timestamp": 1654387200000,
  },
  {
    "eip155-10:0x0000000000000000000000000000000000000000:ETH": "0.032045071883082647",
    "timestamp": 1654473600000,
  },
  {
    "eip155-10:0x0000000000000000000000000000000000000000:ETH": "0.032045071883082647",
    "timestamp": 1654560000000,
  },
  {
    "eip155-10:0x0000000000000000000000000000000000000000:ETH": "0.032045071883082647",
    "timestamp": 1654646400000,
  },
  {
    "eip155-10:0x0000000000000000000000000000000000000000:ETH": "0.032045071883082647",
    "timestamp": 1654732800000,
  },
  {
    "eip155-10:0x0000000000000000000000000000000000000000:ETH": "0.032045071883082647",
    "timestamp": 1654819200000,
  },
  {
    "eip155-10:0x0000000000000000000000000000000000000000:ETH": "0.032045071883082647",
    "timestamp": 1654905600000,
  },
  {
    "eip155-10:0x0000000000000000000000000000000000000000:ETH": "0.032045071883082647",
    "timestamp": 1654992000000,
  },
  {
    "eip155-10:0x0000000000000000000000000000000000000000:ETH": "0.032045071883082647",
    "timestamp": 1655078400000,
  },
  {
    "eip155-10:0x0000000000000000000000000000000000000000:ETH": "0.032045071883082647",
    "timestamp": 1655164800000,
  },
  {
    "eip155-10:0x0000000000000000000000000000000000000000:ETH": "0.032045071883082647",
    "timestamp": 1655251200000,
  },
  {
    "eip155-10:0x0000000000000000000000000000000000000000:ETH": "0.032045071883082647",
    "timestamp": 1655337600000,
  },
  {
    "eip155-10:0x0000000000000000000000000000000000000000:ETH": "0.032045071883082647",
    "timestamp": 1655424000000,
  },
  {
    "eip155-10:0x0000000000000000000000000000000000000000:ETH": "0.032045071883082647",
    "timestamp": 1655510400000,
  },
  {
    "eip155-10:0x0000000000000000000000000000000000000000:ETH": "0.032045071883082647",
    "timestamp": 1655596800000,
  },
  {
    "eip155-10:0x0000000000000000000000000000000000000000:ETH": "0.032045071883082647",
    "timestamp": 1655683200000,
  },
  {
    "eip155-10:0x0000000000000000000000000000000000000000:ETH": "0.032045071883082647",
    "timestamp": 1655769600000,
  },
  {
    "eip155-10:0x0000000000000000000000000000000000000000:ETH": "0.032045071883082647",
    "timestamp": 1655856000000,
  },
  {
    "eip155-10:0x0000000000000000000000000000000000000000:ETH": "0.032045071883082647",
    "timestamp": 1655942400000,
  },
  {
    "eip155-10:0x0000000000000000000000000000000000000000:ETH": "0.032045071883082647",
    "timestamp": 1656028800000,
  },
  {
    "eip155-10:0x0000000000000000000000000000000000000000:ETH": "0.032045071883082647",
    "timestamp": 1656115200000,
  },
  {
    "eip155-10:0x0000000000000000000000000000000000000000:ETH": "0.032045071883082647",
    "timestamp": 1656201600000,
  },
  {
    "eip155-10:0x0000000000000000000000000000000000000000:ETH": "0.032045071883082647",
    "timestamp": 1656288000000,
  },
  {
    "eip155-10:0x0000000000000000000000000000000000000000:ETH": "0.032045071883082647",
    "timestamp": 1656374400000,
  },
  {
    "eip155-10:0x0000000000000000000000000000000000000000:ETH": "0.032045071883082647",
    "timestamp": 1656460800000,
  },
  {
    "eip155-10:0x0000000000000000000000000000000000000000:ETH": "0.032045071883082647",
    "timestamp": 1656547200000,
  },
  {
    "eip155-10:0x0000000000000000000000000000000000000000:ETH": "0.032045071883082647",
    "timestamp": 1656633600000,
  },
  {
    "eip155-10:0x0000000000000000000000000000000000000000:ETH": "0.032045071883082647",
    "timestamp": 1656720000000,
  },
  {
    "eip155-10:0x0000000000000000000000000000000000000000:ETH": "0.032045071883082647",
    "timestamp": 1656806400000,
  },
  {
    "eip155-10:0x0000000000000000000000000000000000000000:ETH": "0.032045071883082647",
    "timestamp": 1656892800000,
  },
  {
    "eip155-10:0x0000000000000000000000000000000000000000:ETH": "0.032045071883082647",
    "timestamp": 1656979200000,
  },
  {
    "eip155-10:0x0000000000000000000000000000000000000000:ETH": "0.032045071883082647",
    "timestamp": 1657065600000,
  },
  {
    "eip155-10:0x0000000000000000000000000000000000000000:ETH": "0.032045071883082647",
    "timestamp": 1657152000000,
  },
  {
    "eip155-10:0x0000000000000000000000000000000000000000:ETH": "0.032045071883082647",
    "timestamp": 1657238400000,
  },
  {
    "eip155-10:0x0000000000000000000000000000000000000000:ETH": "0.032045071883082647",
    "timestamp": 1657324800000,
  },
  {
    "eip155-10:0x0000000000000000000000000000000000000000:ETH": "0.032045071883082647",
    "timestamp": 1657411200000,
  },
  {
    "eip155-10:0x0000000000000000000000000000000000000000:ETH": "0.032045071883082647",
    "timestamp": 1657497600000,
  },
  {
    "eip155-10:0x0000000000000000000000000000000000000000:ETH": "0.032045071883082647",
    "timestamp": 1657584000000,
  },
  {
    "eip155-10:0x0000000000000000000000000000000000000000:ETH": "0.032045071883082647",
    "timestamp": 1657670400000,
  },
  {
    "eip155-10:0x0000000000000000000000000000000000000000:ETH": "0.032045071883082647",
    "timestamp": 1657756800000,
  },
  {
    "eip155-10:0x0000000000000000000000000000000000000000:ETH": "0.032045071883082647",
    "timestamp": 1657843200000,
  },
  {
    "eip155-10:0x0000000000000000000000000000000000000000:ETH": "0.032045071883082647",
    "timestamp": 1657929600000,
  },
  {
    "eip155-10:0x0000000000000000000000000000000000000000:ETH": "0.032045071883082647",
    "timestamp": 1658016000000,
  },
  {
    "eip155-10:0x0000000000000000000000000000000000000000:ETH": "0.032045071883082647",
    "timestamp": 1658102400000,
  },
  {
    "eip155-10:0x0000000000000000000000000000000000000000:ETH": "0.032045071883082647",
    "timestamp": 1658188800000,
  },
  {
    "eip155-10:0x0000000000000000000000000000000000000000:ETH": "0.032045071883082647",
    "timestamp": 1658275200000,
  },
  {
    "eip155-10:0x0000000000000000000000000000000000000000:ETH": "0.032045071883082647",
    "timestamp": 1658361600000,
  },
  {
    "eip155-10:0x0000000000000000000000000000000000000000:ETH": "0.032045071883082647",
    "timestamp": 1658448000000,
  },
  {
    "eip155-10:0x0000000000000000000000000000000000000000:ETH": "0.032045071883082647",
    "timestamp": 1658534400000,
  },
  {
    "eip155-10:0x0000000000000000000000000000000000000000:ETH": "0.032045071883082647",
    "timestamp": 1658620800000,
  },
  {
    "eip155-10:0x0000000000000000000000000000000000000000:ETH": "0.032045071883082647",
    "timestamp": 1658707200000,
  },
  {
    "eip155-10:0x0000000000000000000000000000000000000000:ETH": "0.032045071883082647",
    "timestamp": 1658793600000,
  },
  {
    "eip155-10:0x0000000000000000000000000000000000000000:ETH": "0.032045071883082647",
    "timestamp": 1658880000000,
  },
  {
    "eip155-10:0x0000000000000000000000000000000000000000:ETH": "0.032045071883082647",
    "timestamp": 1658966400000,
  },
  {
    "eip155-10:0x0000000000000000000000000000000000000000:ETH": "0.032045071883082647",
    "timestamp": 1659052800000,
  },
  {
    "eip155-10:0x0000000000000000000000000000000000000000:ETH": "0.032045071883082647",
    "timestamp": 1659139200000,
  },
  {
    "eip155-10:0x0000000000000000000000000000000000000000:ETH": "0.032045071883082647",
    "timestamp": 1659225600000,
  },
  {
    "eip155-10:0x0000000000000000000000000000000000000000:ETH": "0.032045071883082647",
    "timestamp": 1659312000000,
  },
  {
    "eip155-10:0x0000000000000000000000000000000000000000:ETH": "0.032045071883082647",
    "timestamp": 1659398400000,
  },
  {
    "eip155-10:0x0000000000000000000000000000000000000000:ETH": "0.032045071883082647",
    "timestamp": 1659484800000,
  },
  {
    "eip155-10:0x0000000000000000000000000000000000000000:ETH": "0.032045071883082647",
    "timestamp": 1659571200000,
  },
  {
    "eip155-10:0x0000000000000000000000000000000000000000:ETH": "0.032045071883082647",
    "timestamp": 1659657600000,
  },
  {
    "eip155-10:0x0000000000000000000000000000000000000000:ETH": "0.032045071883082647",
    "timestamp": 1659744000000,
  },
  {
    "eip155-10:0x0000000000000000000000000000000000000000:ETH": "0.032045071883082647",
    "timestamp": 1659830400000,
  },
  {
    "eip155-10:0x0000000000000000000000000000000000000000:ETH": "0.032045071883082647",
    "timestamp": 1659916800000,
  },
  {
    "eip155-10:0x0000000000000000000000000000000000000000:ETH": "0.032045071883082647",
    "timestamp": 1660003200000,
  },
  {
    "eip155-10:0x0000000000000000000000000000000000000000:ETH": "0.032045071883082647",
    "timestamp": 1660089600000,
  },
  {
    "eip155-10:0x0000000000000000000000000000000000000000:ETH": "0.032045071883082647",
    "timestamp": 1660176000000,
  },
  {
    "eip155-10:0x0000000000000000000000000000000000000000:ETH": "0.032045071883082647",
    "timestamp": 1660262400000,
  },
  {
    "eip155-10:0x0000000000000000000000000000000000000000:ETH": "0.032045071883082647",
    "timestamp": 1660348800000,
  },
  {
    "eip155-10:0x0000000000000000000000000000000000000000:ETH": "0.032045071883082647",
    "timestamp": 1660435200000,
  },
  {
    "eip155-10:0x0000000000000000000000000000000000000000:ETH": "0.032045071883082647",
    "timestamp": 1660521600000,
  },
  {
    "eip155-10:0x0000000000000000000000000000000000000000:ETH": "0.032045071883082647",
    "timestamp": 1660608000000,
  },
  {
    "eip155-10:0x0000000000000000000000000000000000000000:ETH": "0.032045071883082647",
    "timestamp": 1660694400000,
  },
  {
    "eip155-10:0x0000000000000000000000000000000000000000:ETH": "0.032045071883082647",
    "timestamp": 1660780800000,
  },
  {
    "eip155-10:0x0000000000000000000000000000000000000000:ETH": "0.032045071883082647",
    "timestamp": 1660867200000,
  },
  {
    "eip155-10:0x0000000000000000000000000000000000000000:ETH": "0.032045071883082647",
    "timestamp": 1660953600000,
  },
  {
    "eip155-10:0x0000000000000000000000000000000000000000:ETH": "0.032045071883082647",
    "timestamp": 1661040000000,
  },
  {
    "eip155-10:0x0000000000000000000000000000000000000000:ETH": "0.032045071883082647",
    "timestamp": 1661126400000,
  },
  {
    "eip155-10:0x0000000000000000000000000000000000000000:ETH": "0.032045071883082647",
    "timestamp": 1661212800000,
  },
  {
    "eip155-10:0x0000000000000000000000000000000000000000:ETH": "0.032045071883082647",
    "timestamp": 1661299200000,
  },
  {
    "eip155-10:0x0000000000000000000000000000000000000000:ETH": "0.032045071883082647",
    "timestamp": 1661385600000,
  },
  {
    "eip155-10:0x0000000000000000000000000000000000000000:ETH": "0.032045071883082647",
    "timestamp": 1661472000000,
  },
  {
    "eip155-10:0x0000000000000000000000000000000000000000:ETH": "0.032045071883082647",
    "timestamp": 1661558400000,
  },
  {
    "eip155-10:0x0000000000000000000000000000000000000000:ETH": "0.032045071883082647",
    "timestamp": 1661644800000,
  },
  {
    "eip155-10:0x0000000000000000000000000000000000000000:ETH": "0.032045071883082647",
    "timestamp": 1661731200000,
  },
  {
    "eip155-10:0x0000000000000000000000000000000000000000:ETH": "0.032045071883082647",
    "timestamp": 1661817600000,
  },
  {
    "eip155-10:0x0000000000000000000000000000000000000000:ETH": "0.032045071883082647",
    "timestamp": 1661904000000,
  },
  {
    "eip155-10:0x0000000000000000000000000000000000000000:ETH": "0.032045071883082647",
    "timestamp": 1661990400000,
  },
  {
    "eip155-10:0x0000000000000000000000000000000000000000:ETH": "0.032045071883082647",
    "timestamp": 1662076800000,
  },
  {
    "eip155-10:0x0000000000000000000000000000000000000000:ETH": "0.032045071883082647",
    "timestamp": 1662163200000,
  },
  {
    "eip155-10:0x0000000000000000000000000000000000000000:ETH": "0.032045071883082647",
    "timestamp": 1662249600000,
  },
  {
    "eip155-10:0x0000000000000000000000000000000000000000:ETH": "0.032045071883082647",
    "timestamp": 1662336000000,
  },
  {
    "eip155-10:0x0000000000000000000000000000000000000000:ETH": "0.032045071883082647",
    "timestamp": 1662422400000,
  },
  {
    "eip155-10:0x0000000000000000000000000000000000000000:ETH": "0.032045071883082647",
    "timestamp": 1662508800000,
  },
]