[
  {
    "eip155-10:0x0000000000000000000000000000000000000000:ETH": "0.038064516443885573",
    "timestamp": 1705795200000,
  },
  {
    "eip155-10:0x0000000000000000000000000000000000000000:ETH": "0.038064516443885573",
    "timestamp": 1705881600000,
  },
  {
    "eip155-10:0x0000000000000000000000000000000000000000:ETH": "0.038064516443885573",
    "timestamp": 1705968000000,
  },
  {
    "eip155-10:0x0000000000000000000000000000000000000000:ETH": "0.038064516443885573",
    "timestamp": 1706054400000,
  },
  {
    "eip155-10:0x0000000000000000000000000000000000000000:ETH": "0.038064516443885573",
    "timestamp": 1706140800000,
  },
  {
    "eip155-10:0x0000000000000000000000000000000000000000:ETH": "0.038064516443885573",
    "timestamp": 1706227200000,
  },
  {
    "eip155-10:0x0000000000000000000000000000000000000000:ETH": "0.038064516443885573",
    "timestamp": 1706313600000,
  },
  {
    "eip155-10:0x0000000000000000000000000000000000000000:ETH": "0.038064516443885573",
    "timestamp": 1706400000000,
  },
  {
    "eip155-10:0x0000000000000000000000000000000000000000:ETH": "0.038064516443885573",
    "timestamp": 1706486400000,
  },
  {
    "eip155-10:0x0000000000000000000000000000000000000000:ETH": "0.038064516443885573",
    "timestamp": 1706572800000,
  },
  {
    "eip155-10:0x0000000000000000000000000000000000000000:ETH": "0.038064516443885573",
    "timestamp": 1706659200000,
  },
  {
    "eip155-10:0x0000000000000000000000000000000000000000:ETH": "0.038064516443885573",
    "timestamp": 1706745600000,
  },
  {
    "eip155-10:0x0000000000000000000000000000000000000000:ETH": "0.038064516443885573",
    "timestamp": 1706832000000,
  },
  {
    "eip155-10:0x0000000000000000000000000000000000000000:ETH": "0.038064516443885573",
    "timestamp": 1706918400000,
  },
  {
    "eip155-10:0x0000000000000000000000000000000000000000:ETH": "0.038064516443885573",
    "timestamp": 1707004800000,
  },
  {
    "eip155-10:0x0000000000000000000000000000000000000000:ETH": "0.046849516443886579",
    "timestamp": 1707091200000,
  },
  {
    "eip155-10:0x0000000000000000000000000000000000000000:ETH": "0.046849516443886579",
    "timestamp": 1707177600000,
  },
  {
    "eip155-10:0x0000000000000000000000000000000000000000:ETH": "0.046849516443886579",
    "timestamp": 1707264000000,
  },
  {
    "eip155-10:0x0000000000000000000000000000000000000000:ETH": "0.046849516443886579",
    "timestamp": 1707350400000,
  },
  {
    "eip155-10:0x0000000000000000000000000000000000000000:ETH": "0.046849516443886579",
    "timestamp": 1707436800000,
  },
  {
    "eip155-10:0x0000000000000000000000000000000000000000:ETH": "0.046849516443886579",
    "timestamp": 1707523200000,
  },
  {
    "eip155-10:0x0000000000000000000000000000000000000000:ETH": "0.046849516443886579",
    "timestamp": 1707609600000,
  },
  {
    "eip155-10:0x0000000000000000000000000000000000000000:ETH": "0.046849516443886579",
    "timestamp": 1707696000000,
  },
  {
    "eip155-10:0x0000000000000000000000000000000000000000:ETH": "0.046849516443886579",
    "timestamp": 1707782400000,
  },
  {
    "eip155-10:0x0000000000000000000000000000000000000000:ETH": "0.046849516443886579",
    "timestamp": 1707868800000,
  },
  {
    "eip155-10:0x0000000000000000000000000000000000000000:ETH": "0.046849516443886579",
    "timestamp": 1707955200000,
  },
  {
    "eip155-10:0x0000000000000000000000000000000000000000:ETH": "0.046849516443886579",
    "timestamp": 1708041600000,
  },
  {
    "eip155-10:0x0000000000000000000000000000000000000000:ETH": "0.046849516443886579",
    "timestamp": 1708128000000,
  },
  {
    "eip155-10:0x0000000000000000000000000000000000000000:ETH": "0.046849516443886579",
    "timestamp": 1708214400000,
  },
  {
    "eip155-10:0x0000000000000000000000000000000000000000:ETH": "0.046849516443886579",
    "timestamp": 1708300800000,
  },
  {
    "eip155-10:0x0000000000000000000000000000000000000000:ETH": "0.046849516443886579",
    "timestamp": 1708387200000,
  },
  {
    "eip155-10:0x0000000000000000000000000000000000000000:ETH": "0.046849516443886579",
    "timestamp": 1708473600000,
  },
  {
    "eip155-10:0x0000000000000000000000000000000000000000:ETH": "0.046849516443886579",
    "timestamp": 1708560000000,
  },
  {
    "eip155-10:0x0000000000000000000000000000000000000000:ETH": "0.046849516443886579",
    "timestamp": 1708646400000,
  },
  {
    "eip155-10:0x0000000000000000000000000000000000000000:ETH": "0.046849516443886579",
    "timestamp": 1708732800000,
  },
  {
    "eip155-10:0x0000000000000000000000000000000000000000:ETH": "0.046849516443886579",
    "timestamp": 1708819200000,
  },
  {
    "eip155-10:0x0000000000000000000000000000000000000000:ETH": "0.046849516443886579",
    "timestamp": 1708905600000,
  },
  {
    "eip155-10:0x0000000000000000000000000000000000000000:ETH": "0.046849516443886579",
    "timestamp": 1708992000000,
  },
  {
    "eip155-10:0x0000000000000000000000000000000000000000:ETH": "0.046849516443886579",
    "timestamp": 1709078400000,
  },
  {
    "eip155-10:0x0000000000000000000000000000000000000000:ETH": "0.046849516443886579",
    "timestamp": 1709164800000,
  },
  {
    "eip155-10:0x0000000000000000000000000000000000000000:ETH": "0.046849516443886579",
    "timestamp": 1709251200000,
  },
  {
    "eip155-10:0x0000000000000000000000000000000000000000:ETH": "0.046849516443886579",
    "timestamp": 1709337600000,
  },
  {
    "eip155-10:0x0000000000000000000000000000000000000000:ETH": "0.046849516443886579",
    "timestamp": 1709424000000,
  },
  {
    "eip155-10:0x0000000000000000000000000000000000000000:ETH": "0.046849516443886579",
    "timestamp": 1709510400000,
  },
  {
    "eip155-10:0x0000000000000000000000000000000000000000:ETH": "0.046849516443886579",
    "timestamp": 1709596800000,
  },
  {
    "eip155-10:0x0000000000000000000000000000000000000000:ETH": "0.046849516443886579",
    "timestamp": 1709683200000,
  },
  {
    "eip155-10:0x0000000000000000000000000000000000000000:ETH": "0.046849516443886579",
    "timestamp": 1709769600000,
  },
  {
    "eip155-10:0x0000000000000000000000000000000000000000:ETH": "0.046849516443886579",
    "timestamp": 1709856000000,
  },
  {
    "eip155-10:0x0000000000000000000000000000000000000000:ETH": "0.046849516443886579",
    "timestamp": 1709942400000,
  },
  {
    "eip155-10:0x0000000000000000000000000000000000000000:ETH": "0.046849516443886579",
    "timestamp": 1710028800000,
  },
  {
    "eip155-10:0x0000000000000000000000000000000000000000:ETH": "0.046849516443886579",
    "timestamp": 1710115200000,
  },
  {
    "eip155-10:0x0000000000000000000000000000000000000000:ETH": "0.046849516443886579",
    "timestamp": 1710201600000,
  },
  {
    "eip155-10:0x0000000000000000000000000000000000000000:ETH": "0.046849516443886579",
    "timestamp": 1710288000000,
  },
  {
    "eip155-10:0x0000000000000000000000000000000000000000:ETH": "0.046849516443886579",
    "timestamp": 1710374400000,
  },
  {
    "eip155-10:0x0000000000000000000000000000000000000000:ETH": "0.046849516443886579",
    "timestamp": 1710460800000,
  },
  {
    "eip155-10:0x0000000000000000000000000000000000000000:ETH": "0.046849516443886579",
    "timestamp": 1710547200000,
  },
  {
    "eip155-10:0x0000000000000000000000000000000000000000:ETH": "0.046849516443886579",
    "timestamp": 1710633600000,
  },
  {
    "eip155-10:0x0000000000000000000000000000000000000000:ETH": "0.046849516443886579",
    "timestamp": 1710720000000,
  },
  {
    "eip155-10:0x0000000000000000000000000000000000000000:ETH": "0.046849516443886579",
    "timestamp": 1710806400000,
  },
  {
    "eip155-10:0x0000000000000000000000000000000000000000:ETH": "0.046849516443886579",
    "timestamp": 1710892800000,
  },
  {
    "eip155-10:0x0000000000000000000000000000000000000000:ETH": "0.046849516443886579",
    "eip155-10:0x88888888ccda9a4b85c531b4a18247fce9f8aba5:OPT": "10000",
    "timestamp": 1710979200000,
  },
]