[
  {
    "eip155-10:0x0000000000000000000000000000000000000000:ETH": "0.048067855857538407",
    "timestamp": 1697155200000,
  },
  {
    "eip155-10:0x0000000000000000000000000000000000000000:ETH": "0.048067855857538407",
    "timestamp": 1697241600000,
  },
  {
    "eip155-10:0x0000000000000000000000000000000000000000:ETH": "0.048067855857538407",
    "timestamp": 1697328000000,
  },
  {
    "eip155-10:0x0000000000000000000000000000000000000000:ETH": "0.048067855857538407",
    "timestamp": 1697414400000,
  },
  {
    "eip155-10:0x0000000000000000000000000000000000000000:ETH": "0.048067855857538407",
    "timestamp": 1697500800000,
  },
  {
    "eip155-10:0x0000000000000000000000000000000000000000:ETH": "0.048067855857538407",
    "timestamp": 1697587200000,
  },
  {
    "eip155-10:0x0000000000000000000000000000000000000000:ETH": "0.048067855857538407",
    "timestamp": 1697673600000,
  },
  {
    "eip155-10:0x0000000000000000000000000000000000000000:ETH": "0.048067855857538407",
    "timestamp": 1697760000000,
  },
  {
    "eip155-10:0x0000000000000000000000000000000000000000:ETH": "0.048067855857538407",
    "timestamp": 1697846400000,
  },
  {
    "eip155-10:0x0000000000000000000000000000000000000000:ETH": "0.048067855857538407",
    "timestamp": 1697932800000,
  },
  {
    "eip155-10:0x0000000000000000000000000000000000000000:ETH": "0.048067855857538407",
    "timestamp": 1698019200000,
  },
  {
    "eip155-10:0x0000000000000000000000000000000000000000:ETH": "0.048067855857538407",
    "timestamp": 1698105600000,
  },
  {
    "eip155-10:0x0000000000000000000000000000000000000000:ETH": "0.048067855857538407",
    "timestamp": 1698192000000,
  },
  {
    "eip155-10:0x0000000000000000000000000000000000000000:ETH": "0.048067855857538407",
    "timestamp": 1698278400000,
  },
  {
    "eip155-10:0x0000000000000000000000000000000000000000:ETH": "0.048067855857538407",
    "timestamp": 1698364800000,
  },
  {
    "eip155-10:0x0000000000000000000000000000000000000000:ETH": "0.048067855857538407",
    "timestamp": 1698451200000,
  },
  {
    "eip155-10:0x0000000000000000000000000000000000000000:ETH": "0.048067855857538407",
    "timestamp": 1698537600000,
  },
  {
    "eip155-10:0x0000000000000000000000000000000000000000:ETH": "0.048067855857538407",
    "timestamp": 1698624000000,
  },
  {
    "eip155-10:0x0000000000000000000000000000000000000000:ETH": "0.048067855857538407",
    "timestamp": 1698710400000,
  },
  {
    "eip155-10:0x0000000000000000000000000000000000000000:ETH": "0.048067855857538407",
    "timestamp": 1698796800000,
  },
  {
    "eip155-10:0x0000000000000000000000000000000000000000:ETH": "0.048067855857538407",
    "timestamp": 1698883200000,
  },
  {
    "eip155-10:0x0000000000000000000000000000000000000000:ETH": "0.053067855857538407",
    "timestamp": 1698969600000,
  },
  {
    "eip155-10:0x0000000000000000000000000000000000000000:ETH": "0.053067855857538407",
    "timestamp": 1699056000000,
  },
  {
    "eip155-10:0x0000000000000000000000000000000000000000:ETH": "0.053067855857538407",
    "timestamp": 1699142400000,
  },
  {
    "eip155-10:0x0000000000000000000000000000000000000000:ETH": "0.053067855857538407",
    "timestamp": 1699228800000,
  },
  {
    "eip155-10:0x0000000000000000000000000000000000000000:ETH": "0.053067855857538407",
    "timestamp": 1699315200000,
  },
  {
    "eip155-10:0x0000000000000000000000000000000000000000:ETH": "0.053067855857538407",
    "timestamp": 1699401600000,
  },
  {
    "eip155-10:0x0000000000000000000000000000000000000000:ETH": "0.053067855857538407",
    "timestamp": 1699488000000,
  },
  {
    "eip155-10:0x0000000000000000000000000000000000000000:ETH": "0.053067855857538407",
    "timestamp": 1699574400000,
  },
  {
    "eip155-10:0x0000000000000000000000000000000000000000:ETH": "0.053067855857538407",
    "timestamp": 1699660800000,
  },
  {
    "eip155-10:0x0000000000000000000000000000000000000000:ETH": "0.053067855857538407",
    "timestamp": 1699747200000,
  },
  {
    "eip155-10:0x0000000000000000000000000000000000000000:ETH": "0.038064994223763413",
    "timestamp": 1699833600000,
  },
  {
    "eip155-10:0x0000000000000000000000000000000000000000:ETH": "0.038064516443885573",
    "timestamp": 1699920000000,
  },
  {
    "eip155-10:0x0000000000000000000000000000000000000000:ETH": "0.038064516443885573",
    "timestamp": 1700006400000,
  },
  {
    "eip155-10:0x0000000000000000000000000000000000000000:ETH": "0.038064516443885573",
    "timestamp": 1700092800000,
  },
  {
    "eip155-10:0x0000000000000000000000000000000000000000:ETH": "0.038064516443885573",
    "timestamp": 1700179200000,
  },
  {
    "eip155-10:0x0000000000000000000000000000000000000000:ETH": "0.038064516443885573",
    "timestamp": 1700265600000,
  },
  {
    "eip155-10:0x0000000000000000000000000000000000000000:ETH": "0.038064516443885573",
    "timestamp": 1700352000000,
  },
  {
    "eip155-10:0x0000000000000000000000000000000000000000:ETH": "0.038064516443885573",
    "timestamp": 1700438400000,
  },
  {
    "eip155-10:0x0000000000000000000000000000000000000000:ETH": "0.038064516443885573",
    "timestamp": 1700524800000,
  },
  {
    "eip155-10:0x0000000000000000000000000000000000000000:ETH": "0.038064516443885573",
    "timestamp": 1700611200000,
  },
  {
    "eip155-10:0x0000000000000000000000000000000000000000:ETH": "0.038064516443885573",
    "timestamp": 1700697600000,
  },
  {
    "eip155-10:0x0000000000000000000000000000000000000000:ETH": "0.038064516443885573",
    "timestamp": 1700784000000,
  },
  {
    "eip155-10:0x0000000000000000000000000000000000000000:ETH": "0.038064516443885573",
    "timestamp": 1700870400000,
  },
  {
    "eip155-10:0x0000000000000000000000000000000000000000:ETH": "0.038064516443885573",
    "timestamp": 1700956800000,
  },
  {
    "eip155-10:0x0000000000000000000000000000000000000000:ETH": "0.038064516443885573",
    "timestamp": 1701043200000,
  },
  {
    "eip155-10:0x0000000000000000000000000000000000000000:ETH": "0.038064516443885573",
    "timestamp": 1701129600000,
  },
  {
    "eip155-10:0x0000000000000000000000000000000000000000:ETH": "0.038064516443885573",
    "timestamp": 1701216000000,
  },
  {
    "eip155-10:0x0000000000000000000000000000000000000000:ETH": "0.038064516443885573",
    "timestamp": 1701302400000,
  },
  {
    "eip155-10:0x0000000000000000000000000000000000000000:ETH": "0.038064516443885573",
    "timestamp": 1701388800000,
  },
  {
    "eip155-10:0x0000000000000000000000000000000000000000:ETH": "0.038064516443885573",
    "timestamp": 1701475200000,
  },
  {
    "eip155-10:0x0000000000000000000000000000000000000000:ETH": "0.038064516443885573",
    "timestamp": 1701561600000,
  },
  {
    "eip155-10:0x0000000000000000000000000000000000000000:ETH": "0.038064516443885573",
    "timestamp": 1701648000000,
  },
  {
    "eip155-10:0x0000000000000000000000000000000000000000:ETH": "0.038064516443885573",
    "timestamp": 1701734400000,
  },
  {
    "eip155-10:0x0000000000000000000000000000000000000000:ETH": "0.038064516443885573",
    "timestamp": 1701820800000,
  },
  {
    "eip155-10:0x0000000000000000000000000000000000000000:ETH": "0.038064516443885573",
    "timestamp": 1701907200000,
  },
  {
    "eip155-10:0x0000000000000000000000000000000000000000:ETH": "0.038064516443885573",
    "timestamp": 1701993600000,
  },
  {
    "eip155-10:0x0000000000000000000000000000000000000000:ETH": "0.038064516443885573",
    "timestamp": 1702080000000,
  },
  {
    "eip155-10:0x0000000000000000000000000000000000000000:ETH": "0.038064516443885573",
    "timestamp": 1702166400000,
  },
  {
    "eip155-10:0x0000000000000000000000000000000000000000:ETH": "0.038064516443885573",
    "timestamp": 1702252800000,
  },
  {
    "eip155-10:0x0000000000000000000000000000000000000000:ETH": "0.038064516443885573",
    "timestamp": 1702339200000,
  },
  {
    "eip155-10:0x0000000000000000000000000000000000000000:ETH": "0.038064516443885573",
    "timestamp": 1702425600000,
  },
  {
    "eip155-10:0x0000000000000000000000000000000000000000:ETH": "0.038064516443885573",
    "timestamp": 1702512000000,
  },
  {
    "eip155-10:0x0000000000000000000000000000000000000000:ETH": "0.038064516443885573",
    "timestamp": 1702598400000,
  },
  {
    "eip155-10:0x0000000000000000000000000000000000000000:ETH": "0.038064516443885573",
    "timestamp": 1702684800000,
  },
  {
    "eip155-10:0x0000000000000000000000000000000000000000:ETH": "0.038064516443885573",
    "timestamp": 1702771200000,
  },
  {
    "eip155-10:0x0000000000000000000000000000000000000000:ETH": "0.038064516443885573",
    "timestamp": 1702857600000,
  },
  {
    "eip155-10:0x0000000000000000000000000000000000000000:ETH": "0.038064516443885573",
    "timestamp": 1702944000000,
  },
  {
    "eip155-10:0x0000000000000000000000000000000000000000:ETH": "0.038064516443885573",
    "timestamp": 1703030400000,
  },
  {
    "eip155-10:0x0000000000000000000000000000000000000000:ETH": "0.038064516443885573",
    "timestamp": 1703116800000,
  },
  {
    "eip155-10:0x0000000000000000000000000000000000000000:ETH": "0.038064516443885573",
    "timestamp": 1703203200000,
  },
  {
    "eip155-10:0x0000000000000000000000000000000000000000:ETH": "0.038064516443885573",
    "timestamp": 1703289600000,
  },
  {
    "eip155-10:0x0000000000000000000000000000000000000000:ETH": "0.038064516443885573",
    "timestamp": 1703376000000,
  },
  {
    "eip155-10:0x0000000000000000000000000000000000000000:ETH": "0.038064516443885573",
    "timestamp": 1703462400000,
  },
  {
    "eip155-10:0x0000000000000000000000000000000000000000:ETH": "0.038064516443885573",
    "timestamp": 1703548800000,
  },
  {
    "eip155-10:0x0000000000000000000000000000000000000000:ETH": "0.038064516443885573",
    "timestamp": 1703635200000,
  },
  {
    "eip155-10:0x0000000000000000000000000000000000000000:ETH": "0.038064516443885573",
    "timestamp": 1703721600000,
  },
  {
    "eip155-10:0x0000000000000000000000000000000000000000:ETH": "0.038064516443885573",
    "timestamp": 1703808000000,
  },
  {
    "eip155-10:0x0000000000000000000000000000000000000000:ETH": "0.038064516443885573",
    "timestamp": 1703894400000,
  },
  {
    "eip155-10:0x0000000000000000000000000000000000000000:ETH": "0.038064516443885573",
    "timestamp": 1703980800000,
  },
  {
    "eip155-10:0x0000000000000000000000000000000000000000:ETH": "0.038064516443885573",
    "timestamp": 1704067200000,
  },
  {
    "eip155-10:0x0000000000000000000000000000000000000000:ETH": "0.038064516443885573",
    "timestamp": 1704153600000,
  },
  {
    "eip155-10:0x0000000000000000000000000000000000000000:ETH": "0.038064516443885573",
    "timestamp": 1704240000000,
  },
  {
    "eip155-10:0x0000000000000000000000000000000000000000:ETH": "0.038064516443885573",
    "timestamp": 1704326400000,
  },
  {
    "eip155-10:0x0000000000000000000000000000000000000000:ETH": "0.038064516443885573",
    "timestamp": 1704412800000,
  },
  {
    "eip155-10:0x0000000000000000000000000000000000000000:ETH": "0.038064516443885573",
    "timestamp": 1704499200000,
  },
  {
    "eip155-10:0x0000000000000000000000000000000000000000:ETH": "0.038064516443885573",
    "timestamp": 1704585600000,
  },
  {
    "eip155-10:0x0000000000000000000000000000000000000000:ETH": "0.038064516443885573",
    "timestamp": 1704672000000,
  },
  {
    "eip155-10:0x0000000000000000000000000000000000000000:ETH": "0.038064516443885573",
    "timestamp": 1704758400000,
  },
  {
    "eip155-10:0x0000000000000000000000000000000000000000:ETH": "0.038064516443885573",
    "timestamp": 1704844800000,
  },
  {
    "eip155-10:0x0000000000000000000000000000000000000000:ETH": "0.038064516443885573",
    "timestamp": 1704931200000,
  },
  {
    "eip155-10:0x0000000000000000000000000000000000000000:ETH": "0.038064516443885573",
    "timestamp": 1705017600000,
  },
  {
    "eip155-10:0x0000000000000000000000000000000000000000:ETH": "0.038064516443885573",
    "timestamp": 1705104000000,
  },
  {
    "eip155-10:0x0000000000000000000000000000000000000000:ETH": "0.038064516443885573",
    "timestamp": 1705190400000,
  },
  {
    "eip155-10:0x0000000000000000000000000000000000000000:ETH": "0.038064516443885573",
    "timestamp": 1705276800000,
  },
  {
    "eip155-10:0x0000000000000000000000000000000000000000:ETH": "0.038064516443885573",
    "timestamp": 1705363200000,
  },
  {
    "eip155-10:0x0000000000000000000000000000000000000000:ETH": "0.038064516443885573",
    "timestamp": 1705449600000,
  },
  {
    "eip155-10:0x0000000000000000000000000000000000000000:ETH": "0.038064516443885573",
    "timestamp": 1705536000000,
  },
  {
    "eip155-10:0x0000000000000000000000000000000000000000:ETH": "0.038064516443885573",
    "timestamp": 1705622400000,
  },
  {
    "eip155-10:0x0000000000000000000000000000000000000000:ETH": "0.038064516443885573",
    "timestamp": 1705708800000,
  },
]