[
  {
    "eip155-10:0x0000000000000000000000000000000000000000:ETH": "0.032045071883082647",
    "timestamp": 1671235200000,
  },
  {
    "eip155-10:0x0000000000000000000000000000000000000000:ETH": "0.032045071883082647",
    "timestamp": 1671321600000,
  },
  {
    "eip155-10:0x0000000000000000000000000000000000000000:ETH": "0.032045071883082647",
    "timestamp": 1671408000000,
  },
  {
    "eip155-10:0x0000000000000000000000000000000000000000:ETH": "0.032045071883082647",
    "timestamp": 1671494400000,
  },
  {
    "eip155-10:0x0000000000000000000000000000000000000000:ETH": "0.032045071883082647",
    "timestamp": 1671580800000,
  },
  {
    "eip155-10:0x0000000000000000000000000000000000000000:ETH": "0.032045071883082647",
    "timestamp": 1671667200000,
  },
  {
    "eip155-10:0x0000000000000000000000000000000000000000:ETH": "0.032045071883082647",
    "timestamp": 1671753600000,
  },
  {
    "eip155-10:0x0000000000000000000000000000000000000000:ETH": "0.032045071883082647",
    "timestamp": 1671840000000,
  },
  {
    "eip155-10:0x0000000000000000000000000000000000000000:ETH": "0.032045071883082647",
    "timestamp": 1671926400000,
  },
  {
    "eip155-10:0x0000000000000000000000000000000000000000:ETH": "0.032045071883082647",
    "timestamp": 1672012800000,
  },
  {
    "eip155-10:0x0000000000000000000000000000000000000000:ETH": "0.032045071883082647",
    "timestamp": 1672099200000,
  },
  {
    "eip155-10:0x0000000000000000000000000000000000000000:ETH": "0.032045071883082647",
    "timestamp": 1672185600000,
  },
  {
    "eip155-10:0x0000000000000000000000000000000000000000:ETH": "0.032045071883082647",
    "timestamp": 1672272000000,
  },
  {
    "eip155-10:0x0000000000000000000000000000000000000000:ETH": "0.032045071883082647",
    "timestamp": 1672358400000,
  },
  {
    "eip155-10:0x0000000000000000000000000000000000000000:ETH": "0.032045071883082647",
    "timestamp": 1672444800000,
  },
  {
    "eip155-10:0x0000000000000000000000000000000000000000:ETH": "0.032045071883082647",
    "timestamp": 1672531200000,
  },
  {
    "eip155-10:0x0000000000000000000000000000000000000000:ETH": "0.032045071883082647",
    "timestamp": 1672617600000,
  },
  {
    "eip155-10:0x0000000000000000000000000000000000000000:ETH": "0.032045071883082647",
    "timestamp": 1672704000000,
  },
  {
    "eip155-10:0x0000000000000000000000000000000000000000:ETH": "0.032045071883082647",
    "timestamp": 1672790400000,
  },
  {
    "eip155-10:0x0000000000000000000000000000000000000000:ETH": "0.032045071883082647",
    "timestamp": 1672876800000,
  },
  {
    "eip155-10:0x0000000000000000000000000000000000000000:ETH": "0.032045071883082647",
    "timestamp": 1672963200000,
  },
  {
    "eip155-10:0x0000000000000000000000000000000000000000:ETH": "0.032045071883082647",
    "timestamp": 1673049600000,
  },
  {
    "eip155-10:0x0000000000000000000000000000000000000000:ETH": "0.032045071883082647",
    "timestamp": 1673136000000,
  },
  {
    "eip155-10:0x0000000000000000000000000000000000000000:ETH": "0.032045071883082647",
    "timestamp": 1673222400000,
  },
  {
    "eip155-10:0x0000000000000000000000000000000000000000:ETH": "0.032045071883082647",
    "timestamp": 1673308800000,
  },
  {
    "eip155-10:0x0000000000000000000000000000000000000000:ETH": "0.032045071883082647",
    "timestamp": 1673395200000,
  },
  {
    "eip155-10:0x0000000000000000000000000000000000000000:ETH": "0.032045071883082647",
    "timestamp": 1673481600000,
  },
  {
    "eip155-10:0x0000000000000000000000000000000000000000:ETH": "0.032045071883082647",
    "timestamp": 1673568000000,
  },
  {
    "eip155-10:0x0000000000000000000000000000000000000000:ETH": "0.032045071883082647",
    "timestamp": 1673654400000,
  },
  {
    "eip155-10:0x0000000000000000000000000000000000000000:ETH": "0.032045071883082647",
    "timestamp": 1673740800000,
  },
  {
    "eip155-10:0x0000000000000000000000000000000000000000:ETH": "0.032045071883082647",
    "timestamp": 1673827200000,
  },
  {
    "eip155-10:0x0000000000000000000000000000000000000000:ETH": "0.032045071883082647",
    "timestamp": 1673913600000,
  },
  {
    "eip155-10:0x0000000000000000000000000000000000000000:ETH": "0.032045071883082647",
    "timestamp": 1674000000000,
  },
  {
    "eip155-10:0x0000000000000000000000000000000000000000:ETH": "0.032045071883082647",
    "timestamp": 1674086400000,
  },
  {
    "eip155-10:0x0000000000000000000000000000000000000000:ETH": "0.032045071883082647",
    "timestamp": 1674172800000,
  },
  {
    "eip155-10:0x0000000000000000000000000000000000000000:ETH": "0.032045071883082647",
    "timestamp": 1674259200000,
  },
  {
    "eip155-10:0x0000000000000000000000000000000000000000:ETH": "0.032045071883082647",
    "timestamp": 1674345600000,
  },
  {
    "eip155-10:0x0000000000000000000000000000000000000000:ETH": "0.032045071883082647",
    "timestamp": 1674432000000,
  },
  {
    "eip155-10:0x0000000000000000000000000000000000000000:ETH": "0.032045071883082647",
    "timestamp": 1674518400000,
  },
  {
    "eip155-10:0x0000000000000000000000000000000000000000:ETH": "0.032045071883082647",
    "timestamp": 1674604800000,
  },
  {
    "eip155-10:0x0000000000000000000000000000000000000000:ETH": "0.032045071883082647",
    "timestamp": 1674691200000,
  },
  {
    "eip155-10:0x0000000000000000000000000000000000000000:ETH": "0.032045071883082647",
    "timestamp": 1674777600000,
  },
  {
    "eip155-10:0x0000000000000000000000000000000000000000:ETH": "0.032045071883082647",
    "timestamp": 1674864000000,
  },
  {
    "eip155-10:0x0000000000000000000000000000000000000000:ETH": "0.032045071883082647",
    "timestamp": 1674950400000,
  },
  {
    "eip155-10:0x0000000000000000000000000000000000000000:ETH": "0.032045071883082647",
    "timestamp": 1675036800000,
  },
  {
    "eip155-10:0x0000000000000000000000000000000000000000:ETH": "0.032045071883082647",
    "timestamp": 1675123200000,
  },
  {
    "eip155-10:0x0000000000000000000000000000000000000000:ETH": "0.032045071883082647",
    "timestamp": 1675209600000,
  },
  {
    "eip155-10:0x0000000000000000000000000000000000000000:ETH": "0.032045071883082647",
    "timestamp": 1675296000000,
  },
  {
    "eip155-10:0x0000000000000000000000000000000000000000:ETH": "0.032045071883082647",
    "timestamp": 1675382400000,
  },
  {
    "eip155-10:0x0000000000000000000000000000000000000000:ETH": "0.032045071883082647",
    "timestamp": 1675468800000,
  },
  {
    "eip155-10:0x0000000000000000000000000000000000000000:ETH": "0.032045071883082647",
    "timestamp": 1675555200000,
  },
  {
    "eip155-10:0x0000000000000000000000000000000000000000:ETH": "0.032045071883082647",
    "timestamp": 1675641600000,
  },
  {
    "eip155-10:0x0000000000000000000000000000000000000000:ETH": "0.032045071883082647",
    "timestamp": 1675728000000,
  },
  {
    "eip155-10:0x0000000000000000000000000000000000000000:ETH": "0.032045071883082647",
    "timestamp": 1675814400000,
  },
  {
    "eip155-10:0x0000000000000000000000000000000000000000:ETH": "0.032045071883082647",
    "timestamp": 1675900800000,
  },
  {
    "eip155-10:0x0000000000000000000000000000000000000000:ETH": "0.032045071883082647",
    "timestamp": 1675987200000,
  },
  {
    "eip155-10:0x0000000000000000000000000000000000000000:ETH": "0.032045071883082647",
    "timestamp": 1676073600000,
  },
  {
    "eip155-10:0x0000000000000000000000000000000000000000:ETH": "0.032045071883082647",
    "timestamp": 1676160000000,
  },
  {
    "eip155-10:0x0000000000000000000000000000000000000000:ETH": "0.032045071883082647",
    "timestamp": 1676246400000,
  },
  {
    "eip155-10:0x0000000000000000000000000000000000000000:ETH": "0.032045071883082647",
    "timestamp": 1676332800000,
  },
  {
    "eip155-10:0x0000000000000000000000000000000000000000:ETH": "0.032045071883082647",
    "timestamp": 1676419200000,
  },
  {
    "eip155-10:0x0000000000000000000000000000000000000000:ETH": "0.032045071883082647",
    "timestamp": 1676505600000,
  },
  {
    "eip155-10:0x0000000000000000000000000000000000000000:ETH": "0.032045071883082647",
    "timestamp": 1676592000000,
  },
  {
    "eip155-10:0x0000000000000000000000000000000000000000:ETH": "0.032045071883082647",
    "timestamp": 1676678400000,
  },
  {
    "eip155-10:0x0000000000000000000000000000000000000000:ETH": "0.032045071883082647",
    "timestamp": 1676764800000,
  },
  {
    "eip155-10:0x0000000000000000000000000000000000000000:ETH": "0.032045071883082647",
    "timestamp": 1676851200000,
  },
  {
    "eip155-10:0x0000000000000000000000000000000000000000:ETH": "0.032045071883082647",
    "timestamp": 1676937600000,
  },
  {
    "eip155-10:0x0000000000000000000000000000000000000000:ETH": "0.032045071883082647",
    "timestamp": 1677024000000,
  },
  {
    "eip155-10:0x0000000000000000000000000000000000000000:ETH": "0.032045071883082647",
    "timestamp": 1677110400000,
  },
  {
    "eip155-10:0x0000000000000000000000000000000000000000:ETH": "0.032045071883082647",
    "timestamp": 1677196800000,
  },
  {
    "eip155-10:0x0000000000000000000000000000000000000000:ETH": "0.032045071883082647",
    "timestamp": 1677283200000,
  },
  {
    "eip155-10:0x0000000000000000000000000000000000000000:ETH": "0.032044948991082647",
    "timestamp": 1677369600000,
  },
  {
    "eip155-10:0x0000000000000000000000000000000000000000:ETH": "0.032044948991082647",
    "timestamp": 1677456000000,
  },
  {
    "eip155-10:0x0000000000000000000000000000000000000000:ETH": "0.032044948991082647",
    "timestamp": 1677542400000,
  },
  {
    "eip155-10:0x0000000000000000000000000000000000000000:ETH": "0.032044948991082647",
    "timestamp": 1677628800000,
  },
  {
    "eip155-10:0x0000000000000000000000000000000000000000:ETH": "0.032044948991082647",
    "timestamp": 1677715200000,
  },
  {
    "eip155-10:0x0000000000000000000000000000000000000000:ETH": "0.032044948991082647",
    "timestamp": 1677801600000,
  },
  {
    "eip155-10:0x0000000000000000000000000000000000000000:ETH": "0.032044948991082647",
    "timestamp": 1677888000000,
  },
  {
    "eip155-10:0x0000000000000000000000000000000000000000:ETH": "0.032044948991082647",
    "timestamp": 1677974400000,
  },
  {
    "eip155-10:0x0000000000000000000000000000000000000000:ETH": "0.032044948991082647",
    "timestamp": 1678060800000,
  },
  {
    "eip155-10:0x0000000000000000000000000000000000000000:ETH": "0.032044948991082647",
    "timestamp": 1678147200000,
  },
  {
    "eip155-10:0x0000000000000000000000000000000000000000:ETH": "0.032044948991082647",
    "timestamp": 1678233600000,
  },
  {
    "eip155-10:0x0000000000000000000000000000000000000000:ETH": "0.032044948991082647",
    "timestamp": 1678320000000,
  },
  {
    "eip155-10:0x0000000000000000000000000000000000000000:ETH": "0.032044948991082647",
    "timestamp": 1678406400000,
  },
  {
    "eip155-10:0x0000000000000000000000000000000000000000:ETH": "0.032044948991082647",
    "timestamp": 1678492800000,
  },
  {
    "eip155-10:0x0000000000000000000000000000000000000000:ETH": "0.032044948991082647",
    "timestamp": 1678579200000,
  },
  {
    "eip155-10:0x0000000000000000000000000000000000000000:ETH": "0.032044948991082647",
    "timestamp": 1678665600000,
  },
  {
    "eip155-10:0x0000000000000000000000000000000000000000:ETH": "0.032044948991082647",
    "timestamp": 1678752000000,
  },
  {
    "eip155-10:0x0000000000000000000000000000000000000000:ETH": "0.032044948991082647",
    "timestamp": 1678838400000,
  },
  {
    "eip155-10:0x0000000000000000000000000000000000000000:ETH": "0.032044948991082647",
    "timestamp": 1678924800000,
  },
  {
    "eip155-10:0x0000000000000000000000000000000000000000:ETH": "0.032044948991082647",
    "timestamp": 1679011200000,
  },
  {
    "eip155-10:0x0000000000000000000000000000000000000000:ETH": "0.032044948991082647",
    "timestamp": 1679097600000,
  },
  {
    "eip155-10:0x0000000000000000000000000000000000000000:ETH": "0.032044948991082647",
    "timestamp": 1679184000000,
  },
  {
    "eip155-10:0x0000000000000000000000000000000000000000:ETH": "0.032044948991082647",
    "timestamp": 1679270400000,
  },
  {
    "eip155-10:0x0000000000000000000000000000000000000000:ETH": "0.032044948991082647",
    "timestamp": 1679356800000,
  },
  {
    "eip155-10:0x0000000000000000000000000000000000000000:ETH": "0.032044948991082647",
    "timestamp": 1679443200000,
  },
  {
    "eip155-10:0x0000000000000000000000000000000000000000:ETH": "0.032044948991082647",
    "timestamp": 1679529600000,
  },
  {
    "eip155-10:0x0000000000000000000000000000000000000000:ETH": "0.032044948991082647",
    "timestamp": 1679616000000,
  },
  {
    "eip155-10:0x0000000000000000000000000000000000000000:ETH": "0.032044948991082647",
    "timestamp": 1679702400000,
  },
  {
    "eip155-10:0x0000000000000000000000000000000000000000:ETH": "0.032044948991082647",
    "timestamp": 1679788800000,
  },
]