[
  {
    "eip155-10:0x0000000000000000000000000000000000000000:ETH": "0.032044948991082647",
    "timestamp": 1679875200000,
  },
  {
    "eip155-10:0x0000000000000000000000000000000000000000:ETH": "0.032044948991082647",
    "timestamp": 1679961600000,
  },
  {
    "eip155-10:0x0000000000000000000000000000000000000000:ETH": "0.032044948991082647",
    "timestamp": 1680048000000,
  },
  {
    "eip155-10:0x0000000000000000000000000000000000000000:ETH": "0.032044948991082647",
    "timestamp": 1680134400000,
  },
  {
    "eip155-10:0x0000000000000000000000000000000000000000:ETH": "0.032044948991082647",
    "timestamp": 1680220800000,
  },
  {
    "eip155-10:0x0000000000000000000000000000000000000000:ETH": "0.032044948991082647",
    "timestamp": 1680307200000,
  },
  {
    "eip155-10:0x0000000000000000000000000000000000000000:ETH": "0.032044948991082647",
    "timestamp": 1680393600000,
  },
  {
    "eip155-10:0x0000000000000000000000000000000000000000:ETH": "0.032044948991082647",
    "timestamp": 1680480000000,
  },
  {
    "eip155-10:0x0000000000000000000000000000000000000000:ETH": "0.032044948991082647",
    "timestamp": 1680566400000,
  },
  {
    "eip155-10:0x0000000000000000000000000000000000000000:ETH": "0.032044948991082647",
    "timestamp": 1680652800000,
  },
  {
    "eip155-10:0x0000000000000000000000000000000000000000:ETH": "0.032044948991082647",
    "timestamp": 1680739200000,
  },
  {
    "eip155-10:0x0000000000000000000000000000000000000000:ETH": "0.032044948991082647",
    "timestamp": 1680825600000,
  },
  {
    "eip155-10:0x0000000000000000000000000000000000000000:ETH": "0.032044948991082647",
    "timestamp": 1680912000000,
  },
  {
    "eip155-10:0x0000000000000000000000000000000000000000:ETH": "0.032044948991082647",
    "timestamp": 1680998400000,
  },
  {
    "eip155-10:0x0000000000000000000000000000000000000000:ETH": "0.032044948991082647",
    "timestamp": 1681084800000,
  },
  {
    "eip155-10:0x0000000000000000000000000000000000000000:ETH": "0.032044948991082647",
    "timestamp": 1681171200000,
  },
  {
    "eip155-10:0x0000000000000000000000000000000000000000:ETH": "0.032044948991082647",
    "timestamp": 1681257600000,
  },
  {
    "eip155-10:0x0000000000000000000000000000000000000000:ETH": "0.032044948991082647",
    "timestamp": 1681344000000,
  },
  {
    "eip155-10:0x0000000000000000000000000000000000000000:ETH": "0.032044948991082647",
    "timestamp": 1681430400000,
  },
  {
    "eip155-10:0x0000000000000000000000000000000000000000:ETH": "0.032044948991082647",
    "timestamp": 1681516800000,
  },
  {
    "eip155-10:0x0000000000000000000000000000000000000000:ETH": "0.032044948991082647",
    "timestamp": 1681603200000,
  },
  {
    "eip155-10:0x0000000000000000000000000000000000000000:ETH": "0.032044948991082647",
    "timestamp": 1681689600000,
  },
  {
    "eip155-10:0x0000000000000000000000000000000000000000:ETH": "0.032044948991082647",
    "timestamp": 1681776000000,
  },
  {
    "eip155-10:0x0000000000000000000000000000000000000000:ETH": "0.032044948991082647",
    "timestamp": 1681862400000,
  },
  {
    "eip155-10:0x0000000000000000000000000000000000000000:ETH": "0.032044948991082647",
    "timestamp": 1681948800000,
  },
  {
    "eip155-10:0x0000000000000000000000000000000000000000:ETH": "0.032044948991082647",
    "timestamp": 1682035200000,
  },
  {
    "eip155-10:0x0000000000000000000000000000000000000000:ETH": "0.032044948991082647",
    "timestamp": 1682121600000,
  },
  {
    "eip155-10:0x0000000000000000000000000000000000000000:ETH": "0.032044948991082647",
    "timestamp": 1682208000000,
  },
  {
    "eip155-10:0x0000000000000000000000000000000000000000:ETH": "0.032044948991082647",
    "timestamp": 1682294400000,
  },
  {
    "eip155-10:0x0000000000000000000000000000000000000000:ETH": "0.032044948991082647",
    "timestamp": 1682380800000,
  },
  {
    "eip155-10:0x0000000000000000000000000000000000000000:ETH": "0.032044948991082647",
    "timestamp": 1682467200000,
  },
  {
    "eip155-10:0x0000000000000000000000000000000000000000:ETH": "0.032044948991082647",
    "timestamp": 1682553600000,
  },
  {
    "eip155-10:0x0000000000000000000000000000000000000000:ETH": "0.032044948991082647",
    "timestamp": 1682640000000,
  },
  {
    "eip155-10:0x0000000000000000000000000000000000000000:ETH": "0.032044948991082647",
    "timestamp": 1682726400000,
  },
  {
    "eip155-10:0x0000000000000000000000000000000000000000:ETH": "0.032044948991082647",
    "timestamp": 1682812800000,
  },
  {
    "eip155-10:0x0000000000000000000000000000000000000000:ETH": "0.032044948991082647",
    "timestamp": 1682899200000,
  },
  {
    "eip155-10:0x0000000000000000000000000000000000000000:ETH": "0.032044948991082647",
    "timestamp": 1682985600000,
  },
  {
    "eip155-10:0x0000000000000000000000000000000000000000:ETH": "0.032044948991082647",
    "timestamp": 1683072000000,
  },
  {
    "eip155-10:0x0000000000000000000000000000000000000000:ETH": "0.032044948991082647",
    "timestamp": 1683158400000,
  },
  {
    "eip155-10:0x0000000000000000000000000000000000000000:ETH": "0.032044948991082647",
    "timestamp": 1683244800000,
  },
  {
    "eip155-10:0x0000000000000000000000000000000000000000:ETH": "0.032044948991082647",
    "timestamp": 1683331200000,
  },
  {
    "eip155-10:0x0000000000000000000000000000000000000000:ETH": "0.032044948991082647",
    "timestamp": 1683417600000,
  },
  {
    "eip155-10:0x0000000000000000000000000000000000000000:ETH": "0.032044948991082647",
    "timestamp": 1683504000000,
  },
  {
    "eip155-10:0x0000000000000000000000000000000000000000:ETH": "0.032044948991082647",
    "timestamp": 1683590400000,
  },
  {
    "eip155-10:0x0000000000000000000000000000000000000000:ETH": "0.032044948991082647",
    "timestamp": 1683676800000,
  },
  {
    "eip155-10:0x0000000000000000000000000000000000000000:ETH": "0.032044948991082647",
    "timestamp": 1683763200000,
  },
  {
    "eip155-10:0x0000000000000000000000000000000000000000:ETH": "0.032044948991082647",
    "timestamp": 1683849600000,
  },
  {
    "eip155-10:0x0000000000000000000000000000000000000000:ETH": "0.032044948991082647",
    "timestamp": 1683936000000,
  },
  {
    "eip155-10:0x0000000000000000000000000000000000000000:ETH": "0.032044948991082647",
    "timestamp": 1684022400000,
  },
  {
    "eip155-10:0x0000000000000000000000000000000000000000:ETH": "0.032044948991082647",
    "timestamp": 1684108800000,
  },
  {
    "eip155-10:0x0000000000000000000000000000000000000000:ETH": "0.032044948991082647",
    "timestamp": 1684195200000,
  },
  {
    "eip155-10:0x0000000000000000000000000000000000000000:ETH": "0.032044948991082647",
    "timestamp": 1684281600000,
  },
  {
    "eip155-10:0x0000000000000000000000000000000000000000:ETH": "0.032044948991082647",
    "timestamp": 1684368000000,
  },
  {
    "eip155-10:0x0000000000000000000000000000000000000000:ETH": "0.032044948991082647",
    "timestamp": 1684454400000,
  },
  {
    "eip155-10:0x0000000000000000000000000000000000000000:ETH": "0.032044948991082647",
    "timestamp": 1684540800000,
  },
  {
    "eip155-10:0x0000000000000000000000000000000000000000:ETH": "0.032044948991082647",
    "timestamp": 1684627200000,
  },
  {
    "eip155-10:0x0000000000000000000000000000000000000000:ETH": "0.032044948991082647",
    "timestamp": 1684713600000,
  },
  {
    "eip155-10:0x0000000000000000000000000000000000000000:ETH": "0.032044948991082647",
    "timestamp": 1684800000000,
  },
  {
    "eip155-10:0x0000000000000000000000000000000000000000:ETH": "0.032044948991082647",
    "timestamp": 1684886400000,
  },
  {
    "eip155-10:0x0000000000000000000000000000000000000000:ETH": "0.032044948991082647",
    "timestamp": 1684972800000,
  },
  {
    "eip155-10:0x0000000000000000000000000000000000000000:ETH": "0.032044948991082647",
    "timestamp": 1685059200000,
  },
  {
    "eip155-10:0x0000000000000000000000000000000000000000:ETH": "0.032044948991082647",
    "timestamp": 1685145600000,
  },
  {
    "eip155-10:0x0000000000000000000000000000000000000000:ETH": "0.032044948991082647",
    "timestamp": 1685232000000,
  },
  {
    "eip155-10:0x0000000000000000000000000000000000000000:ETH": "0.032044948991082647",
    "timestamp": 1685318400000,
  },
  {
    "eip155-10:0x0000000000000000000000000000000000000000:ETH": "0.032044948991082647",
    "timestamp": 1685404800000,
  },
  {
    "eip155-10:0x0000000000000000000000000000000000000000:ETH": "0.032044948991082647",
    "timestamp": 1685491200000,
  },
  {
    "eip155-10:0x0000000000000000000000000000000000000000:ETH": "0.032044948991082647",
    "timestamp": 1685577600000,
  },
  {
    "eip155-10:0x0000000000000000000000000000000000000000:ETH": "0.032044948991082647",
    "timestamp": 1685664000000,
  },
  {
    "eip155-10:0x0000000000000000000000000000000000000000:ETH": "0.032044948991082647",
    "timestamp": 1685750400000,
  },
  {
    "eip155-10:0x0000000000000000000000000000000000000000:ETH": "0.032044948991082647",
    "timestamp": 1685836800000,
  },
  {
    "eip155-10:0x0000000000000000000000000000000000000000:ETH": "0.032044948991082647",
    "timestamp": 1685923200000,
  },
  {
    "eip155-10:0x0000000000000000000000000000000000000000:ETH": "0.032044948991082647",
    "timestamp": 1686009600000,
  },
  {
    "eip155-10:0x0000000000000000000000000000000000000000:ETH": "0.032044948991082647",
    "timestamp": 1686096000000,
  },
  {
    "eip155-10:0x0000000000000000000000000000000000000000:ETH": "0.032044948991082647",
    "timestamp": 1686182400000,
  },
  {
    "eip155-10:0x0000000000000000000000000000000000000000:ETH": "0.032044948991082647",
    "timestamp": 1686268800000,
  },
  {
    "eip155-10:0x0000000000000000000000000000000000000000:ETH": "0.032044948991082647",
    "timestamp": 1686355200000,
  },
  {
    "eip155-10:0x0000000000000000000000000000000000000000:ETH": "0.032044948991082647",
    "timestamp": 1686441600000,
  },
  {
    "eip155-10:0x0000000000000000000000000000000000000000:ETH": "0.032044948991082647",
    "timestamp": 1686528000000,
  },
  {
    "eip155-10:0x0000000000000000000000000000000000000000:ETH": "0.032044948991082647",
    "timestamp": 1686614400000,
  },
  {
    "eip155-10:0x0000000000000000000000000000000000000000:ETH": "0.032044948991082647",
    "timestamp": 1686700800000,
  },
  {
    "eip155-10:0x0000000000000000000000000000000000000000:ETH": "0.032044948991082647",
    "timestamp": 1686787200000,
  },
  {
    "eip155-10:0x0000000000000000000000000000000000000000:ETH": "0.032044948991082647",
    "timestamp": 1686873600000,
  },
  {
    "eip155-10:0x0000000000000000000000000000000000000000:ETH": "0.032044948991082647",
    "timestamp": 1686960000000,
  },
  {
    "eip155-10:0x0000000000000000000000000000000000000000:ETH": "0.032044948991082647",
    "timestamp": 1687046400000,
  },
  {
    "eip155-10:0x0000000000000000000000000000000000000000:ETH": "0.032044948991082647",
    "timestamp": 1687132800000,
  },
  {
    "eip155-10:0x0000000000000000000000000000000000000000:ETH": "0.032044948991082647",
    "timestamp": 1687219200000,
  },
  {
    "eip155-10:0x0000000000000000000000000000000000000000:ETH": "0.032044948991082647",
    "timestamp": 1687305600000,
  },
  {
    "eip155-10:0x0000000000000000000000000000000000000000:ETH": "0.032044948991082647",
    "timestamp": 1687392000000,
  },
  {
    "eip155-10:0x0000000000000000000000000000000000000000:ETH": "0.032044948991082647",
    "timestamp": 1687478400000,
  },
  {
    "eip155-10:0x0000000000000000000000000000000000000000:ETH": "0.032044948991082647",
    "timestamp": 1687564800000,
  },
  {
    "eip155-10:0x0000000000000000000000000000000000000000:ETH": "0.032044948991082647",
    "timestamp": 1687651200000,
  },
  {
    "eip155-10:0x0000000000000000000000000000000000000000:ETH": "0.032044948991082647",
    "timestamp": 1687737600000,
  },
  {
    "eip155-10:0x0000000000000000000000000000000000000000:ETH": "0.032044948991082647",
    "timestamp": 1687824000000,
  },
  {
    "eip155-10:0x0000000000000000000000000000000000000000:ETH": "0.032044948991082647",
    "timestamp": 1687910400000,
  },
  {
    "eip155-10:0x0000000000000000000000000000000000000000:ETH": "0.032044948991082647",
    "timestamp": 1687996800000,
  },
  {
    "eip155-10:0x0000000000000000000000000000000000000000:ETH": "0.032044948991082647",
    "timestamp": 1688083200000,
  },
  {
    "eip155-10:0x0000000000000000000000000000000000000000:ETH": "0.032044948991082647",
    "timestamp": 1688169600000,
  },
  {
    "eip155-10:0x0000000000000000000000000000000000000000:ETH": "0.032044948991082647",
    "timestamp": 1688256000000,
  },
  {
    "eip155-10:0x0000000000000000000000000000000000000000:ETH": "0.032044948991082647",
    "timestamp": 1688342400000,
  },
  {
    "eip155-10:0x0000000000000000000000000000000000000000:ETH": "0.032044948991082647",
    "timestamp": 1688428800000,
  },
]