[
  {
    "_id": "",
    "contractAddress": "0x88888888ccda9a4b85c531b4a18247fce9f8aba5",
    "incoming": "10000",
    "incomingAsset": "eip155-10:0x88888888ccda9a4b85c531b4a18247fce9f8aba5:OPT",
    "incomingN": 10000,
    "platform": "eip155-10",
    "timestamp": 1711009265000,
    "txHash": "0x8f68747f578a281b24536ca5c3e2b9e943f00ec87633d7c183f2fb57c9f050c1",
    "type": "Deposit",
    "wallet": "0x003dc32fe920a4aaeed12dc87e145f030aa753f3",
  },
  {
    "_id": "",
    "incoming": "0.008785000000001006",
    "incomingAsset": "eip155-10:0x0000000000000000000000000000000000000000:ETH",
    "incomingN": 0.008785000000001006,
    "method": "Transfer",
    "platform": "eip155-10",
    "timestamp": 1707157185000,
    "txHash": "0x838213caf4924e1850556942cec363abad702d78db976e24839b5690ca271d5a",
    "type": "Deposit",
    "wallet": "0x003dc32fe920a4aaeed12dc87e145f030aa753f3",
  },
  {
    "_id": "",
    "fee": "-0.00000047777987784",
    "feeAsset": "eip155-10:0x0000000000000000000000000000000000000000:ETH",
    "feeN": -4.7777987784e-7,
    "method": "Update Project Metadata",
    "platform": "eip155-10",
    "timestamp": 1699960901000,
    "txHash": "0xd4c4aca9be91f171776cd750412626d8e0bc30b68d6821cef2a0ad5895f1dae7",
    "type": "Unknown",
    "wallet": "0x003dc32fe920a4aaeed12dc87e145f030aa753f3",
  },
  {
    "_id": "",
    "fee": "-0.000000286511967",
    "feeAsset": "eip155-10:0x0000000000000000000000000000000000000000:ETH",
    "feeN": -2.86511967e-7,
    "method": "Transfer",
    "outgoing": "0.015",
    "outgoingAsset": "eip155-10:0x0000000000000000000000000000000000000000:ETH",
    "outgoingN": 0.015,
    "platform": "eip155-10",
    "timestamp": 1699886343000,
    "txHash": "0x1b9fe3f7de63d872a590b12f583f147bbf90b91d0b9fe277a9224068c08d82de",
    "type": "Withdraw",
    "wallet": "0x003dc32fe920a4aaeed12dc87e145f030aa753f3",
  },
  {
    "_id": "",
    "fee": "-0.000000537592148136",
    "feeAsset": "eip155-10:0x0000000000000000000000000000000000000000:ETH",
    "feeN": -5.37592148136e-7,
    "method": "Update Project Metadata",
    "platform": "eip155-10",
    "timestamp": 1699885099000,
    "txHash": "0x79cf9bdf8bf93183454315d205bd1783ea20496ea5cc09398971e1030a241610",
    "type": "Unknown",
    "wallet": "0x003dc32fe920a4aaeed12dc87e145f030aa753f3",
  },
  {
    "_id": "",
    "fee": "-0.000000388216433868",
    "feeAsset": "eip155-10:0x0000000000000000000000000000000000000000:ETH",
    "feeN": -3.88216433868e-7,
    "method": "Update Project Metadata",
    "platform": "eip155-10",
    "timestamp": 1699884133000,
    "txHash": "0xcb11c73405b789dae2cf1f4f82969a5841883b08c4d1893a62df5211532b940d",
    "type": "Unknown",
    "wallet": "0x003dc32fe920a4aaeed12dc87e145f030aa753f3",
  },
  {
    "_id": "",
    "fee": "-0.00000164931322599",
    "feeAsset": "eip155-10:0x0000000000000000000000000000000000000000:ETH",
    "feeN": -0.00000164931322599,
    "method": "Create Project",
    "platform": "eip155-10",
    "timestamp": 1699883685000,
    "txHash": "0x2bb5385d1c9789bbfab44ef69defb0da7b610da22ed67e74f74417f194202470",
    "type": "Unknown",
    "wallet": "0x003dc32fe920a4aaeed12dc87e145f030aa753f3",
  },
  {
    "_id": "",
    "incoming": "0.005",
    "incomingAsset": "eip155-10:0x0000000000000000000000000000000000000000:ETH",
    "incomingN": 0.005,
    "platform": "eip155-10",
    "timestamp": 1698988525000,
    "txHash": "0xd99d61fdd3eeb2d3768b8a97d0d7d992af058cace3704eb862c7d5cdfeec5fa8",
    "type": "Deposit",
    "wallet": "0x003dc32fe920a4aaeed12dc87e145f030aa753f3",
  },
  {
    "_id": "",
    "incoming": "0.045696472215114369",
    "incomingAsset": "eip155-10:0x0000000000000000000000000000000000000000:ETH",
    "incomingN": 0.045696472215114366,
    "outgoing": "72.433",
    "outgoingAsset": "eip155-10:0x8c6f28f2f1a3c87f0f938b96d27520d9751ec8d9:sUSD",
    "outgoingN": 72.433,
    "platform": "eip155-10",
    "timestamp": 1697022417000,
    "txHash": "0xf8e326e6c15d4c5a4074b66589121262c3f23d5e1604b30b91132656f37ff8f1",
    "type": "Swap",
    "wallet": "0x003dc32fe920a4aaeed12dc87e145f030aa753f3",
  },
  {
    "_id": "",
    "fee": "-0.000008079139791576",
    "feeAsset": "eip155-10:0x0000000000000000000000000000000000000000:ETH",
    "feeN": -0.000008079139791576,
    "method": "Approve",
    "platform": "eip155-10",
    "timestamp": 1697022379000,
    "txHash": "0xac363b3ca7248e57a07a6c8d25cf412fe36105d70bfedf99803189f6d0dc0bec",
    "type": "Unknown",
    "wallet": "0x003dc32fe920a4aaeed12dc87e145f030aa753f3",
  },
  {
    "_id": "",
    "fee": "-0.000008992553590016",
    "feeAsset": "eip155-10:0x0000000000000000000000000000000000000000:ETH",
    "feeN": -0.000008992553590016,
    "incoming": "47.433",
    "incomingAsset": "eip155-10:0x8c6f28f2f1a3c87f0f938b96d27520d9751ec8d9:sUSD",
    "incomingN": 47.433,
    "method": "Execute",
    "platform": "eip155-10",
    "timestamp": 1697022207000,
    "txHash": "0x0481f8352ef9380a71db214da07145a29f40515452b83e8871f9fe8ebee6f545",
    "type": "Unknown",
    "wallet": "0x003dc32fe920a4aaeed12dc87e145f030aa753f3",
  },
  {
    "_id": "",
    "fee": "-0.000000887596374",
    "feeAsset": "eip155-10:0x0000000000000000000000000000000000000000:ETH",
    "feeN": -8.87596374e-7,
    "method": "Transfer",
    "outgoing": "0.005",
    "outgoingAsset": "eip155-10:0x0000000000000000000000000000000000000000:ETH",
    "outgoingN": 0.005,
    "platform": "eip155-10",
    "timestamp": 1696161767000,
    "txHash": "0xfdccf4d1d154daa82b662bc75664d82c20b8c2fa5e55e0c88ca6877f1178f629",
    "type": "Withdraw",
    "wallet": "0x003dc32fe920a4aaeed12dc87e145f030aa753f3",
  },
  {
    "_id": "",
    "fee": "-0.000000001927515944",
    "feeAsset": "eip155-10:0x0000000000000000000000000000000000000000:ETH",
    "feeN": -1.927515944e-9,
    "method": "Execute",
    "outgoing": "0.01",
    "outgoingAsset": "eip155-10:0x0000000000000000000000000000000000000000:ETH",
    "outgoingN": 0.01,
    "platform": "eip155-10",
    "timestamp": 1691998817000,
    "txHash": "0x606334734f611646e7a6cc9806635e8d40c447a97e2197d8c75d8b1dbaab5cf9",
    "type": "Withdraw",
    "wallet": "0x003dc32fe920a4aaeed12dc87e145f030aa753f3",
  },
  {
    "_id": "",
    "fee": "-0.000038787651178496",
    "feeAsset": "eip155-10:0x0000000000000000000000000000000000000000:ETH",
    "feeN": -0.000038787651178496,
    "incoming": "0.013425996768367312",
    "incomingAsset": "eip155-10:0x0000000000000000000000000000000000000000:ETH",
    "incomingN": 0.013425996768367312,
    "method": "0x00000008",
    "outgoing": "24.872472987927042338",
    "outgoingAsset": "eip155-10:0x8c6f28f2f1a3c87f0f938b96d27520d9751ec8d9:sUSD",
    "outgoingN": 24.872472987927043,
    "platform": "eip155-10",
    "timestamp": 1691998777000,
    "txHash": "0x323c777bdd0f6d5ad2677e6ad279a40e615e3abcdee7625a03fff68556762e82",
    "type": "Swap",
    "wallet": "0x003dc32fe920a4aaeed12dc87e145f030aa753f3",
  },
  {
    "_id": "",
    "fee": "-0.000000000404359356",
    "feeAsset": "eip155-10:0x0000000000000000000000000000000000000000:ETH",
    "feeN": -4.04359356e-10,
    "method": "Approve",
    "platform": "eip155-10",
    "timestamp": 1691998755000,
    "txHash": "0x97f6e1ca11198af170fab112aedbcc1012cf2121cc8b93cd41325351095ec6a3",
    "type": "Unknown",
    "wallet": "0x003dc32fe920a4aaeed12dc87e145f030aa753f3",
  },
  {
    "_id": "",
    "fee": "-0.00000041799408562",
    "feeAsset": "eip155-10:0x0000000000000000000000000000000000000000:ETH",
    "feeN": -4.1799408562e-7,
    "method": "Execute",
    "outgoing": "51",
    "outgoingAsset": "eip155-10:0x8c6f28f2f1a3c87f0f938b96d27520d9751ec8d9:sUSD",
    "outgoingN": 51,
    "platform": "eip155-10",
    "timestamp": 1691693681000,
    "txHash": "0x212bcfffa9e8b11487a015622a6a10ed90209eea594a57c377636b41c7f41872",
    "type": "Unknown",
    "wallet": "0x003dc32fe920a4aaeed12dc87e145f030aa753f3",
  },
  {
    "_id": "",
    "fee": "-0.000000025468392888",
    "feeAsset": "eip155-10:0x0000000000000000000000000000000000000000:ETH",
    "feeN": -2.5468392888e-8,
    "method": "Approve",
    "platform": "eip155-10",
    "timestamp": 1691693475000,
    "txHash": "0xf280abff0cd29eebbe1a53f02f6eb84f0cc90f043ec1eda3e98767208eb1ef98",
    "type": "Unknown",
    "wallet": "0x003dc32fe920a4aaeed12dc87e145f030aa753f3",
  },
  {
    "_id": "",
    "fee": "-0.000000127655419713",
    "feeAsset": "eip155-10:0x0000000000000000000000000000000000000000:ETH",
    "feeN": -1.27655419713e-7,
    "method": "New Account",
    "platform": "eip155-10",
    "timestamp": 1691693445000,
    "txHash": "0x1df6a6ac635c160c0360d4e4f875f66e8fda44bc67bee6b2094ee27271b14013",
    "type": "Unknown",
    "wallet": "0x003dc32fe920a4aaeed12dc87e145f030aa753f3",
  },
  {
    "_id": "",
    "fee": "-0.000000270215890848",
    "feeAsset": "eip155-10:0x0000000000000000000000000000000000000000:ETH",
    "feeN": -2.70215890848e-7,
    "incoming": "49.017837839311641383",
    "incomingAsset": "eip155-10:0x8c6f28f2f1a3c87f0f938b96d27520d9751ec8d9:sUSD",
    "incomingN": 49.01783783931164,
    "method": "0x00000008",
    "outgoing": "49",
    "outgoingAsset": "eip155-10:0x94b008aa00579c1307b0ef2c499ad98a8ce58e58:USDT",
    "outgoingN": 49,
    "platform": "eip155-10",
    "timestamp": 1691693137000,
    "txHash": "0xaa57e8fdf6b5545987c9a997c4187051e825181721b3f4f1ef130b4320bdcc7f",
    "type": "Swap",
    "wallet": "0x003dc32fe920a4aaeed12dc87e145f030aa753f3",
  },
  {
    "_id": "",
    "fee": "-0.000000031255719985",
    "feeAsset": "eip155-10:0x0000000000000000000000000000000000000000:ETH",
    "feeN": -3.1255719985e-8,
    "method": "Approve",
    "platform": "eip155-10",
    "timestamp": 1691693085000,
    "txHash": "0x9f1a217f0ce68ea88166d0388cc9a2cbc35f54643cffe1d037729f3a1a7b6981",
    "type": "Unknown",
    "wallet": "0x003dc32fe920a4aaeed12dc87e145f030aa753f3",
  },
  {
    "_id": "",
    "contractAddress": "0x94b008aa00579c1307b0ef2c499ad98a8ce58e58",
    "incoming": "49",
    "incomingAsset": "eip155-10:0x94b008aa00579c1307b0ef2c499ad98a8ce58e58:USDT",
    "incomingN": 49,
    "platform": "eip155-10",
    "timestamp": 1691692983000,
    "txHash": "0x4f6361d8b4bc6720b873f12a2f835c9f69e70ce4bbffeee226fca4327fc61825",
    "type": "Deposit",
    "wallet": "0x003dc32fe920a4aaeed12dc87e145f030aa753f3",
  },
  {
    "_id": "",
    "fee": "-0.000000459604110096",
    "feeAsset": "eip155-10:0x0000000000000000000000000000000000000000:ETH",
    "feeN": -4.59604110096e-7,
    "incoming": "51.854635148615400955",
    "incomingAsset": "eip155-10:0x8c6f28f2f1a3c87f0f938b96d27520d9751ec8d9:sUSD",
    "incomingN": 51.8546351486154,
    "method": "0x00000008",
    "outgoing": "0.028041480650597383",
    "outgoingAsset": "eip155-10:0x0000000000000000000000000000000000000000:ETH",
    "outgoingN": 0.028041480650597382,
    "platform": "eip155-10",
    "timestamp": 1691692391000,
    "txHash": "0x14a13d724d12991c54dad1235bb3f795d812c2c641039590106fc4bd54fa119a",
    "type": "Swap",
    "wallet": "0x003dc32fe920a4aaeed12dc87e145f030aa753f3",
  },
  {
    "_id": "",
    "fee": "-0.000000122892",
    "feeAsset": "eip155-10:0x0000000000000000000000000000000000000000:ETH",
    "feeN": -1.22892e-7,
    "method": "Mint With Signature",
    "platform": "eip155-10",
    "timestamp": 1677442732000,
    "txHash": "0x0e739474ae579fd6e2ec16fbc2d63a7db7a339a87cdc626c922d789be17b1edc",
    "type": "Unknown",
    "wallet": "0x003dc32fe920a4aaeed12dc87e145f030aa753f3",
  },
  {
    "_id": "",
    "fee": "-0.00000008588",
    "feeAsset": "eip155-10:0x0000000000000000000000000000000000000000:ETH",
    "feeN": -8.588e-8,
    "method": "Transfer",
    "outgoing": "827.759804739626467328",
    "outgoingAsset": "eip155-10:0x4200000000000000000000000000000000000042:OP",
    "outgoingN": 827.7598047396265,
    "platform": "eip155-10",
    "timestamp": 1654022820000,
    "txHash": "0xe76afd78756cfc1cb0094860df3cb1cfa8c706a906b8676d417622359b358e7e",
    "type": "Unknown",
    "wallet": "0x003dc32fe920a4aaeed12dc87e145f030aa753f3",
  },
  {
    "_id": "",
    "fee": "-0.000000082428",
    "feeAsset": "eip155-10:0x0000000000000000000000000000000000000000:ETH",
    "feeN": -8.2428e-8,
    "method": "Delegate",
    "platform": "eip155-10",
    "timestamp": 1654021995000,
    "txHash": "0x2b18ea3132e57a86a19ed90ac1d246846441a3bdfae526fd1261afd0f205caa6",
    "type": "Unknown",
    "wallet": "0x003dc32fe920a4aaeed12dc87e145f030aa753f3",
  },
  {
    "_id": "",
    "fee": "-0.00000008896",
    "feeAsset": "eip155-10:0x0000000000000000000000000000000000000000:ETH",
    "feeN": -8.896e-8,
    "incoming": "827.759804739626467328",
    "incomingAsset": "eip155-10:0x4200000000000000000000000000000000000042:OP",
    "incomingN": 827.7598047396265,
    "method": "Claim",
    "platform": "eip155-10",
    "timestamp": 1654021845000,
    "txHash": "0xfe2b151e472b2263361bd99c39e3103dc3478badf4582c735fd49187e786182b",
    "type": "Unknown",
    "wallet": "0x003dc32fe920a4aaeed12dc87e145f030aa753f3",
  },
  {
    "_id": "",
    "incoming": "0.009730669151082647",
    "incomingAsset": "eip155-10:0x0000000000000000000000000000000000000000:ETH",
    "incomingN": 0.009730669151082647,
    "platform": "eip155-10",
    "timestamp": 1654016428000,
    "txHash": "0x078eeec7dc630f1d44e9d64ebb399b61ed8f729cd7aaf829b30ced74b678acac",
    "type": "Deposit",
    "wallet": "0x003dc32fe920a4aaeed12dc87e145f030aa753f3",
  },
  {
    "_id": "",
    "incoming": "0.02231466",
    "incomingAsset": "eip155-10:0x0000000000000000000000000000000000000000:ETH",
    "incomingN": 0.02231466,
    "method": "Transfer",
    "platform": "eip155-10",
    "timestamp": 1654015224000,
    "txHash": "0x58e7a6e1810d185d7c8c4d7c3ac0bbb7ee3ab3a7a05eedc853e1a3abce1e7f9a",
    "type": "Deposit",
    "wallet": "0x003dc32fe920a4aaeed12dc87e145f030aa753f3",
  },
]