[
  {
    "timestamp": 1504828800000,
  },
  {
    "chain.ethereum:0x0000000000000000000000000000000000000000:ETH": "1.99938096",
    "timestamp": 1504915200000,
  },
  {
    "chain.ethereum:0x0000000000000000000000000000000000000000:ETH": "1.99938096",
    "timestamp": 1505001600000,
  },
  {
    "chain.ethereum:0x0000000000000000000000000000000000000000:ETH": "1.99938096",
    "timestamp": 1505088000000,
  },
  {
    "chain.ethereum:0x0000000000000000000000000000000000000000:ETH": "1.99938096",
    "timestamp": 1505174400000,
  },
  {
    "chain.ethereum:0x0000000000000000000000000000000000000000:ETH": "1.99938096",
    "timestamp": 1505260800000,
  },
  {
    "chain.ethereum:0x0000000000000000000000000000000000000000:ETH": "1.99938096",
    "timestamp": 1505347200000,
  },
  {
    "chain.ethereum:0x0000000000000000000000000000000000000000:ETH": "1.99938096",
    "timestamp": 1505433600000,
  },
  {
    "chain.ethereum:0x0000000000000000000000000000000000000000:ETH": "1.99938096",
    "timestamp": 1505520000000,
  },
  {
    "chain.ethereum:0x0000000000000000000000000000000000000000:ETH": "1.99938096",
    "timestamp": 1505606400000,
  },
  {
    "chain.ethereum:0x0000000000000000000000000000000000000000:ETH": "1.99938096",
    "timestamp": 1505692800000,
  },
  {
    "chain.ethereum:0x0000000000000000000000000000000000000000:ETH": "1.99938096",
    "timestamp": 1505779200000,
  },
  {
    "chain.ethereum:0x0000000000000000000000000000000000000000:ETH": "1.99938096",
    "timestamp": 1505865600000,
  },
  {
    "chain.ethereum:0x0000000000000000000000000000000000000000:ETH": "1.99938096",
    "timestamp": 1505952000000,
  },
  {
    "chain.ethereum:0x0000000000000000000000000000000000000000:ETH": "1.99938096",
    "timestamp": 1506038400000,
  },
  {
    "chain.ethereum:0x0000000000000000000000000000000000000000:ETH": "1.99938096",
    "timestamp": 1506124800000,
  },
  {
    "chain.ethereum:0x0000000000000000000000000000000000000000:ETH": "1.99938096",
    "timestamp": 1506211200000,
  },
  {
    "chain.ethereum:0x0000000000000000000000000000000000000000:ETH": "1.99938096",
    "timestamp": 1506297600000,
  },
  {
    "chain.ethereum:0x0000000000000000000000000000000000000000:ETH": "1.99938096",
    "timestamp": 1506384000000,
  },
  {
    "chain.ethereum:0x0000000000000000000000000000000000000000:ETH": "1.99938096",
    "timestamp": 1506470400000,
  },
  {
    "chain.ethereum:0x0000000000000000000000000000000000000000:ETH": "1.99938096",
    "timestamp": 1506556800000,
  },
  {
    "chain.ethereum:0x0000000000000000000000000000000000000000:ETH": "1.99938096",
    "timestamp": 1506643200000,
  },
  {
    "chain.ethereum:0x0000000000000000000000000000000000000000:ETH": "1.99938096",
    "timestamp": 1506729600000,
  },
  {
    "chain.ethereum:0x0000000000000000000000000000000000000000:ETH": "1.99938096",
    "timestamp": 1506816000000,
  },
  {
    "chain.ethereum:0x0000000000000000000000000000000000000000:ETH": "1.99938096",
    "timestamp": 1506902400000,
  },
  {
    "chain.ethereum:0x0000000000000000000000000000000000000000:ETH": "1.99938096",
    "timestamp": 1506988800000,
  },
  {
    "chain.ethereum:0x0000000000000000000000000000000000000000:ETH": "1.99938096",
    "timestamp": 1507075200000,
  },
  {
    "chain.ethereum:0x0000000000000000000000000000000000000000:ETH": "1.99938096",
    "timestamp": 1507161600000,
  },
  {
    "chain.ethereum:0x0000000000000000000000000000000000000000:ETH": "1.99938096",
    "timestamp": 1507248000000,
  },
  {
    "chain.ethereum:0x0000000000000000000000000000000000000000:ETH": "1.49893996",
    "timestamp": 1507334400000,
  },
  {
    "chain.ethereum:0x0000000000000000000000000000000000000000:ETH": "1.49893996",
    "timestamp": 1507420800000,
  },
  {
    "chain.ethereum:0x0000000000000000000000000000000000000000:ETH": "1.49893996",
    "timestamp": 1507507200000,
  },
  {
    "chain.ethereum:0x0000000000000000000000000000000000000000:ETH": "1.49893996",
    "timestamp": 1507593600000,
  },
  {
    "chain.ethereum:0x0000000000000000000000000000000000000000:ETH": "1.49893996",
    "timestamp": 1507680000000,
  },
  {
    "chain.ethereum:0x0000000000000000000000000000000000000000:ETH": "1.49893996",
    "timestamp": 1507766400000,
  },
  {
    "chain.ethereum:0x0000000000000000000000000000000000000000:ETH": "1.49893996",
    "timestamp": 1507852800000,
  },
  {
    "chain.ethereum:0x0000000000000000000000000000000000000000:ETH": "1.49893996",
    "timestamp": 1507939200000,
  },
  {
    "chain.ethereum:0x0000000000000000000000000000000000000000:ETH": "1.49893996",
    "timestamp": 1508025600000,
  },
  {
    "chain.ethereum:0x0000000000000000000000000000000000000000:ETH": "1.49893996",
    "timestamp": 1508112000000,
  },
  {
    "chain.ethereum:0x0000000000000000000000000000000000000000:ETH": "1.49893996",
    "timestamp": 1508198400000,
  },
  {
    "chain.ethereum:0x0000000000000000000000000000000000000000:ETH": "1.49893996",
    "timestamp": 1508284800000,
  },
  {
    "chain.ethereum:0x0000000000000000000000000000000000000000:ETH": "1.49893996",
    "timestamp": 1508371200000,
  },
  {
    "chain.ethereum:0x0000000000000000000000000000000000000000:ETH": "1.49893996",
    "timestamp": 1508457600000,
  },
  {
    "chain.ethereum:0x0000000000000000000000000000000000000000:ETH": "1.49893996",
    "timestamp": 1508544000000,
  },
  {
    "chain.ethereum:0x0000000000000000000000000000000000000000:ETH": "1.49893996",
    "timestamp": 1508630400000,
  },
  {
    "chain.ethereum:0x0000000000000000000000000000000000000000:ETH": "1.49893996",
    "timestamp": 1508716800000,
  },
  {
    "chain.ethereum:0x0000000000000000000000000000000000000000:ETH": "1.49893996",
    "timestamp": 1508803200000,
  },
  {
    "chain.ethereum:0x0000000000000000000000000000000000000000:ETH": "1.49893996",
    "timestamp": 1508889600000,
  },
  {
    "chain.ethereum:0x0000000000000000000000000000000000000000:ETH": "1.49893996",
    "timestamp": 1508976000000,
  },
  {
    "chain.ethereum:0x0000000000000000000000000000000000000000:ETH": "1.49893996",
    "chain.ethereum:0xab95E915c123fdEd5BDfB6325e35ef5515F1EA69:XNN": "319.22562200498686051",
    "timestamp": 1509062400000,
  },
  {
    "chain.ethereum:0x0000000000000000000000000000000000000000:ETH": "1.49893996",
    "chain.ethereum:0xab95E915c123fdEd5BDfB6325e35ef5515F1EA69:XNN": "319.22562200498686051",
    "timestamp": 1509148800000,
  },
  {
    "chain.ethereum:0x0000000000000000000000000000000000000000:ETH": "1.49893996",
    "chain.ethereum:0xab95E915c123fdEd5BDfB6325e35ef5515F1EA69:XNN": "319.22562200498686051",
    "timestamp": 1509235200000,
  },
  {
    "chain.ethereum:0x0000000000000000000000000000000000000000:ETH": "1.49893996",
    "chain.ethereum:0xab95E915c123fdEd5BDfB6325e35ef5515F1EA69:XNN": "319.22562200498686051",
    "timestamp": 1509321600000,
  },
  {
    "chain.ethereum:0x0000000000000000000000000000000000000000:ETH": "1.49893996",
    "chain.ethereum:0xab95E915c123fdEd5BDfB6325e35ef5515F1EA69:XNN": "319.22562200498686051",
    "timestamp": 1509408000000,
  },
  {
    "chain.ethereum:0x0000000000000000000000000000000000000000:ETH": "1.49893996",
    "chain.ethereum:0xab95E915c123fdEd5BDfB6325e35ef5515F1EA69:XNN": "319.22562200498686051",
    "timestamp": 1509494400000,
  },
  {
    "chain.ethereum:0x0000000000000000000000000000000000000000:ETH": "1.49893996",
    "chain.ethereum:0xab95E915c123fdEd5BDfB6325e35ef5515F1EA69:XNN": "319.22562200498686051",
    "timestamp": 1509580800000,
  },
  {
    "chain.ethereum:0x0000000000000000000000000000000000000000:ETH": "1.49893996",
    "chain.ethereum:0xab95E915c123fdEd5BDfB6325e35ef5515F1EA69:XNN": "319.22562200498686051",
    "timestamp": 1509667200000,
  },
  {
    "chain.ethereum:0x0000000000000000000000000000000000000000:ETH": "1.49893996",
    "chain.ethereum:0x0Cf0Ee63788A0849fE5297F3407f701E122cC023:XDATA": "0.21165476692904842",
    "chain.ethereum:0xab95E915c123fdEd5BDfB6325e35ef5515F1EA69:XNN": "319.22562200498686051",
    "timestamp": 1509753600000,
  },
  {
    "chain.ethereum:0x0000000000000000000000000000000000000000:ETH": "1.49893996",
    "chain.ethereum:0x0Cf0Ee63788A0849fE5297F3407f701E122cC023:XDATA": "0.21165476692904842",
    "chain.ethereum:0xab95E915c123fdEd5BDfB6325e35ef5515F1EA69:XNN": "319.22562200498686051",
    "timestamp": 1509840000000,
  },
  {
    "chain.ethereum:0x0000000000000000000000000000000000000000:ETH": "1.49893996",
    "chain.ethereum:0x0Cf0Ee63788A0849fE5297F3407f701E122cC023:XDATA": "0.21165476692904842",
    "chain.ethereum:0xab95E915c123fdEd5BDfB6325e35ef5515F1EA69:XNN": "319.22562200498686051",
    "timestamp": 1509926400000,
  },
  {
    "chain.ethereum:0x0000000000000000000000000000000000000000:ETH": "1.49893996",
    "chain.ethereum:0x0Cf0Ee63788A0849fE5297F3407f701E122cC023:XDATA": "0.21165476692904842",
    "chain.ethereum:0xab95E915c123fdEd5BDfB6325e35ef5515F1EA69:XNN": "319.22562200498686051",
    "timestamp": 1510012800000,
  },
  {
    "chain.ethereum:0x0000000000000000000000000000000000000000:ETH": "1.49893996",
    "chain.ethereum:0x0Cf0Ee63788A0849fE5297F3407f701E122cC023:XDATA": "0.21165476692904842",
    "chain.ethereum:0xab95E915c123fdEd5BDfB6325e35ef5515F1EA69:XNN": "319.22562200498686051",
    "timestamp": 1510099200000,
  },
  {
    "chain.ethereum:0x0000000000000000000000000000000000000000:ETH": "1.49893996",
    "chain.ethereum:0x0Cf0Ee63788A0849fE5297F3407f701E122cC023:XDATA": "0.21165476692904842",
    "chain.ethereum:0xab95E915c123fdEd5BDfB6325e35ef5515F1EA69:XNN": "319.22562200498686051",
    "timestamp": 1510185600000,
  },
  {
    "chain.ethereum:0x0000000000000000000000000000000000000000:ETH": "1.49893996",
    "chain.ethereum:0x0Cf0Ee63788A0849fE5297F3407f701E122cC023:XDATA": "0.21165476692904842",
    "chain.ethereum:0x519475b31653E46D20cD09F9FdcF3B12BDAcB4f5:VIU": "29.9787992",
    "chain.ethereum:0xab95E915c123fdEd5BDfB6325e35ef5515F1EA69:XNN": "319.22562200498686051",
    "timestamp": 1510272000000,
  },
  {
    "chain.ethereum:0x0000000000000000000000000000000000000000:ETH": "1.49893996",
    "chain.ethereum:0x0Cf0Ee63788A0849fE5297F3407f701E122cC023:XDATA": "0.21165476692904842",
    "chain.ethereum:0x519475b31653E46D20cD09F9FdcF3B12BDAcB4f5:VIU": "29.9787992",
    "chain.ethereum:0xab95E915c123fdEd5BDfB6325e35ef5515F1EA69:XNN": "319.22562200498686051",
    "timestamp": 1510358400000,
  },
  {
    "chain.ethereum:0x0000000000000000000000000000000000000000:ETH": "1.49893996",
    "chain.ethereum:0x0Cf0Ee63788A0849fE5297F3407f701E122cC023:XDATA": "0.21165476692904842",
    "chain.ethereum:0x519475b31653E46D20cD09F9FdcF3B12BDAcB4f5:VIU": "29.9787992",
    "chain.ethereum:0xab95E915c123fdEd5BDfB6325e35ef5515F1EA69:XNN": "319.22562200498686051",
    "timestamp": 1510444800000,
  },
  {
    "chain.ethereum:0x0000000000000000000000000000000000000000:ETH": "1.49893996",
    "chain.ethereum:0x0Cf0Ee63788A0849fE5297F3407f701E122cC023:XDATA": "0.21165476692904842",
    "chain.ethereum:0x519475b31653E46D20cD09F9FdcF3B12BDAcB4f5:VIU": "29.9787992",
    "chain.ethereum:0xab95E915c123fdEd5BDfB6325e35ef5515F1EA69:XNN": "319.22562200498686051",
    "timestamp": 1510531200000,
  },
  {
    "chain.ethereum:0x0000000000000000000000000000000000000000:ETH": "1.49893996",
    "chain.ethereum:0x0Cf0Ee63788A0849fE5297F3407f701E122cC023:XDATA": "0.21165476692904842",
    "chain.ethereum:0x519475b31653E46D20cD09F9FdcF3B12BDAcB4f5:VIU": "29.9787992",
    "chain.ethereum:0xab95E915c123fdEd5BDfB6325e35ef5515F1EA69:XNN": "319.22562200498686051",
    "timestamp": 1510617600000,
  },
  {
    "chain.ethereum:0x0000000000000000000000000000000000000000:ETH": "1.49893996",
    "chain.ethereum:0x0Cf0Ee63788A0849fE5297F3407f701E122cC023:XDATA": "0.21165476692904842",
    "chain.ethereum:0x519475b31653E46D20cD09F9FdcF3B12BDAcB4f5:VIU": "29.9787992",
    "chain.ethereum:0xab95E915c123fdEd5BDfB6325e35ef5515F1EA69:XNN": "319.22562200498686051",
    "timestamp": 1510704000000,
  },
  {
    "chain.ethereum:0x0000000000000000000000000000000000000000:ETH": "1.49893996",
    "chain.ethereum:0x0Cf0Ee63788A0849fE5297F3407f701E122cC023:XDATA": "0.21165476692904842",
    "chain.ethereum:0x519475b31653E46D20cD09F9FdcF3B12BDAcB4f5:VIU": "29.9787992",
    "chain.ethereum:0xab95E915c123fdEd5BDfB6325e35ef5515F1EA69:XNN": "319.22562200498686051",
    "timestamp": 1510790400000,
  },
  {
    "chain.ethereum:0x0000000000000000000000000000000000000000:ETH": "1.49893996",
    "chain.ethereum:0x0Cf0Ee63788A0849fE5297F3407f701E122cC023:XDATA": "0.21165476692904842",
    "chain.ethereum:0x519475b31653E46D20cD09F9FdcF3B12BDAcB4f5:VIU": "29.9787992",
    "chain.ethereum:0xab95E915c123fdEd5BDfB6325e35ef5515F1EA69:XNN": "319.22562200498686051",
    "timestamp": 1510876800000,
  },
  {
    "chain.ethereum:0x0000000000000000000000000000000000000000:ETH": "1.49893996",
    "chain.ethereum:0x0Cf0Ee63788A0849fE5297F3407f701E122cC023:XDATA": "0.21165476692904842",
    "chain.ethereum:0x519475b31653E46D20cD09F9FdcF3B12BDAcB4f5:VIU": "29.9787992",
    "chain.ethereum:0xab95E915c123fdEd5BDfB6325e35ef5515F1EA69:XNN": "319.22562200498686051",
    "timestamp": 1510963200000,
  },
  {
    "chain.ethereum:0x0000000000000000000000000000000000000000:ETH": "1.49893996",
    "chain.ethereum:0x0Cf0Ee63788A0849fE5297F3407f701E122cC023:XDATA": "0.21165476692904842",
    "chain.ethereum:0x519475b31653E46D20cD09F9FdcF3B12BDAcB4f5:VIU": "29.9787992",
    "chain.ethereum:0xab95E915c123fdEd5BDfB6325e35ef5515F1EA69:XNN": "319.22562200498686051",
    "timestamp": 1511049600000,
  },
  {
    "chain.ethereum:0x0000000000000000000000000000000000000000:ETH": "1.49893996",
    "chain.ethereum:0x0Cf0Ee63788A0849fE5297F3407f701E122cC023:XDATA": "0.21165476692904842",
    "chain.ethereum:0x519475b31653E46D20cD09F9FdcF3B12BDAcB4f5:VIU": "29.9787992",
    "chain.ethereum:0xab95E915c123fdEd5BDfB6325e35ef5515F1EA69:XNN": "319.22562200498686051",
    "timestamp": 1511136000000,
  },
  {
    "chain.ethereum:0x0000000000000000000000000000000000000000:ETH": "1.49893996",
    "chain.ethereum:0x0Cf0Ee63788A0849fE5297F3407f701E122cC023:XDATA": "0.21165476692904842",
    "chain.ethereum:0x519475b31653E46D20cD09F9FdcF3B12BDAcB4f5:VIU": "29.9787992",
    "chain.ethereum:0xab95E915c123fdEd5BDfB6325e35ef5515F1EA69:XNN": "319.22562200498686051",
    "timestamp": 1511222400000,
  },
  {
    "chain.ethereum:0x0000000000000000000000000000000000000000:ETH": "1.49893996",
    "chain.ethereum:0x0Cf0Ee63788A0849fE5297F3407f701E122cC023:XDATA": "0.21165476692904842",
    "chain.ethereum:0x519475b31653E46D20cD09F9FdcF3B12BDAcB4f5:VIU": "29.9787992",
    "chain.ethereum:0xab95E915c123fdEd5BDfB6325e35ef5515F1EA69:XNN": "319.22562200498686051",
    "timestamp": 1511308800000,
  },
  {
    "chain.ethereum:0x0000000000000000000000000000000000000000:ETH": "1.49893996",
    "chain.ethereum:0x0Cf0Ee63788A0849fE5297F3407f701E122cC023:XDATA": "0.21165476692904842",
    "chain.ethereum:0x519475b31653E46D20cD09F9FdcF3B12BDAcB4f5:VIU": "29.9787992",
    "chain.ethereum:0xab95E915c123fdEd5BDfB6325e35ef5515F1EA69:XNN": "319.22562200498686051",
    "timestamp": 1511395200000,
  },
  {
    "chain.ethereum:0x0000000000000000000000000000000000000000:ETH": "1.49893996",
    "chain.ethereum:0x0Cf0Ee63788A0849fE5297F3407f701E122cC023:XDATA": "0.21165476692904842",
    "chain.ethereum:0x519475b31653E46D20cD09F9FdcF3B12BDAcB4f5:VIU": "29.9787992",
    "chain.ethereum:0xab95E915c123fdEd5BDfB6325e35ef5515F1EA69:XNN": "319.22562200498686051",
    "timestamp": 1511481600000,
  },
  {
    "chain.ethereum:0x0000000000000000000000000000000000000000:ETH": "1.49893996",
    "chain.ethereum:0x0Cf0Ee63788A0849fE5297F3407f701E122cC023:XDATA": "0.21165476692904842",
    "chain.ethereum:0x519475b31653E46D20cD09F9FdcF3B12BDAcB4f5:VIU": "29.9787992",
    "chain.ethereum:0xab95E915c123fdEd5BDfB6325e35ef5515F1EA69:XNN": "319.22562200498686051",
    "timestamp": 1511568000000,
  },
  {
    "chain.ethereum:0x0000000000000000000000000000000000000000:ETH": "1.49893996",
    "chain.ethereum:0x0Cf0Ee63788A0849fE5297F3407f701E122cC023:XDATA": "0.21165476692904842",
    "chain.ethereum:0x519475b31653E46D20cD09F9FdcF3B12BDAcB4f5:VIU": "29.9787992",
    "chain.ethereum:0xab95E915c123fdEd5BDfB6325e35ef5515F1EA69:XNN": "319.22562200498686051",
    "timestamp": 1511654400000,
  },
  {
    "chain.ethereum:0x0000000000000000000000000000000000000000:ETH": "1.49893996",
    "chain.ethereum:0x0Cf0Ee63788A0849fE5297F3407f701E122cC023:XDATA": "0.21165476692904842",
    "chain.ethereum:0x519475b31653E46D20cD09F9FdcF3B12BDAcB4f5:VIU": "29.9787992",
    "chain.ethereum:0x52903256dd18D85c2Dc4a6C999907c9793eA61E3:INSP": "777",
    "chain.ethereum:0xab95E915c123fdEd5BDfB6325e35ef5515F1EA69:XNN": "319.22562200498686051",
    "timestamp": 1511740800000,
  },
  {
    "chain.ethereum:0x0000000000000000000000000000000000000000:ETH": "1.49893996",
    "chain.ethereum:0x0Cf0Ee63788A0849fE5297F3407f701E122cC023:XDATA": "0.21165476692904842",
    "chain.ethereum:0x519475b31653E46D20cD09F9FdcF3B12BDAcB4f5:VIU": "29.9787992",
    "chain.ethereum:0x52903256dd18D85c2Dc4a6C999907c9793eA61E3:INSP": "777",
    "chain.ethereum:0xab95E915c123fdEd5BDfB6325e35ef5515F1EA69:XNN": "319.22562200498686051",
    "timestamp": 1511827200000,
  },
  {
    "chain.ethereum:0x0000000000000000000000000000000000000000:ETH": "1.49893996",
    "chain.ethereum:0x0Cf0Ee63788A0849fE5297F3407f701E122cC023:XDATA": "0.21165476692904842",
    "chain.ethereum:0x519475b31653E46D20cD09F9FdcF3B12BDAcB4f5:VIU": "29.9787992",
    "chain.ethereum:0x52903256dd18D85c2Dc4a6C999907c9793eA61E3:INSP": "777",
    "chain.ethereum:0xab95E915c123fdEd5BDfB6325e35ef5515F1EA69:XNN": "319.22562200498686051",
    "timestamp": 1511913600000,
  },
  {
    "chain.ethereum:0x0000000000000000000000000000000000000000:ETH": "1.49893996",
    "chain.ethereum:0x0Cf0Ee63788A0849fE5297F3407f701E122cC023:XDATA": "0.21165476692904842",
    "chain.ethereum:0x519475b31653E46D20cD09F9FdcF3B12BDAcB4f5:VIU": "29.9787992",
    "chain.ethereum:0x52903256dd18D85c2Dc4a6C999907c9793eA61E3:INSP": "777",
    "chain.ethereum:0xab95E915c123fdEd5BDfB6325e35ef5515F1EA69:XNN": "319.22562200498686051",
    "timestamp": 1512000000000,
  },
  {
    "chain.ethereum:0x0000000000000000000000000000000000000000:ETH": "1.49893996",
    "chain.ethereum:0x0Cf0Ee63788A0849fE5297F3407f701E122cC023:XDATA": "0.21165476692904842",
    "chain.ethereum:0x519475b31653E46D20cD09F9FdcF3B12BDAcB4f5:VIU": "29.9787992",
    "chain.ethereum:0x52903256dd18D85c2Dc4a6C999907c9793eA61E3:INSP": "777",
    "chain.ethereum:0xab95E915c123fdEd5BDfB6325e35ef5515F1EA69:XNN": "319.22562200498686051",
    "timestamp": 1512086400000,
  },
  {
    "chain.ethereum:0x0000000000000000000000000000000000000000:ETH": "1.49893996",
    "chain.ethereum:0x0Cf0Ee63788A0849fE5297F3407f701E122cC023:XDATA": "0.21165476692904842",
    "chain.ethereum:0x519475b31653E46D20cD09F9FdcF3B12BDAcB4f5:VIU": "29.9787992",
    "chain.ethereum:0x52903256dd18D85c2Dc4a6C999907c9793eA61E3:INSP": "777",
    "chain.ethereum:0xab95E915c123fdEd5BDfB6325e35ef5515F1EA69:XNN": "319.22562200498686051",
    "timestamp": 1512172800000,
  },
  {
    "chain.ethereum:0x0000000000000000000000000000000000000000:ETH": "1.49893996",
    "chain.ethereum:0x0Cf0Ee63788A0849fE5297F3407f701E122cC023:XDATA": "0.21165476692904842",
    "chain.ethereum:0x519475b31653E46D20cD09F9FdcF3B12BDAcB4f5:VIU": "29.9787992",
    "chain.ethereum:0x52903256dd18D85c2Dc4a6C999907c9793eA61E3:INSP": "777",
    "chain.ethereum:0xab95E915c123fdEd5BDfB6325e35ef5515F1EA69:XNN": "319.22562200498686051",
    "timestamp": 1512259200000,
  },
  {
    "chain.ethereum:0x0000000000000000000000000000000000000000:ETH": "0.49851996",
    "chain.ethereum:0x0Cf0Ee63788A0849fE5297F3407f701E122cC023:XDATA": "0.21165476692904842",
    "chain.ethereum:0x519475b31653E46D20cD09F9FdcF3B12BDAcB4f5:VIU": "29.9787992",
    "chain.ethereum:0x52903256dd18D85c2Dc4a6C999907c9793eA61E3:INSP": "777",
    "chain.ethereum:0xab95E915c123fdEd5BDfB6325e35ef5515F1EA69:XNN": "319.22562200498686051",
    "timestamp": 1512345600000,
  },
  {
    "chain.ethereum:0x0000000000000000000000000000000000000000:ETH": "0.49851996",
    "chain.ethereum:0x0Cf0Ee63788A0849fE5297F3407f701E122cC023:XDATA": "0.21165476692904842",
    "chain.ethereum:0x519475b31653E46D20cD09F9FdcF3B12BDAcB4f5:VIU": "29.9787992",
    "chain.ethereum:0x52903256dd18D85c2Dc4a6C999907c9793eA61E3:INSP": "777",
    "chain.ethereum:0xab95E915c123fdEd5BDfB6325e35ef5515F1EA69:XNN": "319.22562200498686051",
    "timestamp": 1512432000000,
  },
  {
    "chain.ethereum:0x0000000000000000000000000000000000000000:ETH": "0.49851996",
    "chain.ethereum:0x0Cf0Ee63788A0849fE5297F3407f701E122cC023:XDATA": "0.21165476692904842",
    "chain.ethereum:0x519475b31653E46D20cD09F9FdcF3B12BDAcB4f5:VIU": "29.9787992",
    "chain.ethereum:0x52903256dd18D85c2Dc4a6C999907c9793eA61E3:INSP": "777",
    "chain.ethereum:0xab95E915c123fdEd5BDfB6325e35ef5515F1EA69:XNN": "319.22562200498686051",
    "timestamp": 1512518400000,
  },
  {
    "chain.ethereum:0x0000000000000000000000000000000000000000:ETH": "0.49851996",
    "chain.ethereum:0x0Cf0Ee63788A0849fE5297F3407f701E122cC023:XDATA": "0.21165476692904842",
    "chain.ethereum:0x519475b31653E46D20cD09F9FdcF3B12BDAcB4f5:VIU": "29.9787992",
    "chain.ethereum:0x52903256dd18D85c2Dc4a6C999907c9793eA61E3:INSP": "777",
    "chain.ethereum:0xab95E915c123fdEd5BDfB6325e35ef5515F1EA69:XNN": "319.22562200498686051",
    "timestamp": 1512604800000,
  },
  {
    "chain.ethereum:0x0000000000000000000000000000000000000000:ETH": "0.49851996",
    "chain.ethereum:0x0Cf0Ee63788A0849fE5297F3407f701E122cC023:XDATA": "0.21165476692904842",
    "chain.ethereum:0x519475b31653E46D20cD09F9FdcF3B12BDAcB4f5:VIU": "29.9787992",
    "chain.ethereum:0x52903256dd18D85c2Dc4a6C999907c9793eA61E3:INSP": "777",
    "chain.ethereum:0xab95E915c123fdEd5BDfB6325e35ef5515F1EA69:XNN": "319.22562200498686051",
    "timestamp": 1512691200000,
  },
  {
    "chain.ethereum:0x0000000000000000000000000000000000000000:ETH": "0.49851996",
    "chain.ethereum:0x0Cf0Ee63788A0849fE5297F3407f701E122cC023:XDATA": "0.21165476692904842",
    "chain.ethereum:0x519475b31653E46D20cD09F9FdcF3B12BDAcB4f5:VIU": "29.9787992",
    "chain.ethereum:0x52903256dd18D85c2Dc4a6C999907c9793eA61E3:INSP": "777",
    "chain.ethereum:0xab95E915c123fdEd5BDfB6325e35ef5515F1EA69:XNN": "319.22562200498686051",
    "timestamp": 1512777600000,
  },
  {
    "chain.ethereum:0x0000000000000000000000000000000000000000:ETH": "0.49851996",
    "chain.ethereum:0x0Cf0Ee63788A0849fE5297F3407f701E122cC023:XDATA": "0.21165476692904842",
    "chain.ethereum:0x519475b31653E46D20cD09F9FdcF3B12BDAcB4f5:VIU": "29.9787992",
    "chain.ethereum:0x52903256dd18D85c2Dc4a6C999907c9793eA61E3:INSP": "777",
    "chain.ethereum:0xab95E915c123fdEd5BDfB6325e35ef5515F1EA69:XNN": "319.22562200498686051",
    "timestamp": 1512864000000,
  },
  {
    "chain.ethereum:0x0000000000000000000000000000000000000000:ETH": "0.49851996",
    "chain.ethereum:0x0Cf0Ee63788A0849fE5297F3407f701E122cC023:XDATA": "0.21165476692904842",
    "chain.ethereum:0x519475b31653E46D20cD09F9FdcF3B12BDAcB4f5:VIU": "29.9787992",
    "chain.ethereum:0x52903256dd18D85c2Dc4a6C999907c9793eA61E3:INSP": "777",
    "chain.ethereum:0xab95E915c123fdEd5BDfB6325e35ef5515F1EA69:XNN": "319.22562200498686051",
    "timestamp": 1512950400000,
  },
  {
    "chain.ethereum:0x0000000000000000000000000000000000000000:ETH": "0.49851996",
    "chain.ethereum:0x0Cf0Ee63788A0849fE5297F3407f701E122cC023:XDATA": "0.21165476692904842",
    "chain.ethereum:0x519475b31653E46D20cD09F9FdcF3B12BDAcB4f5:VIU": "29.9787992",
    "chain.ethereum:0x52903256dd18D85c2Dc4a6C999907c9793eA61E3:INSP": "777",
    "chain.ethereum:0xab95E915c123fdEd5BDfB6325e35ef5515F1EA69:XNN": "319.22562200498686051",
    "timestamp": 1513036800000,
  },
  {
    "chain.ethereum:0x0000000000000000000000000000000000000000:ETH": "0.49851996",
    "chain.ethereum:0x0Cf0Ee63788A0849fE5297F3407f701E122cC023:XDATA": "0.21165476692904842",
    "chain.ethereum:0x519475b31653E46D20cD09F9FdcF3B12BDAcB4f5:VIU": "29.9787992",
    "chain.ethereum:0x52903256dd18D85c2Dc4a6C999907c9793eA61E3:INSP": "777",
    "chain.ethereum:0xab95E915c123fdEd5BDfB6325e35ef5515F1EA69:XNN": "319.22562200498686051",
    "timestamp": 1513123200000,
  },
  {
    "chain.ethereum:0x0000000000000000000000000000000000000000:ETH": "0.49851996",
    "chain.ethereum:0x0Cf0Ee63788A0849fE5297F3407f701E122cC023:XDATA": "0.21165476692904842",
    "chain.ethereum:0x519475b31653E46D20cD09F9FdcF3B12BDAcB4f5:VIU": "29.9787992",
    "chain.ethereum:0x52903256dd18D85c2Dc4a6C999907c9793eA61E3:INSP": "777",
    "chain.ethereum:0xab95E915c123fdEd5BDfB6325e35ef5515F1EA69:XNN": "319.22562200498686051",
    "timestamp": 1513209600000,
  },
  {
    "chain.ethereum:0x0000000000000000000000000000000000000000:ETH": "0.49851996",
    "chain.ethereum:0x0Cf0Ee63788A0849fE5297F3407f701E122cC023:XDATA": "0.21165476692904842",
    "chain.ethereum:0x519475b31653E46D20cD09F9FdcF3B12BDAcB4f5:VIU": "29.9787992",
    "chain.ethereum:0x52903256dd18D85c2Dc4a6C999907c9793eA61E3:INSP": "777",
    "chain.ethereum:0xab95E915c123fdEd5BDfB6325e35ef5515F1EA69:XNN": "319.22562200498686051",
    "timestamp": 1513296000000,
  },
  {
    "chain.ethereum:0x0000000000000000000000000000000000000000:ETH": "0.49851996",
    "chain.ethereum:0x0Cf0Ee63788A0849fE5297F3407f701E122cC023:XDATA": "0.21165476692904842",
    "chain.ethereum:0x519475b31653E46D20cD09F9FdcF3B12BDAcB4f5:VIU": "29.9787992",
    "chain.ethereum:0x52903256dd18D85c2Dc4a6C999907c9793eA61E3:INSP": "777",
    "chain.ethereum:0xab95E915c123fdEd5BDfB6325e35ef5515F1EA69:XNN": "319.22562200498686051",
    "timestamp": 1513382400000,
  },
]