[
  {
    "ethereum:0x0Cf0Ee63788A0849fE5297F3407f701E122cC023:XDATA": "0.21165476692904842",
    "ethereum:0x1d462414fe14cf489c7A21CaC78509f4bF8CD7c0:CAN": "2",
    "ethereum:0x519475b31653E46D20cD09F9FdcF3B12BDAcB4f5:VIU": "29.9787992",
    "ethereum:0x52903256dd18D85c2Dc4a6C999907c9793eA61E3:INSP": "777",
    "ethereum:0x58b6A8A3302369DAEc383334672404Ee733aB239:LPT": "2.117826656607921801",
    "ethereum:0x7B2f9706CD8473B4F5B7758b0171a9933Fc6C4d6:HEALP": "911",
    "ethereum:0xA4e8C3Ec456107eA67d3075bF9e3DF3A75823DB0:LOOM": "10",
    "ethereum:0xab95E915c123fdEd5BDfB6325e35ef5515F1EA69:XNN": "319.22562200498686051",
    "timestamp": 1608508800000,
  },
  {
    "ethereum:0x0Cf0Ee63788A0849fE5297F3407f701E122cC023:XDATA": "0.21165476692904842",
    "ethereum:0x1d462414fe14cf489c7A21CaC78509f4bF8CD7c0:CAN": "2",
    "ethereum:0x519475b31653E46D20cD09F9FdcF3B12BDAcB4f5:VIU": "29.9787992",
    "ethereum:0x52903256dd18D85c2Dc4a6C999907c9793eA61E3:INSP": "777",
    "ethereum:0x58b6A8A3302369DAEc383334672404Ee733aB239:LPT": "2.117826656607921801",
    "ethereum:0x7B2f9706CD8473B4F5B7758b0171a9933Fc6C4d6:HEALP": "911",
    "ethereum:0xA4e8C3Ec456107eA67d3075bF9e3DF3A75823DB0:LOOM": "10",
    "ethereum:0xab95E915c123fdEd5BDfB6325e35ef5515F1EA69:XNN": "319.22562200498686051",
    "timestamp": 1608595200000,
  },
  {
    "ethereum:0x0Cf0Ee63788A0849fE5297F3407f701E122cC023:XDATA": "0.21165476692904842",
    "ethereum:0x1d462414fe14cf489c7A21CaC78509f4bF8CD7c0:CAN": "2",
    "ethereum:0x519475b31653E46D20cD09F9FdcF3B12BDAcB4f5:VIU": "29.9787992",
    "ethereum:0x52903256dd18D85c2Dc4a6C999907c9793eA61E3:INSP": "777",
    "ethereum:0x58b6A8A3302369DAEc383334672404Ee733aB239:LPT": "2.117826656607921801",
    "ethereum:0x7B2f9706CD8473B4F5B7758b0171a9933Fc6C4d6:HEALP": "911",
    "ethereum:0xA4e8C3Ec456107eA67d3075bF9e3DF3A75823DB0:LOOM": "10",
    "ethereum:0xab95E915c123fdEd5BDfB6325e35ef5515F1EA69:XNN": "319.22562200498686051",
    "timestamp": 1608681600000,
  },
  {
    "ethereum:0x0Cf0Ee63788A0849fE5297F3407f701E122cC023:XDATA": "0.21165476692904842",
    "ethereum:0x1d462414fe14cf489c7A21CaC78509f4bF8CD7c0:CAN": "2",
    "ethereum:0x519475b31653E46D20cD09F9FdcF3B12BDAcB4f5:VIU": "29.9787992",
    "ethereum:0x52903256dd18D85c2Dc4a6C999907c9793eA61E3:INSP": "777",
    "ethereum:0x58b6A8A3302369DAEc383334672404Ee733aB239:LPT": "2.117826656607921801",
    "ethereum:0x7B2f9706CD8473B4F5B7758b0171a9933Fc6C4d6:HEALP": "911",
    "ethereum:0xA4e8C3Ec456107eA67d3075bF9e3DF3A75823DB0:LOOM": "10",
    "ethereum:0xab95E915c123fdEd5BDfB6325e35ef5515F1EA69:XNN": "319.22562200498686051",
    "timestamp": 1608768000000,
  },
  {
    "ethereum:0x0Cf0Ee63788A0849fE5297F3407f701E122cC023:XDATA": "0.21165476692904842",
    "ethereum:0x1d462414fe14cf489c7A21CaC78509f4bF8CD7c0:CAN": "2",
    "ethereum:0x519475b31653E46D20cD09F9FdcF3B12BDAcB4f5:VIU": "29.9787992",
    "ethereum:0x52903256dd18D85c2Dc4a6C999907c9793eA61E3:INSP": "777",
    "ethereum:0x58b6A8A3302369DAEc383334672404Ee733aB239:LPT": "2.117826656607921801",
    "ethereum:0x7B2f9706CD8473B4F5B7758b0171a9933Fc6C4d6:HEALP": "911",
    "ethereum:0xA4e8C3Ec456107eA67d3075bF9e3DF3A75823DB0:LOOM": "10",
    "ethereum:0xab95E915c123fdEd5BDfB6325e35ef5515F1EA69:XNN": "319.22562200498686051",
    "timestamp": 1608854400000,
  },
  {
    "ethereum:0x0Cf0Ee63788A0849fE5297F3407f701E122cC023:XDATA": "0.21165476692904842",
    "ethereum:0x1d462414fe14cf489c7A21CaC78509f4bF8CD7c0:CAN": "2",
    "ethereum:0x519475b31653E46D20cD09F9FdcF3B12BDAcB4f5:VIU": "29.9787992",
    "ethereum:0x52903256dd18D85c2Dc4a6C999907c9793eA61E3:INSP": "777",
    "ethereum:0x58b6A8A3302369DAEc383334672404Ee733aB239:LPT": "2.117826656607921801",
    "ethereum:0x7B2f9706CD8473B4F5B7758b0171a9933Fc6C4d6:HEALP": "911",
    "ethereum:0xA4e8C3Ec456107eA67d3075bF9e3DF3A75823DB0:LOOM": "10",
    "ethereum:0xab95E915c123fdEd5BDfB6325e35ef5515F1EA69:XNN": "319.22562200498686051",
    "timestamp": 1608940800000,
  },
  {
    "ethereum:0x0Cf0Ee63788A0849fE5297F3407f701E122cC023:XDATA": "0.21165476692904842",
    "ethereum:0x1d462414fe14cf489c7A21CaC78509f4bF8CD7c0:CAN": "2",
    "ethereum:0x519475b31653E46D20cD09F9FdcF3B12BDAcB4f5:VIU": "29.9787992",
    "ethereum:0x52903256dd18D85c2Dc4a6C999907c9793eA61E3:INSP": "777",
    "ethereum:0x58b6A8A3302369DAEc383334672404Ee733aB239:LPT": "2.117826656607921801",
    "ethereum:0x7B2f9706CD8473B4F5B7758b0171a9933Fc6C4d6:HEALP": "911",
    "ethereum:0xA4e8C3Ec456107eA67d3075bF9e3DF3A75823DB0:LOOM": "10",
    "ethereum:0xab95E915c123fdEd5BDfB6325e35ef5515F1EA69:XNN": "319.22562200498686051",
    "timestamp": 1609027200000,
  },
  {
    "ethereum:0x0Cf0Ee63788A0849fE5297F3407f701E122cC023:XDATA": "0.21165476692904842",
    "ethereum:0x1d462414fe14cf489c7A21CaC78509f4bF8CD7c0:CAN": "2",
    "ethereum:0x519475b31653E46D20cD09F9FdcF3B12BDAcB4f5:VIU": "29.9787992",
    "ethereum:0x52903256dd18D85c2Dc4a6C999907c9793eA61E3:INSP": "777",
    "ethereum:0x58b6A8A3302369DAEc383334672404Ee733aB239:LPT": "2.117826656607921801",
    "ethereum:0x7B2f9706CD8473B4F5B7758b0171a9933Fc6C4d6:HEALP": "911",
    "ethereum:0xA4e8C3Ec456107eA67d3075bF9e3DF3A75823DB0:LOOM": "10",
    "ethereum:0xab95E915c123fdEd5BDfB6325e35ef5515F1EA69:XNN": "319.22562200498686051",
    "timestamp": 1609113600000,
  },
  {
    "ethereum:0x0Cf0Ee63788A0849fE5297F3407f701E122cC023:XDATA": "0.21165476692904842",
    "ethereum:0x1d462414fe14cf489c7A21CaC78509f4bF8CD7c0:CAN": "2",
    "ethereum:0x519475b31653E46D20cD09F9FdcF3B12BDAcB4f5:VIU": "29.9787992",
    "ethereum:0x52903256dd18D85c2Dc4a6C999907c9793eA61E3:INSP": "777",
    "ethereum:0x58b6A8A3302369DAEc383334672404Ee733aB239:LPT": "2.117826656607921801",
    "ethereum:0x7B2f9706CD8473B4F5B7758b0171a9933Fc6C4d6:HEALP": "911",
    "ethereum:0xA4e8C3Ec456107eA67d3075bF9e3DF3A75823DB0:LOOM": "10",
    "ethereum:0xab95E915c123fdEd5BDfB6325e35ef5515F1EA69:XNN": "319.22562200498686051",
    "timestamp": 1609200000000,
  },
  {
    "ethereum:0x0Cf0Ee63788A0849fE5297F3407f701E122cC023:XDATA": "0.21165476692904842",
    "ethereum:0x1d462414fe14cf489c7A21CaC78509f4bF8CD7c0:CAN": "2",
    "ethereum:0x519475b31653E46D20cD09F9FdcF3B12BDAcB4f5:VIU": "29.9787992",
    "ethereum:0x52903256dd18D85c2Dc4a6C999907c9793eA61E3:INSP": "777",
    "ethereum:0x58b6A8A3302369DAEc383334672404Ee733aB239:LPT": "2.117826656607921801",
    "ethereum:0x7B2f9706CD8473B4F5B7758b0171a9933Fc6C4d6:HEALP": "911",
    "ethereum:0xA4e8C3Ec456107eA67d3075bF9e3DF3A75823DB0:LOOM": "10",
    "ethereum:0xab95E915c123fdEd5BDfB6325e35ef5515F1EA69:XNN": "319.22562200498686051",
    "timestamp": 1609286400000,
  },
  {
    "ethereum:0x0Cf0Ee63788A0849fE5297F3407f701E122cC023:XDATA": "0.21165476692904842",
    "ethereum:0x1d462414fe14cf489c7A21CaC78509f4bF8CD7c0:CAN": "2",
    "ethereum:0x519475b31653E46D20cD09F9FdcF3B12BDAcB4f5:VIU": "29.9787992",
    "ethereum:0x52903256dd18D85c2Dc4a6C999907c9793eA61E3:INSP": "777",
    "ethereum:0x58b6A8A3302369DAEc383334672404Ee733aB239:LPT": "2.117826656607921801",
    "ethereum:0x7B2f9706CD8473B4F5B7758b0171a9933Fc6C4d6:HEALP": "911",
    "ethereum:0xA4e8C3Ec456107eA67d3075bF9e3DF3A75823DB0:LOOM": "10",
    "ethereum:0xab95E915c123fdEd5BDfB6325e35ef5515F1EA69:XNN": "319.22562200498686051",
    "timestamp": 1609372800000,
  },
]