[
  {
    "cost": 0,
    "deposits": 0,
    "fees": 0,
    "pnl": 0,
    "positionValue": 0,
    "proceeds": 0,
    "timestamp": 1504828800000,
  },
  {
    "cost": 0,
    "deposits": 0,
    "fees": 0,
    "pnl": 0,
    "positionValue": 0,
    "proceeds": 0,
    "timestamp": 1509667200000,
  },
  {
    "cost": 0,
    "deposits": 0,
    "fees": 0,
    "pnl": 0,
    "positionValue": 0,
    "proceeds": 0,
    "timestamp": 1511654400000,
  },
  {
    "cost": 0,
    "deposits": 0,
    "fees": 0,
    "pnl": 0,
    "positionValue": 0,
    "proceeds": 0,
    "timestamp": 1518652800000,
  },
  {
    "cost": 0,
    "deposits": 0,
    "fees": 0,
    "pnl": 0,
    "positionValue": 0,
    "proceeds": 0,
    "timestamp": 1520899200000,
  },
  {
    "cost": 0,
    "deposits": 0,
    "fees": 0,
    "pnl": 0,
    "positionValue": 0,
    "proceeds": 0,
    "timestamp": 1537315200000,
  },
]