[
  {
    "_id": "0xa6cb206757f26bc188607946af4a6d49f81ace2cf328eb2c36290b0083cc4770_NORMAL",
    "fee": "-0.0003213",
    "feeAsset": "ethereum:0x0000000000000000000000000000000000000000:ETH",
    "metadata": {
      "method": "Transfer",
      "txHash": "0xa6cb206757f26bc188607946af4a6d49f81ace2cf328eb2c36290b0083cc4770",
    },
    "outgoing": "0.468064038",
    "outgoingAsset": "ethereum:0x0000000000000000000000000000000000000000:ETH",
    "platform": "ethereum",
    "timestamp": 1604453002000,
    "type": "Withdraw",
    "wallet": "0xf98C96B5d10faAFc2324847c82305Bd5fd7E5ad3",
  },
  {
    "_id": "0x70fb76fa1a862bf0d3946a3e19c980500a9d3545c04834f67137674202acd829_ERC20",
    "incoming": "2.117826656607921801",
    "incomingAsset": "ethereum:0x58b6A8A3302369DAEc383334672404Ee733aB239:LPT",
    "metadata": {
      "contractAddress": "0x58b6A8A3302369DAEc383334672404Ee733aB239",
      "txHash": "0x70fb76fa1a862bf0d3946a3e19c980500a9d3545c04834f67137674202acd829",
    },
    "platform": "ethereum",
    "timestamp": 1537435256000,
    "type": "Deposit",
    "wallet": "0xf98C96B5d10faAFc2324847c82305Bd5fd7E5ad3",
  },
  {
    "_id": "0x93e256a0728412e50a5b8bd8672ee67b96305297a9498b566a032eccbf504fc9_ERC20",
    "incoming": "911",
    "incomingAsset": "ethereum:0x7B2f9706CD8473B4F5B7758b0171a9933Fc6C4d6:HEALP",
    "metadata": {
      "contractAddress": "0x7B2f9706CD8473B4F5B7758b0171a9933Fc6C4d6",
      "txHash": "0x93e256a0728412e50a5b8bd8672ee67b96305297a9498b566a032eccbf504fc9",
    },
    "platform": "ethereum",
    "timestamp": 1529138603000,
    "type": "Deposit",
    "wallet": "0xf98C96B5d10faAFc2324847c82305Bd5fd7E5ad3",
  },
  {
    "_id": "0xca53366c006469162541313f3e714ca7b91f65ea8c5e69205f7aff27aa1dc1d3_MERGED",
    "fee": "-0.000134622",
    "feeAsset": "ethereum:0x0000000000000000000000000000000000000000:ETH",
    "incoming": "10",
    "incomingAsset": "ethereum:0xA4e8C3Ec456107eA67d3075bF9e3DF3A75823DB0:LOOM",
    "metadata": {
      "contractAddress": "0xA4e8C3Ec456107eA67d3075bF9e3DF3A75823DB0",
      "txHash": "0xca53366c006469162541313f3e714ca7b91f65ea8c5e69205f7aff27aa1dc1d3",
    },
    "outgoing": "0.03",
    "outgoingAsset": "ethereum:0x0000000000000000000000000000000000000000:ETH",
    "platform": "ethereum",
    "timestamp": 1521052009000,
    "type": "Swap",
    "wallet": "0xf98C96B5d10faAFc2324847c82305Bd5fd7E5ad3",
  },
  {
    "_id": "0xf3c35a52ea24d286c1abf5b4f51a27aff17f70ebf62ef9ab616bd8cedd64e4dd_ERC20",
    "incoming": "2",
    "incomingAsset": "ethereum:0x1d462414fe14cf489c7A21CaC78509f4bF8CD7c0:CAN",
    "metadata": {
      "contractAddress": "0x1d462414fe14cf489c7A21CaC78509f4bF8CD7c0",
      "txHash": "0xf3c35a52ea24d286c1abf5b4f51a27aff17f70ebf62ef9ab616bd8cedd64e4dd",
    },
    "platform": "ethereum",
    "timestamp": 1518786600000,
    "type": "Deposit",
    "wallet": "0xf98C96B5d10faAFc2324847c82305Bd5fd7E5ad3",
  },
  {
    "_id": "0x56c244f19bcbe2b09b17ce4360c0f53f009202bc791b6d10726346336335b99b_NORMAL",
    "fee": "-0.00042",
    "feeAsset": "ethereum:0x0000000000000000000000000000000000000000:ETH",
    "metadata": {
      "method": "Transfer",
      "txHash": "0x56c244f19bcbe2b09b17ce4360c0f53f009202bc791b6d10726346336335b99b",
    },
    "outgoing": "1",
    "outgoingAsset": "ethereum:0x0000000000000000000000000000000000000000:ETH",
    "platform": "ethereum",
    "timestamp": 1512414810000,
    "type": "Withdraw",
    "wallet": "0xf98C96B5d10faAFc2324847c82305Bd5fd7E5ad3",
  },
  {
    "_id": "0x08e216f2da99f2961380d164c1df7c792dfc1075d026ec778d2e4e1931c80cf9_ERC20",
    "incoming": "777",
    "incomingAsset": "ethereum:0x52903256dd18D85c2Dc4a6C999907c9793eA61E3:INSP",
    "metadata": {
      "contractAddress": "0x52903256dd18D85c2Dc4a6C999907c9793eA61E3",
      "txHash": "0x08e216f2da99f2961380d164c1df7c792dfc1075d026ec778d2e4e1931c80cf9",
    },
    "platform": "ethereum",
    "timestamp": 1511796400000,
    "type": "Deposit",
    "wallet": "0xf98C96B5d10faAFc2324847c82305Bd5fd7E5ad3",
  },
  {
    "_id": "0x5d28d54b66e30c007be9768e6c1852c9df6ab2e903a01479bcfcd19798c85f72_ERC20",
    "incoming": "29.9787992",
    "incomingAsset": "ethereum:0x519475b31653E46D20cD09F9FdcF3B12BDAcB4f5:VIU",
    "metadata": {
      "contractAddress": "0x519475b31653E46D20cD09F9FdcF3B12BDAcB4f5",
      "txHash": "0x5d28d54b66e30c007be9768e6c1852c9df6ab2e903a01479bcfcd19798c85f72",
    },
    "platform": "ethereum",
    "timestamp": 1510355666000,
    "type": "Deposit",
    "wallet": "0xf98C96B5d10faAFc2324847c82305Bd5fd7E5ad3",
  },
  {
    "_id": "0xeb18c18def1b7bf9e1f2e831647b9c8fe45de82e9669d7b52143a6c2cb15cc64_ERC20",
    "incoming": "0.21165476692904842",
    "incomingAsset": "ethereum:0x0Cf0Ee63788A0849fE5297F3407f701E122cC023:XDATA",
    "metadata": {
      "contractAddress": "0x0Cf0Ee63788A0849fE5297F3407f701E122cC023",
      "txHash": "0xeb18c18def1b7bf9e1f2e831647b9c8fe45de82e9669d7b52143a6c2cb15cc64",
    },
    "platform": "ethereum",
    "timestamp": 1509810019000,
    "type": "Deposit",
    "wallet": "0xf98C96B5d10faAFc2324847c82305Bd5fd7E5ad3",
  },
  {
    "_id": "0x117756c2023161a70a4146feedf5b3a3f0b2028e8bc8542b4c59f994a29e5817_ERC20",
    "incoming": "319.22562200498686051",
    "incomingAsset": "ethereum:0xab95E915c123fdEd5BDfB6325e35ef5515F1EA69:XNN",
    "metadata": {
      "contractAddress": "0xab95E915c123fdEd5BDfB6325e35ef5515F1EA69",
      "txHash": "0x117756c2023161a70a4146feedf5b3a3f0b2028e8bc8542b4c59f994a29e5817",
    },
    "platform": "ethereum",
    "timestamp": 1509139741000,
    "type": "Deposit",
    "wallet": "0xf98C96B5d10faAFc2324847c82305Bd5fd7E5ad3",
  },
  {
    "_id": "0xb41d6819932845278e7c451400f1778a952b35c6358dc51b49436438753f5113_NORMAL",
    "fee": "-0.000441",
    "feeAsset": "ethereum:0x0000000000000000000000000000000000000000:ETH",
    "metadata": {
      "method": "Transfer",
      "txHash": "0xb41d6819932845278e7c451400f1778a952b35c6358dc51b49436438753f5113",
    },
    "outgoing": "0.5",
    "outgoingAsset": "ethereum:0x0000000000000000000000000000000000000000:ETH",
    "platform": "ethereum",
    "timestamp": 1507383978000,
    "type": "Withdraw",
    "wallet": "0xf98C96B5d10faAFc2324847c82305Bd5fd7E5ad3",
  },
  {
    "_id": "0x5681f720f737811e4822936f08b4a8644184bde3ea3efea74614bb44cb78c901_NORMAL",
    "fee": "-0.00042102",
    "feeAsset": "ethereum:0x0000000000000000000000000000000000000000:ETH",
    "metadata": {
      "method": "Transfer",
      "txHash": "0x5681f720f737811e4822936f08b4a8644184bde3ea3efea74614bb44cb78c901",
    },
    "outgoing": "2.801",
    "outgoingAsset": "ethereum:0x0000000000000000000000000000000000000000:ETH",
    "platform": "ethereum",
    "timestamp": 1504967849000,
    "type": "Withdraw",
    "wallet": "0xf98C96B5d10faAFc2324847c82305Bd5fd7E5ad3",
  },
  {
    "_id": "0x76127867634dbb645d21ed2833156da65d2c183a726aca483cc09c7ccebebcb0_NORMAL",
    "fee": "-0.00042",
    "feeAsset": "ethereum:0x0000000000000000000000000000000000000000:ETH",
    "metadata": {
      "method": "Transfer",
      "txHash": "0x76127867634dbb645d21ed2833156da65d2c183a726aca483cc09c7ccebebcb0",
    },
    "outgoing": "0.25",
    "outgoingAsset": "ethereum:0x0000000000000000000000000000000000000000:ETH",
    "platform": "ethereum",
    "timestamp": 1504966930000,
    "type": "Withdraw",
    "wallet": "0xf98C96B5d10faAFc2324847c82305Bd5fd7E5ad3",
  },
  {
    "_id": "0xfbc404ce56a5b591c989551f39a8b7a5009b022873645d78acee1f8305bd4e34_NORMAL",
    "fee": "-0.00042102",
    "feeAsset": "ethereum:0x0000000000000000000000000000000000000000:ETH",
    "metadata": {
      "method": "Transfer",
      "txHash": "0xfbc404ce56a5b591c989551f39a8b7a5009b022873645d78acee1f8305bd4e34",
    },
    "outgoing": "0.1",
    "outgoingAsset": "ethereum:0x0000000000000000000000000000000000000000:ETH",
    "platform": "ethereum",
    "timestamp": 1504963955000,
    "type": "Withdraw",
    "wallet": "0xf98C96B5d10faAFc2324847c82305Bd5fd7E5ad3",
  },
  {
    "_id": "0x0a11ffa605919dd2cc1524a0fc3de9b32a78678ccdae8aa91439c6353440503e_NORMAL",
    "incoming": "5.061643",
    "incomingAsset": "ethereum:0x0000000000000000000000000000000000000000:ETH",
    "metadata": {
      "method": "Transfer",
      "txHash": "0x0a11ffa605919dd2cc1524a0fc3de9b32a78678ccdae8aa91439c6353440503e",
    },
    "platform": "ethereum",
    "timestamp": 1504959717000,
    "type": "Deposit",
    "wallet": "0xf98C96B5d10faAFc2324847c82305Bd5fd7E5ad3",
  },
  {
    "_id": "0xbed75f8508fff302e3d6bd6ecb006f33c27d4d17013d9d93f129cb14896df07c_NORMAL",
    "incoming": "0.09",
    "incomingAsset": "ethereum:0x0000000000000000000000000000000000000000:ETH",
    "metadata": {
      "method": "Transfer",
      "txHash": "0xbed75f8508fff302e3d6bd6ecb006f33c27d4d17013d9d93f129cb14896df07c",
    },
    "platform": "ethereum",
    "timestamp": 1504958289000,
    "type": "Deposit",
    "wallet": "0xf98C96B5d10faAFc2324847c82305Bd5fd7E5ad3",
  },
]